2026-08-31 13:11:39,715 INFO hyper-parameters (cli > config train: > builtin):
2026-08-31 13:11:39,715 INFO     epochs           10          [cli]
2026-08-31 13:11:39,715 INFO     batch_size       64          [config:finetune/eeg_c1_p300]
2026-08-31 13:11:39,715 INFO     lr               0.0005      [config:finetune/eeg_c1_p300]
2026-08-31 13:11:39,715 INFO     weight_decay     0.01        [config:finetune/eeg_c1_p300]
2026-08-31 13:11:39,715 INFO     warmup_epochs    5           [builtin]
2026-08-31 13:11:39,715 INFO     warmup_ratio     0.2         [config:finetune/eeg_c1_p300]
2026-08-31 13:11:39,715 INFO     grad_clip        1.0         [config:finetune/eeg_c1_p300]
2026-08-31 13:11:39,715 INFO     label_smoothing  0.0         [config:finetune/eeg_c1_p300]
2026-08-31 13:11:39,715 INFO     min_lr_ratio     0.01        [config:finetune/eeg_c1_p300]
2026-08-31 13:11:39,715 INFO     precision        bf16        [config:finetune/eeg_c1_p300]
2026-08-31 13:11:39,715 INFO     select_by        auroc       [config:finetune/eeg_c1_p300]
2026-08-31 13:11:39,715 INFO loading /leonardo_scratch/large/userexternal/ychen003/bio/eeg/p300_f0_c62 into memory on each of 1 rank(s): train.h5 2.20 GiB val.h5 0.31 GiB test.h5 0.30 GiB
2026-08-31 13:11:41,108 INFO train 18586 windows, 62 channels, 512 samples/window
2026-08-31 13:11:41,108 INFO class counts: [15496, 3090]
2026-08-31 13:11:41,108 INFO EEG C1 downstream: 62 channels at 256.0 Hz, 512-sample windows, 64-sample patches, route <its own frontend>
2026-08-31 13:11:41,159 INFO Building the EEG C1 downstream model with {'patch_samples': 64, 'pool': 'stat', 'pool_heads': 4, 'head_dropout': 0.1, 'in_channels': 62, 'window_samples': 512, 'channel_names': ['Fp1', 'Fpz', 'Fp2', 'AF7', 'AF3', 'AFz', 'AF4', 'AF8', 'F7', 'F5', 'F3', 'F1', 'Fz', 'F2', 'F4', 'F6', 'F8', 'FT7', 'FC5', 'FC3', 'FC1', 'FCz', 'FC2', 'FC4', 'FC6', 'FT8', 'T7', 'C5', 'C3', 'C1', 'Cz', 'C2', 'C4', 'C6', 'T8', 'TP7', 'CP5', 'CP3', 'CP1', 'CPz', 'CP2', 'CP4', 'CP6', 'TP8', 'P7', 'P5', 'P3', 'P1', 'Pz', 'P2', 'P4', 'P6', 'P8', 'PO7', 'PO3', 'POz', 'PO4', 'PO8', 'O1', 'Oz', 'O2', 'Iz'], 'sampling_rate': 256.0, 'num_classes': 2, 'embed_dim': 512, 'depth': 8, 'num_heads': 8, 'mlp_ratio': 4.0, 'dropout': 0.1, 'norm': 'rmsnorm', 'ffn': 'swiglu', 'qk_norm': True, 'channel_encoding': 'id', 'channel_embed_dim': 64, 'max_level': 3, 'wave_kernel_size': 16, 'wavelet_names': ['sym4', 'sym5', 'db6', 'sym8', 'db8'], 'wave_init_mode': 'pad', 'use_separate_channel': True, 'fold_synthesis': 3, 'fold_gamma': 0.1}
2026-08-31 13:11:41,167 INFO MultiHeadGate: 62 channels is not divisible by 4 heads; using 2.
2026-08-31 13:11:41,294 INFO EEG C1 downstream: NO pretrained weights (the from-scratch control)
2026-08-31 13:11:41,418 INFO model 25.93 M parameters (25,930,456 trainable, 100.0%)
/leonardo/prod/opt/libraries/cineca-ai/4.3.0/none/cineca-ai-env/lib/python3.11/site-packages/transformers/utils/generic.py:462: UserWarning: torch.utils._pytree._register_pytree_node is deprecated. Please use torch.utils._pytree.register_pytree_node instead.
  _torch_pytree._register_pytree_node(
/leonardo/prod/opt/libraries/cineca-ai/4.3.0/none/cineca-ai-env/lib/python3.11/site-packages/transformers/utils/hub.py:124: FutureWarning: Using `TRANSFORMERS_CACHE` is deprecated and will be removed in v5 of Transformers. Use `HF_HOME` instead.
  warnings.warn(
2026-08-31 13:11:42,912 INFO schedule: 291 steps/epoch, 2910 total, 582 warmup (20%), lr 5.00e-04 -> 5.00e-06
2026-08-31 13:11:44,378 INFO epoch 0 step 0/291 (  0%) loss 0.4860 acc 0.8125 lr 1.72e-06 eta 7:04
2026-08-31 13:11:56,135 INFO epoch 0 step 50/291 ( 18%) loss 0.4606 acc 0.8336 lr 4.47e-05 eta 1:02
2026-08-31 13:12:07,892 INFO epoch 0 step 100/291 ( 35%) loss 0.4682 acc 0.8286 lr 8.76e-05 eta 0:46
2026-08-31 13:12:19,647 INFO epoch 0 step 150/291 ( 52%) loss 0.4623 acc 0.8330 lr 1.31e-04 eta 0:34
2026-08-31 13:12:31,400 INFO epoch 0 step 200/291 ( 69%) loss 0.4606 acc 0.8334 lr 1.74e-04 eta 0:21
2026-08-31 13:12:43,155 INFO epoch 0 step 250/291 ( 86%) loss 0.4601 acc 0.8339 lr 2.16e-04 eta 0:09
2026-08-31 13:12:56,879 INFO epoch   0/9  train_loss 0.4620  val_loss 0.4476  acc 0.8338  bal 0.5000  kappa 0.0000  auroc 0.5612  eta 11:05  *best
2026-08-31 13:12:57,430 INFO epoch 1 step 0/291 (  0%) loss 0.4149 acc 0.8438 lr 2.52e-04 eta 2:39
2026-08-31 13:13:09,195 INFO epoch 1 step 50/291 ( 18%) loss 0.4646 acc 0.8241 lr 2.95e-04 eta 0:57
2026-08-31 13:13:20,957 INFO epoch 1 step 100/291 ( 35%) loss 0.4537 acc 0.8311 lr 3.38e-04 eta 0:45
2026-08-31 13:13:32,720 INFO epoch 1 step 150/291 ( 52%) loss 0.4560 acc 0.8313 lr 3.81e-04 eta 0:33
2026-08-31 13:13:44,483 INFO epoch 1 step 200/291 ( 69%) loss 0.4625 acc 0.8294 lr 4.24e-04 eta 0:21
2026-08-31 13:13:56,246 INFO epoch 1 step 250/291 ( 86%) loss 0.4621 acc 0.8289 lr 4.66e-04 eta 0:09
2026-08-31 13:14:09,059 INFO epoch   1/9  train_loss 0.4621  val_loss 0.4945  acc 0.8338  bal 0.5000  kappa 0.0000  auroc 0.5393  eta 9:44
2026-08-31 13:14:09,620 INFO epoch 2 step 0/291 (  0%) loss 0.6238 acc 0.7812 lr 5.00e-04 eta 2:42
2026-08-31 13:14:21,381 INFO epoch 2 step 50/291 ( 18%) loss 0.4545 acc 0.8382 lr 4.99e-04 eta 0:57
2026-08-31 13:14:33,141 INFO epoch 2 step 100/291 ( 35%) loss 0.4520 acc 0.8386 lr 4.98e-04 eta 0:45
2026-08-31 13:14:44,902 INFO epoch 2 step 150/291 ( 52%) loss 0.4564 acc 0.8358 lr 4.95e-04 eta 0:33
2026-08-31 13:14:56,662 INFO epoch 2 step 200/291 ( 69%) loss 0.4560 acc 0.8348 lr 4.91e-04 eta 0:21
2026-08-31 13:15:08,424 INFO epoch 2 step 250/291 ( 86%) loss 0.4578 acc 0.8309 lr 4.86e-04 eta 0:09
2026-08-31 13:15:21,531 INFO epoch   2/9  train_loss 0.4528  val_loss 0.4569  acc 0.8338  bal 0.5000  kappa 0.0000  auroc 0.5880  eta 8:30  *best
2026-08-31 13:15:22,078 INFO epoch 3 step 0/291 (  0%) loss 0.3421 acc 0.8594 lr 4.81e-04 eta 2:38
2026-08-31 13:15:33,836 INFO epoch 3 step 50/291 ( 18%) loss 0.4380 acc 0.8333 lr 4.74e-04 eta 0:57
2026-08-31 13:15:45,594 INFO epoch 3 step 100/291 ( 35%) loss 0.4398 acc 0.8335 lr 4.66e-04 eta 0:45
2026-08-31 13:15:57,360 INFO epoch 3 step 150/291 ( 52%) loss 0.4302 acc 0.8353 lr 4.57e-04 eta 0:33
2026-08-31 13:16:09,125 INFO epoch 3 step 200/291 ( 69%) loss 0.4234 acc 0.8366 lr 4.47e-04 eta 0:21
2026-08-31 13:16:20,891 INFO epoch 3 step 250/291 ( 86%) loss 0.4203 acc 0.8375 lr 4.37e-04 eta 0:09
2026-08-31 13:16:33,984 INFO epoch   3/9  train_loss 0.4164  val_loss 0.4522  acc 0.8257  bal 0.5165  kappa 0.0499  auroc 0.5986  eta 7:16  *best
2026-08-31 13:16:34,564 INFO epoch 4 step 0/291 (  0%) loss 0.4517 acc 0.8125 lr 4.27e-04 eta 2:47
2026-08-31 13:16:46,323 INFO epoch 4 step 50/291 ( 18%) loss 0.3850 acc 0.8557 lr 4.15e-04 eta 0:58
2026-08-31 13:16:58,083 INFO epoch 4 step 100/291 ( 35%) loss 0.4102 acc 0.8360 lr 4.02e-04 eta 0:45
2026-08-31 13:17:09,845 INFO epoch 4 step 150/291 ( 52%) loss 0.4106 acc 0.8381 lr 3.88e-04 eta 0:33
2026-08-31 13:17:21,606 INFO epoch 4 step 200/291 ( 69%) loss 0.4015 acc 0.8426 lr 3.74e-04 eta 0:21
2026-08-31 13:17:33,366 INFO epoch 4 step 250/291 ( 86%) loss 0.3967 acc 0.8442 lr 3.59e-04 eta 0:09
2026-08-31 13:17:46,448 INFO epoch   4/9  train_loss 0.3933  val_loss 0.4836  acc 0.8037  bal 0.5405  kappa 0.1026  auroc 0.6247  eta 6:03  *best
2026-08-31 13:17:46,973 INFO epoch 5 step 0/291 (  0%) loss 0.5017 acc 0.7969 lr 3.47e-04 eta 2:31
2026-08-31 13:17:58,728 INFO epoch 5 step 50/291 ( 18%) loss 0.3685 acc 0.8487 lr 3.31e-04 eta 0:57
2026-08-31 13:18:10,484 INFO epoch 5 step 100/291 ( 35%) loss 0.3740 acc 0.8496 lr 3.15e-04 eta 0:45
2026-08-31 13:18:22,240 INFO epoch 5 step 150/291 ( 52%) loss 0.3668 acc 0.8545 lr 2.99e-04 eta 0:33
2026-08-31 13:18:33,996 INFO epoch 5 step 200/291 ( 69%) loss 0.3674 acc 0.8549 lr 2.82e-04 eta 0:21
2026-08-31 13:18:45,754 INFO epoch 5 step 250/291 ( 86%) loss 0.3657 acc 0.8558 lr 2.66e-04 eta 0:09
2026-08-31 13:18:58,962 INFO epoch   5/9  train_loss 0.3646  val_loss 0.4290  acc 0.8319  bal 0.5731  kappa 0.1943  auroc 0.6987  eta 4:50  *best
2026-08-31 13:18:59,520 INFO epoch 6 step 0/291 (  0%) loss 0.2812 acc 0.8750 lr 2.52e-04 eta 2:41
2026-08-31 13:19:11,278 INFO epoch 6 step 50/291 ( 18%) loss 0.3257 acc 0.8716 lr 2.35e-04 eta 0:57
2026-08-31 13:19:23,035 INFO epoch 6 step 100/291 ( 35%) loss 0.3371 acc 0.8687 lr 2.19e-04 eta 0:45
2026-08-31 13:19:34,794 INFO epoch 6 step 150/291 ( 52%) loss 0.3389 acc 0.8684 lr 2.02e-04 eta 0:33
2026-08-31 13:19:46,552 INFO epoch 6 step 200/291 ( 69%) loss 0.3372 acc 0.8685 lr 1.86e-04 eta 0:21
2026-08-31 13:19:58,310 INFO epoch 6 step 250/291 ( 86%) loss 0.3403 acc 0.8667 lr 1.70e-04 eta 0:09
2026-08-31 13:20:11,436 INFO epoch   6/9  train_loss 0.3418  val_loss 0.4449  acc 0.8307  bal 0.6022  kappa 0.2507  auroc 0.7229  eta 3:37  *best
2026-08-31 13:20:11,976 INFO epoch 7 step 0/291 (  0%) loss 0.3854 acc 0.8438 lr 1.57e-04 eta 2:35
2026-08-31 13:20:23,731 INFO epoch 7 step 50/291 ( 18%) loss 0.3332 acc 0.8683 lr 1.42e-04 eta 0:57
2026-08-31 13:20:35,486 INFO epoch 7 step 100/291 ( 35%) loss 0.3429 acc 0.8622 lr 1.28e-04 eta 0:45
2026-08-31 13:20:47,241 INFO epoch 7 step 150/291 ( 52%) loss 0.3347 acc 0.8681 lr 1.13e-04 eta 0:33
2026-08-31 13:20:58,997 INFO epoch 7 step 200/291 ( 69%) loss 0.3336 acc 0.8690 lr 1.00e-04 eta 0:21
2026-08-31 13:21:10,752 INFO epoch 7 step 250/291 ( 86%) loss 0.3349 acc 0.8680 lr 8.72e-05 eta 0:09
2026-08-31 13:21:23,831 INFO epoch   7/9  train_loss 0.3371  val_loss 0.4242  acc 0.8334  bal 0.6038  kappa 0.2567  auroc 0.7266  eta 2:25  *best
2026-08-31 13:21:24,386 INFO epoch 8 step 0/291 (  0%) loss 0.3090 acc 0.8906 lr 7.73e-05 eta 2:40
2026-08-31 13:21:36,144 INFO epoch 8 step 50/291 ( 18%) loss 0.3199 acc 0.8673 lr 6.59e-05 eta 0:57
2026-08-31 13:21:47,903 INFO epoch 8 step 100/291 ( 35%) loss 0.3306 acc 0.8668 lr 5.53e-05 eta 0:45
2026-08-31 13:21:59,661 INFO epoch 8 step 150/291 ( 52%) loss 0.3315 acc 0.8675 lr 4.57e-05 eta 0:33
2026-08-31 13:22:11,419 INFO epoch 8 step 200/291 ( 69%) loss 0.3280 acc 0.8703 lr 3.70e-05 eta 0:21
2026-08-31 13:22:23,177 INFO epoch 8 step 250/291 ( 86%) loss 0.3293 acc 0.8698 lr 2.93e-05 eta 0:09
2026-08-31 13:22:36,348 INFO epoch   8/9  train_loss 0.3232  val_loss 0.3970  acc 0.8457  bal 0.5824  kappa 0.2285  auroc 0.7521  eta 1:12  *best
2026-08-31 13:22:36,917 INFO epoch 9 step 0/291 (  0%) loss 0.2567 acc 0.8906 lr 2.37e-05 eta 2:44
2026-08-31 13:22:48,674 INFO epoch 9 step 50/291 ( 18%) loss 0.3213 acc 0.8781 lr 1.79e-05 eta 0:57
2026-08-31 13:23:00,430 INFO epoch 9 step 100/291 ( 35%) loss 0.3153 acc 0.8792 lr 1.31e-05 eta 0:45
2026-08-31 13:23:12,187 INFO epoch 9 step 150/291 ( 52%) loss 0.3127 acc 0.8806 lr 9.40e-06 eta 0:33
2026-08-31 13:23:23,945 INFO epoch 9 step 200/291 ( 69%) loss 0.3109 acc 0.8807 lr 6.82e-06 eta 0:21
2026-08-31 13:23:35,702 INFO epoch 9 step 250/291 ( 86%) loss 0.3106 acc 0.8813 lr 5.36e-06 eta 0:09
2026-08-31 13:23:48,467 INFO epoch   9/9  train_loss 0.3137  val_loss 0.4051  acc 0.8380  bal 0.5945  kappa 0.2444  auroc 0.7515  eta 0:00
2026-08-31 13:23:48,719 INFO Loaded checkpoint: matched 178 tensors
2026-08-31 13:23:52,068 INFO TEST acc 0.8444 bal 0.5886 kappa 0.2403 wf1 0.8112 auroc 0.7596
──────────────────────────────────────────────────────────────────────────────
  smoke_p300_scratch  ·  TEST  ·  finetune/eeg_c1_p300  ·  full fine-tune  ·  from scratch  ·  25,930,456 trainable
──────────────────────────────────────────────────────────────────────────────
  AUROC    0.7596  ███████████▍            chance 0.50   EEGPT 0.7168  +0.0428
  BalAcc   0.5886  █████████████                         EEGPT 0.6502  -0.0616
  Kappa    0.2403  █████▎                  chance 0.00   EEGPT 0.2999  -0.0596
  acc 0.8444   weighted_f1 0.8112   loss 0.3935
──────────────────────────────────────────────────────────────────────────────
  EEGPT's row is a fold-averaged score on the split it also monitors,
  with no held-out test set. This row is one subject-disjoint split,
  scored on a test set nothing selected on -- the harder of the two
  numbers. Say which is which wherever they appear together.
──────────────────────────────────────────────────────────────────────────────
2026-08-31 13:23:52,069 INFO outputs in /leonardo_scratch/fast/IscrB_WearUsFM/yanlchen/runs/smoke_p300_scratch
