split /leonardo_scratch/large/userexternal/ychen003/bio/eeg/eegpt_bench/bcic2b_f0_pretrain-v1 exists
exporting the encoder from /leonardo_scratch/fast/IscrB_WearUsFM/yanlchen/runs/pretrain_eeg_c1_moe/best.pth
exported encoder (no route) from /leonardo_scratch/fast/IscrB_WearUsFM/yanlchen/runs/pretrain_eeg_c1_moe/best.pth
  95 tensors, 25,279,489 parameters -> /leonardo_scratch/fast/IscrB_WearUsFM/yanlchen/runs/eegpt_bench/bcic2b_f0_ft_sw_enc005/encoder.pth
  frontend     excluded -- downstream builds its own; pass --route to include one
  vocab sha    596f2711269e47b2
  decoder      excluded (pretraining head)
============================================================
  EEGPT benchmark  bcic2b  fold 0  mode ft
  data     /leonardo_scratch/large/userexternal/ychen003/bio/eeg/eegpt_bench/bcic2b_f0_pretrain-v1  (preprocessing pretrain-v1)
  encoder  /leonardo_scratch/fast/IscrB_WearUsFM/yanlchen/runs/eegpt_bench/bcic2b_f0_ft_sw_enc005/encoder.pth
  output   /leonardo_scratch/fast/IscrB_WearUsFM/yanlchen/runs/eegpt_bench/bcic2b_f0_ft_sw_enc005
============================================================
2026-09-28 10:08:12,758 INFO hyper-parameters (cli > config train: > builtin):
2026-09-28 10:08:12,759 INFO     epochs           30          [config:finetune/eeg_c1_bcic2b]
2026-09-28 10:08:12,759 INFO     batch_size       64          [config:finetune/eeg_c1_bcic2b]
2026-09-28 10:08:12,759 INFO     lr               0.001       [cli]
2026-09-28 10:08:12,759 INFO     weight_decay     0.01        [config:finetune/eeg_c1_bcic2b]
2026-09-28 10:08:12,759 INFO     warmup_epochs    5           [builtin]
2026-09-28 10:08:12,759 INFO     warmup_ratio     0.1         [config:finetune/eeg_c1_bcic2b]
2026-09-28 10:08:12,759 INFO     grad_clip        1.0         [config:finetune/eeg_c1_bcic2b]
2026-09-28 10:08:12,759 INFO     label_smoothing  0.1         [config:finetune/eeg_c1_bcic2b]
2026-09-28 10:08:12,759 INFO     min_lr_ratio     0.01        [config:finetune/eeg_c1_bcic2b]
2026-09-28 10:08:12,759 INFO     precision        bf16        [config:finetune/eeg_c1_bcic2b]
2026-09-28 10:08:12,759 INFO     select_by        auroc       [config:finetune/eeg_c1_bcic2b]
2026-09-28 10:08:12,759 INFO     patience         0           [builtin]
2026-09-28 10:08:12,759 INFO     min_delta        0.0         [builtin]
2026-09-28 10:08:12,759 INFO     encoder_lr_scale 0.05        [cli]
2026-09-28 10:08:12,759 INFO loading /leonardo_scratch/large/userexternal/ychen003/bio/eeg/eegpt_bench/bcic2b_f0_pretrain-v1 into memory on each of 1 rank(s): train.h5 0.06 GiB val.h5 0.01 GiB test.h5 0.01 GiB
2026-09-28 10:08:12,820 INFO train 5080 windows, 3 channels, 1024 samples/window
2026-09-28 10:08:12,820 INFO class counts: [2540, 2540]
2026-09-28 10:08:12,820 INFO EEG C1 downstream: 3 channels at 256.0 Hz, 1024-sample windows, 64-sample patches, route <its own frontend>
2026-09-28 10:08:12,845 INFO Building the EEG C1 downstream model with {'patch_samples': 64, 'pool': 'mean', 'head_dropout': 0.1, 'in_channels': 3, 'window_samples': 1024, 'channel_names': ['C3', 'Cz', 'C4'], 'sampling_rate': 256.0, 'num_classes': 2, 'embed_dim': 512, 'depth': 8, 'num_heads': 8, 'mlp_ratio': 4.0, 'dropout': 0.1, 'norm': 'rmsnorm', 'ffn': 'swiglu', 'qk_norm': True, 'channel_encoding': 'id', 'channel_embed_dim': 64, 'max_level': 3, 'wave_kernel_size': 16, 'wavelet_names': ['sym4', 'sym5', 'db6', 'sym8', 'db8'], 'wave_init_mode': 'pad', 'use_separate_channel': True, 'fold_synthesis': 3, 'fold_gamma': 0.1}
2026-09-28 10:08:12,848 INFO MultiHeadGate: 3 channels is not divisible by 4 heads; using 3.
2026-09-28 10:08:13,072 INFO loaded: transformer 89, channel encoder 5, gate yes, frontend 0, patcher 0 <- /leonardo_scratch/fast/IscrB_WearUsFM/yanlchen/runs/eegpt_bench/bcic2b_f0_ft_sw_enc005/encoder.pth
2026-09-28 10:08:13,206 INFO model 25.32 M parameters (25,320,148 trainable, 100.0%)
/leonardo/prod/opt/libraries/cineca-ai/4.3.0/none/cineca-ai-env/lib/python3.11/site-packages/transformers/utils/generic.py:462: UserWarning: torch.utils._pytree._register_pytree_node is deprecated. Please use torch.utils._pytree.register_pytree_node instead.
  _torch_pytree._register_pytree_node(
/leonardo/prod/opt/libraries/cineca-ai/4.3.0/none/cineca-ai-env/lib/python3.11/site-packages/transformers/utils/hub.py:124: FutureWarning: Using `TRANSFORMERS_CACHE` is deprecated and will be removed in v5 of Transformers. Use `HF_HOME` instead.
  warnings.warn(
2026-09-28 10:08:14,253 INFO encoder lr 5.00e-05 (x0.05) on 25,279,489 params; the rest at 1.00e-03
2026-09-28 10:08:14,253 INFO schedule: 80 steps/epoch, 2400 total, 240 warmup (10%), lr 1.00e-03 -> 1.00e-05
2026-09-28 10:08:14,253 INFO selection: best.pth follows val auroc; no early stop, so this runs all 30 epochs (--patience N to stop sooner)
2026-09-28 10:08:15,169 INFO epoch 0 step 0/80 (  1%) loss 0.8070 acc 0.5781 lr 4.17e-07 eta 1:12
2026-09-28 10:08:18,454 INFO epoch 0 step 50/80 ( 64%) loss 0.7334 acc 0.5086 lr 1.08e-05 eta 0:02
2026-09-28 10:08:21,583 INFO epoch   0/29  train_loss 0.7261  val_loss 0.7067  acc 0.5000  bal 0.5000  kappa 0.0000  auroc 0.5022  eta 3:32  *best
2026-09-28 10:08:21,738 INFO epoch 1 step 0/80 (  1%) loss 0.6984 acc 0.5625 lr 1.71e-05 eta 0:11
2026-09-28 10:08:25,246 INFO epoch 1 step 50/80 ( 64%) loss 0.7090 acc 0.5178 lr 2.75e-05 eta 0:02
2026-09-28 10:08:28,007 INFO epoch   1/29  train_loss 0.7247  val_loss 0.7000  acc 0.5000  bal 0.5000  kappa 0.0000  auroc 0.5302  eta 3:12  *best
2026-09-28 10:08:28,161 INFO epoch 2 step 0/80 (  1%) loss 0.7322 acc 0.3906 lr 3.38e-05 eta 0:11
2026-09-28 10:08:31,704 INFO epoch 2 step 50/80 ( 64%) loss 0.7284 acc 0.4982 lr 4.42e-05 eta 0:02
2026-09-28 10:08:34,498 INFO epoch   2/29  train_loss 0.7189  val_loss 0.6839  acc 0.5986  bal 0.5986  kappa 0.1972  auroc 0.6015  eta 3:02  *best
2026-09-28 10:08:34,651 INFO epoch 3 step 0/80 (  1%) loss 0.6727 acc 0.5938 lr 5.00e-05 eta 0:11
2026-09-28 10:08:38,103 INFO epoch 3 step 50/80 ( 64%) loss 0.6930 acc 0.5613 lr 4.99e-05 eta 0:02
2026-09-28 10:08:40,861 INFO epoch   3/29  train_loss 0.6646  val_loss 0.6759  acc 0.6194  bal 0.6194  kappa 0.2389  auroc 0.6917  eta 2:52  *best
2026-09-28 10:08:41,014 INFO epoch 4 step 0/80 (  1%) loss 0.5851 acc 0.6719 lr 4.98e-05 eta 0:11
2026-09-28 10:08:44,514 INFO epoch 4 step 50/80 ( 64%) loss 0.5823 acc 0.7083 lr 4.96e-05 eta 0:02
2026-09-28 10:08:47,295 INFO epoch   4/29  train_loss 0.5832  val_loss 0.6407  acc 0.6472  bal 0.6472  kappa 0.2944  auroc 0.7132  eta 2:45  *best
2026-09-28 10:08:47,451 INFO epoch 5 step 0/80 (  1%) loss 0.5569 acc 0.7656 lr 4.93e-05 eta 0:12
2026-09-28 10:08:50,930 INFO epoch 5 step 50/80 ( 64%) loss 0.5718 acc 0.7246 lr 4.88e-05 eta 0:02
2026-09-28 10:08:53,400 INFO epoch   5/29  train_loss 0.5565  val_loss 0.6779  acc 0.6361  bal 0.6361  kappa 0.2722  auroc 0.6798  eta 2:36
2026-09-28 10:08:53,550 INFO epoch 6 step 0/80 (  1%) loss 0.5677 acc 0.6719 lr 4.85e-05 eta 0:11
2026-09-28 10:08:57,050 INFO epoch 6 step 50/80 ( 64%) loss 0.5131 acc 0.7763 lr 4.78e-05 eta 0:02
2026-09-28 10:08:59,523 INFO epoch   6/29  train_loss 0.5195  val_loss 0.6772  acc 0.6528  bal 0.6528  kappa 0.3056  auroc 0.7110  eta 2:28
2026-09-28 10:08:59,680 INFO epoch 7 step 0/80 (  1%) loss 0.4132 acc 0.8281 lr 4.74e-05 eta 0:12
2026-09-28 10:09:03,182 INFO epoch 7 step 50/80 ( 64%) loss 0.4897 acc 0.8039 lr 4.65e-05 eta 0:02
2026-09-28 10:09:05,943 INFO epoch   7/29  train_loss 0.4875  val_loss 0.8283  acc 0.6000  bal 0.6000  kappa 0.2000  auroc 0.7323  eta 2:22  *best
2026-09-28 10:09:06,100 INFO epoch 8 step 0/80 (  1%) loss 0.4849 acc 0.7812 lr 4.59e-05 eta 0:12
2026-09-28 10:09:09,541 INFO epoch 8 step 50/80 ( 64%) loss 0.4420 acc 0.8382 lr 4.49e-05 eta 0:02
2026-09-28 10:09:11,991 INFO epoch   8/29  train_loss 0.4480  val_loss 0.7270  acc 0.6472  bal 0.6472  kappa 0.2944  auroc 0.7205  eta 2:14
2026-09-28 10:09:12,145 INFO epoch 9 step 0/80 (  1%) loss 0.3982 acc 0.8594 lr 4.42e-05 eta 0:11
2026-09-28 10:09:15,664 INFO epoch 9 step 50/80 ( 64%) loss 0.4196 acc 0.8529 lr 4.30e-05 eta 0:02
2026-09-28 10:09:18,107 INFO epoch   9/29  train_loss 0.4194  val_loss 0.8088  acc 0.6611  bal 0.6611  kappa 0.3222  auroc 0.7163  eta 2:07
2026-09-28 10:09:18,263 INFO epoch 10 step 0/80 (  1%) loss 0.3568 acc 0.9219 lr 4.22e-05 eta 0:12
2026-09-28 10:09:21,787 INFO epoch 10 step 50/80 ( 64%) loss 0.3632 acc 0.8961 lr 4.09e-05 eta 0:02
2026-09-28 10:09:24,216 INFO epoch  10/29  train_loss 0.3660  val_loss 0.7968  acc 0.6708  bal 0.6708  kappa 0.3417  auroc 0.7064  eta 2:00
2026-09-28 10:09:24,371 INFO epoch 11 step 0/80 (  1%) loss 0.3403 acc 0.9219 lr 4.00e-05 eta 0:12
2026-09-28 10:09:27,901 INFO epoch 11 step 50/80 ( 64%) loss 0.3369 acc 0.9133 lr 3.85e-05 eta 0:02
2026-09-28 10:09:30,331 INFO epoch  11/29  train_loss 0.3376  val_loss 0.9294  acc 0.6319  bal 0.6319  kappa 0.2639  auroc 0.6870  eta 1:54
2026-09-28 10:09:30,486 INFO epoch 12 step 0/80 (  1%) loss 0.3631 acc 0.8750 lr 3.76e-05 eta 0:11
2026-09-28 10:09:33,960 INFO epoch 12 step 50/80 ( 64%) loss 0.3026 acc 0.9387 lr 3.60e-05 eta 0:02
2026-09-28 10:09:36,353 INFO epoch  12/29  train_loss 0.3033  val_loss 0.9232  acc 0.6444  bal 0.6444  kappa 0.2889  auroc 0.6822  eta 1:47
2026-09-28 10:09:36,502 INFO epoch 13 step 0/80 (  1%) loss 0.2760 acc 0.9531 lr 3.50e-05 eta 0:11
2026-09-28 10:09:40,028 INFO epoch 13 step 50/80 ( 64%) loss 0.2698 acc 0.9596 lr 3.33e-05 eta 0:02
2026-09-28 10:09:42,464 INFO epoch  13/29  train_loss 0.2756  val_loss 1.0006  acc 0.6389  bal 0.6389  kappa 0.2778  auroc 0.6682  eta 1:40
2026-09-28 10:09:42,614 INFO epoch 14 step 0/80 (  1%) loss 0.2508 acc 0.9688 lr 3.23e-05 eta 0:11
2026-09-28 10:09:46,169 INFO epoch 14 step 50/80 ( 64%) loss 0.2515 acc 0.9709 lr 3.06e-05 eta 0:02
2026-09-28 10:09:48,623 INFO epoch  14/29  train_loss 0.2620  val_loss 1.0051  acc 0.6389  bal 0.6389  kappa 0.2778  auroc 0.6568  eta 1:34
2026-09-28 10:09:48,772 INFO epoch 15 step 0/80 (  1%) loss 0.2764 acc 0.9531 lr 2.95e-05 eta 0:11
2026-09-28 10:09:52,297 INFO epoch 15 step 50/80 ( 64%) loss 0.2404 acc 0.9776 lr 2.77e-05 eta 0:02
2026-09-28 10:09:54,734 INFO epoch  15/29  train_loss 0.2412  val_loss 1.0422  acc 0.6375  bal 0.6375  kappa 0.2750  auroc 0.6437  eta 1:27
2026-09-28 10:09:54,884 INFO epoch 16 step 0/80 (  1%) loss 0.2887 acc 0.9219 lr 2.67e-05 eta 0:11
2026-09-28 10:09:58,445 INFO epoch 16 step 50/80 ( 64%) loss 0.2398 acc 0.9770 lr 2.49e-05 eta 0:02
2026-09-28 10:10:00,906 INFO epoch  16/29  train_loss 0.2385  val_loss 0.9670  acc 0.6361  bal 0.6361  kappa 0.2722  auroc 0.6799  eta 1:21
2026-09-28 10:10:01,056 INFO epoch 17 step 0/80 (  1%) loss 0.2149 acc 1.0000 lr 2.38e-05 eta 0:11
2026-09-28 10:10:04,596 INFO epoch 17 step 50/80 ( 64%) loss 0.2213 acc 0.9899 lr 2.20e-05 eta 0:02
2026-09-28 10:10:07,044 INFO epoch  17/29  train_loss 0.2217  val_loss 0.9826  acc 0.6347  bal 0.6347  kappa 0.2694  auroc 0.6639  eta 1:15
2026-09-28 10:10:07,196 INFO epoch 18 step 0/80 (  1%) loss 0.2069 acc 1.0000 lr 2.09e-05 eta 0:11
2026-09-28 10:10:10,777 INFO epoch 18 step 50/80 ( 64%) loss 0.2179 acc 0.9896 lr 1.92e-05 eta 0:02
2026-09-28 10:10:13,261 INFO epoch  18/29  train_loss 0.2174  val_loss 0.9961  acc 0.6375  bal 0.6375  kappa 0.2750  auroc 0.6624  eta 1:08
2026-09-28 10:10:13,511 INFO epoch 19 step 0/80 (  1%) loss 0.2058 acc 1.0000 lr 1.81e-05 eta 0:19
2026-09-28 10:10:17,062 INFO epoch 19 step 50/80 ( 64%) loss 0.2204 acc 0.9884 lr 1.64e-05 eta 0:02
2026-09-28 10:10:19,528 INFO epoch  19/29  train_loss 0.2179  val_loss 1.0417  acc 0.6194  bal 0.6194  kappa 0.2389  auroc 0.6296  eta 1:02
2026-09-28 10:10:19,679 INFO epoch 20 step 0/80 (  1%) loss 0.2170 acc 0.9844 lr 1.54e-05 eta 0:11
2026-09-28 10:10:23,243 INFO epoch 20 step 50/80 ( 64%) loss 0.2087 acc 0.9957 lr 1.38e-05 eta 0:02
2026-09-28 10:10:25,723 INFO epoch  20/29  train_loss 0.2094  val_loss 0.9519  acc 0.6486  bal 0.6486  kappa 0.2972  auroc 0.6863  eta 0:56
2026-09-28 10:10:25,876 INFO epoch 21 step 0/80 (  1%) loss 0.2011 acc 1.0000 lr 1.28e-05 eta 0:11
2026-09-28 10:10:29,442 INFO epoch 21 step 50/80 ( 64%) loss 0.2065 acc 0.9960 lr 1.13e-05 eta 0:02
2026-09-28 10:10:31,935 INFO epoch  21/29  train_loss 0.2069  val_loss 0.9950  acc 0.6431  bal 0.6431  kappa 0.2861  auroc 0.6606  eta 0:50
2026-09-28 10:10:32,087 INFO epoch 22 step 0/80 (  1%) loss 0.2212 acc 0.9844 lr 1.04e-05 eta 0:11
2026-09-28 10:10:35,604 INFO epoch 22 step 50/80 ( 64%) loss 0.2040 acc 0.9975 lr 9.04e-06 eta 0:02
2026-09-28 10:10:38,056 INFO epoch  22/29  train_loss 0.2038  val_loss 0.9372  acc 0.6597  bal 0.6597  kappa 0.3194  auroc 0.6824  eta 0:43
2026-09-28 10:10:38,210 INFO epoch 23 step 0/80 (  1%) loss 0.1998 acc 1.0000 lr 8.24e-06 eta 0:11
2026-09-28 10:10:41,738 INFO epoch 23 step 50/80 ( 64%) loss 0.2032 acc 0.9988 lr 6.98e-06 eta 0:02
2026-09-28 10:10:44,191 INFO epoch  23/29  train_loss 0.2040  val_loss 0.9605  acc 0.6611  bal 0.6611  kappa 0.3222  auroc 0.6840  eta 0:37
2026-09-28 10:10:44,345 INFO epoch 24 step 0/80 (  1%) loss 0.1999 acc 1.0000 lr 6.27e-06 eta 0:11
2026-09-28 10:10:47,883 INFO epoch 24 step 50/80 ( 64%) loss 0.2020 acc 0.9988 lr 5.16e-06 eta 0:02
2026-09-28 10:10:50,344 INFO epoch  24/29  train_loss 0.2019  val_loss 0.9736  acc 0.6556  bal 0.6556  kappa 0.3111  auroc 0.6663  eta 0:31
2026-09-28 10:10:50,501 INFO epoch 25 step 0/80 (  1%) loss 0.2001 acc 1.0000 lr 4.55e-06 eta 0:12
2026-09-28 10:10:54,040 INFO epoch 25 step 50/80 ( 64%) loss 0.2023 acc 0.9985 lr 3.62e-06 eta 0:02
2026-09-28 10:10:56,499 INFO epoch  25/29  train_loss 0.2026  val_loss 0.9844  acc 0.6458  bal 0.6458  kappa 0.2917  auroc 0.6672  eta 0:24
2026-09-28 10:10:56,655 INFO epoch 26 step 0/80 (  1%) loss 0.2048 acc 1.0000 lr 3.12e-06 eta 0:12
2026-09-28 10:11:00,155 INFO epoch 26 step 50/80 ( 64%) loss 0.2011 acc 0.9997 lr 2.37e-06 eta 0:02
2026-09-28 10:11:02,596 INFO epoch  26/29  train_loss 0.2008  val_loss 0.9947  acc 0.6444  bal 0.6444  kappa 0.2889  auroc 0.6732  eta 0:18
2026-09-28 10:11:02,751 INFO epoch 27 step 0/80 (  1%) loss 0.2019 acc 1.0000 lr 1.98e-06 eta 0:12
2026-09-28 10:11:06,262 INFO epoch 27 step 50/80 ( 64%) loss 0.2005 acc 0.9997 lr 1.43e-06 eta 0:02
2026-09-28 10:11:08,701 INFO epoch  27/29  train_loss 0.2003  val_loss 0.9698  acc 0.6611  bal 0.6611  kappa 0.3222  auroc 0.6792  eta 0:12
2026-09-28 10:11:08,857 INFO epoch 28 step 0/80 (  1%) loss 0.1998 acc 1.0000 lr 1.16e-06 eta 0:12
2026-09-28 10:11:12,383 INFO epoch 28 step 50/80 ( 64%) loss 0.2007 acc 0.9997 lr 8.10e-07 eta 0:02
2026-09-28 10:11:14,833 INFO epoch  28/29  train_loss 0.2003  val_loss 0.9640  acc 0.6583  bal 0.6583  kappa 0.3167  auroc 0.6803  eta 0:06
2026-09-28 10:11:14,991 INFO epoch 29 step 0/80 (  1%) loss 0.1998 acc 1.0000 lr 6.63e-07 eta 0:12
2026-09-28 10:11:18,549 INFO epoch 29 step 50/80 ( 64%) loss 0.2002 acc 0.9997 lr 5.22e-07 eta 0:02
2026-09-28 10:11:20,963 INFO epoch  29/29  train_loss 0.2004  val_loss 0.9623  acc 0.6597  bal 0.6597  kappa 0.3194  auroc 0.6830  eta 0:00
2026-09-28 10:11:21,211 INFO Loaded checkpoint: matched 177 tensors
2026-09-28 10:11:21,616 INFO TEST acc 0.6278 bal 0.6278 kappa 0.2556 wf1 0.5879 auroc 0.7843
──────────────────────────────────────────────────────────────────────────────
  bcic2b_f0_ft_sw_enc005  ·  TEST  ·  finetune/eeg_c1_bcic2b  ·  full fine-tune  ·  pretrained  ·  25,320,148 trainable
──────────────────────────────────────────────────────────────────────────────
  BalAcc   0.6278  █████████████▊                     
  Kappa    0.2556  █████▋                  chance 0.00
  AUROC    0.7843  ████████████▌           chance 0.50
  W-F1     0.5879  ████████████▉                      
  acc 0.6278   loss 0.7640
──────────────────────────────────────────────────────────────────────────────
2026-09-28 10:11:21,617 INFO outputs in /leonardo_scratch/fast/IscrB_WearUsFM/yanlchen/runs/eegpt_bench/bcic2b_f0_ft_sw_enc005
Done. /leonardo_scratch/fast/IscrB_WearUsFM/yanlchen/runs/eegpt_bench/bcic2b_f0_ft_sw_enc005/results.json  (the 'test' block is the number to report)
