split /leonardo_scratch/large/userexternal/ychen003/bio/eeg/eegpt_bench/bcic2a_f0_pretrain-v1 exists
exporting the encoder from /leonardo_scratch/fast/IscrB_WearUsFM/yanlchen/runs/pretrain_eeg_c1_moe/best.pth
exported encoder (no route) from /leonardo_scratch/fast/IscrB_WearUsFM/yanlchen/runs/pretrain_eeg_c1_moe/best.pth
  95 tensors, 25,279,489 parameters -> /leonardo_scratch/fast/IscrB_WearUsFM/yanlchen/runs/eegpt_bench/bcic2a_f0_ft_sw_lr1e4/encoder.pth
  frontend     excluded -- downstream builds its own; pass --route to include one
  vocab sha    596f2711269e47b2
  decoder      excluded (pretraining head)
============================================================
  EEGPT benchmark  bcic2a  fold 0  mode ft
  data     /leonardo_scratch/large/userexternal/ychen003/bio/eeg/eegpt_bench/bcic2a_f0_pretrain-v1  (preprocessing pretrain-v1)
  encoder  /leonardo_scratch/fast/IscrB_WearUsFM/yanlchen/runs/eegpt_bench/bcic2a_f0_ft_sw_lr1e4/encoder.pth
  output   /leonardo_scratch/fast/IscrB_WearUsFM/yanlchen/runs/eegpt_bench/bcic2a_f0_ft_sw_lr1e4
============================================================
2026-09-28 10:01:12,281 INFO hyper-parameters (cli > config train: > builtin):
2026-09-28 10:01:12,281 INFO     epochs           30          [config:finetune/eeg_c1_bcic2a]
2026-09-28 10:01:12,281 INFO     batch_size       64          [config:finetune/eeg_c1_bcic2a]
2026-09-28 10:01:12,281 INFO     lr               0.0001      [cli]
2026-09-28 10:01:12,281 INFO     weight_decay     0.01        [config:finetune/eeg_c1_bcic2a]
2026-09-28 10:01:12,281 INFO     warmup_epochs    5           [builtin]
2026-09-28 10:01:12,281 INFO     warmup_ratio     0.1         [config:finetune/eeg_c1_bcic2a]
2026-09-28 10:01:12,281 INFO     grad_clip        1.0         [config:finetune/eeg_c1_bcic2a]
2026-09-28 10:01:12,281 INFO     label_smoothing  0.1         [config:finetune/eeg_c1_bcic2a]
2026-09-28 10:01:12,281 INFO     min_lr_ratio     0.01        [config:finetune/eeg_c1_bcic2a]
2026-09-28 10:01:12,281 INFO     precision        bf16        [config:finetune/eeg_c1_bcic2a]
2026-09-28 10:01:12,281 INFO     select_by        kappa       [config:finetune/eeg_c1_bcic2a]
2026-09-28 10:01:12,281 INFO     patience         0           [builtin]
2026-09-28 10:01:12,281 INFO     min_delta        0.0         [builtin]
2026-09-28 10:01:12,281 INFO     encoder_lr_scale 1.0         [builtin]
2026-09-28 10:01:12,281 INFO loading /leonardo_scratch/large/userexternal/ychen003/bio/eeg/eegpt_bench/bcic2a_f0_pretrain-v1 into memory on each of 1 rank(s): train.h5 0.34 GiB val.h5 0.05 GiB test.h5 0.05 GiB
2026-09-28 10:01:12,519 INFO train 4032 windows, 22 channels, 1024 samples/window
2026-09-28 10:01:12,519 INFO class counts: [1008, 1008, 1008, 1008]
2026-09-28 10:01:12,519 INFO EEG C1 downstream: 22 channels at 256.0 Hz, 1024-sample windows, 64-sample patches, route <its own frontend>
2026-09-28 10:01:12,545 INFO Building the EEG C1 downstream model with {'patch_samples': 64, 'pool': 'mean', 'head_dropout': 0.1, 'in_channels': 22, 'window_samples': 1024, 'channel_names': ['Fz', 'FC3', 'FC1', 'FCz', 'FC2', 'FC4', 'C5', 'C3', 'C1', 'Cz', 'C2', 'C4', 'C6', 'CP3', 'CP1', 'CPz', 'CP2', 'CP4', 'P1', 'Pz', 'P2', 'POz'], 'sampling_rate': 256.0, 'num_classes': 4, 'embed_dim': 512, 'depth': 8, 'num_heads': 8, 'mlp_ratio': 4.0, 'dropout': 0.1, 'norm': 'rmsnorm', 'ffn': 'swiglu', 'qk_norm': True, 'channel_encoding': 'id', 'channel_embed_dim': 64, 'max_level': 3, 'wave_kernel_size': 16, 'wavelet_names': ['sym4', 'sym5', 'db6', 'sym8', 'db8'], 'wave_init_mode': 'pad', 'use_separate_channel': True, 'fold_synthesis': 3, 'fold_gamma': 0.1}
2026-09-28 10:01:12,549 INFO MultiHeadGate: 22 channels is not divisible by 4 heads; using 2.
2026-09-28 10:01:12,768 INFO loaded: transformer 89, channel encoder 5, gate yes, frontend 0, patcher 0 <- /leonardo_scratch/fast/IscrB_WearUsFM/yanlchen/runs/eegpt_bench/bcic2a_f0_ft_sw_lr1e4/encoder.pth
2026-09-28 10:01:12,933 INFO model 25.40 M parameters (25,403,026 trainable, 100.0%)
/leonardo/prod/opt/libraries/cineca-ai/4.3.0/none/cineca-ai-env/lib/python3.11/site-packages/transformers/utils/generic.py:462: UserWarning: torch.utils._pytree._register_pytree_node is deprecated. Please use torch.utils._pytree.register_pytree_node instead.
  _torch_pytree._register_pytree_node(
/leonardo/prod/opt/libraries/cineca-ai/4.3.0/none/cineca-ai-env/lib/python3.11/site-packages/transformers/utils/hub.py:124: FutureWarning: Using `TRANSFORMERS_CACHE` is deprecated and will be removed in v5 of Transformers. Use `HF_HOME` instead.
  warnings.warn(
2026-09-28 10:01:26,308 INFO schedule: 63 steps/epoch, 1890 total, 189 warmup (10%), lr 1.00e-04 -> 1.00e-06
2026-09-28 10:01:26,309 INFO selection: best.pth follows val kappa; no early stop, so this runs all 30 epochs (--patience N to stop sooner)
2026-09-28 10:01:29,062 INFO epoch 0 step 0/63 (  2%) loss 1.4873 acc 0.2500 lr 1.06e-06 eta 2:50
2026-09-28 10:01:37,400 INFO epoch 0 step 50/63 ( 81%) loss 1.4221 acc 0.2500 lr 2.75e-05 eta 0:02
2026-09-28 10:01:46,457 INFO epoch   0/29  train_loss 1.4237  val_loss 1.3822  acc 0.2726  bal 0.2726  kappa 0.0301  auroc 0.5688  eta 9:44  *best
2026-09-28 10:01:46,732 INFO epoch 1 step 0/63 (  2%) loss 1.3875 acc 0.2812 lr 3.44e-05 eta 0:16
2026-09-28 10:01:54,895 INFO epoch 1 step 50/63 ( 81%) loss 1.4126 acc 0.2788 lr 6.08e-05 eta 0:01
2026-09-28 10:01:57,459 INFO epoch   1/29  train_loss 1.4106  val_loss 1.3843  acc 0.2622  bal 0.2622  kappa 0.0162  auroc 0.5857  eta 7:16
2026-09-28 10:01:57,741 INFO epoch 2 step 0/63 (  2%) loss 1.4145 acc 0.2344 lr 6.77e-05 eta 0:17
2026-09-28 10:02:05,927 INFO epoch 2 step 50/63 ( 81%) loss 1.3964 acc 0.2892 lr 9.42e-05 eta 0:01
2026-09-28 10:02:08,892 INFO epoch   2/29  train_loss 1.3989  val_loss 1.3665  acc 0.2934  bal 0.2934  kappa 0.0579  auroc 0.6303  eta 6:23  *best
2026-09-28 10:02:09,161 INFO epoch 3 step 0/63 (  2%) loss 1.3537 acc 0.3438 lr 1.00e-04 eta 0:16
2026-09-28 10:02:17,388 INFO epoch 3 step 50/63 ( 81%) loss 1.3501 acc 0.3487 lr 9.98e-05 eta 0:01
2026-09-28 10:02:20,351 INFO epoch   3/29  train_loss 1.3470  val_loss 1.3142  acc 0.3924  bal 0.3924  kappa 0.1898  auroc 0.6575  eta 5:51  *best
2026-09-28 10:02:20,622 INFO epoch 4 step 0/63 (  2%) loss 1.2805 acc 0.4062 lr 9.97e-05 eta 0:16
2026-09-28 10:02:28,830 INFO epoch 4 step 50/63 ( 81%) loss 1.2982 acc 0.4139 lr 9.89e-05 eta 0:01
2026-09-28 10:02:31,477 INFO epoch   4/29  train_loss 1.2929  val_loss 1.4706  acc 0.3628  bal 0.3628  kappa 0.1505  auroc 0.6532  eta 5:25
2026-09-28 10:02:31,752 INFO epoch 5 step 0/63 (  2%) loss 1.2528 acc 0.4531 lr 9.86e-05 eta 0:16
2026-09-28 10:02:39,863 INFO epoch 5 step 50/63 ( 81%) loss 1.2477 acc 0.4412 lr 9.74e-05 eta 0:01
2026-09-28 10:02:42,545 INFO epoch   5/29  train_loss 1.2450  val_loss 1.3807  acc 0.3906  bal 0.3906  kappa 0.1875  auroc 0.6550  eta 5:04
2026-09-28 10:02:42,835 INFO epoch 6 step 0/63 (  2%) loss 1.2162 acc 0.5000 lr 9.70e-05 eta 0:17
2026-09-28 10:02:51,136 INFO epoch 6 step 50/63 ( 81%) loss 1.1620 acc 0.5126 lr 9.52e-05 eta 0:02
2026-09-28 10:02:53,833 INFO epoch   6/29  train_loss 1.1598  val_loss 1.4553  acc 0.3611  bal 0.3611  kappa 0.1481  auroc 0.6470  eta 4:47
2026-09-28 10:02:54,120 INFO epoch 7 step 0/63 (  2%) loss 1.1201 acc 0.5781 lr 9.47e-05 eta 0:17
2026-09-28 10:03:02,287 INFO epoch 7 step 50/63 ( 81%) loss 1.0423 acc 0.5953 lr 9.24e-05 eta 0:01
2026-09-28 10:03:04,965 INFO epoch   7/29  train_loss 1.0391  val_loss 1.5221  acc 0.3698  bal 0.3698  kappa 0.1597  auroc 0.6434  eta 4:31
2026-09-28 10:03:05,250 INFO epoch 8 step 0/63 (  2%) loss 0.9114 acc 0.6562 lr 9.18e-05 eta 0:17
2026-09-28 10:03:13,398 INFO epoch 8 step 50/63 ( 81%) loss 0.8441 acc 0.7230 lr 8.91e-05 eta 0:01
2026-09-28 10:03:16,139 INFO epoch   8/29  train_loss 0.8417  val_loss 1.5958  acc 0.3872  bal 0.3872  kappa 0.1829  auroc 0.6390  eta 4:16
2026-09-28 10:03:16,426 INFO epoch 9 step 0/63 (  2%) loss 0.6723 acc 0.8750 lr 8.84e-05 eta 0:17
2026-09-28 10:03:24,568 INFO epoch 9 step 50/63 ( 81%) loss 0.6341 acc 0.8658 lr 8.53e-05 eta 0:01
2026-09-28 10:03:27,215 INFO epoch   9/29  train_loss 0.6371  val_loss 1.8435  acc 0.3733  bal 0.3733  kappa 0.1644  auroc 0.6376  eta 4:01
2026-09-28 10:03:27,489 INFO epoch 10 step 0/63 (  2%) loss 0.5018 acc 0.9531 lr 8.44e-05 eta 0:16
2026-09-28 10:03:35,639 INFO epoch 10 step 50/63 ( 81%) loss 0.5040 acc 0.9409 lr 8.09e-05 eta 0:01
2026-09-28 10:03:38,277 INFO epoch  10/29  train_loss 0.5057  val_loss 2.0041  acc 0.3646  bal 0.3646  kappa 0.1528  auroc 0.6193  eta 3:47
2026-09-28 10:03:38,547 INFO epoch 11 step 0/63 (  2%) loss 0.4296 acc 1.0000 lr 8.00e-05 eta 0:16
2026-09-28 10:03:46,720 INFO epoch 11 step 50/63 ( 81%) loss 0.4494 acc 0.9697 lr 7.62e-05 eta 0:01
2026-09-28 10:03:49,360 INFO epoch  11/29  train_loss 0.4471  val_loss 1.8518  acc 0.3420  bal 0.3420  kappa 0.1227  auroc 0.6225  eta 3:34
2026-09-28 10:03:49,631 INFO epoch 12 step 0/63 (  2%) loss 0.4441 acc 0.9531 lr 7.52e-05 eta 0:16
2026-09-28 10:03:57,789 INFO epoch 12 step 50/63 ( 81%) loss 0.4158 acc 0.9835 lr 7.11e-05 eta 0:01
2026-09-28 10:04:00,553 INFO epoch  12/29  train_loss 0.4149  val_loss 1.8967  acc 0.3681  bal 0.3681  kappa 0.1574  auroc 0.6071  eta 3:21
2026-09-28 10:04:00,834 INFO epoch 13 step 0/63 (  2%) loss 0.4292 acc 0.9688 lr 7.00e-05 eta 0:17
2026-09-28 10:04:09,076 INFO epoch 13 step 50/63 ( 81%) loss 0.3997 acc 0.9850 lr 6.57e-05 eta 0:02
2026-09-28 10:04:11,871 INFO epoch  13/29  train_loss 0.3996  val_loss 1.9837  acc 0.3542  bal 0.3542  kappa 0.1389  auroc 0.6101  eta 3:09
2026-09-28 10:04:12,156 INFO epoch 14 step 0/63 (  2%) loss 0.3810 acc 1.0000 lr 6.46e-05 eta 0:17
2026-09-28 10:04:20,308 INFO epoch 14 step 50/63 ( 81%) loss 0.3804 acc 0.9926 lr 6.02e-05 eta 0:01
2026-09-28 10:04:23,072 INFO epoch  14/29  train_loss 0.3817  val_loss 1.8735  acc 0.3854  bal 0.3854  kappa 0.1806  auroc 0.6269  eta 2:56
2026-09-28 10:04:23,356 INFO epoch 15 step 0/63 (  2%) loss 0.3814 acc 0.9844 lr 5.90e-05 eta 0:17
2026-09-28 10:04:31,540 INFO epoch 15 step 50/63 ( 81%) loss 0.3703 acc 0.9966 lr 5.45e-05 eta 0:01
2026-09-28 10:04:34,187 INFO epoch  15/29  train_loss 0.3714  val_loss 1.9113  acc 0.3785  bal 0.3785  kappa 0.1713  auroc 0.6173  eta 2:44
2026-09-28 10:04:34,473 INFO epoch 16 step 0/63 (  2%) loss 0.3610 acc 1.0000 lr 5.33e-05 eta 0:17
2026-09-28 10:04:42,661 INFO epoch 16 step 50/63 ( 81%) loss 0.3643 acc 0.9951 lr 4.87e-05 eta 0:01
2026-09-28 10:04:45,317 INFO epoch  16/29  train_loss 0.3642  val_loss 1.9765  acc 0.3576  bal 0.3576  kappa 0.1435  auroc 0.6154  eta 2:32
2026-09-28 10:04:45,584 INFO epoch 17 step 0/63 (  2%) loss 0.3542 acc 1.0000 lr 4.75e-05 eta 0:16
2026-09-28 10:04:53,784 INFO epoch 17 step 50/63 ( 81%) loss 0.3596 acc 0.9975 lr 4.30e-05 eta 0:01
2026-09-28 10:04:56,464 INFO epoch  17/29  train_loss 0.3592  val_loss 1.9417  acc 0.3524  bal 0.3524  kappa 0.1366  auroc 0.6159  eta 2:20
2026-09-28 10:04:56,727 INFO epoch 18 step 0/63 (  2%) loss 0.3572 acc 1.0000 lr 4.18e-05 eta 0:16
2026-09-28 10:05:05,066 INFO epoch 18 step 50/63 ( 81%) loss 0.3580 acc 0.9972 lr 3.74e-05 eta 0:02
2026-09-28 10:05:07,687 INFO epoch  18/29  train_loss 0.3575  val_loss 2.0189  acc 0.3594  bal 0.3594  kappa 0.1458  auroc 0.6033  eta 2:08
2026-09-28 10:05:07,963 INFO epoch 19 step 0/63 (  2%) loss 0.3528 acc 1.0000 lr 3.62e-05 eta 0:16
2026-09-28 10:05:16,346 INFO epoch 19 step 50/63 ( 81%) loss 0.3561 acc 0.9988 lr 3.19e-05 eta 0:02
2026-09-28 10:05:19,019 INFO epoch  19/29  train_loss 0.3561  val_loss 1.9795  acc 0.3681  bal 0.3681  kappa 0.1574  auroc 0.6132  eta 1:56
2026-09-28 10:05:19,307 INFO epoch 20 step 0/63 (  2%) loss 0.3519 acc 1.0000 lr 3.08e-05 eta 0:17
2026-09-28 10:05:27,542 INFO epoch 20 step 50/63 ( 81%) loss 0.3544 acc 0.9991 lr 2.67e-05 eta 0:02
2026-09-28 10:05:30,204 INFO epoch  20/29  train_loss 0.3540  val_loss 1.9784  acc 0.3715  bal 0.3715  kappa 0.1620  auroc 0.6215  eta 1:44
2026-09-28 10:05:30,481 INFO epoch 21 step 0/63 (  2%) loss 0.3701 acc 0.9844 lr 2.57e-05 eta 0:17
2026-09-28 10:05:38,702 INFO epoch 21 step 50/63 ( 81%) loss 0.3545 acc 0.9985 lr 2.18e-05 eta 0:01
2026-09-28 10:05:41,352 INFO epoch  21/29  train_loss 0.3540  val_loss 1.9962  acc 0.3576  bal 0.3576  kappa 0.1435  auroc 0.6201  eta 1:32
2026-09-28 10:05:41,620 INFO epoch 22 step 0/63 (  2%) loss 0.3523 acc 1.0000 lr 2.09e-05 eta 0:16
2026-09-28 10:05:49,844 INFO epoch 22 step 50/63 ( 81%) loss 0.3526 acc 0.9997 lr 1.73e-05 eta 0:01
2026-09-28 10:05:52,423 INFO epoch  22/29  train_loss 0.3525  val_loss 2.0141  acc 0.3750  bal 0.3750  kappa 0.1667  auroc 0.6162  eta 1:20
2026-09-28 10:05:52,705 INFO epoch 23 step 0/63 (  2%) loss 0.3511 acc 1.0000 lr 1.65e-05 eta 0:17
2026-09-28 10:06:00,955 INFO epoch 23 step 50/63 ( 81%) loss 0.3515 acc 1.0000 lr 1.33e-05 eta 0:02
2026-09-28 10:06:03,631 INFO epoch  23/29  train_loss 0.3515  val_loss 2.0058  acc 0.3819  bal 0.3819  kappa 0.1759  auroc 0.6192  eta 1:09
2026-09-28 10:06:03,904 INFO epoch 24 step 0/63 (  2%) loss 0.3511 acc 1.0000 lr 1.25e-05 eta 0:16
2026-09-28 10:06:12,345 INFO epoch 24 step 50/63 ( 81%) loss 0.3517 acc 0.9997 lr 9.76e-06 eta 0:02
2026-09-28 10:06:14,915 INFO epoch  24/29  train_loss 0.3516  val_loss 2.0047  acc 0.3611  bal 0.3611  kappa 0.1481  auroc 0.6214  eta 0:57
2026-09-28 10:06:15,182 INFO epoch 25 step 0/63 (  2%) loss 0.3504 acc 1.0000 lr 9.09e-06 eta 0:16
2026-09-28 10:06:23,567 INFO epoch 25 step 50/63 ( 81%) loss 0.3510 acc 1.0000 lr 6.77e-06 eta 0:02
2026-09-28 10:06:26,188 INFO epoch  25/29  train_loss 0.3512  val_loss 2.0072  acc 0.3663  bal 0.3663  kappa 0.1551  auroc 0.6213  eta 0:46
2026-09-28 10:06:26,556 INFO epoch 26 step 0/63 (  2%) loss 0.3508 acc 1.0000 lr 6.22e-06 eta 0:22
2026-09-28 10:06:34,812 INFO epoch 26 step 50/63 ( 81%) loss 0.3510 acc 1.0000 lr 4.37e-06 eta 0:02
2026-09-28 10:06:37,414 INFO epoch  26/29  train_loss 0.3511  val_loss 1.9839  acc 0.3802  bal 0.3802  kappa 0.1736  auroc 0.6249  eta 0:34
2026-09-28 10:06:37,682 INFO epoch 27 step 0/63 (  2%) loss 0.3509 acc 1.0000 lr 3.95e-06 eta 0:16
2026-09-28 10:06:46,070 INFO epoch 27 step 50/63 ( 81%) loss 0.3509 acc 1.0000 lr 2.60e-06 eta 0:02
2026-09-28 10:06:48,679 INFO epoch  27/29  train_loss 0.3509  val_loss 1.9929  acc 0.3663  bal 0.3663  kappa 0.1551  auroc 0.6217  eta 0:23
2026-09-28 10:06:48,953 INFO epoch 28 step 0/63 (  2%) loss 0.3509 acc 1.0000 lr 2.31e-06 eta 0:16
2026-09-28 10:06:57,195 INFO epoch 28 step 50/63 ( 81%) loss 0.3509 acc 1.0000 lr 1.47e-06 eta 0:02
2026-09-28 10:06:59,779 INFO epoch  28/29  train_loss 0.3509  val_loss 2.0025  acc 0.3681  bal 0.3681  kappa 0.1574  auroc 0.6205  eta 0:11
2026-09-28 10:07:00,065 INFO epoch 29 step 0/63 (  2%) loss 0.3510 acc 1.0000 lr 1.32e-06 eta 0:17
2026-09-28 10:07:08,388 INFO epoch 29 step 50/63 ( 81%) loss 0.3508 acc 1.0000 lr 1.01e-06 eta 0:02
2026-09-28 10:07:11,147 INFO epoch  29/29  train_loss 0.3508  val_loss 1.9969  acc 0.3698  bal 0.3698  kappa 0.1597  auroc 0.6224  eta 0:00
2026-09-28 10:07:11,393 INFO Loaded checkpoint: matched 177 tensors
2026-09-28 10:07:12,084 INFO TEST acc 0.3247 bal 0.3247 kappa 0.0995 wf1 0.2789 auroc 0.5759
──────────────────────────────────────────────────────────────────────────────
  bcic2a_f0_ft_sw_lr1e4  ·  TEST  ·  finetune/eeg_c1_bcic2a  ·  full fine-tune  ·  pretrained  ·  25,403,026 trainable
──────────────────────────────────────────────────────────────────────────────
  BalAcc   0.3247  ███████▏                           
  Kappa    0.0995  ██▎                     chance 0.00
  AUROC    0.5759  ███▍                    chance 0.50
  W-F1     0.2789  ██████▏                            
  acc 0.3247   loss 1.3686
──────────────────────────────────────────────────────────────────────────────
2026-09-28 10:07:12,086 INFO outputs in /leonardo_scratch/fast/IscrB_WearUsFM/yanlchen/runs/eegpt_bench/bcic2a_f0_ft_sw_lr1e4
Done. /leonardo_scratch/fast/IscrB_WearUsFM/yanlchen/runs/eegpt_bench/bcic2a_f0_ft_sw_lr1e4/results.json  (the 'test' block is the number to report)
