split /leonardo_scratch/large/userexternal/ychen003/bio/eeg/eegpt_bench/bcic2a_f0_pretrain-v1 exists
============================================================
  EEGPT benchmark  bcic2a  fold 0  mode scratch
  data     /leonardo_scratch/large/userexternal/ychen003/bio/eeg/eegpt_bench/bcic2a_f0_pretrain-v1  (preprocessing pretrain-v1)
  encoder  <none: random initialisation>
  output   /leonardo_scratch/fast/IscrB_WearUsFM/yanlchen/runs/eegpt_bench/bcic2a_f0_scratch_sw_enc005
============================================================
2026-09-28 10:12:49,094 INFO hyper-parameters (cli > config train: > builtin):
2026-09-28 10:12:49,094 INFO     epochs           30          [config:finetune/eeg_c1_bcic2a]
2026-09-28 10:12:49,094 INFO     batch_size       64          [config:finetune/eeg_c1_bcic2a]
2026-09-28 10:12:49,094 INFO     lr               0.001       [cli]
2026-09-28 10:12:49,094 INFO     weight_decay     0.01        [config:finetune/eeg_c1_bcic2a]
2026-09-28 10:12:49,094 INFO     warmup_epochs    5           [builtin]
2026-09-28 10:12:49,095 INFO     warmup_ratio     0.1         [config:finetune/eeg_c1_bcic2a]
2026-09-28 10:12:49,095 INFO     grad_clip        1.0         [config:finetune/eeg_c1_bcic2a]
2026-09-28 10:12:49,095 INFO     label_smoothing  0.1         [config:finetune/eeg_c1_bcic2a]
2026-09-28 10:12:49,095 INFO     min_lr_ratio     0.01        [config:finetune/eeg_c1_bcic2a]
2026-09-28 10:12:49,095 INFO     precision        bf16        [config:finetune/eeg_c1_bcic2a]
2026-09-28 10:12:49,095 INFO     select_by        kappa       [config:finetune/eeg_c1_bcic2a]
2026-09-28 10:12:49,095 INFO     patience         0           [builtin]
2026-09-28 10:12:49,095 INFO     min_delta        0.0         [builtin]
2026-09-28 10:12:49,095 INFO     encoder_lr_scale 0.05        [cli]
2026-09-28 10:12:49,095 INFO loading /leonardo_scratch/large/userexternal/ychen003/bio/eeg/eegpt_bench/bcic2a_f0_pretrain-v1 into memory on each of 1 rank(s): train.h5 0.34 GiB val.h5 0.05 GiB test.h5 0.05 GiB
2026-09-28 10:12:49,353 INFO train 4032 windows, 22 channels, 1024 samples/window
2026-09-28 10:12:49,353 INFO class counts: [1008, 1008, 1008, 1008]
2026-09-28 10:12:49,354 INFO EEG C1 downstream: 22 channels at 256.0 Hz, 1024-sample windows, 64-sample patches, route <its own frontend>
2026-09-28 10:12:49,380 INFO Building the EEG C1 downstream model with {'patch_samples': 64, 'pool': 'mean', 'head_dropout': 0.1, 'in_channels': 22, 'window_samples': 1024, 'channel_names': ['Fz', 'FC3', 'FC1', 'FCz', 'FC2', 'FC4', 'C5', 'C3', 'C1', 'Cz', 'C2', 'C4', 'C6', 'CP3', 'CP1', 'CPz', 'CP2', 'CP4', 'P1', 'Pz', 'P2', 'POz'], 'sampling_rate': 256.0, 'num_classes': 4, 'embed_dim': 512, 'depth': 8, 'num_heads': 8, 'mlp_ratio': 4.0, 'dropout': 0.1, 'norm': 'rmsnorm', 'ffn': 'swiglu', 'qk_norm': True, 'channel_encoding': 'id', 'channel_embed_dim': 64, 'max_level': 3, 'wave_kernel_size': 16, 'wavelet_names': ['sym4', 'sym5', 'db6', 'sym8', 'db8'], 'wave_init_mode': 'pad', 'use_separate_channel': True, 'fold_synthesis': 3, 'fold_gamma': 0.1}
2026-09-28 10:12:49,384 INFO MultiHeadGate: 22 channels is not divisible by 4 heads; using 2.
2026-09-28 10:12:49,518 INFO EEG C1 downstream: NO pretrained weights (the from-scratch control)
2026-09-28 10:12:49,639 INFO model 25.40 M parameters (25,403,026 trainable, 100.0%)
/leonardo/prod/opt/libraries/cineca-ai/4.3.0/none/cineca-ai-env/lib/python3.11/site-packages/transformers/utils/generic.py:462: UserWarning: torch.utils._pytree._register_pytree_node is deprecated. Please use torch.utils._pytree.register_pytree_node instead.
  _torch_pytree._register_pytree_node(
/leonardo/prod/opt/libraries/cineca-ai/4.3.0/none/cineca-ai-env/lib/python3.11/site-packages/transformers/utils/hub.py:124: FutureWarning: Using `TRANSFORMERS_CACHE` is deprecated and will be removed in v5 of Transformers. Use `HF_HOME` instead.
  warnings.warn(
2026-09-28 10:12:50,774 INFO encoder lr 5.00e-05 (x0.05) on 25,279,489 params; the rest at 1.00e-03
2026-09-28 10:12:50,774 INFO schedule: 63 steps/epoch, 1890 total, 189 warmup (10%), lr 1.00e-03 -> 1.00e-05
2026-09-28 10:12:50,775 INFO selection: best.pth follows val kappa; no early stop, so this runs all 30 epochs (--patience N to stop sooner)
2026-09-28 10:12:51,931 INFO epoch 0 step 0/63 (  2%) loss 1.6755 acc 0.2188 lr 5.29e-07 eta 1:11
2026-09-28 10:13:00,070 INFO epoch 0 step 50/63 ( 81%) loss 1.4503 acc 0.2414 lr 1.38e-05 eta 0:02
2026-09-28 10:13:03,567 INFO epoch   0/29  train_loss 1.4436  val_loss 1.4082  acc 0.2587  bal 0.2587  kappa 0.0116  auroc 0.5614  eta 6:10  *best
2026-09-28 10:13:03,844 INFO epoch 1 step 0/63 (  2%) loss 1.3870 acc 0.2812 lr 1.72e-05 eta 0:16
2026-09-28 10:13:11,972 INFO epoch 1 step 50/63 ( 81%) loss 1.4061 acc 0.2751 lr 3.04e-05 eta 0:01
2026-09-28 10:13:14,843 INFO epoch   1/29  train_loss 1.4111  val_loss 1.3754  acc 0.3403  bal 0.3403  kappa 0.1204  auroc 0.5980  eta 5:36  *best
2026-09-28 10:13:15,119 INFO epoch 2 step 0/63 (  2%) loss 1.3896 acc 0.2500 lr 3.39e-05 eta 0:16
2026-09-28 10:13:23,233 INFO epoch 2 step 50/63 ( 81%) loss 1.4014 acc 0.2794 lr 4.71e-05 eta 0:01
2026-09-28 10:13:25,814 INFO epoch   2/29  train_loss 1.4145  val_loss 1.3792  acc 0.3038  bal 0.3038  kappa 0.0718  auroc 0.6223  eta 5:15
2026-09-28 10:13:26,089 INFO epoch 3 step 0/63 (  2%) loss 1.3342 acc 0.3750 lr 5.00e-05 eta 0:16
2026-09-28 10:13:34,205 INFO epoch 3 step 50/63 ( 81%) loss 1.4224 acc 0.2858 lr 4.99e-05 eta 0:01
2026-09-28 10:13:36,786 INFO epoch   3/29  train_loss 1.4199  val_loss 1.4199  acc 0.2899  bal 0.2899  kappa 0.0532  auroc 0.6276  eta 4:59
2026-09-28 10:13:37,059 INFO epoch 4 step 0/63 (  2%) loss 1.3966 acc 0.2969 lr 4.98e-05 eta 0:16
2026-09-28 10:13:45,174 INFO epoch 4 step 50/63 ( 81%) loss 1.3710 acc 0.3229 lr 4.95e-05 eta 0:01
2026-09-28 10:13:47,752 INFO epoch   4/29  train_loss 1.3635  val_loss 1.5968  acc 0.2760  bal 0.2760  kappa 0.0347  auroc 0.6311  eta 4:44
2026-09-28 10:13:48,019 INFO epoch 5 step 0/63 (  2%) loss 1.3697 acc 0.3750 lr 4.93e-05 eta 0:16
2026-09-28 10:13:56,130 INFO epoch 5 step 50/63 ( 81%) loss 1.3194 acc 0.3860 lr 4.87e-05 eta 0:01
2026-09-28 10:13:58,999 INFO epoch   5/29  train_loss 1.3174  val_loss 1.3117  acc 0.3924  bal 0.3924  kappa 0.1898  auroc 0.6615  eta 4:32  *best
2026-09-28 10:13:59,274 INFO epoch 6 step 0/63 (  2%) loss 1.3016 acc 0.4219 lr 4.85e-05 eta 0:16
2026-09-28 10:14:07,392 INFO epoch 6 step 50/63 ( 81%) loss 1.2722 acc 0.4262 lr 4.76e-05 eta 0:01
2026-09-28 10:14:09,964 INFO epoch   6/29  train_loss 1.2708  val_loss 1.3692  acc 0.3542  bal 0.3542  kappa 0.1389  auroc 0.6467  eta 4:20
2026-09-28 10:14:10,226 INFO epoch 7 step 0/63 (  2%) loss 1.2457 acc 0.5156 lr 4.73e-05 eta 0:16
2026-09-28 10:14:18,344 INFO epoch 7 step 50/63 ( 81%) loss 1.2143 acc 0.4709 lr 4.62e-05 eta 0:01
2026-09-28 10:14:20,919 INFO epoch   7/29  train_loss 1.2106  val_loss 1.3525  acc 0.3767  bal 0.3767  kappa 0.1690  auroc 0.6528  eta 4:07
2026-09-28 10:14:21,193 INFO epoch 8 step 0/63 (  2%) loss 1.1207 acc 0.5469 lr 4.59e-05 eta 0:16
2026-09-28 10:14:29,312 INFO epoch 8 step 50/63 ( 81%) loss 1.1480 acc 0.5254 lr 4.46e-05 eta 0:01
2026-09-28 10:14:31,884 INFO epoch   8/29  train_loss 1.1395  val_loss 1.4492  acc 0.3906  bal 0.3906  kappa 0.1875  auroc 0.6538  eta 3:55
2026-09-28 10:14:32,148 INFO epoch 9 step 0/63 (  2%) loss 1.0270 acc 0.5156 lr 4.42e-05 eta 0:16
2026-09-28 10:14:40,264 INFO epoch 9 step 50/63 ( 81%) loss 1.0527 acc 0.5928 lr 4.26e-05 eta 0:01
2026-09-28 10:14:43,155 INFO epoch   9/29  train_loss 1.0585  val_loss 1.4351  acc 0.4028  bal 0.4028  kappa 0.2037  auroc 0.6579  eta 3:44  *best
2026-09-28 10:14:43,448 INFO epoch 10 step 0/63 (  2%) loss 0.9382 acc 0.7188 lr 4.22e-05 eta 0:18
2026-09-28 10:14:51,584 INFO epoch 10 step 50/63 ( 81%) loss 0.9756 acc 0.6544 lr 4.05e-05 eta 0:01
2026-09-28 10:14:54,164 INFO epoch  10/29  train_loss 0.9737  val_loss 1.5478  acc 0.3924  bal 0.3924  kappa 0.1898  auroc 0.6594  eta 3:33
2026-09-28 10:14:54,435 INFO epoch 11 step 0/63 (  2%) loss 0.8326 acc 0.7656 lr 4.00e-05 eta 0:16
2026-09-28 10:15:02,556 INFO epoch 11 step 50/63 ( 81%) loss 0.8890 acc 0.7108 lr 3.81e-05 eta 0:01
2026-09-28 10:15:05,431 INFO epoch  11/29  train_loss 0.8916  val_loss 1.6092  acc 0.4080  bal 0.4080  kappa 0.2106  auroc 0.6731  eta 3:21  *best
2026-09-28 10:15:05,702 INFO epoch 12 step 0/63 (  2%) loss 0.7019 acc 0.8281 lr 3.76e-05 eta 0:16
2026-09-28 10:15:13,842 INFO epoch 12 step 50/63 ( 81%) loss 0.7847 acc 0.7767 lr 3.56e-05 eta 0:01
2026-09-28 10:15:16,714 INFO epoch  12/29  train_loss 0.7738  val_loss 1.8720  acc 0.4149  bal 0.4149  kappa 0.2199  auroc 0.6593  eta 3:10  *best
2026-09-28 10:15:16,984 INFO epoch 13 step 0/63 (  2%) loss 0.5607 acc 0.9219 lr 3.50e-05 eta 0:16
2026-09-28 10:15:25,101 INFO epoch 13 step 50/63 ( 81%) loss 0.6569 acc 0.8557 lr 3.29e-05 eta 0:01
2026-09-28 10:15:27,672 INFO epoch  13/29  train_loss 0.6610  val_loss 1.8461  acc 0.3976  bal 0.3976  kappa 0.1968  auroc 0.6522  eta 2:59
2026-09-28 10:15:27,937 INFO epoch 14 step 0/63 (  2%) loss 0.5276 acc 0.9688 lr 3.23e-05 eta 0:16
2026-09-28 10:15:36,058 INFO epoch 14 step 50/63 ( 81%) loss 0.5899 acc 0.8998 lr 3.01e-05 eta 0:01
2026-09-28 10:15:38,631 INFO epoch  14/29  train_loss 0.5976  val_loss 1.8224  acc 0.3906  bal 0.3906  kappa 0.1875  auroc 0.6491  eta 2:47
2026-09-28 10:15:38,898 INFO epoch 15 step 0/63 (  2%) loss 0.4795 acc 0.9688 lr 2.95e-05 eta 0:16
2026-09-28 10:15:47,040 INFO epoch 15 step 50/63 ( 81%) loss 0.4984 acc 0.9544 lr 2.72e-05 eta 0:01
2026-09-28 10:15:49,627 INFO epoch  15/29  train_loss 0.5014  val_loss 1.9342  acc 0.3958  bal 0.3958  kappa 0.1944  auroc 0.6540  eta 2:36
2026-09-28 10:15:49,895 INFO epoch 16 step 0/63 (  2%) loss 0.4518 acc 0.9688 lr 2.66e-05 eta 0:16
2026-09-28 10:15:58,022 INFO epoch 16 step 50/63 ( 81%) loss 0.4508 acc 0.9831 lr 2.44e-05 eta 0:01
2026-09-28 10:16:00,595 INFO epoch  16/29  train_loss 0.4491  val_loss 1.8938  acc 0.4062  bal 0.4062  kappa 0.2083  auroc 0.6523  eta 2:25
2026-09-28 10:16:00,860 INFO epoch 17 step 0/63 (  2%) loss 0.4096 acc 1.0000 lr 2.38e-05 eta 0:16
2026-09-28 10:16:08,975 INFO epoch 17 step 50/63 ( 81%) loss 0.4157 acc 0.9957 lr 2.15e-05 eta 0:01
2026-09-28 10:16:11,555 INFO epoch  17/29  train_loss 0.4160  val_loss 1.8776  acc 0.4010  bal 0.4010  kappa 0.2014  auroc 0.6498  eta 2:13
2026-09-28 10:16:11,825 INFO epoch 18 step 0/63 (  2%) loss 0.3956 acc 1.0000 lr 2.09e-05 eta 0:16
2026-09-28 10:16:19,957 INFO epoch 18 step 50/63 ( 81%) loss 0.3949 acc 0.9994 lr 1.87e-05 eta 0:01
2026-09-28 10:16:22,534 INFO epoch  18/29  train_loss 0.3964  val_loss 1.9357  acc 0.3906  bal 0.3906  kappa 0.1875  auroc 0.6416  eta 2:02
2026-09-28 10:16:22,806 INFO epoch 19 step 0/63 (  2%) loss 0.3881 acc 1.0000 lr 1.81e-05 eta 0:16
2026-09-28 10:16:30,937 INFO epoch 19 step 50/63 ( 81%) loss 0.3839 acc 1.0000 lr 1.60e-05 eta 0:01
2026-09-28 10:16:33,517 INFO epoch  19/29  train_loss 0.3842  val_loss 1.8248  acc 0.3924  bal 0.3924  kappa 0.1898  auroc 0.6471  eta 1:51
2026-09-28 10:16:33,782 INFO epoch 20 step 0/63 (  2%) loss 0.3668 acc 1.0000 lr 1.54e-05 eta 0:16
2026-09-28 10:16:41,903 INFO epoch 20 step 50/63 ( 81%) loss 0.3757 acc 1.0000 lr 1.34e-05 eta 0:01
2026-09-28 10:16:44,494 INFO epoch  20/29  train_loss 0.3758  val_loss 1.7343  acc 0.4062  bal 0.4062  kappa 0.2083  auroc 0.6497  eta 1:40
2026-09-28 10:16:44,760 INFO epoch 21 step 0/63 (  2%) loss 0.3731 acc 1.0000 lr 1.28e-05 eta 0:16
2026-09-28 10:16:52,876 INFO epoch 21 step 50/63 ( 81%) loss 0.3706 acc 1.0000 lr 1.09e-05 eta 0:01
2026-09-28 10:16:55,457 INFO epoch  21/29  train_loss 0.3706  val_loss 1.7529  acc 0.4010  bal 0.4010  kappa 0.2014  auroc 0.6434  eta 1:28
2026-09-28 10:16:55,723 INFO epoch 22 step 0/63 (  2%) loss 0.3703 acc 1.0000 lr 1.04e-05 eta 0:16
2026-09-28 10:17:03,853 INFO epoch 22 step 50/63 ( 81%) loss 0.3652 acc 1.0000 lr 8.67e-06 eta 0:01
2026-09-28 10:17:06,423 INFO epoch  22/29  train_loss 0.3652  val_loss 1.7134  acc 0.4080  bal 0.4080  kappa 0.2106  auroc 0.6479  eta 1:17
2026-09-28 10:17:06,693 INFO epoch 23 step 0/63 (  2%) loss 0.3628 acc 1.0000 lr 8.23e-06 eta 0:16
2026-09-28 10:17:14,894 INFO epoch 23 step 50/63 ( 81%) loss 0.3626 acc 1.0000 lr 6.65e-06 eta 0:01
2026-09-28 10:17:17,474 INFO epoch  23/29  train_loss 0.3624  val_loss 1.6989  acc 0.4010  bal 0.4010  kappa 0.2014  auroc 0.6439  eta 1:06
2026-09-28 10:17:17,737 INFO epoch 24 step 0/63 (  2%) loss 0.3619 acc 1.0000 lr 6.26e-06 eta 0:16
2026-09-28 10:17:25,857 INFO epoch 24 step 50/63 ( 81%) loss 0.3606 acc 1.0000 lr 4.88e-06 eta 0:01
2026-09-28 10:17:28,439 INFO epoch  24/29  train_loss 0.3606  val_loss 1.7070  acc 0.4080  bal 0.4080  kappa 0.2106  auroc 0.6454  eta 0:55
2026-09-28 10:17:28,706 INFO epoch 25 step 0/63 (  2%) loss 0.3613 acc 1.0000 lr 4.55e-06 eta 0:16
2026-09-28 10:17:36,828 INFO epoch 25 step 50/63 ( 81%) loss 0.3588 acc 1.0000 lr 3.38e-06 eta 0:01
2026-09-28 10:17:39,414 INFO epoch  25/29  train_loss 0.3587  val_loss 1.6913  acc 0.3941  bal 0.3941  kappa 0.1921  auroc 0.6454  eta 0:44
2026-09-28 10:17:39,682 INFO epoch 26 step 0/63 (  2%) loss 0.3578 acc 1.0000 lr 3.11e-06 eta 0:16
2026-09-28 10:17:47,806 INFO epoch 26 step 50/63 ( 81%) loss 0.3581 acc 1.0000 lr 2.19e-06 eta 0:01
2026-09-28 10:17:50,387 INFO epoch  26/29  train_loss 0.3579  val_loss 1.6850  acc 0.4080  bal 0.4080  kappa 0.2106  auroc 0.6463  eta 0:33
2026-09-28 10:17:50,662 INFO epoch 27 step 0/63 (  2%) loss 0.3563 acc 1.0000 lr 1.98e-06 eta 0:16
2026-09-28 10:17:58,788 INFO epoch 27 step 50/63 ( 81%) loss 0.3572 acc 1.0000 lr 1.30e-06 eta 0:01
2026-09-28 10:18:01,369 INFO epoch  27/29  train_loss 0.3571  val_loss 1.6857  acc 0.3958  bal 0.3958  kappa 0.1944  auroc 0.6459  eta 0:22
2026-09-28 10:18:01,643 INFO epoch 28 step 0/63 (  2%) loss 0.3560 acc 1.0000 lr 1.16e-06 eta 0:16
2026-09-28 10:18:09,786 INFO epoch 28 step 50/63 ( 81%) loss 0.3568 acc 1.0000 lr 7.37e-07 eta 0:01
2026-09-28 10:18:12,364 INFO epoch  28/29  train_loss 0.3568  val_loss 1.6804  acc 0.3941  bal 0.3941  kappa 0.1921  auroc 0.6463  eta 0:11
2026-09-28 10:18:12,639 INFO epoch 29 step 0/63 (  2%) loss 0.3562 acc 1.0000 lr 6.62e-07 eta 0:16
2026-09-28 10:18:20,779 INFO epoch 29 step 50/63 ( 81%) loss 0.3565 acc 1.0000 lr 5.06e-07 eta 0:01
2026-09-28 10:18:23,351 INFO epoch  29/29  train_loss 0.3565  val_loss 1.6734  acc 0.3976  bal 0.3976  kappa 0.1968  auroc 0.6459  eta 0:00
2026-09-28 10:18:23,599 INFO Loaded checkpoint: matched 177 tensors
2026-09-28 10:18:24,207 INFO TEST acc 0.3750 bal 0.3750 kappa 0.1667 wf1 0.3608 auroc 0.6263
──────────────────────────────────────────────────────────────────────────────
  bcic2a_f0_scratch_sw_enc005  ·  TEST  ·  finetune/eeg_c1_bcic2a  ·  full fine-tune  ·  from scratch  ·  25,403,026 trainable
──────────────────────────────────────────────────────────────────────────────
  BalAcc   0.3750  ████████▎                          
  Kappa    0.1667  ███▋                    chance 0.00
  AUROC    0.6263  █████▌                  chance 0.50
  W-F1     0.3608  ████████                           
  acc 0.3750   loss 1.8429
──────────────────────────────────────────────────────────────────────────────
2026-09-28 10:18:24,209 INFO outputs in /leonardo_scratch/fast/IscrB_WearUsFM/yanlchen/runs/eegpt_bench/bcic2a_f0_scratch_sw_enc005
Done. /leonardo_scratch/fast/IscrB_WearUsFM/yanlchen/runs/eegpt_bench/bcic2a_f0_scratch_sw_enc005/results.json  (the 'test' block is the number to report)
