split /leonardo_scratch/large/userexternal/ychen003/bio/eeg/eegpt_bench/bcic2a_f0_pretrain-v1 exists
exporting the encoder from /leonardo_scratch/fast/IscrB_WearUsFM/yanlchen/runs/pretrain_eeg_c1_moe/best.pth
exported encoder (no route) from /leonardo_scratch/fast/IscrB_WearUsFM/yanlchen/runs/pretrain_eeg_c1_moe/best.pth
  95 tensors, 25,279,489 parameters -> /leonardo_scratch/fast/IscrB_WearUsFM/yanlchen/runs/eegpt_bench/bcic2a_f0_ft/encoder.pth
  frontend     excluded -- downstream builds its own; pass --route to include one
  vocab sha    596f2711269e47b2
  decoder      excluded (pretraining head)
============================================================
  EEGPT benchmark  bcic2a  fold 0  mode ft
  data     /leonardo_scratch/large/userexternal/ychen003/bio/eeg/eegpt_bench/bcic2a_f0_pretrain-v1  (preprocessing pretrain-v1)
  encoder  /leonardo_scratch/fast/IscrB_WearUsFM/yanlchen/runs/eegpt_bench/bcic2a_f0_ft/encoder.pth
  output   /leonardo_scratch/fast/IscrB_WearUsFM/yanlchen/runs/eegpt_bench/bcic2a_f0_ft
============================================================
2026-09-28 07:10:15,876 INFO hyper-parameters (cli > config train: > builtin):
2026-09-28 07:10:15,876 INFO     epochs           30          [config:finetune/eeg_c1_bcic2a]
2026-09-28 07:10:15,876 INFO     batch_size       64          [config:finetune/eeg_c1_bcic2a]
2026-09-28 07:10:15,876 INFO     lr               0.00025     [config:finetune/eeg_c1_bcic2a]
2026-09-28 07:10:15,876 INFO     weight_decay     0.01        [config:finetune/eeg_c1_bcic2a]
2026-09-28 07:10:15,876 INFO     warmup_epochs    5           [builtin]
2026-09-28 07:10:15,876 INFO     warmup_ratio     0.1         [config:finetune/eeg_c1_bcic2a]
2026-09-28 07:10:15,876 INFO     grad_clip        1.0         [config:finetune/eeg_c1_bcic2a]
2026-09-28 07:10:15,876 INFO     label_smoothing  0.1         [config:finetune/eeg_c1_bcic2a]
2026-09-28 07:10:15,876 INFO     min_lr_ratio     0.01        [config:finetune/eeg_c1_bcic2a]
2026-09-28 07:10:15,876 INFO     precision        bf16        [config:finetune/eeg_c1_bcic2a]
2026-09-28 07:10:15,876 INFO     select_by        kappa       [config:finetune/eeg_c1_bcic2a]
2026-09-28 07:10:15,876 INFO     patience         0           [builtin]
2026-09-28 07:10:15,876 INFO     min_delta        0.0         [builtin]
2026-09-28 07:10:15,876 INFO loading /leonardo_scratch/large/userexternal/ychen003/bio/eeg/eegpt_bench/bcic2a_f0_pretrain-v1 into memory on each of 1 rank(s): train.h5 0.34 GiB val.h5 0.05 GiB test.h5 0.05 GiB
2026-09-28 07:10:16,122 INFO train 4032 windows, 22 channels, 1024 samples/window
2026-09-28 07:10:16,122 INFO class counts: [1008, 1008, 1008, 1008]
2026-09-28 07:10:16,122 INFO EEG C1 downstream: 22 channels at 256.0 Hz, 1024-sample windows, 64-sample patches, route <its own frontend>
2026-09-28 07:10:16,147 INFO Building the EEG C1 downstream model with {'patch_samples': 64, 'pool': 'mean', 'head_dropout': 0.1, 'in_channels': 22, 'window_samples': 1024, 'channel_names': ['Fz', 'FC3', 'FC1', 'FCz', 'FC2', 'FC4', 'C5', 'C3', 'C1', 'Cz', 'C2', 'C4', 'C6', 'CP3', 'CP1', 'CPz', 'CP2', 'CP4', 'P1', 'Pz', 'P2', 'POz'], 'sampling_rate': 256.0, 'num_classes': 4, 'embed_dim': 512, 'depth': 8, 'num_heads': 8, 'mlp_ratio': 4.0, 'dropout': 0.1, 'norm': 'rmsnorm', 'ffn': 'swiglu', 'qk_norm': True, 'channel_encoding': 'id', 'channel_embed_dim': 64, 'max_level': 3, 'wave_kernel_size': 16, 'wavelet_names': ['sym4', 'sym5', 'db6', 'sym8', 'db8'], 'wave_init_mode': 'pad', 'use_separate_channel': True, 'fold_synthesis': 3, 'fold_gamma': 0.1}
2026-09-28 07:10:16,151 INFO MultiHeadGate: 22 channels is not divisible by 4 heads; using 2.
2026-09-28 07:10:16,366 INFO loaded: transformer 89, channel encoder 5, gate yes, frontend 0, patcher 0 <- /leonardo_scratch/fast/IscrB_WearUsFM/yanlchen/runs/eegpt_bench/bcic2a_f0_ft/encoder.pth
2026-09-28 07:10:16,487 INFO model 25.40 M parameters (25,403,026 trainable, 100.0%)
/leonardo/prod/opt/libraries/cineca-ai/4.3.0/none/cineca-ai-env/lib/python3.11/site-packages/transformers/utils/generic.py:462: UserWarning: torch.utils._pytree._register_pytree_node is deprecated. Please use torch.utils._pytree.register_pytree_node instead.
  _torch_pytree._register_pytree_node(
/leonardo/prod/opt/libraries/cineca-ai/4.3.0/none/cineca-ai-env/lib/python3.11/site-packages/transformers/utils/hub.py:124: FutureWarning: Using `TRANSFORMERS_CACHE` is deprecated and will be removed in v5 of Transformers. Use `HF_HOME` instead.
  warnings.warn(
2026-09-28 07:10:34,479 INFO schedule: 63 steps/epoch, 1890 total, 189 warmup (10%), lr 2.50e-04 -> 2.50e-06
2026-09-28 07:10:34,479 INFO selection: best.pth follows val kappa; no early stop, so this runs all 30 epochs (--patience N to stop sooner)
2026-09-28 07:10:37,158 INFO epoch 0 step 0/63 (  2%) loss 1.4873 acc 0.2500 lr 2.65e-06 eta 2:46
2026-09-28 07:10:45,246 INFO epoch 0 step 50/63 ( 81%) loss 1.4238 acc 0.2491 lr 6.88e-05 eta 0:02
2026-09-28 07:10:50,984 INFO epoch   0/29  train_loss 1.4286  val_loss 1.4018  acc 0.2986  bal 0.2986  kappa 0.0648  auroc 0.5824  eta 7:58  *best
2026-09-28 07:10:51,254 INFO epoch 1 step 0/63 (  2%) loss 1.4085 acc 0.2188 lr 8.60e-05 eta 0:16
2026-09-28 07:10:59,341 INFO epoch 1 step 50/63 ( 81%) loss 1.4063 acc 0.2623 lr 1.52e-04 eta 0:01
2026-09-28 07:11:01,901 INFO epoch   1/29  train_loss 1.4081  val_loss 1.4140  acc 0.2500  bal 0.2500  kappa 0.0000  auroc 0.5802  eta 6:23
2026-09-28 07:11:02,175 INFO epoch 2 step 0/63 (  2%) loss 1.4659 acc 0.2031 lr 1.69e-04 eta 0:16
2026-09-28 07:11:10,257 INFO epoch 2 step 50/63 ( 81%) loss 1.3873 acc 0.2917 lr 2.35e-04 eta 0:01
2026-09-28 07:11:13,115 INFO epoch   2/29  train_loss 1.3884  val_loss 1.3886  acc 0.3281  bal 0.3281  kappa 0.1042  auroc 0.6281  eta 5:47  *best
2026-09-28 07:11:13,380 INFO epoch 3 step 0/63 (  2%) loss 1.3510 acc 0.3125 lr 2.50e-04 eta 0:16
2026-09-28 07:11:21,456 INFO epoch 3 step 50/63 ( 81%) loss 1.3302 acc 0.3695 lr 2.49e-04 eta 0:01
2026-09-28 07:11:24,309 INFO epoch   3/29  train_loss 1.3334  val_loss 1.3393  acc 0.3750  bal 0.3750  kappa 0.1667  auroc 0.6349  eta 5:23  *best
2026-09-28 07:11:24,574 INFO epoch 4 step 0/63 (  2%) loss 1.2733 acc 0.4219 lr 2.49e-04 eta 0:16
2026-09-28 07:11:32,659 INFO epoch 4 step 50/63 ( 81%) loss 1.3086 acc 0.3937 lr 2.47e-04 eta 0:01
2026-09-28 07:11:35,512 INFO epoch   4/29  train_loss 1.3006  val_loss 1.4568  acc 0.3785  bal 0.3785  kappa 0.1713  auroc 0.6508  eta 5:05  *best
2026-09-28 07:11:35,778 INFO epoch 5 step 0/63 (  2%) loss 1.3247 acc 0.4375 lr 2.47e-04 eta 0:16
2026-09-28 07:11:43,859 INFO epoch 5 step 50/63 ( 81%) loss 1.2528 acc 0.4366 lr 2.43e-04 eta 0:01
2026-09-28 07:11:46,422 INFO epoch   5/29  train_loss 1.2551  val_loss 1.3680  acc 0.3785  bal 0.3785  kappa 0.1713  auroc 0.6412  eta 4:47
2026-09-28 07:11:46,686 INFO epoch 6 step 0/63 (  2%) loss 1.2238 acc 0.3906 lr 2.42e-04 eta 0:16
2026-09-28 07:11:54,770 INFO epoch 6 step 50/63 ( 81%) loss 1.1758 acc 0.5159 lr 2.38e-04 eta 0:01
2026-09-28 07:11:57,326 INFO epoch   6/29  train_loss 1.1838  val_loss 1.4368  acc 0.3594  bal 0.3594  kappa 0.1458  auroc 0.6493  eta 4:32
2026-09-28 07:11:57,591 INFO epoch 7 step 0/63 (  2%) loss 1.0603 acc 0.5625 lr 2.37e-04 eta 0:16
2026-09-28 07:12:05,671 INFO epoch 7 step 50/63 ( 81%) loss 1.0451 acc 0.5959 lr 2.31e-04 eta 0:01
2026-09-28 07:12:08,229 INFO epoch   7/29  train_loss 1.0440  val_loss 1.6502  acc 0.3247  bal 0.3247  kappa 0.0995  auroc 0.5971  eta 4:17
2026-09-28 07:12:08,494 INFO epoch 8 step 0/63 (  2%) loss 0.8639 acc 0.7031 lr 2.30e-04 eta 0:16
2026-09-28 07:12:16,575 INFO epoch 8 step 50/63 ( 81%) loss 0.8285 acc 0.7384 lr 2.23e-04 eta 0:01
2026-09-28 07:12:19,425 INFO epoch   8/29  train_loss 0.8262  val_loss 1.7582  acc 0.3854  bal 0.3854  kappa 0.1806  auroc 0.6403  eta 4:04  *best
2026-09-28 07:12:19,693 INFO epoch 9 step 0/63 (  2%) loss 0.7473 acc 0.7656 lr 2.21e-04 eta 0:16
2026-09-28 07:12:27,773 INFO epoch 9 step 50/63 ( 81%) loss 0.6487 acc 0.8450 lr 2.13e-04 eta 0:01
2026-09-28 07:12:30,332 INFO epoch   9/29  train_loss 0.6440  val_loss 1.9404  acc 0.3681  bal 0.3681  kappa 0.1574  auroc 0.6261  eta 3:51
2026-09-28 07:12:30,599 INFO epoch 10 step 0/63 (  2%) loss 0.4771 acc 0.9375 lr 2.11e-04 eta 0:16
2026-09-28 07:12:38,691 INFO epoch 10 step 50/63 ( 81%) loss 0.5394 acc 0.9023 lr 2.02e-04 eta 0:01
2026-09-28 07:12:41,255 INFO epoch  10/29  train_loss 0.5398  val_loss 1.9313  acc 0.3524  bal 0.3524  kappa 0.1366  auroc 0.6131  eta 3:38
2026-09-28 07:12:41,520 INFO epoch 11 step 0/63 (  2%) loss 0.4628 acc 0.9375 lr 2.00e-04 eta 0:16
2026-09-28 07:12:49,606 INFO epoch 11 step 50/63 ( 81%) loss 0.4711 acc 0.9387 lr 1.90e-04 eta 0:01
2026-09-28 07:12:52,168 INFO epoch  11/29  train_loss 0.4808  val_loss 1.9727  acc 0.3698  bal 0.3698  kappa 0.1597  auroc 0.6092  eta 3:26
2026-09-28 07:12:52,436 INFO epoch 12 step 0/63 (  2%) loss 0.4766 acc 0.9375 lr 1.88e-04 eta 0:16
2026-09-28 07:13:00,518 INFO epoch 12 step 50/63 ( 81%) loss 0.4434 acc 0.9537 lr 1.78e-04 eta 0:01
2026-09-28 07:13:03,083 INFO epoch  12/29  train_loss 0.4540  val_loss 2.0186  acc 0.3420  bal 0.3420  kappa 0.1227  auroc 0.5876  eta 3:14
2026-09-28 07:13:03,354 INFO epoch 13 step 0/63 (  2%) loss 0.4025 acc 0.9688 lr 1.75e-04 eta 0:16
2026-09-28 07:13:11,437 INFO epoch 13 step 50/63 ( 81%) loss 0.4398 acc 0.9559 lr 1.64e-04 eta 0:01
2026-09-28 07:13:13,996 INFO epoch  13/29  train_loss 0.4410  val_loss 2.1000  acc 0.3594  bal 0.3594  kappa 0.1458  auroc 0.6084  eta 3:02
2026-09-28 07:13:14,262 INFO epoch 14 step 0/63 (  2%) loss 0.3572 acc 1.0000 lr 1.62e-04 eta 0:16
2026-09-28 07:13:22,341 INFO epoch 14 step 50/63 ( 81%) loss 0.4120 acc 0.9663 lr 1.50e-04 eta 0:01
2026-09-28 07:13:24,905 INFO epoch  14/29  train_loss 0.4137  val_loss 2.2000  acc 0.3524  bal 0.3524  kappa 0.1366  auroc 0.6037  eta 2:50
2026-09-28 07:13:25,170 INFO epoch 15 step 0/63 (  2%) loss 0.4181 acc 0.9531 lr 1.48e-04 eta 0:16
2026-09-28 07:13:33,245 INFO epoch 15 step 50/63 ( 81%) loss 0.4074 acc 0.9727 lr 1.36e-04 eta 0:01
2026-09-28 07:13:35,809 INFO epoch  15/29  train_loss 0.4106  val_loss 2.1774  acc 0.3594  bal 0.3594  kappa 0.1458  auroc 0.6017  eta 2:38
2026-09-28 07:13:36,073 INFO epoch 16 step 0/63 (  2%) loss 0.3701 acc 0.9844 lr 1.33e-04 eta 0:16
2026-09-28 07:13:44,149 INFO epoch 16 step 50/63 ( 81%) loss 0.3833 acc 0.9844 lr 1.22e-04 eta 0:01
2026-09-28 07:13:46,713 INFO epoch  16/29  train_loss 0.3885  val_loss 2.2198  acc 0.3628  bal 0.3628  kappa 0.1505  auroc 0.5877  eta 2:27
2026-09-28 07:13:46,977 INFO epoch 17 step 0/63 (  2%) loss 0.3807 acc 0.9844 lr 1.19e-04 eta 0:16
2026-09-28 07:13:55,064 INFO epoch 17 step 50/63 ( 81%) loss 0.3831 acc 0.9850 lr 1.07e-04 eta 0:01
2026-09-28 07:13:57,629 INFO epoch  17/29  train_loss 0.3839  val_loss 2.0823  acc 0.3698  bal 0.3698  kappa 0.1597  auroc 0.6185  eta 2:15
2026-09-28 07:13:57,892 INFO epoch 18 step 0/63 (  2%) loss 0.3544 acc 1.0000 lr 1.05e-04 eta 0:16
2026-09-28 07:14:05,973 INFO epoch 18 step 50/63 ( 81%) loss 0.3708 acc 0.9896 lr 9.34e-05 eta 0:01
2026-09-28 07:14:08,537 INFO epoch  18/29  train_loss 0.3721  val_loss 2.0806  acc 0.3750  bal 0.3750  kappa 0.1667  auroc 0.6101  eta 2:03
2026-09-28 07:14:08,803 INFO epoch 19 step 0/63 (  2%) loss 0.3582 acc 1.0000 lr 9.05e-05 eta 0:16
2026-09-28 07:14:16,883 INFO epoch 19 step 50/63 ( 81%) loss 0.3661 acc 0.9917 lr 7.98e-05 eta 0:01
2026-09-28 07:14:19,445 INFO epoch  19/29  train_loss 0.3655  val_loss 2.1477  acc 0.3854  bal 0.3854  kappa 0.1806  auroc 0.5917  eta 1:52
2026-09-28 07:14:19,709 INFO epoch 20 step 0/63 (  2%) loss 0.3785 acc 0.9844 lr 7.70e-05 eta 0:16
2026-09-28 07:14:27,807 INFO epoch 20 step 50/63 ( 81%) loss 0.3591 acc 0.9954 lr 6.68e-05 eta 0:01
2026-09-28 07:14:30,369 INFO epoch  20/29  train_loss 0.3617  val_loss 2.2063  acc 0.3698  bal 0.3698  kappa 0.1597  auroc 0.5868  eta 1:41
2026-09-28 07:14:30,633 INFO epoch 21 step 0/63 (  2%) loss 0.3528 acc 1.0000 lr 6.42e-05 eta 0:16
2026-09-28 07:14:38,736 INFO epoch 21 step 50/63 ( 81%) loss 0.3580 acc 0.9957 lr 5.46e-05 eta 0:01
2026-09-28 07:14:41,290 INFO epoch  21/29  train_loss 0.3583  val_loss 2.2195  acc 0.3681  bal 0.3681  kappa 0.1574  auroc 0.5889  eta 1:29
2026-09-28 07:14:41,553 INFO epoch 22 step 0/63 (  2%) loss 0.3508 acc 1.0000 lr 5.22e-05 eta 0:16
2026-09-28 07:14:49,632 INFO epoch 22 step 50/63 ( 81%) loss 0.3531 acc 0.9991 lr 4.33e-05 eta 0:01
2026-09-28 07:14:52,184 INFO epoch  22/29  train_loss 0.3535  val_loss 2.2389  acc 0.3524  bal 0.3524  kappa 0.1366  auroc 0.5805  eta 1:18
2026-09-28 07:14:52,450 INFO epoch 23 step 0/63 (  2%) loss 0.3501 acc 1.0000 lr 4.12e-05 eta 0:16
2026-09-28 07:15:00,547 INFO epoch 23 step 50/63 ( 81%) loss 0.3513 acc 0.9997 lr 3.32e-05 eta 0:01
2026-09-28 07:15:03,101 INFO epoch  23/29  train_loss 0.3524  val_loss 2.2140  acc 0.3646  bal 0.3646  kappa 0.1528  auroc 0.5854  eta 1:07
2026-09-28 07:15:03,366 INFO epoch 24 step 0/63 (  2%) loss 0.3620 acc 0.9844 lr 3.13e-05 eta 0:16
2026-09-28 07:15:11,542 INFO epoch 24 step 50/63 ( 81%) loss 0.3515 acc 0.9991 lr 2.44e-05 eta 0:01
2026-09-28 07:15:14,089 INFO epoch  24/29  train_loss 0.3514  val_loss 2.2580  acc 0.3507  bal 0.3507  kappa 0.1343  auroc 0.5802  eta 0:55
2026-09-28 07:15:14,355 INFO epoch 25 step 0/63 (  2%) loss 0.3508 acc 1.0000 lr 2.27e-05 eta 0:16
2026-09-28 07:15:22,434 INFO epoch 25 step 50/63 ( 81%) loss 0.3502 acc 1.0000 lr 1.69e-05 eta 0:01
2026-09-28 07:15:24,990 INFO epoch  25/29  train_loss 0.3501  val_loss 2.2431  acc 0.3524  bal 0.3524  kappa 0.1366  auroc 0.5729  eta 0:44
2026-09-28 07:15:25,258 INFO epoch 26 step 0/63 (  2%) loss 0.3501 acc 1.0000 lr 1.56e-05 eta 0:16
2026-09-28 07:15:33,337 INFO epoch 26 step 50/63 ( 81%) loss 0.3502 acc 1.0000 lr 1.09e-05 eta 0:01
2026-09-28 07:15:35,893 INFO epoch  26/29  train_loss 0.3501  val_loss 2.2413  acc 0.3420  bal 0.3420  kappa 0.1227  auroc 0.5862  eta 0:33
2026-09-28 07:15:36,159 INFO epoch 27 step 0/63 (  2%) loss 0.3499 acc 1.0000 lr 9.89e-06 eta 0:16
2026-09-28 07:15:44,237 INFO epoch 27 step 50/63 ( 81%) loss 0.3499 acc 1.0000 lr 6.50e-06 eta 0:01
2026-09-28 07:15:46,792 INFO epoch  27/29  train_loss 0.3499  val_loss 2.2330  acc 0.3594  bal 0.3594  kappa 0.1458  auroc 0.5832  eta 0:22
2026-09-28 07:15:47,056 INFO epoch 28 step 0/63 (  2%) loss 0.3499 acc 1.0000 lr 5.78e-06 eta 0:16
2026-09-28 07:15:55,136 INFO epoch 28 step 50/63 ( 81%) loss 0.3500 acc 1.0000 lr 3.69e-06 eta 0:01
2026-09-28 07:15:57,696 INFO epoch  28/29  train_loss 0.3500  val_loss 2.2280  acc 0.3559  bal 0.3559  kappa 0.1412  auroc 0.5846  eta 0:11
2026-09-28 07:15:57,960 INFO epoch 29 step 0/63 (  2%) loss 0.3500 acc 1.0000 lr 3.31e-06 eta 0:16
2026-09-28 07:16:06,050 INFO epoch 29 step 50/63 ( 81%) loss 0.3498 acc 1.0000 lr 2.53e-06 eta 0:01
2026-09-28 07:16:08,605 INFO epoch  29/29  train_loss 0.3499  val_loss 2.2267  acc 0.3524  bal 0.3524  kappa 0.1366  auroc 0.5856  eta 0:00
2026-09-28 07:16:08,843 INFO Loaded checkpoint: matched 177 tensors
2026-09-28 07:16:09,452 INFO TEST acc 0.3524 bal 0.3524 kappa 0.1366 wf1 0.3526 auroc 0.6101
──────────────────────────────────────────────────────────────────────────────
  bcic2a_f0_ft  ·  TEST  ·  finetune/eeg_c1_bcic2a  ·  full fine-tune  ·  pretrained  ·  25,403,026 trainable
──────────────────────────────────────────────────────────────────────────────
  BalAcc   0.3524  ███████▊                           
  Kappa    0.1366  ███                     chance 0.00
  AUROC    0.6101  ████▉                   chance 0.50
  W-F1     0.3526  ███████▊                           
  acc 0.3524   loss 1.6929
──────────────────────────────────────────────────────────────────────────────
2026-09-28 07:16:09,457 INFO outputs in /leonardo_scratch/fast/IscrB_WearUsFM/yanlchen/runs/eegpt_bench/bcic2a_f0_ft
Done. /leonardo_scratch/fast/IscrB_WearUsFM/yanlchen/runs/eegpt_bench/bcic2a_f0_ft/results.json  (the 'test' block is the number to report)
