split /leonardo_scratch/large/userexternal/ychen003/bio/eeg/eegpt_bench/bcic2b_f0_pretrain-v1 exists
exporting the encoder from /leonardo_scratch/fast/IscrB_WearUsFM/yanlchen/runs/pretrain_eeg_c1_moe/best.pth
exported encoder (no route) from /leonardo_scratch/fast/IscrB_WearUsFM/yanlchen/runs/pretrain_eeg_c1_moe/best.pth
  95 tensors, 25,279,489 parameters -> /leonardo_scratch/fast/IscrB_WearUsFM/yanlchen/runs/eegpt_bench/bcic2b_f0_ft_sw_enc01/encoder.pth
  frontend     excluded -- downstream builds its own; pass --route to include one
  vocab sha    596f2711269e47b2
  decoder      excluded (pretraining head)
============================================================
  EEGPT benchmark  bcic2b  fold 0  mode ft
  data     /leonardo_scratch/large/userexternal/ychen003/bio/eeg/eegpt_bench/bcic2b_f0_pretrain-v1  (preprocessing pretrain-v1)
  encoder  /leonardo_scratch/fast/IscrB_WearUsFM/yanlchen/runs/eegpt_bench/bcic2b_f0_ft_sw_enc01/encoder.pth
  output   /leonardo_scratch/fast/IscrB_WearUsFM/yanlchen/runs/eegpt_bench/bcic2b_f0_ft_sw_enc01
============================================================
2026-09-28 10:04:54,162 INFO hyper-parameters (cli > config train: > builtin):
2026-09-28 10:04:54,162 INFO     epochs           30          [config:finetune/eeg_c1_bcic2b]
2026-09-28 10:04:54,162 INFO     batch_size       64          [config:finetune/eeg_c1_bcic2b]
2026-09-28 10:04:54,162 INFO     lr               0.00025     [cli]
2026-09-28 10:04:54,162 INFO     weight_decay     0.01        [config:finetune/eeg_c1_bcic2b]
2026-09-28 10:04:54,162 INFO     warmup_epochs    5           [builtin]
2026-09-28 10:04:54,162 INFO     warmup_ratio     0.1         [config:finetune/eeg_c1_bcic2b]
2026-09-28 10:04:54,162 INFO     grad_clip        1.0         [config:finetune/eeg_c1_bcic2b]
2026-09-28 10:04:54,162 INFO     label_smoothing  0.1         [config:finetune/eeg_c1_bcic2b]
2026-09-28 10:04:54,162 INFO     min_lr_ratio     0.01        [config:finetune/eeg_c1_bcic2b]
2026-09-28 10:04:54,162 INFO     precision        bf16        [config:finetune/eeg_c1_bcic2b]
2026-09-28 10:04:54,162 INFO     select_by        auroc       [config:finetune/eeg_c1_bcic2b]
2026-09-28 10:04:54,162 INFO     patience         0           [builtin]
2026-09-28 10:04:54,162 INFO     min_delta        0.0         [builtin]
2026-09-28 10:04:54,162 INFO     encoder_lr_scale 0.1         [cli]
2026-09-28 10:04:54,162 INFO loading /leonardo_scratch/large/userexternal/ychen003/bio/eeg/eegpt_bench/bcic2b_f0_pretrain-v1 into memory on each of 1 rank(s): train.h5 0.06 GiB val.h5 0.01 GiB test.h5 0.01 GiB
2026-09-28 10:04:54,222 INFO train 5080 windows, 3 channels, 1024 samples/window
2026-09-28 10:04:54,222 INFO class counts: [2540, 2540]
2026-09-28 10:04:54,222 INFO EEG C1 downstream: 3 channels at 256.0 Hz, 1024-sample windows, 64-sample patches, route <its own frontend>
2026-09-28 10:04:54,246 INFO Building the EEG C1 downstream model with {'patch_samples': 64, 'pool': 'mean', 'head_dropout': 0.1, 'in_channels': 3, 'window_samples': 1024, 'channel_names': ['C3', 'Cz', 'C4'], 'sampling_rate': 256.0, 'num_classes': 2, 'embed_dim': 512, 'depth': 8, 'num_heads': 8, 'mlp_ratio': 4.0, 'dropout': 0.1, 'norm': 'rmsnorm', 'ffn': 'swiglu', 'qk_norm': True, 'channel_encoding': 'id', 'channel_embed_dim': 64, 'max_level': 3, 'wave_kernel_size': 16, 'wavelet_names': ['sym4', 'sym5', 'db6', 'sym8', 'db8'], 'wave_init_mode': 'pad', 'use_separate_channel': True, 'fold_synthesis': 3, 'fold_gamma': 0.1}
2026-09-28 10:04:54,249 INFO MultiHeadGate: 3 channels is not divisible by 4 heads; using 3.
2026-09-28 10:04:54,483 INFO loaded: transformer 89, channel encoder 5, gate yes, frontend 0, patcher 0 <- /leonardo_scratch/fast/IscrB_WearUsFM/yanlchen/runs/eegpt_bench/bcic2b_f0_ft_sw_enc01/encoder.pth
2026-09-28 10:04:54,624 INFO model 25.32 M parameters (25,320,148 trainable, 100.0%)
/leonardo/prod/opt/libraries/cineca-ai/4.3.0/none/cineca-ai-env/lib/python3.11/site-packages/transformers/utils/generic.py:462: UserWarning: torch.utils._pytree._register_pytree_node is deprecated. Please use torch.utils._pytree.register_pytree_node instead.
  _torch_pytree._register_pytree_node(
/leonardo/prod/opt/libraries/cineca-ai/4.3.0/none/cineca-ai-env/lib/python3.11/site-packages/transformers/utils/hub.py:124: FutureWarning: Using `TRANSFORMERS_CACHE` is deprecated and will be removed in v5 of Transformers. Use `HF_HOME` instead.
  warnings.warn(
2026-09-28 10:04:55,673 INFO encoder lr 2.50e-05 (x0.1) on 25,279,489 params; the rest at 2.50e-04
2026-09-28 10:04:55,673 INFO schedule: 80 steps/epoch, 2400 total, 240 warmup (10%), lr 2.50e-04 -> 2.50e-06
2026-09-28 10:04:55,674 INFO selection: best.pth follows val auroc; no early stop, so this runs all 30 epochs (--patience N to stop sooner)
2026-09-28 10:04:56,631 INFO epoch 0 step 0/80 (  1%) loss 0.8070 acc 0.5781 lr 2.08e-07 eta 1:15
2026-09-28 10:05:00,048 INFO epoch 0 step 50/80 ( 64%) loss 0.7454 acc 0.5061 lr 5.42e-06 eta 0:02
2026-09-28 10:05:03,219 INFO epoch   0/29  train_loss 0.7324  val_loss 0.6950  acc 0.4861  bal 0.4861  kappa -0.0278  auroc 0.4837  eta 3:38  *best
2026-09-28 10:05:03,378 INFO epoch 1 step 0/80 (  1%) loss 0.7046 acc 0.4531 lr 8.54e-06 eta 0:12
2026-09-28 10:05:06,944 INFO epoch 1 step 50/80 ( 64%) loss 0.7179 acc 0.4960 lr 1.38e-05 eta 0:02
2026-09-28 10:05:09,398 INFO epoch   1/29  train_loss 0.7196  val_loss 0.6955  acc 0.5000  bal 0.5000  kappa 0.0000  auroc 0.4705  eta 3:12
2026-09-28 10:05:09,555 INFO epoch 2 step 0/80 (  1%) loss 0.7236 acc 0.5000 lr 1.69e-05 eta 0:12
2026-09-28 10:05:13,141 INFO epoch 2 step 50/80 ( 64%) loss 0.7076 acc 0.4979 lr 2.21e-05 eta 0:02
2026-09-28 10:05:15,891 INFO epoch   2/29  train_loss 0.7089  val_loss 0.7046  acc 0.5000  bal 0.5000  kappa 0.0000  auroc 0.5119  eta 3:01  *best
2026-09-28 10:05:16,050 INFO epoch 3 step 0/80 (  1%) loss 0.7082 acc 0.5000 lr 2.50e-05 eta 0:12
2026-09-28 10:05:19,611 INFO epoch 3 step 50/80 ( 64%) loss 0.7049 acc 0.5067 lr 2.50e-05 eta 0:02
2026-09-28 10:05:22,347 INFO epoch   3/29  train_loss 0.7041  val_loss 0.7113  acc 0.5028  bal 0.5028  kappa 0.0056  auroc 0.5337  eta 2:53  *best
2026-09-28 10:05:22,503 INFO epoch 4 step 0/80 (  1%) loss 0.7226 acc 0.4844 lr 2.49e-05 eta 0:12
2026-09-28 10:05:26,063 INFO epoch 4 step 50/80 ( 64%) loss 0.6976 acc 0.5438 lr 2.48e-05 eta 0:02
2026-09-28 10:05:28,807 INFO epoch   4/29  train_loss 0.6843  val_loss 0.7635  acc 0.5542  bal 0.5542  kappa 0.1083  auroc 0.6558  eta 2:45  *best
2026-09-28 10:05:28,963 INFO epoch 5 step 0/80 (  1%) loss 0.6488 acc 0.5938 lr 2.47e-05 eta 0:12
2026-09-28 10:05:32,562 INFO epoch 5 step 50/80 ( 64%) loss 0.6011 acc 0.6991 lr 2.44e-05 eta 0:02
2026-09-28 10:05:35,329 INFO epoch   5/29  train_loss 0.5982  val_loss 0.7337  acc 0.5958  bal 0.5958  kappa 0.1917  auroc 0.6902  eta 2:38  *best
2026-09-28 10:05:35,489 INFO epoch 6 step 0/80 (  1%) loss 0.5408 acc 0.7969 lr 2.42e-05 eta 0:12
2026-09-28 10:05:39,056 INFO epoch 6 step 50/80 ( 64%) loss 0.5481 acc 0.7479 lr 2.39e-05 eta 0:02
2026-09-28 10:05:41,774 INFO epoch   6/29  train_loss 0.5471  val_loss 0.7010  acc 0.6431  bal 0.6431  kappa 0.2861  auroc 0.7252  eta 2:31  *best
2026-09-28 10:05:41,931 INFO epoch 7 step 0/80 (  1%) loss 0.5010 acc 0.7656 lr 2.37e-05 eta 0:12
2026-09-28 10:05:45,470 INFO epoch 7 step 50/80 ( 64%) loss 0.5204 acc 0.7705 lr 2.32e-05 eta 0:02
2026-09-28 10:05:48,220 INFO epoch   7/29  train_loss 0.5230  val_loss 0.8429  acc 0.6014  bal 0.6014  kappa 0.2028  auroc 0.7263  eta 2:24  *best
2026-09-28 10:05:48,377 INFO epoch 8 step 0/80 (  1%) loss 0.4436 acc 0.8750 lr 2.30e-05 eta 0:12
2026-09-28 10:05:51,925 INFO epoch 8 step 50/80 ( 64%) loss 0.4886 acc 0.7996 lr 2.24e-05 eta 0:02
2026-09-28 10:05:54,674 INFO epoch   8/29  train_loss 0.4941  val_loss 0.6729  acc 0.6528  bal 0.6528  kappa 0.3056  auroc 0.7333  eta 2:17  *best
2026-09-28 10:05:54,836 INFO epoch 9 step 0/80 (  1%) loss 0.4599 acc 0.8594 lr 2.21e-05 eta 0:12
2026-09-28 10:05:58,389 INFO epoch 9 step 50/80 ( 64%) loss 0.4713 acc 0.8195 lr 2.15e-05 eta 0:02
2026-09-28 10:06:01,193 INFO epoch   9/29  train_loss 0.4755  val_loss 0.6792  acc 0.6694  bal 0.6694  kappa 0.3389  auroc 0.7424  eta 2:11  *best
2026-09-28 10:06:01,357 INFO epoch 10 step 0/80 (  1%) loss 0.3347 acc 0.9375 lr 2.11e-05 eta 0:12
2026-09-28 10:06:04,917 INFO epoch 10 step 50/80 ( 64%) loss 0.4406 acc 0.8410 lr 2.04e-05 eta 0:02
2026-09-28 10:06:07,381 INFO epoch  10/29  train_loss 0.4348  val_loss 0.7346  acc 0.6625  bal 0.6625  kappa 0.3250  auroc 0.7359  eta 2:03
2026-09-28 10:06:07,535 INFO epoch 11 step 0/80 (  1%) loss 0.4076 acc 0.8750 lr 2.00e-05 eta 0:11
2026-09-28 10:06:11,078 INFO epoch 11 step 50/80 ( 64%) loss 0.4286 acc 0.8536 lr 1.93e-05 eta 0:02
2026-09-28 10:06:13,531 INFO epoch  11/29  train_loss 0.4183  val_loss 0.7363  acc 0.6778  bal 0.6778  kappa 0.3556  auroc 0.7400  eta 1:56
2026-09-28 10:06:13,687 INFO epoch 12 step 0/80 (  1%) loss 0.3600 acc 0.9062 lr 1.88e-05 eta 0:12
2026-09-28 10:06:17,229 INFO epoch 12 step 50/80 ( 64%) loss 0.3867 acc 0.8915 lr 1.80e-05 eta 0:02
2026-09-28 10:06:19,676 INFO epoch  12/29  train_loss 0.3843  val_loss 0.8232  acc 0.6500  bal 0.6500  kappa 0.3000  auroc 0.7336  eta 1:49
2026-09-28 10:06:19,832 INFO epoch 13 step 0/80 (  1%) loss 0.3401 acc 0.9062 lr 1.75e-05 eta 0:12
2026-09-28 10:06:23,360 INFO epoch 13 step 50/80 ( 64%) loss 0.3530 acc 0.9105 lr 1.67e-05 eta 0:02
2026-09-28 10:06:25,805 INFO epoch  13/29  train_loss 0.3532  val_loss 0.8377  acc 0.6653  bal 0.6653  kappa 0.3306  auroc 0.7263  eta 1:43
2026-09-28 10:06:25,960 INFO epoch 14 step 0/80 (  1%) loss 0.2754 acc 0.9844 lr 1.62e-05 eta 0:12
2026-09-28 10:06:29,463 INFO epoch 14 step 50/80 ( 64%) loss 0.3284 acc 0.9271 lr 1.53e-05 eta 0:02
2026-09-28 10:06:31,933 INFO epoch  14/29  train_loss 0.3303  val_loss 0.8283  acc 0.6681  bal 0.6681  kappa 0.3361  auroc 0.7269  eta 1:36
2026-09-28 10:06:32,088 INFO epoch 15 step 0/80 (  1%) loss 0.3386 acc 0.9375 lr 1.48e-05 eta 0:12
2026-09-28 10:06:35,636 INFO epoch 15 step 50/80 ( 64%) loss 0.3006 acc 0.9482 lr 1.39e-05 eta 0:02
2026-09-28 10:06:38,100 INFO epoch  15/29  train_loss 0.3054  val_loss 0.8227  acc 0.6681  bal 0.6681  kappa 0.3361  auroc 0.7258  eta 1:29
2026-09-28 10:06:38,258 INFO epoch 16 step 0/80 (  1%) loss 0.2845 acc 0.9531 lr 1.33e-05 eta 0:12
2026-09-28 10:06:41,867 INFO epoch 16 step 50/80 ( 64%) loss 0.2871 acc 0.9553 lr 1.24e-05 eta 0:02
2026-09-28 10:06:44,315 INFO epoch  16/29  train_loss 0.2913  val_loss 0.8479  acc 0.6750  bal 0.6750  kappa 0.3500  auroc 0.7250  eta 1:23
2026-09-28 10:06:44,469 INFO epoch 17 step 0/80 (  1%) loss 0.2254 acc 0.9844 lr 1.19e-05 eta 0:12
2026-09-28 10:06:47,974 INFO epoch 17 step 50/80 ( 64%) loss 0.2655 acc 0.9703 lr 1.10e-05 eta 0:02
2026-09-28 10:06:50,431 INFO epoch  17/29  train_loss 0.2674  val_loss 0.8840  acc 0.6736  bal 0.6736  kappa 0.3472  auroc 0.7208  eta 1:16
2026-09-28 10:06:50,591 INFO epoch 18 step 0/80 (  1%) loss 0.2292 acc 1.0000 lr 1.05e-05 eta 0:12
2026-09-28 10:06:54,130 INFO epoch 18 step 50/80 ( 64%) loss 0.2553 acc 0.9743 lr 9.58e-06 eta 0:02
2026-09-28 10:06:56,607 INFO epoch  18/29  train_loss 0.2565  val_loss 0.8867  acc 0.6514  bal 0.6514  kappa 0.3028  auroc 0.7170  eta 1:10
2026-09-28 10:06:56,761 INFO epoch 19 step 0/80 (  1%) loss 0.2870 acc 0.9375 lr 9.06e-06 eta 0:11
2026-09-28 10:07:00,341 INFO epoch 19 step 50/80 ( 64%) loss 0.2501 acc 0.9761 lr 8.21e-06 eta 0:02
2026-09-28 10:07:02,838 INFO epoch  19/29  train_loss 0.2542  val_loss 0.8294  acc 0.6736  bal 0.6736  kappa 0.3472  auroc 0.7177  eta 1:03
2026-09-28 10:07:02,992 INFO epoch 20 step 0/80 (  1%) loss 0.2595 acc 0.9531 lr 7.71e-06 eta 0:11
2026-09-28 10:07:06,505 INFO epoch 20 step 50/80 ( 64%) loss 0.2417 acc 0.9819 lr 6.89e-06 eta 0:02
2026-09-28 10:07:08,949 INFO epoch  20/29  train_loss 0.2407  val_loss 0.8601  acc 0.6778  bal 0.6778  kappa 0.3556  auroc 0.7112  eta 0:57
2026-09-28 10:07:09,107 INFO epoch 21 step 0/80 (  1%) loss 0.2451 acc 0.9844 lr 6.42e-06 eta 0:12
2026-09-28 10:07:12,628 INFO epoch 21 step 50/80 ( 64%) loss 0.2341 acc 0.9859 lr 5.66e-06 eta 0:02
2026-09-28 10:07:15,075 INFO epoch  21/29  train_loss 0.2330  val_loss 0.8846  acc 0.6778  bal 0.6778  kappa 0.3556  auroc 0.7012  eta 0:50
2026-09-28 10:07:15,226 INFO epoch 22 step 0/80 (  1%) loss 0.2415 acc 0.9688 lr 5.22e-06 eta 0:11
2026-09-28 10:07:18,750 INFO epoch 22 step 50/80 ( 64%) loss 0.2305 acc 0.9877 lr 4.52e-06 eta 0:02
2026-09-28 10:07:21,177 INFO epoch  22/29  train_loss 0.2299  val_loss 0.8935  acc 0.6792  bal 0.6792  kappa 0.3583  auroc 0.7026  eta 0:44
2026-09-28 10:07:21,327 INFO epoch 23 step 0/80 (  1%) loss 0.2317 acc 0.9844 lr 4.12e-06 eta 0:11
2026-09-28 10:07:24,833 INFO epoch 23 step 50/80 ( 64%) loss 0.2262 acc 0.9884 lr 3.49e-06 eta 0:02
2026-09-28 10:07:27,285 INFO epoch  23/29  train_loss 0.2264  val_loss 0.8928  acc 0.6653  bal 0.6653  kappa 0.3306  auroc 0.6940  eta 0:37
2026-09-28 10:07:27,436 INFO epoch 24 step 0/80 (  1%) loss 0.2171 acc 1.0000 lr 3.13e-06 eta 0:11
2026-09-28 10:07:30,993 INFO epoch 24 step 50/80 ( 64%) loss 0.2238 acc 0.9908 lr 2.58e-06 eta 0:02
2026-09-28 10:07:33,458 INFO epoch  24/29  train_loss 0.2247  val_loss 0.8689  acc 0.6833  bal 0.6833  kappa 0.3667  auroc 0.7039  eta 0:31
2026-09-28 10:07:33,608 INFO epoch 25 step 0/80 (  1%) loss 0.2523 acc 0.9531 lr 2.28e-06 eta 0:11
2026-09-28 10:07:37,152 INFO epoch 25 step 50/80 ( 64%) loss 0.2178 acc 0.9945 lr 1.81e-06 eta 0:02
2026-09-28 10:07:39,619 INFO epoch  25/29  train_loss 0.2189  val_loss 0.8769  acc 0.6778  bal 0.6778  kappa 0.3556  auroc 0.7025  eta 0:25
2026-09-28 10:07:39,770 INFO epoch 26 step 0/80 (  1%) loss 0.2166 acc 1.0000 lr 1.56e-06 eta 0:11
2026-09-28 10:07:43,324 INFO epoch 26 step 50/80 ( 64%) loss 0.2204 acc 0.9908 lr 1.19e-06 eta 0:02
2026-09-28 10:07:45,787 INFO epoch  26/29  train_loss 0.2190  val_loss 0.8813  acc 0.6806  bal 0.6806  kappa 0.3611  auroc 0.7012  eta 0:18
2026-09-28 10:07:45,939 INFO epoch 27 step 0/80 (  1%) loss 0.2199 acc 0.9844 lr 9.90e-07 eta 0:11
2026-09-28 10:07:49,502 INFO epoch 27 step 50/80 ( 64%) loss 0.2171 acc 0.9926 lr 7.15e-07 eta 0:02
2026-09-28 10:07:51,967 INFO epoch  27/29  train_loss 0.2169  val_loss 0.8761  acc 0.6792  bal 0.6792  kappa 0.3583  auroc 0.7016  eta 0:12
2026-09-28 10:07:52,117 INFO epoch 28 step 0/80 (  1%) loss 0.2213 acc 0.9844 lr 5.79e-07 eta 0:11
2026-09-28 10:07:55,682 INFO epoch 28 step 50/80 ( 64%) loss 0.2175 acc 0.9948 lr 4.05e-07 eta 0:02
2026-09-28 10:07:58,145 INFO epoch  28/29  train_loss 0.2169  val_loss 0.8881  acc 0.6764  bal 0.6764  kappa 0.3528  auroc 0.6972  eta 0:06
2026-09-28 10:07:58,299 INFO epoch 29 step 0/80 (  1%) loss 0.2082 acc 1.0000 lr 3.32e-07 eta 0:11
2026-09-28 10:08:01,842 INFO epoch 29 step 50/80 ( 64%) loss 0.2154 acc 0.9951 lr 2.61e-07 eta 0:02
2026-09-28 10:08:04,386 INFO epoch  29/29  train_loss 0.2147  val_loss 0.8810  acc 0.6764  bal 0.6764  kappa 0.3528  auroc 0.6994  eta 0:00
2026-09-28 10:08:04,629 INFO Loaded checkpoint: matched 177 tensors
2026-09-28 10:08:05,045 INFO TEST acc 0.6444 bal 0.6444 kappa 0.2889 wf1 0.6398 auroc 0.7299
──────────────────────────────────────────────────────────────────────────────
  bcic2b_f0_ft_sw_enc01  ·  TEST  ·  finetune/eeg_c1_bcic2b  ·  full fine-tune  ·  pretrained  ·  25,320,148 trainable
──────────────────────────────────────────────────────────────────────────────
  BalAcc   0.6444  ██████████████▏                    
  Kappa    0.2889  ██████▍                 chance 0.00
  AUROC    0.7299  ██████████▏             chance 0.50
  W-F1     0.6398  ██████████████▏                    
  acc 0.6444   loss 0.7050
──────────────────────────────────────────────────────────────────────────────
2026-09-28 10:08:05,048 INFO outputs in /leonardo_scratch/fast/IscrB_WearUsFM/yanlchen/runs/eegpt_bench/bcic2b_f0_ft_sw_enc01
Done. /leonardo_scratch/fast/IscrB_WearUsFM/yanlchen/runs/eegpt_bench/bcic2b_f0_ft_sw_enc01/results.json  (the 'test' block is the number to report)
