split /leonardo_scratch/large/userexternal/ychen003/bio/eeg/eegpt_bench/bcic2a_f0_eegpt-v1 exists
============================================================
  EEGPT benchmark  bcic2a  fold 0  mode scratch
  data     /leonardo_scratch/large/userexternal/ychen003/bio/eeg/eegpt_bench/bcic2a_f0_eegpt-v1  (preprocessing eegpt-v1)
  encoder  <none: random initialisation>
  output   /leonardo_scratch/fast/IscrB_WearUsFM/yanlchen/runs/eegpt_bench/bcic2a_f0_scratch_eegptprep
============================================================
2026-09-28 07:43:30,424 INFO hyper-parameters (cli > config train: > builtin):
2026-09-28 07:43:30,424 INFO     epochs           30          [config:finetune/eeg_c1_bcic2a]
2026-09-28 07:43:30,424 INFO     batch_size       64          [config:finetune/eeg_c1_bcic2a]
2026-09-28 07:43:30,424 INFO     lr               0.00025     [config:finetune/eeg_c1_bcic2a]
2026-09-28 07:43:30,424 INFO     weight_decay     0.01        [config:finetune/eeg_c1_bcic2a]
2026-09-28 07:43:30,424 INFO     warmup_epochs    5           [builtin]
2026-09-28 07:43:30,424 INFO     warmup_ratio     0.1         [config:finetune/eeg_c1_bcic2a]
2026-09-28 07:43:30,424 INFO     grad_clip        1.0         [config:finetune/eeg_c1_bcic2a]
2026-09-28 07:43:30,424 INFO     label_smoothing  0.1         [config:finetune/eeg_c1_bcic2a]
2026-09-28 07:43:30,424 INFO     min_lr_ratio     0.01        [config:finetune/eeg_c1_bcic2a]
2026-09-28 07:43:30,424 INFO     precision        bf16        [config:finetune/eeg_c1_bcic2a]
2026-09-28 07:43:30,424 INFO     select_by        kappa       [config:finetune/eeg_c1_bcic2a]
2026-09-28 07:43:30,424 INFO     patience         0           [builtin]
2026-09-28 07:43:30,424 INFO     min_delta        0.0         [builtin]
2026-09-28 07:43:30,424 INFO loading /leonardo_scratch/large/userexternal/ychen003/bio/eeg/eegpt_bench/bcic2a_f0_eegpt-v1 into memory on each of 1 rank(s): train.h5 0.34 GiB val.h5 0.05 GiB test.h5 0.05 GiB
2026-09-28 07:43:30,674 INFO train 4032 windows, 22 channels, 1024 samples/window
2026-09-28 07:43:30,674 INFO class counts: [1008, 1008, 1008, 1008]
2026-09-28 07:43:30,674 INFO EEG C1 downstream: 22 channels at 256.0 Hz, 1024-sample windows, 64-sample patches, route <its own frontend>
2026-09-28 07:43:31,809 INFO Building the EEG C1 downstream model with {'patch_samples': 64, 'pool': 'mean', 'head_dropout': 0.1, 'in_channels': 22, 'window_samples': 1024, 'channel_names': ['Fz', 'FC3', 'FC1', 'FCz', 'FC2', 'FC4', 'C5', 'C3', 'C1', 'Cz', 'C2', 'C4', 'C6', 'CP3', 'CP1', 'CPz', 'CP2', 'CP4', 'P1', 'Pz', 'P2', 'POz'], 'sampling_rate': 256.0, 'num_classes': 4, 'embed_dim': 512, 'depth': 8, 'num_heads': 8, 'mlp_ratio': 4.0, 'dropout': 0.1, 'norm': 'rmsnorm', 'ffn': 'swiglu', 'qk_norm': True, 'channel_encoding': 'id', 'channel_embed_dim': 64, 'max_level': 3, 'wave_kernel_size': 16, 'wavelet_names': ['sym4', 'sym5', 'db6', 'sym8', 'db8'], 'wave_init_mode': 'pad', 'use_separate_channel': True, 'fold_synthesis': 3, 'fold_gamma': 0.1}
2026-09-28 07:43:31,835 INFO MultiHeadGate: 22 channels is not divisible by 4 heads; using 2.
2026-09-28 07:43:31,973 INFO EEG C1 downstream: NO pretrained weights (the from-scratch control)
2026-09-28 07:43:32,138 INFO model 25.40 M parameters (25,403,026 trainable, 100.0%)
/leonardo/prod/opt/libraries/cineca-ai/4.3.0/none/cineca-ai-env/lib/python3.11/site-packages/transformers/utils/generic.py:462: UserWarning: torch.utils._pytree._register_pytree_node is deprecated. Please use torch.utils._pytree.register_pytree_node instead.
  _torch_pytree._register_pytree_node(
/leonardo/prod/opt/libraries/cineca-ai/4.3.0/none/cineca-ai-env/lib/python3.11/site-packages/transformers/utils/hub.py:124: FutureWarning: Using `TRANSFORMERS_CACHE` is deprecated and will be removed in v5 of Transformers. Use `HF_HOME` instead.
  warnings.warn(
2026-09-28 07:43:51,937 INFO schedule: 63 steps/epoch, 1890 total, 189 warmup (10%), lr 2.50e-04 -> 2.50e-06
2026-09-28 07:43:51,938 INFO selection: best.pth follows val kappa; no early stop, so this runs all 30 epochs (--patience N to stop sooner)
2026-09-28 07:43:55,127 INFO epoch 0 step 0/63 (  2%) loss 1.5458 acc 0.2344 lr 2.65e-06 eta 3:17
2026-09-28 07:44:03,204 INFO epoch 0 step 50/63 ( 81%) loss 1.4397 acc 0.2433 lr 6.88e-05 eta 0:02
2026-09-28 07:44:09,421 INFO epoch   0/29  train_loss 1.4444  val_loss 1.4062  acc 0.2500  bal 0.2500  kappa 0.0000  auroc 0.5364  eta 8:27  *best
2026-09-28 07:44:09,679 INFO epoch 1 step 0/63 (  2%) loss 1.3974 acc 0.2188 lr 8.60e-05 eta 0:15
2026-09-28 07:44:17,756 INFO epoch 1 step 50/63 ( 81%) loss 1.4284 acc 0.2436 lr 1.52e-04 eta 0:01
2026-09-28 07:44:20,288 INFO epoch   1/29  train_loss 1.4301  val_loss 1.3979  acc 0.2500  bal 0.2500  kappa 0.0000  auroc 0.5035  eta 6:36
2026-09-28 07:44:20,542 INFO epoch 2 step 0/63 (  2%) loss 1.3979 acc 0.2344 lr 1.69e-04 eta 0:15
2026-09-28 07:44:28,617 INFO epoch 2 step 50/63 ( 81%) loss 1.4225 acc 0.2543 lr 2.35e-04 eta 0:01
2026-09-28 07:44:31,153 INFO epoch   2/29  train_loss 1.4222  val_loss 1.3912  acc 0.2500  bal 0.2500  kappa 0.0000  auroc 0.5204  eta 5:52
2026-09-28 07:44:31,406 INFO epoch 3 step 0/63 (  2%) loss 1.3801 acc 0.3750 lr 2.50e-04 eta 0:15
2026-09-28 07:44:39,482 INFO epoch 3 step 50/63 ( 81%) loss 1.4155 acc 0.2574 lr 2.49e-04 eta 0:01
2026-09-28 07:44:42,015 INFO epoch   3/29  train_loss 1.4140  val_loss 1.3984  acc 0.2500  bal 0.2500  kappa 0.0000  auroc 0.5124  eta 5:25
2026-09-28 07:44:42,269 INFO epoch 4 step 0/63 (  2%) loss 1.4153 acc 0.2656 lr 2.49e-04 eta 0:15
2026-09-28 07:44:50,354 INFO epoch 4 step 50/63 ( 81%) loss 1.4052 acc 0.2417 lr 2.47e-04 eta 0:01
2026-09-28 07:44:52,891 INFO epoch   4/29  train_loss 1.4055  val_loss 1.4134  acc 0.2500  bal 0.2500  kappa 0.0000  auroc 0.5120  eta 5:04
2026-09-28 07:44:53,145 INFO epoch 5 step 0/63 (  2%) loss 1.4140 acc 0.2500 lr 2.47e-04 eta 0:15
2026-09-28 07:45:01,224 INFO epoch 5 step 50/63 ( 81%) loss 1.4109 acc 0.2411 lr 2.43e-04 eta 0:01
2026-09-28 07:45:03,758 INFO epoch   5/29  train_loss 1.4087  val_loss 1.4025  acc 0.2500  bal 0.2500  kappa 0.0000  auroc 0.5647  eta 4:47
2026-09-28 07:45:04,013 INFO epoch 6 step 0/63 (  2%) loss 1.3871 acc 0.2656 lr 2.42e-04 eta 0:15
2026-09-28 07:45:12,093 INFO epoch 6 step 50/63 ( 81%) loss 1.3974 acc 0.2570 lr 2.38e-04 eta 0:01
2026-09-28 07:45:14,624 INFO epoch   6/29  train_loss 1.3977  val_loss 1.4141  acc 0.2500  bal 0.2500  kappa 0.0000  auroc 0.5213  eta 4:31
2026-09-28 07:45:14,880 INFO epoch 7 step 0/63 (  2%) loss 1.4077 acc 0.2500 lr 2.37e-04 eta 0:15
2026-09-28 07:45:22,959 INFO epoch 7 step 50/63 ( 81%) loss 1.4025 acc 0.2525 lr 2.31e-04 eta 0:01
2026-09-28 07:45:25,495 INFO epoch   7/29  train_loss 1.3991  val_loss 1.3944  acc 0.2500  bal 0.2500  kappa 0.0000  auroc 0.5882  eta 4:17
2026-09-28 07:45:25,749 INFO epoch 8 step 0/63 (  2%) loss 1.3884 acc 0.2969 lr 2.30e-04 eta 0:15
2026-09-28 07:45:33,827 INFO epoch 8 step 50/63 ( 81%) loss 1.3993 acc 0.2485 lr 2.23e-04 eta 0:01
2026-09-28 07:45:36,357 INFO epoch   8/29  train_loss 1.3984  val_loss 1.3944  acc 0.2500  bal 0.2500  kappa 0.0000  auroc 0.6576  eta 4:03
2026-09-28 07:45:36,604 INFO epoch 9 step 0/63 (  2%) loss 1.3980 acc 0.2969 lr 2.21e-04 eta 0:15
2026-09-28 07:45:44,679 INFO epoch 9 step 50/63 ( 81%) loss 1.3898 acc 0.2672 lr 2.13e-04 eta 0:01
2026-09-28 07:45:47,499 INFO epoch   9/29  train_loss 1.3830  val_loss 1.3253  acc 0.3646  bal 0.3646  kappa 0.1528  auroc 0.6118  eta 3:51  *best
2026-09-28 07:45:47,758 INFO epoch 10 step 0/63 (  2%) loss 1.3483 acc 0.3281 lr 2.11e-04 eta 0:15
2026-09-28 07:45:55,851 INFO epoch 10 step 50/63 ( 81%) loss 1.3173 acc 0.3903 lr 2.02e-04 eta 0:01
2026-09-28 07:45:58,384 INFO epoch  10/29  train_loss 1.3170  val_loss 1.3244  acc 0.3524  bal 0.3524  kappa 0.1366  auroc 0.6180  eta 3:38
2026-09-28 07:45:58,641 INFO epoch 11 step 0/63 (  2%) loss 1.2761 acc 0.3906 lr 2.00e-04 eta 0:15
2026-09-28 07:46:06,719 INFO epoch 11 step 50/63 ( 81%) loss 1.3024 acc 0.3894 lr 1.90e-04 eta 0:01
2026-09-28 07:46:09,560 INFO epoch  11/29  train_loss 1.3050  val_loss 1.3186  acc 0.3819  bal 0.3819  kappa 0.1759  auroc 0.6298  eta 3:26  *best
2026-09-28 07:46:09,816 INFO epoch 12 step 0/63 (  2%) loss 1.2869 acc 0.4062 lr 1.88e-04 eta 0:15
2026-09-28 07:46:17,890 INFO epoch 12 step 50/63 ( 81%) loss 1.2922 acc 0.3958 lr 1.78e-04 eta 0:01
2026-09-28 07:46:20,714 INFO epoch  12/29  train_loss 1.2892  val_loss 1.3231  acc 0.3854  bal 0.3854  kappa 0.1806  auroc 0.6204  eta 3:14  *best
2026-09-28 07:46:20,968 INFO epoch 13 step 0/63 (  2%) loss 1.2043 acc 0.4531 lr 1.75e-04 eta 0:15
2026-09-28 07:46:29,047 INFO epoch 13 step 50/63 ( 81%) loss 1.2914 acc 0.3961 lr 1.64e-04 eta 0:01
2026-09-28 07:46:31,579 INFO epoch  13/29  train_loss 1.2865  val_loss 1.3191  acc 0.3594  bal 0.3594  kappa 0.1458  auroc 0.6176  eta 3:02
2026-09-28 07:46:31,827 INFO epoch 14 step 0/63 (  2%) loss 1.2255 acc 0.4531 lr 1.62e-04 eta 0:15
2026-09-28 07:46:39,904 INFO epoch 14 step 50/63 ( 81%) loss 1.2682 acc 0.4182 lr 1.50e-04 eta 0:01
2026-09-28 07:46:42,439 INFO epoch  14/29  train_loss 1.2649  val_loss 1.3771  acc 0.3837  bal 0.3837  kappa 0.1782  auroc 0.6347  eta 2:50
2026-09-28 07:46:42,690 INFO epoch 15 step 0/63 (  2%) loss 1.3315 acc 0.2969 lr 1.48e-04 eta 0:15
2026-09-28 07:46:50,768 INFO epoch 15 step 50/63 ( 81%) loss 1.2588 acc 0.4130 lr 1.36e-04 eta 0:01
2026-09-28 07:46:53,304 INFO epoch  15/29  train_loss 1.2547  val_loss 1.3714  acc 0.3715  bal 0.3715  kappa 0.1620  auroc 0.6258  eta 2:38
2026-09-28 07:46:53,554 INFO epoch 16 step 0/63 (  2%) loss 1.2279 acc 0.4219 lr 1.33e-04 eta 0:15
2026-09-28 07:47:01,630 INFO epoch 16 step 50/63 ( 81%) loss 1.2502 acc 0.4139 lr 1.22e-04 eta 0:01
2026-09-28 07:47:04,162 INFO epoch  16/29  train_loss 1.2521  val_loss 1.3731  acc 0.3420  bal 0.3420  kappa 0.1227  auroc 0.6365  eta 2:26
2026-09-28 07:47:04,412 INFO epoch 17 step 0/63 (  2%) loss 1.3430 acc 0.3281 lr 1.19e-04 eta 0:15
2026-09-28 07:47:12,488 INFO epoch 17 step 50/63 ( 81%) loss 1.2394 acc 0.4381 lr 1.07e-04 eta 0:01
2026-09-28 07:47:15,020 INFO epoch  17/29  train_loss 1.2395  val_loss 1.3359  acc 0.3663  bal 0.3663  kappa 0.1551  auroc 0.6402  eta 2:15
2026-09-28 07:47:15,272 INFO epoch 18 step 0/63 (  2%) loss 1.1892 acc 0.4688 lr 1.05e-04 eta 0:15
2026-09-28 07:47:23,347 INFO epoch 18 step 50/63 ( 81%) loss 1.2255 acc 0.4445 lr 9.34e-05 eta 0:01
2026-09-28 07:47:25,879 INFO epoch  18/29  train_loss 1.2302  val_loss 1.3314  acc 0.3628  bal 0.3628  kappa 0.1505  auroc 0.6529  eta 2:03
2026-09-28 07:47:26,137 INFO epoch 19 step 0/63 (  2%) loss 1.2345 acc 0.4688 lr 9.05e-05 eta 0:15
2026-09-28 07:47:34,207 INFO epoch 19 step 50/63 ( 81%) loss 1.2201 acc 0.4534 lr 7.98e-05 eta 0:01
2026-09-28 07:47:36,736 INFO epoch  19/29  train_loss 1.2192  val_loss 1.4577  acc 0.3455  bal 0.3455  kappa 0.1273  auroc 0.6468  eta 1:52
2026-09-28 07:47:36,988 INFO epoch 20 step 0/63 (  2%) loss 1.1387 acc 0.5000 lr 7.70e-05 eta 0:15
2026-09-28 07:47:45,055 INFO epoch 20 step 50/63 ( 81%) loss 1.2082 acc 0.4562 lr 6.68e-05 eta 0:01
2026-09-28 07:47:47,923 INFO epoch  20/29  train_loss 1.2099  val_loss 1.3033  acc 0.4253  bal 0.4253  kappa 0.2338  auroc 0.6620  eta 1:41  *best
2026-09-28 07:47:48,179 INFO epoch 21 step 0/63 (  2%) loss 1.2371 acc 0.4531 lr 6.42e-05 eta 0:15
2026-09-28 07:47:56,248 INFO epoch 21 step 50/63 ( 81%) loss 1.2036 acc 0.4813 lr 5.46e-05 eta 0:01
2026-09-28 07:47:58,771 INFO epoch  21/29  train_loss 1.2068  val_loss 1.3070  acc 0.3976  bal 0.3976  kappa 0.1968  auroc 0.6706  eta 1:29
2026-09-28 07:47:59,021 INFO epoch 22 step 0/63 (  2%) loss 1.1949 acc 0.4844 lr 5.22e-05 eta 0:15
2026-09-28 07:48:07,099 INFO epoch 22 step 50/63 ( 81%) loss 1.1914 acc 0.4740 lr 4.33e-05 eta 0:01
2026-09-28 07:48:09,628 INFO epoch  22/29  train_loss 1.1914  val_loss 1.3755  acc 0.3941  bal 0.3941  kappa 0.1921  auroc 0.6609  eta 1:18
2026-09-28 07:48:09,878 INFO epoch 23 step 0/63 (  2%) loss 1.2006 acc 0.4531 lr 4.12e-05 eta 0:15
2026-09-28 07:48:17,944 INFO epoch 23 step 50/63 ( 81%) loss 1.1925 acc 0.4770 lr 3.32e-05 eta 0:01
2026-09-28 07:48:20,473 INFO epoch  23/29  train_loss 1.1884  val_loss 1.4271  acc 0.3698  bal 0.3698  kappa 0.1597  auroc 0.6529  eta 1:07
2026-09-28 07:48:20,722 INFO epoch 24 step 0/63 (  2%) loss 1.1696 acc 0.5625 lr 3.13e-05 eta 0:15
2026-09-28 07:48:28,867 INFO epoch 24 step 50/63 ( 81%) loss 1.1728 acc 0.4865 lr 2.44e-05 eta 0:01
2026-09-28 07:48:31,393 INFO epoch  24/29  train_loss 1.1750  val_loss 1.4605  acc 0.3698  bal 0.3698  kappa 0.1597  auroc 0.6493  eta 0:55
2026-09-28 07:48:31,643 INFO epoch 25 step 0/63 (  2%) loss 1.1771 acc 0.4531 lr 2.27e-05 eta 0:15
2026-09-28 07:48:39,724 INFO epoch 25 step 50/63 ( 81%) loss 1.1757 acc 0.4819 lr 1.69e-05 eta 0:01
2026-09-28 07:48:42,253 INFO epoch  25/29  train_loss 1.1715  val_loss 1.4517  acc 0.3628  bal 0.3628  kappa 0.1505  auroc 0.6521  eta 0:44
2026-09-28 07:48:42,502 INFO epoch 26 step 0/63 (  2%) loss 1.1836 acc 0.4531 lr 1.56e-05 eta 0:15
2026-09-28 07:48:50,580 INFO epoch 26 step 50/63 ( 81%) loss 1.1613 acc 0.4926 lr 1.09e-05 eta 0:01
2026-09-28 07:48:53,109 INFO epoch  26/29  train_loss 1.1642  val_loss 1.3878  acc 0.4045  bal 0.4045  kappa 0.2060  auroc 0.6572  eta 0:33
2026-09-28 07:48:53,358 INFO epoch 27 step 0/63 (  2%) loss 1.1576 acc 0.5000 lr 9.89e-06 eta 0:15
2026-09-28 07:49:01,436 INFO epoch 27 step 50/63 ( 81%) loss 1.1591 acc 0.4939 lr 6.50e-06 eta 0:01
2026-09-28 07:49:03,967 INFO epoch  27/29  train_loss 1.1607  val_loss 1.4454  acc 0.3872  bal 0.3872  kappa 0.1829  auroc 0.6528  eta 0:22
2026-09-28 07:49:04,219 INFO epoch 28 step 0/63 (  2%) loss 1.1123 acc 0.4844 lr 5.78e-06 eta 0:15
2026-09-28 07:49:12,300 INFO epoch 28 step 50/63 ( 81%) loss 1.1530 acc 0.4972 lr 3.69e-06 eta 0:01
2026-09-28 07:49:14,828 INFO epoch  28/29  train_loss 1.1581  val_loss 1.4449  acc 0.3906  bal 0.3906  kappa 0.1875  auroc 0.6532  eta 0:11
2026-09-28 07:49:15,077 INFO epoch 29 step 0/63 (  2%) loss 1.1902 acc 0.4531 lr 3.31e-06 eta 0:15
2026-09-28 07:49:23,163 INFO epoch 29 step 50/63 ( 81%) loss 1.1580 acc 0.4954 lr 2.53e-06 eta 0:01
2026-09-28 07:49:25,698 INFO epoch  29/29  train_loss 1.1573  val_loss 1.4453  acc 0.3924  bal 0.3924  kappa 0.1898  auroc 0.6532  eta 0:00
2026-09-28 07:49:25,931 INFO Loaded checkpoint: matched 177 tensors
2026-09-28 07:49:26,511 INFO TEST acc 0.3438 bal 0.3438 kappa 0.1250 wf1 0.2989 auroc 0.6360
──────────────────────────────────────────────────────────────────────────────
  bcic2a_f0_scratch_eegptprep  ·  TEST  ·  finetune/eeg_c1_bcic2a  ·  full fine-tune  ·  from scratch  ·  25,403,026 trainable
──────────────────────────────────────────────────────────────────────────────
  BalAcc   0.3438  ███████▌                           
  Kappa    0.1250  ██▊                     chance 0.00
  AUROC    0.6360  ██████                  chance 0.50
  W-F1     0.2989  ██████▋                            
  acc 0.3438   loss 1.3774
──────────────────────────────────────────────────────────────────────────────
2026-09-28 07:49:26,517 INFO outputs in /leonardo_scratch/fast/IscrB_WearUsFM/yanlchen/runs/eegpt_bench/bcic2a_f0_scratch_eegptprep
Done. /leonardo_scratch/fast/IscrB_WearUsFM/yanlchen/runs/eegpt_bench/bcic2a_f0_scratch_eegptprep/results.json  (the 'test' block is the number to report)
