split /leonardo_scratch/large/userexternal/ychen003/bio/eeg/eegpt_bench/bcic2a_f0_pretrain-v1 exists
============================================================
  EEGPT benchmark  bcic2a  fold 0  mode scratch
  data     /leonardo_scratch/large/userexternal/ychen003/bio/eeg/eegpt_bench/bcic2a_f0_pretrain-v1  (preprocessing pretrain-v1)
  encoder  <none: random initialisation>
  output   /leonardo_scratch/fast/IscrB_WearUsFM/yanlchen/runs/eegpt_bench/bcic2a_f0_scratch_sw_reg
============================================================
2026-09-28 10:12:50,452 INFO hyper-parameters (cli > config train: > builtin):
2026-09-28 10:12:50,452 INFO     epochs           30          [config:finetune/eeg_c1_bcic2a]
2026-09-28 10:12:50,452 INFO     batch_size       64          [config:finetune/eeg_c1_bcic2a]
2026-09-28 10:12:50,452 INFO     lr               0.0001      [cli]
2026-09-28 10:12:50,452 INFO     weight_decay     0.05        [cli]
2026-09-28 10:12:50,452 INFO     warmup_epochs    5           [builtin]
2026-09-28 10:12:50,452 INFO     warmup_ratio     0.1         [config:finetune/eeg_c1_bcic2a]
2026-09-28 10:12:50,452 INFO     grad_clip        1.0         [config:finetune/eeg_c1_bcic2a]
2026-09-28 10:12:50,452 INFO     label_smoothing  0.1         [config:finetune/eeg_c1_bcic2a]
2026-09-28 10:12:50,452 INFO     min_lr_ratio     0.01        [config:finetune/eeg_c1_bcic2a]
2026-09-28 10:12:50,452 INFO     precision        bf16        [config:finetune/eeg_c1_bcic2a]
2026-09-28 10:12:50,452 INFO     select_by        kappa       [config:finetune/eeg_c1_bcic2a]
2026-09-28 10:12:50,452 INFO     patience         0           [builtin]
2026-09-28 10:12:50,452 INFO     min_delta        0.0         [builtin]
2026-09-28 10:12:50,452 INFO     encoder_lr_scale 1.0         [builtin]
2026-09-28 10:12:50,452 INFO loading /leonardo_scratch/large/userexternal/ychen003/bio/eeg/eegpt_bench/bcic2a_f0_pretrain-v1 into memory on each of 1 rank(s): train.h5 0.34 GiB val.h5 0.05 GiB test.h5 0.05 GiB
2026-09-28 10:12:50,692 INFO train 4032 windows, 22 channels, 1024 samples/window
2026-09-28 10:12:50,693 INFO class counts: [1008, 1008, 1008, 1008]
2026-09-28 10:12:50,693 INFO EEG C1 downstream: 22 channels at 256.0 Hz, 1024-sample windows, 64-sample patches, route <its own frontend>
2026-09-28 10:12:50,718 INFO Building the EEG C1 downstream model with {'patch_samples': 64, 'pool': 'mean', 'head_dropout': 0.3, 'in_channels': 22, 'window_samples': 1024, 'channel_names': ['Fz', 'FC3', 'FC1', 'FCz', 'FC2', 'FC4', 'C5', 'C3', 'C1', 'Cz', 'C2', 'C4', 'C6', 'CP3', 'CP1', 'CPz', 'CP2', 'CP4', 'P1', 'Pz', 'P2', 'POz'], 'sampling_rate': 256.0, 'num_classes': 4, 'embed_dim': 512, 'depth': 8, 'num_heads': 8, 'mlp_ratio': 4.0, 'dropout': 0.3, 'norm': 'rmsnorm', 'ffn': 'swiglu', 'qk_norm': True, 'channel_encoding': 'id', 'channel_embed_dim': 64, 'max_level': 3, 'wave_kernel_size': 16, 'wavelet_names': ['sym4', 'sym5', 'db6', 'sym8', 'db8'], 'wave_init_mode': 'pad', 'use_separate_channel': True, 'fold_synthesis': 3, 'fold_gamma': 0.1}
2026-09-28 10:12:50,723 INFO MultiHeadGate: 22 channels is not divisible by 4 heads; using 2.
2026-09-28 10:12:50,868 INFO EEG C1 downstream: NO pretrained weights (the from-scratch control)
2026-09-28 10:12:51,002 INFO model 25.40 M parameters (25,403,026 trainable, 100.0%)
/leonardo/prod/opt/libraries/cineca-ai/4.3.0/none/cineca-ai-env/lib/python3.11/site-packages/transformers/utils/generic.py:462: UserWarning: torch.utils._pytree._register_pytree_node is deprecated. Please use torch.utils._pytree.register_pytree_node instead.
  _torch_pytree._register_pytree_node(
/leonardo/prod/opt/libraries/cineca-ai/4.3.0/none/cineca-ai-env/lib/python3.11/site-packages/transformers/utils/hub.py:124: FutureWarning: Using `TRANSFORMERS_CACHE` is deprecated and will be removed in v5 of Transformers. Use `HF_HOME` instead.
  warnings.warn(
2026-09-28 10:12:52,157 INFO schedule: 63 steps/epoch, 1890 total, 189 warmup (10%), lr 1.00e-04 -> 1.00e-06
2026-09-28 10:12:52,157 INFO selection: best.pth follows val kappa; no early stop, so this runs all 30 epochs (--patience N to stop sooner)
2026-09-28 10:12:53,221 INFO epoch 0 step 0/63 (  2%) loss 1.7532 acc 0.2969 lr 1.06e-06 eta 1:05
2026-09-28 10:13:01,336 INFO epoch 0 step 50/63 ( 81%) loss 1.4888 acc 0.2396 lr 2.75e-05 eta 0:02
2026-09-28 10:13:04,740 INFO epoch   0/29  train_loss 1.4759  val_loss 1.4052  acc 0.2500  bal 0.2500  kappa 0.0000  auroc 0.5494  eta 6:04  *best
2026-09-28 10:13:05,007 INFO epoch 1 step 0/63 (  2%) loss 1.3930 acc 0.3750 lr 3.44e-05 eta 0:16
2026-09-28 10:13:13,131 INFO epoch 1 step 50/63 ( 81%) loss 1.4416 acc 0.2518 lr 6.08e-05 eta 0:01
2026-09-28 10:13:15,999 INFO epoch   1/29  train_loss 1.4425  val_loss 1.3892  acc 0.2708  bal 0.2708  kappa 0.0278  auroc 0.5873  eta 5:33  *best
2026-09-28 10:13:16,278 INFO epoch 2 step 0/63 (  2%) loss 1.3982 acc 0.2656 lr 6.77e-05 eta 0:17
2026-09-28 10:13:24,384 INFO epoch 2 step 50/63 ( 81%) loss 1.4356 acc 0.2699 lr 9.42e-05 eta 0:01
2026-09-28 10:13:26,952 INFO epoch   2/29  train_loss 1.4399  val_loss 1.3952  acc 0.2656  bal 0.2656  kappa 0.0208  auroc 0.6304  eta 5:13
2026-09-28 10:13:27,218 INFO epoch 3 step 0/63 (  2%) loss 1.4314 acc 0.2969 lr 1.00e-04 eta 0:16
2026-09-28 10:13:35,316 INFO epoch 3 step 50/63 ( 81%) loss 1.4101 acc 0.2960 lr 9.98e-05 eta 0:01
2026-09-28 10:13:38,180 INFO epoch   3/29  train_loss 1.4046  val_loss 1.3642  acc 0.3073  bal 0.3073  kappa 0.0764  auroc 0.6393  eta 4:59  *best
2026-09-28 10:13:38,445 INFO epoch 4 step 0/63 (  2%) loss 1.2968 acc 0.4062 lr 9.97e-05 eta 0:16
2026-09-28 10:13:46,538 INFO epoch 4 step 50/63 ( 81%) loss 1.3690 acc 0.3315 lr 9.89e-05 eta 0:01
2026-09-28 10:13:49,410 INFO epoch   4/29  train_loss 1.3613  val_loss 1.4934  acc 0.3194  bal 0.3194  kappa 0.0926  auroc 0.6449  eta 4:46  *best
2026-09-28 10:13:49,673 INFO epoch 5 step 0/63 (  2%) loss 1.3224 acc 0.4062 lr 9.86e-05 eta 0:16
2026-09-28 10:13:57,770 INFO epoch 5 step 50/63 ( 81%) loss 1.3279 acc 0.3738 lr 9.74e-05 eta 0:01
2026-09-28 10:14:00,634 INFO epoch   5/29  train_loss 1.3261  val_loss 1.3183  acc 0.3785  bal 0.3785  kappa 0.1713  auroc 0.6597  eta 4:33  *best
2026-09-28 10:14:00,901 INFO epoch 6 step 0/63 (  2%) loss 1.3147 acc 0.3438 lr 9.70e-05 eta 0:16
2026-09-28 10:14:08,997 INFO epoch 6 step 50/63 ( 81%) loss 1.2748 acc 0.4139 lr 9.52e-05 eta 0:01
2026-09-28 10:14:11,564 INFO epoch   6/29  train_loss 1.2753  val_loss 1.3469  acc 0.3733  bal 0.3733  kappa 0.1644  auroc 0.6548  eta 4:20
2026-09-28 10:14:11,824 INFO epoch 7 step 0/63 (  2%) loss 1.2411 acc 0.4531 lr 9.47e-05 eta 0:16
2026-09-28 10:14:19,918 INFO epoch 7 step 50/63 ( 81%) loss 1.2552 acc 0.4445 lr 9.24e-05 eta 0:01
2026-09-28 10:14:22,815 INFO epoch   7/29  train_loss 1.2560  val_loss 1.3427  acc 0.3802  bal 0.3802  kappa 0.1736  auroc 0.6489  eta 4:09  *best
2026-09-28 10:14:23,086 INFO epoch 8 step 0/63 (  2%) loss 1.1315 acc 0.5625 lr 9.18e-05 eta 0:16
2026-09-28 10:14:31,195 INFO epoch 8 step 50/63 ( 81%) loss 1.2029 acc 0.4718 lr 8.91e-05 eta 0:01
2026-09-28 10:14:33,769 INFO epoch   8/29  train_loss 1.1974  val_loss 1.3743  acc 0.3750  bal 0.3750  kappa 0.1667  auroc 0.6469  eta 3:57
2026-09-28 10:14:34,034 INFO epoch 9 step 0/63 (  2%) loss 1.1544 acc 0.4375 lr 8.84e-05 eta 0:16
2026-09-28 10:14:42,135 INFO epoch 9 step 50/63 ( 81%) loss 1.1572 acc 0.5175 lr 8.53e-05 eta 0:01
2026-09-28 10:14:45,011 INFO epoch   9/29  train_loss 1.1617  val_loss 1.3772  acc 0.3941  bal 0.3941  kappa 0.1921  auroc 0.6432  eta 3:45  *best
2026-09-28 10:14:45,280 INFO epoch 10 step 0/63 (  2%) loss 1.0524 acc 0.5938 lr 8.44e-05 eta 0:16
2026-09-28 10:14:53,381 INFO epoch 10 step 50/63 ( 81%) loss 1.1022 acc 0.5527 lr 8.09e-05 eta 0:01
2026-09-28 10:14:55,957 INFO epoch  10/29  train_loss 1.1058  val_loss 1.5681  acc 0.3524  bal 0.3524  kappa 0.1366  auroc 0.6281  eta 3:33
2026-09-28 10:14:56,215 INFO epoch 11 step 0/63 (  2%) loss 1.0621 acc 0.5469 lr 8.00e-05 eta 0:15
2026-09-28 10:15:04,312 INFO epoch 11 step 50/63 ( 81%) loss 1.0355 acc 0.5953 lr 7.62e-05 eta 0:01
2026-09-28 10:15:06,878 INFO epoch  11/29  train_loss 1.0429  val_loss 1.5934  acc 0.3490  bal 0.3490  kappa 0.1319  auroc 0.6328  eta 3:22
2026-09-28 10:15:07,149 INFO epoch 12 step 0/63 (  2%) loss 0.9458 acc 0.6875 lr 7.52e-05 eta 0:16
2026-09-28 10:15:15,256 INFO epoch 12 step 50/63 ( 81%) loss 0.9706 acc 0.6419 lr 7.11e-05 eta 0:01
2026-09-28 10:15:17,821 INFO epoch  12/29  train_loss 0.9695  val_loss 1.7890  acc 0.3559  bal 0.3559  kappa 0.1412  auroc 0.6232  eta 3:10
2026-09-28 10:15:18,089 INFO epoch 13 step 0/63 (  2%) loss 0.8043 acc 0.7500 lr 7.00e-05 eta 0:16
2026-09-28 10:15:26,193 INFO epoch 13 step 50/63 ( 81%) loss 0.8772 acc 0.7074 lr 6.57e-05 eta 0:01
2026-09-28 10:15:28,763 INFO epoch  13/29  train_loss 0.8803  val_loss 1.9445  acc 0.3628  bal 0.3628  kappa 0.1505  auroc 0.6224  eta 2:58
2026-09-28 10:15:29,033 INFO epoch 14 step 0/63 (  2%) loss 0.7308 acc 0.7500 lr 6.46e-05 eta 0:16
2026-09-28 10:15:37,141 INFO epoch 14 step 50/63 ( 81%) loss 0.7939 acc 0.7546 lr 6.02e-05 eta 0:01
2026-09-28 10:15:39,700 INFO epoch  14/29  train_loss 0.7969  val_loss 2.1956  acc 0.3715  bal 0.3715  kappa 0.1620  auroc 0.6190  eta 2:47
2026-09-28 10:15:39,971 INFO epoch 15 step 0/63 (  2%) loss 0.6350 acc 0.8281 lr 5.90e-05 eta 0:16
2026-09-28 10:15:48,086 INFO epoch 15 step 50/63 ( 81%) loss 0.7080 acc 0.8140 lr 5.45e-05 eta 0:01
2026-09-28 10:15:50,650 INFO epoch  15/29  train_loss 0.7146  val_loss 2.1462  acc 0.3507  bal 0.3507  kappa 0.1343  auroc 0.5954  eta 2:36
2026-09-28 10:15:50,915 INFO epoch 16 step 0/63 (  2%) loss 0.5862 acc 0.9062 lr 5.33e-05 eta 0:16
2026-09-28 10:15:59,052 INFO epoch 16 step 50/63 ( 81%) loss 0.6369 acc 0.8588 lr 4.87e-05 eta 0:01
2026-09-28 10:16:01,622 INFO epoch  16/29  train_loss 0.6334  val_loss 2.4280  acc 0.3576  bal 0.3576  kappa 0.1435  auroc 0.5966  eta 2:24
2026-09-28 10:16:01,887 INFO epoch 17 step 0/63 (  2%) loss 0.5500 acc 0.9062 lr 4.75e-05 eta 0:16
2026-09-28 10:16:09,992 INFO epoch 17 step 50/63 ( 81%) loss 0.5424 acc 0.9127 lr 4.30e-05 eta 0:01
2026-09-28 10:16:12,554 INFO epoch  17/29  train_loss 0.5463  val_loss 2.2835  acc 0.3559  bal 0.3559  kappa 0.1412  auroc 0.5730  eta 2:13
2026-09-28 10:16:12,813 INFO epoch 18 step 0/63 (  2%) loss 0.5052 acc 0.9375 lr 4.18e-05 eta 0:15
2026-09-28 10:16:20,920 INFO epoch 18 step 50/63 ( 81%) loss 0.4974 acc 0.9314 lr 3.74e-05 eta 0:01
2026-09-28 10:16:23,476 INFO epoch  18/29  train_loss 0.4944  val_loss 2.5004  acc 0.3385  bal 0.3385  kappa 0.1181  auroc 0.5847  eta 2:02
2026-09-28 10:16:23,756 INFO epoch 19 step 0/63 (  2%) loss 0.4944 acc 0.9375 lr 3.62e-05 eta 0:17
2026-09-28 10:16:31,864 INFO epoch 19 step 50/63 ( 81%) loss 0.4528 acc 0.9586 lr 3.19e-05 eta 0:01
2026-09-28 10:16:34,419 INFO epoch  19/29  train_loss 0.4516  val_loss 2.2804  acc 0.3472  bal 0.3472  kappa 0.1296  auroc 0.5929  eta 1:51
2026-09-28 10:16:34,682 INFO epoch 20 step 0/63 (  2%) loss 0.3960 acc 1.0000 lr 3.08e-05 eta 0:16
2026-09-28 10:16:42,786 INFO epoch 20 step 50/63 ( 81%) loss 0.4207 acc 0.9749 lr 2.67e-05 eta 0:01
2026-09-28 10:16:45,340 INFO epoch  20/29  train_loss 0.4224  val_loss 2.2213  acc 0.3542  bal 0.3542  kappa 0.1389  auroc 0.5951  eta 1:39
2026-09-28 10:16:45,601 INFO epoch 21 step 0/63 (  2%) loss 0.4160 acc 0.9688 lr 2.57e-05 eta 0:15
2026-09-28 10:16:53,715 INFO epoch 21 step 50/63 ( 81%) loss 0.4053 acc 0.9782 lr 2.18e-05 eta 0:01
2026-09-28 10:16:56,292 INFO epoch  21/29  train_loss 0.4041  val_loss 2.2494  acc 0.3438  bal 0.3438  kappa 0.1250  auroc 0.5942  eta 1:28
2026-09-28 10:16:56,651 INFO epoch 22 step 0/63 (  2%) loss 0.3790 acc 1.0000 lr 2.09e-05 eta 0:22
2026-09-28 10:17:04,771 INFO epoch 22 step 50/63 ( 81%) loss 0.3833 acc 0.9926 lr 1.73e-05 eta 0:01
2026-09-28 10:17:07,335 INFO epoch  22/29  train_loss 0.3824  val_loss 2.1960  acc 0.3472  bal 0.3472  kappa 0.1296  auroc 0.5791  eta 1:17
2026-09-28 10:17:07,606 INFO epoch 23 step 0/63 (  2%) loss 0.3693 acc 1.0000 lr 1.65e-05 eta 0:16
2026-09-28 10:17:15,733 INFO epoch 23 step 50/63 ( 81%) loss 0.3703 acc 0.9951 lr 1.33e-05 eta 0:01
2026-09-28 10:17:18,297 INFO epoch  23/29  train_loss 0.3705  val_loss 2.1204  acc 0.3681  bal 0.3681  kappa 0.1574  auroc 0.6069  eta 1:06
2026-09-28 10:17:18,562 INFO epoch 24 step 0/63 (  2%) loss 0.3667 acc 1.0000 lr 1.25e-05 eta 0:16
2026-09-28 10:17:26,678 INFO epoch 24 step 50/63 ( 81%) loss 0.3602 acc 1.0000 lr 9.76e-06 eta 0:01
2026-09-28 10:17:29,252 INFO epoch  24/29  train_loss 0.3601  val_loss 2.0888  acc 0.3646  bal 0.3646  kappa 0.1528  auroc 0.5972  eta 0:55
2026-09-28 10:17:29,512 INFO epoch 25 step 0/63 (  2%) loss 0.3587 acc 1.0000 lr 9.09e-06 eta 0:15
2026-09-28 10:17:37,632 INFO epoch 25 step 50/63 ( 81%) loss 0.3580 acc 0.9994 lr 6.77e-06 eta 0:01
2026-09-28 10:17:40,187 INFO epoch  25/29  train_loss 0.3579  val_loss 2.0747  acc 0.3542  bal 0.3542  kappa 0.1389  auroc 0.5954  eta 0:44
2026-09-28 10:17:40,458 INFO epoch 26 step 0/63 (  2%) loss 0.3579 acc 1.0000 lr 6.22e-06 eta 0:16
2026-09-28 10:17:48,566 INFO epoch 26 step 50/63 ( 81%) loss 0.3559 acc 1.0000 lr 4.37e-06 eta 0:01
2026-09-28 10:17:51,128 INFO epoch  26/29  train_loss 0.3560  val_loss 2.0920  acc 0.3559  bal 0.3559  kappa 0.1412  auroc 0.5972  eta 0:33
2026-09-28 10:17:51,388 INFO epoch 27 step 0/63 (  2%) loss 0.3534 acc 1.0000 lr 3.95e-06 eta 0:15
2026-09-28 10:17:59,502 INFO epoch 27 step 50/63 ( 81%) loss 0.3547 acc 1.0000 lr 2.60e-06 eta 0:01
2026-09-28 10:18:02,069 INFO epoch  27/29  train_loss 0.3546  val_loss 2.0550  acc 0.3646  bal 0.3646  kappa 0.1528  auroc 0.6018  eta 0:22
2026-09-28 10:18:02,339 INFO epoch 28 step 0/63 (  2%) loss 0.3527 acc 1.0000 lr 2.31e-06 eta 0:16
2026-09-28 10:18:10,451 INFO epoch 28 step 50/63 ( 81%) loss 0.3544 acc 1.0000 lr 1.47e-06 eta 0:01
2026-09-28 10:18:13,027 INFO epoch  28/29  train_loss 0.3544  val_loss 2.0730  acc 0.3559  bal 0.3559  kappa 0.1412  auroc 0.6007  eta 0:11
2026-09-28 10:18:13,289 INFO epoch 29 step 0/63 (  2%) loss 0.3547 acc 1.0000 lr 1.32e-06 eta 0:16
2026-09-28 10:18:21,399 INFO epoch 29 step 50/63 ( 81%) loss 0.3538 acc 1.0000 lr 1.01e-06 eta 0:01
2026-09-28 10:18:23,971 INFO epoch  29/29  train_loss 0.3538  val_loss 2.0644  acc 0.3611  bal 0.3611  kappa 0.1481  auroc 0.6006  eta 0:00
2026-09-28 10:18:24,212 INFO Loaded checkpoint: matched 177 tensors
2026-09-28 10:18:24,827 INFO TEST acc 0.3247 bal 0.3247 kappa 0.0995 wf1 0.3189 auroc 0.5956
──────────────────────────────────────────────────────────────────────────────
  bcic2a_f0_scratch_sw_reg  ·  TEST  ·  finetune/eeg_c1_bcic2a  ·  full fine-tune  ·  from scratch  ·  25,403,026 trainable
──────────────────────────────────────────────────────────────────────────────
  BalAcc   0.3247  ███████▏                           
  Kappa    0.0995  ██▎                     chance 0.00
  AUROC    0.5956  ████▎                   chance 0.50
  W-F1     0.3189  ███████                            
  acc 0.3247   loss 1.4197
──────────────────────────────────────────────────────────────────────────────
2026-09-28 10:18:24,828 INFO outputs in /leonardo_scratch/fast/IscrB_WearUsFM/yanlchen/runs/eegpt_bench/bcic2a_f0_scratch_sw_reg
Done. /leonardo_scratch/fast/IscrB_WearUsFM/yanlchen/runs/eegpt_bench/bcic2a_f0_scratch_sw_reg/results.json  (the 'test' block is the number to report)
