split /leonardo_scratch/large/userexternal/ychen003/bio/eeg/eegpt_bench/bcic2b_f0_pretrain-v1 exists
exporting the encoder from /leonardo_scratch/fast/IscrB_WearUsFM/yanlchen/runs/pretrain_eeg_c1_moe/best.pth
exported encoder (no route) from /leonardo_scratch/fast/IscrB_WearUsFM/yanlchen/runs/pretrain_eeg_c1_moe/best.pth
  95 tensors, 25,279,489 parameters -> /leonardo_scratch/fast/IscrB_WearUsFM/yanlchen/runs/eegpt_bench/bcic2b_f0_ft_sw_reg/encoder.pth
  frontend     excluded -- downstream builds its own; pass --route to include one
  vocab sha    596f2711269e47b2
  decoder      excluded (pretraining head)
============================================================
  EEGPT benchmark  bcic2b  fold 0  mode ft
  data     /leonardo_scratch/large/userexternal/ychen003/bio/eeg/eegpt_bench/bcic2b_f0_pretrain-v1  (preprocessing pretrain-v1)
  encoder  /leonardo_scratch/fast/IscrB_WearUsFM/yanlchen/runs/eegpt_bench/bcic2b_f0_ft_sw_reg/encoder.pth
  output   /leonardo_scratch/fast/IscrB_WearUsFM/yanlchen/runs/eegpt_bench/bcic2b_f0_ft_sw_reg
============================================================
2026-09-28 10:08:12,539 INFO hyper-parameters (cli > config train: > builtin):
2026-09-28 10:08:12,539 INFO     epochs           30          [config:finetune/eeg_c1_bcic2b]
2026-09-28 10:08:12,539 INFO     batch_size       64          [config:finetune/eeg_c1_bcic2b]
2026-09-28 10:08:12,539 INFO     lr               0.0001      [cli]
2026-09-28 10:08:12,539 INFO     weight_decay     0.05        [cli]
2026-09-28 10:08:12,539 INFO     warmup_epochs    5           [builtin]
2026-09-28 10:08:12,539 INFO     warmup_ratio     0.1         [config:finetune/eeg_c1_bcic2b]
2026-09-28 10:08:12,539 INFO     grad_clip        1.0         [config:finetune/eeg_c1_bcic2b]
2026-09-28 10:08:12,539 INFO     label_smoothing  0.1         [config:finetune/eeg_c1_bcic2b]
2026-09-28 10:08:12,539 INFO     min_lr_ratio     0.01        [config:finetune/eeg_c1_bcic2b]
2026-09-28 10:08:12,539 INFO     precision        bf16        [config:finetune/eeg_c1_bcic2b]
2026-09-28 10:08:12,539 INFO     select_by        auroc       [config:finetune/eeg_c1_bcic2b]
2026-09-28 10:08:12,539 INFO     patience         0           [builtin]
2026-09-28 10:08:12,539 INFO     min_delta        0.0         [builtin]
2026-09-28 10:08:12,539 INFO     encoder_lr_scale 1.0         [builtin]
2026-09-28 10:08:12,539 INFO loading /leonardo_scratch/large/userexternal/ychen003/bio/eeg/eegpt_bench/bcic2b_f0_pretrain-v1 into memory on each of 1 rank(s): train.h5 0.06 GiB val.h5 0.01 GiB test.h5 0.01 GiB
2026-09-28 10:08:12,598 INFO train 5080 windows, 3 channels, 1024 samples/window
2026-09-28 10:08:12,598 INFO class counts: [2540, 2540]
2026-09-28 10:08:12,598 INFO EEG C1 downstream: 3 channels at 256.0 Hz, 1024-sample windows, 64-sample patches, route <its own frontend>
2026-09-28 10:08:12,622 INFO Building the EEG C1 downstream model with {'patch_samples': 64, 'pool': 'mean', 'head_dropout': 0.3, 'in_channels': 3, 'window_samples': 1024, 'channel_names': ['C3', 'Cz', 'C4'], 'sampling_rate': 256.0, 'num_classes': 2, 'embed_dim': 512, 'depth': 8, 'num_heads': 8, 'mlp_ratio': 4.0, 'dropout': 0.3, 'norm': 'rmsnorm', 'ffn': 'swiglu', 'qk_norm': True, 'channel_encoding': 'id', 'channel_embed_dim': 64, 'max_level': 3, 'wave_kernel_size': 16, 'wavelet_names': ['sym4', 'sym5', 'db6', 'sym8', 'db8'], 'wave_init_mode': 'pad', 'use_separate_channel': True, 'fold_synthesis': 3, 'fold_gamma': 0.1}
2026-09-28 10:08:12,625 INFO MultiHeadGate: 3 channels is not divisible by 4 heads; using 3.
2026-09-28 10:08:12,848 INFO loaded: transformer 89, channel encoder 5, gate yes, frontend 0, patcher 0 <- /leonardo_scratch/fast/IscrB_WearUsFM/yanlchen/runs/eegpt_bench/bcic2b_f0_ft_sw_reg/encoder.pth
2026-09-28 10:08:12,984 INFO model 25.32 M parameters (25,320,148 trainable, 100.0%)
/leonardo/prod/opt/libraries/cineca-ai/4.3.0/none/cineca-ai-env/lib/python3.11/site-packages/transformers/utils/generic.py:462: UserWarning: torch.utils._pytree._register_pytree_node is deprecated. Please use torch.utils._pytree.register_pytree_node instead.
  _torch_pytree._register_pytree_node(
/leonardo/prod/opt/libraries/cineca-ai/4.3.0/none/cineca-ai-env/lib/python3.11/site-packages/transformers/utils/hub.py:124: FutureWarning: Using `TRANSFORMERS_CACHE` is deprecated and will be removed in v5 of Transformers. Use `HF_HOME` instead.
  warnings.warn(
2026-09-28 10:08:14,063 INFO schedule: 80 steps/epoch, 2400 total, 240 warmup (10%), lr 1.00e-04 -> 1.00e-06
2026-09-28 10:08:14,063 INFO selection: best.pth follows val auroc; no early stop, so this runs all 30 epochs (--patience N to stop sooner)
2026-09-28 10:08:15,034 INFO epoch 0 step 0/80 (  1%) loss 0.7489 acc 0.6094 lr 8.33e-07 eta 1:16
2026-09-28 10:08:18,373 INFO epoch 0 step 50/80 ( 64%) loss 0.7481 acc 0.4884 lr 2.17e-05 eta 0:02
2026-09-28 10:08:21,550 INFO epoch   0/29  train_loss 0.7424  val_loss 0.7052  acc 0.5000  bal 0.5000  kappa 0.0000  auroc 0.5241  eta 3:37  *best
2026-09-28 10:08:21,710 INFO epoch 1 step 0/80 (  1%) loss 0.7187 acc 0.5781 lr 3.42e-05 eta 0:12
2026-09-28 10:08:25,206 INFO epoch 1 step 50/80 ( 64%) loss 0.7219 acc 0.4966 lr 5.50e-05 eta 0:02
2026-09-28 10:08:27,676 INFO epoch   1/29  train_loss 0.7227  val_loss 0.6997  acc 0.5000  bal 0.5000  kappa 0.0000  auroc 0.4926  eta 3:10
2026-09-28 10:08:27,833 INFO epoch 2 step 0/80 (  1%) loss 0.7265 acc 0.4531 lr 6.75e-05 eta 0:12
2026-09-28 10:08:31,340 INFO epoch 2 step 50/80 ( 64%) loss 0.7343 acc 0.4847 lr 8.83e-05 eta 0:02
2026-09-28 10:08:33,784 INFO epoch   2/29  train_loss 0.7305  val_loss 0.6935  acc 0.4889  bal 0.4889  kappa -0.0222  auroc 0.4889  eta 2:57
2026-09-28 10:08:33,948 INFO epoch 3 step 0/80 (  1%) loss 0.6752 acc 0.5469 lr 1.00e-04 eta 0:12
2026-09-28 10:08:37,459 INFO epoch 3 step 50/80 ( 64%) loss 0.7118 acc 0.4920 lr 9.99e-05 eta 0:02
2026-09-28 10:08:39,889 INFO epoch   3/29  train_loss 0.7079  val_loss 0.7419  acc 0.5000  bal 0.5000  kappa 0.0000  auroc 0.5202  eta 2:47
2026-09-28 10:08:40,039 INFO epoch 4 step 0/80 (  1%) loss 0.7967 acc 0.4688 lr 9.97e-05 eta 0:11
2026-09-28 10:08:43,537 INFO epoch 4 step 50/80 ( 64%) loss 0.7133 acc 0.5052 lr 9.91e-05 eta 0:02
2026-09-28 10:08:46,244 INFO epoch   4/29  train_loss 0.7062  val_loss 0.6910  acc 0.5611  bal 0.5611  kappa 0.1222  auroc 0.6067  eta 2:40  *best
2026-09-28 10:08:46,401 INFO epoch 5 step 0/80 (  1%) loss 0.7134 acc 0.4844 lr 9.86e-05 eta 0:12
2026-09-28 10:08:49,944 INFO epoch 5 step 50/80 ( 64%) loss 0.6233 acc 0.6700 lr 9.77e-05 eta 0:02
2026-09-28 10:08:52,677 INFO epoch   5/29  train_loss 0.6126  val_loss 0.6561  acc 0.6458  bal 0.6458  kappa 0.2917  auroc 0.6923  eta 2:34  *best
2026-09-28 10:08:52,836 INFO epoch 6 step 0/80 (  1%) loss 0.5803 acc 0.7500 lr 9.70e-05 eta 0:12
2026-09-28 10:08:56,354 INFO epoch 6 step 50/80 ( 64%) loss 0.5639 acc 0.7365 lr 9.56e-05 eta 0:02
2026-09-28 10:08:59,080 INFO epoch   6/29  train_loss 0.5661  val_loss 0.6545  acc 0.6264  bal 0.6264  kappa 0.2528  auroc 0.7090  eta 2:27  *best
2026-09-28 10:08:59,242 INFO epoch 7 step 0/80 (  1%) loss 0.5542 acc 0.7344 lr 9.47e-05 eta 0:12
2026-09-28 10:09:02,754 INFO epoch 7 step 50/80 ( 64%) loss 0.5321 acc 0.7675 lr 9.30e-05 eta 0:02
2026-09-28 10:09:05,473 INFO epoch   7/29  train_loss 0.5376  val_loss 0.7141  acc 0.6500  bal 0.6500  kappa 0.3000  auroc 0.7094  eta 2:21  *best
2026-09-28 10:09:05,632 INFO epoch 8 step 0/80 (  1%) loss 0.5016 acc 0.7969 lr 9.18e-05 eta 0:12
2026-09-28 10:09:09,149 INFO epoch 8 step 50/80 ( 64%) loss 0.5082 acc 0.7837 lr 8.97e-05 eta 0:02
2026-09-28 10:09:11,874 INFO epoch   8/29  train_loss 0.5094  val_loss 0.6589  acc 0.6806  bal 0.6806  kappa 0.3611  auroc 0.7320  eta 2:14  *best
2026-09-28 10:09:12,037 INFO epoch 9 step 0/80 (  1%) loss 0.4633 acc 0.8594 lr 8.84e-05 eta 0:12
2026-09-28 10:09:15,525 INFO epoch 9 step 50/80 ( 64%) loss 0.4815 acc 0.8073 lr 8.60e-05 eta 0:02
2026-09-28 10:09:18,240 INFO epoch   9/29  train_loss 0.4859  val_loss 0.7076  acc 0.6639  bal 0.6639  kappa 0.3278  auroc 0.7357  eta 2:08  *best
2026-09-28 10:09:18,398 INFO epoch 10 step 0/80 (  1%) loss 0.4247 acc 0.8906 lr 8.44e-05 eta 0:12
2026-09-28 10:09:21,894 INFO epoch 10 step 50/80 ( 64%) loss 0.4606 acc 0.8238 lr 8.17e-05 eta 0:02
2026-09-28 10:09:24,630 INFO epoch  10/29  train_loss 0.4667  val_loss 0.7115  acc 0.6722  bal 0.6722  kappa 0.3444  auroc 0.7454  eta 2:01  *best
2026-09-28 10:09:24,785 INFO epoch 11 step 0/80 (  1%) loss 0.4229 acc 0.8594 lr 8.00e-05 eta 0:12
2026-09-28 10:09:28,261 INFO epoch 11 step 50/80 ( 64%) loss 0.4437 acc 0.8465 lr 7.70e-05 eta 0:02
2026-09-28 10:09:30,990 INFO epoch  11/29  train_loss 0.4321  val_loss 0.7247  acc 0.6861  bal 0.6861  kappa 0.3722  auroc 0.7461  eta 1:55  *best
2026-09-28 10:09:31,148 INFO epoch 12 step 0/80 (  1%) loss 0.3743 acc 0.8906 lr 7.52e-05 eta 0:12
2026-09-28 10:09:34,641 INFO epoch 12 step 50/80 ( 64%) loss 0.4062 acc 0.8661 lr 7.20e-05 eta 0:02
2026-09-28 10:09:37,092 INFO epoch  12/29  train_loss 0.4052  val_loss 0.7538  acc 0.6708  bal 0.6708  kappa 0.3417  auroc 0.7403  eta 1:48
2026-09-28 10:09:37,243 INFO epoch 13 step 0/80 (  1%) loss 0.3429 acc 0.9062 lr 7.00e-05 eta 0:11
2026-09-28 10:09:40,746 INFO epoch 13 step 50/80 ( 64%) loss 0.3667 acc 0.8971 lr 6.67e-05 eta 0:02
2026-09-28 10:09:43,491 INFO epoch  13/29  train_loss 0.3759  val_loss 0.7058  acc 0.6931  bal 0.6931  kappa 0.3861  auroc 0.7574  eta 1:42  *best
2026-09-28 10:09:43,649 INFO epoch 14 step 0/80 (  1%) loss 0.3182 acc 0.9219 lr 6.46e-05 eta 0:12
2026-09-28 10:09:47,121 INFO epoch 14 step 50/80 ( 64%) loss 0.3544 acc 0.9075 lr 6.11e-05 eta 0:02
2026-09-28 10:09:49,555 INFO epoch  14/29  train_loss 0.3520  val_loss 0.7535  acc 0.6806  bal 0.6806  kappa 0.3611  auroc 0.7489  eta 1:35
2026-09-28 10:09:49,799 INFO epoch 15 step 0/80 (  1%) loss 0.3496 acc 0.9062 lr 5.90e-05 eta 0:19
2026-09-28 10:09:53,286 INFO epoch 15 step 50/80 ( 64%) loss 0.3155 acc 0.9305 lr 5.55e-05 eta 0:02
2026-09-28 10:09:55,742 INFO epoch  15/29  train_loss 0.3251  val_loss 0.8613  acc 0.6681  bal 0.6681  kappa 0.3361  auroc 0.7426  eta 1:28
2026-09-28 10:09:55,895 INFO epoch 16 step 0/80 (  1%) loss 0.2300 acc 0.9844 lr 5.33e-05 eta 0:11
2026-09-28 10:09:59,430 INFO epoch 16 step 50/80 ( 64%) loss 0.2981 acc 0.9427 lr 4.97e-05 eta 0:02
2026-09-28 10:10:01,907 INFO epoch  16/29  train_loss 0.3013  val_loss 0.7833  acc 0.6847  bal 0.6847  kappa 0.3694  auroc 0.7351  eta 1:22
2026-09-28 10:10:02,058 INFO epoch 17 step 0/80 (  1%) loss 0.2707 acc 0.9688 lr 4.75e-05 eta 0:11
2026-09-28 10:10:05,561 INFO epoch 17 step 50/80 ( 64%) loss 0.2817 acc 0.9553 lr 4.40e-05 eta 0:02
2026-09-28 10:10:08,016 INFO epoch  17/29  train_loss 0.2856  val_loss 0.8849  acc 0.6764  bal 0.6764  kappa 0.3528  auroc 0.7213  eta 1:15
2026-09-28 10:10:08,168 INFO epoch 18 step 0/80 (  1%) loss 0.2499 acc 0.9688 lr 4.18e-05 eta 0:11
2026-09-28 10:10:11,694 INFO epoch 18 step 50/80 ( 64%) loss 0.2587 acc 0.9681 lr 3.83e-05 eta 0:02
2026-09-28 10:10:14,160 INFO epoch  18/29  train_loss 0.2689  val_loss 0.8721  acc 0.6778  bal 0.6778  kappa 0.3556  auroc 0.7174  eta 1:09
2026-09-28 10:10:14,310 INFO epoch 19 step 0/80 (  1%) loss 0.2403 acc 0.9531 lr 3.62e-05 eta 0:11
2026-09-28 10:10:17,821 INFO epoch 19 step 50/80 ( 64%) loss 0.2649 acc 0.9657 lr 3.28e-05 eta 0:02
2026-09-28 10:10:20,280 INFO epoch  19/29  train_loss 0.2606  val_loss 0.9645  acc 0.6653  bal 0.6653  kappa 0.3306  auroc 0.7080  eta 1:03
2026-09-28 10:10:20,431 INFO epoch 20 step 0/80 (  1%) loss 0.2255 acc 0.9688 lr 3.08e-05 eta 0:11
2026-09-28 10:10:23,921 INFO epoch 20 step 50/80 ( 64%) loss 0.2543 acc 0.9700 lr 2.76e-05 eta 0:02
2026-09-28 10:10:26,368 INFO epoch  20/29  train_loss 0.2509  val_loss 0.9367  acc 0.6819  bal 0.6819  kappa 0.3639  auroc 0.7055  eta 0:56
2026-09-28 10:10:26,520 INFO epoch 21 step 0/80 (  1%) loss 0.2540 acc 0.9531 lr 2.57e-05 eta 0:11
2026-09-28 10:10:30,009 INFO epoch 21 step 50/80 ( 64%) loss 0.2428 acc 0.9767 lr 2.26e-05 eta 0:02
2026-09-28 10:10:32,459 INFO epoch  21/29  train_loss 0.2422  val_loss 0.9536  acc 0.6708  bal 0.6708  kappa 0.3417  auroc 0.6960  eta 0:50
2026-09-28 10:10:32,610 INFO epoch 22 step 0/80 (  1%) loss 0.2379 acc 0.9844 lr 2.09e-05 eta 0:11
2026-09-28 10:10:36,080 INFO epoch 22 step 50/80 ( 64%) loss 0.2291 acc 0.9856 lr 1.81e-05 eta 0:02
2026-09-28 10:10:38,522 INFO epoch  22/29  train_loss 0.2316  val_loss 0.9910  acc 0.6625  bal 0.6625  kappa 0.3250  auroc 0.6772  eta 0:43
2026-09-28 10:10:38,674 INFO epoch 23 step 0/80 (  1%) loss 0.2287 acc 0.9688 lr 1.65e-05 eta 0:11
2026-09-28 10:10:42,196 INFO epoch 23 step 50/80 ( 64%) loss 0.2271 acc 0.9865 lr 1.40e-05 eta 0:02
2026-09-28 10:10:44,673 INFO epoch  23/29  train_loss 0.2296  val_loss 0.9722  acc 0.6681  bal 0.6681  kappa 0.3361  auroc 0.6745  eta 0:37
2026-09-28 10:10:44,824 INFO epoch 24 step 0/80 (  1%) loss 0.2047 acc 1.0000 lr 1.25e-05 eta 0:11
2026-09-28 10:10:48,326 INFO epoch 24 step 50/80 ( 64%) loss 0.2267 acc 0.9868 lr 1.03e-05 eta 0:02
2026-09-28 10:10:50,780 INFO epoch  24/29  train_loss 0.2267  val_loss 0.9578  acc 0.6778  bal 0.6778  kappa 0.3556  auroc 0.6696  eta 0:31
2026-09-28 10:10:50,933 INFO epoch 25 step 0/80 (  1%) loss 0.2216 acc 0.9844 lr 9.10e-06 eta 0:11
2026-09-28 10:10:54,414 INFO epoch 25 step 50/80 ( 64%) loss 0.2162 acc 0.9920 lr 7.24e-06 eta 0:02
2026-09-28 10:10:56,860 INFO epoch  25/29  train_loss 0.2175  val_loss 0.9745  acc 0.6750  bal 0.6750  kappa 0.3500  auroc 0.6717  eta 0:25
2026-09-28 10:10:57,014 INFO epoch 26 step 0/80 (  1%) loss 0.2106 acc 1.0000 lr 6.23e-06 eta 0:11
2026-09-28 10:11:00,534 INFO epoch 26 step 50/80 ( 64%) loss 0.2182 acc 0.9917 lr 4.74e-06 eta 0:02
2026-09-28 10:11:03,007 INFO epoch  26/29  train_loss 0.2206  val_loss 0.9894  acc 0.6694  bal 0.6694  kappa 0.3389  auroc 0.6613  eta 0:18
2026-09-28 10:11:03,159 INFO epoch 27 step 0/80 (  1%) loss 0.2004 acc 1.0000 lr 3.96e-06 eta 0:11
2026-09-28 10:11:06,669 INFO epoch 27 step 50/80 ( 64%) loss 0.2210 acc 0.9902 lr 2.86e-06 eta 0:02
2026-09-28 10:11:09,136 INFO epoch  27/29  train_loss 0.2198  val_loss 0.9952  acc 0.6667  bal 0.6667  kappa 0.3333  auroc 0.6706  eta 0:12
2026-09-28 10:11:09,290 INFO epoch 28 step 0/80 (  1%) loss 0.2143 acc 0.9844 lr 2.32e-06 eta 0:11
2026-09-28 10:11:12,783 INFO epoch 28 step 50/80 ( 64%) loss 0.2204 acc 0.9896 lr 1.62e-06 eta 0:02
2026-09-28 10:11:15,241 INFO epoch  28/29  train_loss 0.2178  val_loss 0.9918  acc 0.6681  bal 0.6681  kappa 0.3361  auroc 0.6643  eta 0:06
2026-09-28 10:11:15,400 INFO epoch 29 step 0/80 (  1%) loss 0.1999 acc 1.0000 lr 1.33e-06 eta 0:12
2026-09-28 10:11:18,893 INFO epoch 29 step 50/80 ( 64%) loss 0.2154 acc 0.9926 lr 1.04e-06 eta 0:02
2026-09-28 10:11:21,301 INFO epoch  29/29  train_loss 0.2186  val_loss 0.9933  acc 0.6694  bal 0.6694  kappa 0.3389  auroc 0.6625  eta 0:00
2026-09-28 10:11:21,542 INFO Loaded checkpoint: matched 177 tensors
2026-09-28 10:11:21,964 INFO TEST acc 0.6875 bal 0.6875 kappa 0.3750 wf1 0.6864 auroc 0.7622
──────────────────────────────────────────────────────────────────────────────
  bcic2b_f0_ft_sw_reg  ·  TEST  ·  finetune/eeg_c1_bcic2b  ·  full fine-tune  ·  pretrained  ·  25,320,148 trainable
──────────────────────────────────────────────────────────────────────────────
  BalAcc   0.6875  ███████████████▏                   
  Kappa    0.3750  ████████▎               chance 0.00
  AUROC    0.7622  ███████████▌            chance 0.50
  W-F1     0.6864  ███████████████▏                   
  acc 0.6875   loss 0.7074
──────────────────────────────────────────────────────────────────────────────
2026-09-28 10:11:21,966 INFO outputs in /leonardo_scratch/fast/IscrB_WearUsFM/yanlchen/runs/eegpt_bench/bcic2b_f0_ft_sw_reg
Done. /leonardo_scratch/fast/IscrB_WearUsFM/yanlchen/runs/eegpt_bench/bcic2b_f0_ft_sw_reg/results.json  (the 'test' block is the number to report)
