split /leonardo_scratch/large/userexternal/ychen003/bio/eeg/eegpt_bench/bcic2a_f0_pretrain-v1 exists
exporting the encoder from /leonardo_scratch/fast/IscrB_WearUsFM/yanlchen/runs/pretrain_eeg_c1_moe/best.pth
exported encoder (no route) from /leonardo_scratch/fast/IscrB_WearUsFM/yanlchen/runs/pretrain_eeg_c1_moe/best.pth
  95 tensors, 25,279,489 parameters -> /leonardo_scratch/fast/IscrB_WearUsFM/yanlchen/runs/eegpt_bench/bcic2a_f0_ft_sw_reg/encoder.pth
  frontend     excluded -- downstream builds its own; pass --route to include one
  vocab sha    596f2711269e47b2
  decoder      excluded (pretraining head)
============================================================
  EEGPT benchmark  bcic2a  fold 0  mode ft
  data     /leonardo_scratch/large/userexternal/ychen003/bio/eeg/eegpt_bench/bcic2a_f0_pretrain-v1  (preprocessing pretrain-v1)
  encoder  /leonardo_scratch/fast/IscrB_WearUsFM/yanlchen/runs/eegpt_bench/bcic2a_f0_ft_sw_reg/encoder.pth
  output   /leonardo_scratch/fast/IscrB_WearUsFM/yanlchen/runs/eegpt_bench/bcic2a_f0_ft_sw_reg
============================================================
2026-09-28 10:13:11,305 INFO hyper-parameters (cli > config train: > builtin):
2026-09-28 10:13:11,305 INFO     epochs           30          [config:finetune/eeg_c1_bcic2a]
2026-09-28 10:13:11,305 INFO     batch_size       64          [config:finetune/eeg_c1_bcic2a]
2026-09-28 10:13:11,305 INFO     lr               0.0001      [cli]
2026-09-28 10:13:11,305 INFO     weight_decay     0.05        [cli]
2026-09-28 10:13:11,305 INFO     warmup_epochs    5           [builtin]
2026-09-28 10:13:11,305 INFO     warmup_ratio     0.1         [config:finetune/eeg_c1_bcic2a]
2026-09-28 10:13:11,305 INFO     grad_clip        1.0         [config:finetune/eeg_c1_bcic2a]
2026-09-28 10:13:11,306 INFO     label_smoothing  0.1         [config:finetune/eeg_c1_bcic2a]
2026-09-28 10:13:11,306 INFO     min_lr_ratio     0.01        [config:finetune/eeg_c1_bcic2a]
2026-09-28 10:13:11,306 INFO     precision        bf16        [config:finetune/eeg_c1_bcic2a]
2026-09-28 10:13:11,306 INFO     select_by        kappa       [config:finetune/eeg_c1_bcic2a]
2026-09-28 10:13:11,306 INFO     patience         0           [builtin]
2026-09-28 10:13:11,306 INFO     min_delta        0.0         [builtin]
2026-09-28 10:13:11,306 INFO     encoder_lr_scale 1.0         [builtin]
2026-09-28 10:13:11,306 INFO loading /leonardo_scratch/large/userexternal/ychen003/bio/eeg/eegpt_bench/bcic2a_f0_pretrain-v1 into memory on each of 1 rank(s): train.h5 0.34 GiB val.h5 0.05 GiB test.h5 0.05 GiB
2026-09-28 10:13:11,546 INFO train 4032 windows, 22 channels, 1024 samples/window
2026-09-28 10:13:11,546 INFO class counts: [1008, 1008, 1008, 1008]
2026-09-28 10:13:11,546 INFO EEG C1 downstream: 22 channels at 256.0 Hz, 1024-sample windows, 64-sample patches, route <its own frontend>
2026-09-28 10:13:11,571 INFO Building the EEG C1 downstream model with {'patch_samples': 64, 'pool': 'mean', 'head_dropout': 0.3, 'in_channels': 22, 'window_samples': 1024, 'channel_names': ['Fz', 'FC3', 'FC1', 'FCz', 'FC2', 'FC4', 'C5', 'C3', 'C1', 'Cz', 'C2', 'C4', 'C6', 'CP3', 'CP1', 'CPz', 'CP2', 'CP4', 'P1', 'Pz', 'P2', 'POz'], 'sampling_rate': 256.0, 'num_classes': 4, 'embed_dim': 512, 'depth': 8, 'num_heads': 8, 'mlp_ratio': 4.0, 'dropout': 0.3, 'norm': 'rmsnorm', 'ffn': 'swiglu', 'qk_norm': True, 'channel_encoding': 'id', 'channel_embed_dim': 64, 'max_level': 3, 'wave_kernel_size': 16, 'wavelet_names': ['sym4', 'sym5', 'db6', 'sym8', 'db8'], 'wave_init_mode': 'pad', 'use_separate_channel': True, 'fold_synthesis': 3, 'fold_gamma': 0.1}
2026-09-28 10:13:11,576 INFO MultiHeadGate: 22 channels is not divisible by 4 heads; using 2.
2026-09-28 10:13:11,787 INFO loaded: transformer 89, channel encoder 5, gate yes, frontend 0, patcher 0 <- /leonardo_scratch/fast/IscrB_WearUsFM/yanlchen/runs/eegpt_bench/bcic2a_f0_ft_sw_reg/encoder.pth
2026-09-28 10:13:11,912 INFO model 25.40 M parameters (25,403,026 trainable, 100.0%)
/leonardo/prod/opt/libraries/cineca-ai/4.3.0/none/cineca-ai-env/lib/python3.11/site-packages/transformers/utils/generic.py:462: UserWarning: torch.utils._pytree._register_pytree_node is deprecated. Please use torch.utils._pytree.register_pytree_node instead.
  _torch_pytree._register_pytree_node(
/leonardo/prod/opt/libraries/cineca-ai/4.3.0/none/cineca-ai-env/lib/python3.11/site-packages/transformers/utils/hub.py:124: FutureWarning: Using `TRANSFORMERS_CACHE` is deprecated and will be removed in v5 of Transformers. Use `HF_HOME` instead.
  warnings.warn(
2026-09-28 10:13:13,063 INFO schedule: 63 steps/epoch, 1890 total, 189 warmup (10%), lr 1.00e-04 -> 1.00e-06
2026-09-28 10:13:13,064 INFO selection: best.pth follows val kappa; no early stop, so this runs all 30 epochs (--patience N to stop sooner)
2026-09-28 10:13:14,131 INFO epoch 0 step 0/63 (  2%) loss 1.5271 acc 0.2500 lr 1.06e-06 eta 1:06
2026-09-28 10:13:22,473 INFO epoch 0 step 50/63 ( 81%) loss 1.4563 acc 0.2420 lr 2.75e-05 eta 0:02
2026-09-28 10:13:25,852 INFO epoch   0/29  train_loss 1.4557  val_loss 1.3964  acc 0.2500  bal 0.2500  kappa 0.0000  auroc 0.5563  eta 6:10  *best
2026-09-28 10:13:26,136 INFO epoch 1 step 0/63 (  2%) loss 1.4027 acc 0.2812 lr 3.44e-05 eta 0:17
2026-09-28 10:13:34,285 INFO epoch 1 step 50/63 ( 81%) loss 1.4399 acc 0.2604 lr 6.08e-05 eta 0:01
2026-09-28 10:13:36,872 INFO epoch   1/29  train_loss 1.4387  val_loss 1.4111  acc 0.2500  bal 0.2500  kappa 0.0000  auroc 0.5725  eta 5:33
2026-09-28 10:13:37,157 INFO epoch 2 step 0/63 (  2%) loss 1.4623 acc 0.2656 lr 6.77e-05 eta 0:17
2026-09-28 10:13:45,381 INFO epoch 2 step 50/63 ( 81%) loss 1.4393 acc 0.2512 lr 9.42e-05 eta 0:02
2026-09-28 10:13:48,385 INFO epoch   2/29  train_loss 1.4392  val_loss 1.3745  acc 0.2726  bal 0.2726  kappa 0.0301  auroc 0.6148  eta 5:17  *best
2026-09-28 10:13:48,677 INFO epoch 3 step 0/63 (  2%) loss 1.3843 acc 0.2656 lr 1.00e-04 eta 0:17
2026-09-28 10:13:56,824 INFO epoch 3 step 50/63 ( 81%) loss 1.4168 acc 0.2776 lr 9.98e-05 eta 0:01
2026-09-28 10:13:59,827 INFO epoch   3/29  train_loss 1.4161  val_loss 1.3723  acc 0.3420  bal 0.3420  kappa 0.1227  auroc 0.6223  eta 5:03  *best
2026-09-28 10:14:00,104 INFO epoch 4 step 0/63 (  2%) loss 1.3510 acc 0.3906 lr 9.97e-05 eta 0:16
2026-09-28 10:14:08,227 INFO epoch 4 step 50/63 ( 81%) loss 1.3928 acc 0.3045 lr 9.89e-05 eta 0:01
2026-09-28 10:14:10,886 INFO epoch   4/29  train_loss 1.3847  val_loss 1.5318  acc 0.3420  bal 0.3420  kappa 0.1227  auroc 0.6479  eta 4:49
2026-09-28 10:14:11,157 INFO epoch 5 step 0/63 (  2%) loss 1.3190 acc 0.4062 lr 9.86e-05 eta 0:16
2026-09-28 10:14:19,310 INFO epoch 5 step 50/63 ( 81%) loss 1.3450 acc 0.3569 lr 9.74e-05 eta 0:01
2026-09-28 10:14:22,253 INFO epoch   5/29  train_loss 1.3386  val_loss 1.3171  acc 0.4062  bal 0.4062  kappa 0.2083  auroc 0.6634  eta 4:36  *best
2026-09-28 10:14:22,535 INFO epoch 6 step 0/63 (  2%) loss 1.3224 acc 0.3438 lr 9.70e-05 eta 0:17
2026-09-28 10:14:30,775 INFO epoch 6 step 50/63 ( 81%) loss 1.2811 acc 0.4182 lr 9.52e-05 eta 0:02
2026-09-28 10:14:33,496 INFO epoch   6/29  train_loss 1.2801  val_loss 1.3881  acc 0.3837  bal 0.3837  kappa 0.1782  auroc 0.6581  eta 4:24
2026-09-28 10:14:33,760 INFO epoch 7 step 0/63 (  2%) loss 1.2781 acc 0.4375 lr 9.47e-05 eta 0:16
2026-09-28 10:14:41,920 INFO epoch 7 step 50/63 ( 81%) loss 1.2447 acc 0.4513 lr 9.24e-05 eta 0:01
2026-09-28 10:14:44,601 INFO epoch   7/29  train_loss 1.2464  val_loss 1.3973  acc 0.3247  bal 0.3247  kappa 0.0995  auroc 0.6196  eta 4:11
2026-09-28 10:14:44,881 INFO epoch 8 step 0/63 (  2%) loss 1.1525 acc 0.5781 lr 9.18e-05 eta 0:17
2026-09-28 10:14:53,072 INFO epoch 8 step 50/63 ( 81%) loss 1.1821 acc 0.5034 lr 8.91e-05 eta 0:01
2026-09-28 10:14:55,791 INFO epoch   8/29  train_loss 1.1799  val_loss 1.4966  acc 0.3594  bal 0.3594  kappa 0.1458  auroc 0.6292  eta 3:59
2026-09-28 10:14:56,057 INFO epoch 9 step 0/63 (  2%) loss 1.1565 acc 0.5312 lr 8.84e-05 eta 0:16
2026-09-28 10:15:04,213 INFO epoch 9 step 50/63 ( 81%) loss 1.1096 acc 0.5567 lr 8.53e-05 eta 0:01
2026-09-28 10:15:06,956 INFO epoch   9/29  train_loss 1.1111  val_loss 1.5515  acc 0.3889  bal 0.3889  kappa 0.1852  auroc 0.6380  eta 3:47
2026-09-28 10:15:07,242 INFO epoch 10 step 0/63 (  2%) loss 1.0542 acc 0.5625 lr 8.44e-05 eta 0:17
2026-09-28 10:15:15,665 INFO epoch 10 step 50/63 ( 81%) loss 1.0390 acc 0.5931 lr 8.09e-05 eta 0:02
2026-09-28 10:15:18,335 INFO epoch  10/29  train_loss 1.0352  val_loss 1.6735  acc 0.3785  bal 0.3785  kappa 0.1713  auroc 0.6285  eta 3:36
2026-09-28 10:15:18,610 INFO epoch 11 step 0/63 (  2%) loss 0.8745 acc 0.6562 lr 8.00e-05 eta 0:16
2026-09-28 10:15:26,732 INFO epoch 11 step 50/63 ( 81%) loss 0.9065 acc 0.6884 lr 7.62e-05 eta 0:01
2026-09-28 10:15:29,450 INFO epoch  11/29  train_loss 0.9037  val_loss 1.8507  acc 0.3611  bal 0.3611  kappa 0.1481  auroc 0.6199  eta 3:24
2026-09-28 10:15:29,725 INFO epoch 12 step 0/63 (  2%) loss 0.7557 acc 0.7500 lr 7.52e-05 eta 0:16
2026-09-28 10:15:37,865 INFO epoch 12 step 50/63 ( 81%) loss 0.7875 acc 0.7693 lr 7.11e-05 eta 0:01
2026-09-28 10:15:40,556 INFO epoch  12/29  train_loss 0.7847  val_loss 1.9765  acc 0.3628  bal 0.3628  kappa 0.1505  auroc 0.6048  eta 3:12
2026-09-28 10:15:40,828 INFO epoch 13 step 0/63 (  2%) loss 0.7099 acc 0.8125 lr 7.00e-05 eta 0:16
2026-09-28 10:15:49,348 INFO epoch 13 step 50/63 ( 81%) loss 0.6511 acc 0.8493 lr 6.57e-05 eta 0:02
2026-09-28 10:15:52,024 INFO epoch  13/29  train_loss 0.6561  val_loss 2.1983  acc 0.3160  bal 0.3160  kappa 0.0880  auroc 0.5950  eta 3:01
2026-09-28 10:15:52,301 INFO epoch 14 step 0/63 (  2%) loss 0.4857 acc 0.9688 lr 6.46e-05 eta 0:16
2026-09-28 10:16:00,438 INFO epoch 14 step 50/63 ( 81%) loss 0.5530 acc 0.9105 lr 6.02e-05 eta 0:01
2026-09-28 10:16:03,105 INFO epoch  14/29  train_loss 0.5594  val_loss 2.1064  acc 0.3420  bal 0.3420  kappa 0.1227  auroc 0.5891  eta 2:50
2026-09-28 10:16:03,391 INFO epoch 15 step 0/63 (  2%) loss 0.4723 acc 0.9531 lr 5.90e-05 eta 0:17
2026-09-28 10:16:11,563 INFO epoch 15 step 50/63 ( 81%) loss 0.4952 acc 0.9421 lr 5.45e-05 eta 0:01
2026-09-28 10:16:14,252 INFO epoch  15/29  train_loss 0.4971  val_loss 2.0997  acc 0.3524  bal 0.3524  kappa 0.1366  auroc 0.5912  eta 2:38
2026-09-28 10:16:14,535 INFO epoch 16 step 0/63 (  2%) loss 0.4209 acc 1.0000 lr 5.33e-05 eta 0:17
2026-09-28 10:16:22,695 INFO epoch 16 step 50/63 ( 81%) loss 0.4439 acc 0.9752 lr 4.87e-05 eta 0:01
2026-09-28 10:16:25,442 INFO epoch  16/29  train_loss 0.4445  val_loss 2.1286  acc 0.3385  bal 0.3385  kappa 0.1181  auroc 0.5825  eta 2:27
2026-09-28 10:16:25,720 INFO epoch 17 step 0/63 (  2%) loss 0.4176 acc 0.9844 lr 4.75e-05 eta 0:17
2026-09-28 10:16:34,093 INFO epoch 17 step 50/63 ( 81%) loss 0.4187 acc 0.9810 lr 4.30e-05 eta 0:02
2026-09-28 10:16:36,881 INFO epoch  17/29  train_loss 0.4183  val_loss 1.9708  acc 0.3576  bal 0.3576  kappa 0.1435  auroc 0.5898  eta 2:15
2026-09-28 10:16:37,167 INFO epoch 18 step 0/63 (  2%) loss 0.3981 acc 0.9844 lr 4.18e-05 eta 0:17
2026-09-28 10:16:45,528 INFO epoch 18 step 50/63 ( 81%) loss 0.3955 acc 0.9914 lr 3.74e-05 eta 0:02
2026-09-28 10:16:48,171 INFO epoch  18/29  train_loss 0.3955  val_loss 1.9526  acc 0.3420  bal 0.3420  kappa 0.1227  auroc 0.5978  eta 2:04
2026-09-28 10:16:48,443 INFO epoch 19 step 0/63 (  2%) loss 0.3876 acc 0.9844 lr 3.62e-05 eta 0:16
2026-09-28 10:16:56,791 INFO epoch 19 step 50/63 ( 81%) loss 0.3894 acc 0.9939 lr 3.19e-05 eta 0:02
2026-09-28 10:16:59,477 INFO epoch  19/29  train_loss 0.3887  val_loss 1.9398  acc 0.3368  bal 0.3368  kappa 0.1157  auroc 0.5913  eta 1:53
2026-09-28 10:16:59,773 INFO epoch 20 step 0/63 (  2%) loss 0.3661 acc 1.0000 lr 3.08e-05 eta 0:18
2026-09-28 10:17:08,078 INFO epoch 20 step 50/63 ( 81%) loss 0.3786 acc 0.9960 lr 2.67e-05 eta 0:02
2026-09-28 10:17:10,743 INFO epoch  20/29  train_loss 0.3783  val_loss 1.9327  acc 0.3385  bal 0.3385  kappa 0.1181  auroc 0.5900  eta 1:41
2026-09-28 10:17:11,046 INFO epoch 21 step 0/63 (  2%) loss 0.3710 acc 1.0000 lr 2.57e-05 eta 0:18
2026-09-28 10:17:19,468 INFO epoch 21 step 50/63 ( 81%) loss 0.3711 acc 0.9975 lr 2.18e-05 eta 0:02
2026-09-28 10:17:22,158 INFO epoch  21/29  train_loss 0.3711  val_loss 1.8428  acc 0.3681  bal 0.3681  kappa 0.1574  auroc 0.6057  eta 1:30
2026-09-28 10:17:22,434 INFO epoch 22 step 0/63 (  2%) loss 0.3620 acc 1.0000 lr 2.09e-05 eta 0:16
2026-09-28 10:17:30,623 INFO epoch 22 step 50/63 ( 81%) loss 0.3646 acc 0.9994 lr 1.73e-05 eta 0:01
2026-09-28 10:17:33,243 INFO epoch  22/29  train_loss 0.3647  val_loss 1.9335  acc 0.3403  bal 0.3403  kappa 0.1204  auroc 0.5900  eta 1:19
2026-09-28 10:17:33,514 INFO epoch 23 step 0/63 (  2%) loss 0.3611 acc 1.0000 lr 1.65e-05 eta 0:16
2026-09-28 10:17:41,759 INFO epoch 23 step 50/63 ( 81%) loss 0.3614 acc 1.0000 lr 1.33e-05 eta 0:02
2026-09-28 10:17:44,371 INFO epoch  23/29  train_loss 0.3613  val_loss 1.9426  acc 0.3438  bal 0.3438  kappa 0.1250  auroc 0.5845  eta 1:07
2026-09-28 10:17:44,655 INFO epoch 24 step 0/63 (  2%) loss 0.3566 acc 1.0000 lr 1.25e-05 eta 0:17
2026-09-28 10:17:52,908 INFO epoch 24 step 50/63 ( 81%) loss 0.3598 acc 1.0000 lr 9.76e-06 eta 0:02
2026-09-28 10:17:55,512 INFO epoch  24/29  train_loss 0.3599  val_loss 1.8923  acc 0.3368  bal 0.3368  kappa 0.1157  auroc 0.5931  eta 0:56
2026-09-28 10:17:55,792 INFO epoch 25 step 0/63 (  2%) loss 0.3593 acc 1.0000 lr 9.09e-06 eta 0:17
2026-09-28 10:18:04,120 INFO epoch 25 step 50/63 ( 81%) loss 0.3585 acc 1.0000 lr 6.77e-06 eta 0:02
2026-09-28 10:18:06,843 INFO epoch  25/29  train_loss 0.3583  val_loss 1.9232  acc 0.3316  bal 0.3316  kappa 0.1088  auroc 0.5891  eta 0:45
2026-09-28 10:18:07,138 INFO epoch 26 step 0/63 (  2%) loss 0.3581 acc 1.0000 lr 6.22e-06 eta 0:18
2026-09-28 10:18:15,661 INFO epoch 26 step 50/63 ( 81%) loss 0.3572 acc 1.0000 lr 4.37e-06 eta 0:02
2026-09-28 10:18:18,303 INFO epoch  26/29  train_loss 0.3571  val_loss 1.9199  acc 0.3385  bal 0.3385  kappa 0.1181  auroc 0.5876  eta 0:33
2026-09-28 10:18:18,578 INFO epoch 27 step 0/63 (  2%) loss 0.3565 acc 1.0000 lr 3.95e-06 eta 0:16
2026-09-28 10:18:26,806 INFO epoch 27 step 50/63 ( 81%) loss 0.3570 acc 1.0000 lr 2.60e-06 eta 0:02
2026-09-28 10:18:29,387 INFO epoch  27/29  train_loss 0.3569  val_loss 1.9012  acc 0.3438  bal 0.3438  kappa 0.1250  auroc 0.5895  eta 0:22
2026-09-28 10:18:29,658 INFO epoch 28 step 0/63 (  2%) loss 0.3560 acc 1.0000 lr 2.31e-06 eta 0:16
2026-09-28 10:18:37,751 INFO epoch 28 step 50/63 ( 81%) loss 0.3564 acc 1.0000 lr 1.47e-06 eta 0:01
2026-09-28 10:18:40,329 INFO epoch  28/29  train_loss 0.3564  val_loss 1.9111  acc 0.3403  bal 0.3403  kappa 0.1204  auroc 0.5882  eta 0:11
2026-09-28 10:18:40,595 INFO epoch 29 step 0/63 (  2%) loss 0.3578 acc 1.0000 lr 1.32e-06 eta 0:16
2026-09-28 10:18:48,696 INFO epoch 29 step 50/63 ( 81%) loss 0.3561 acc 1.0000 lr 1.01e-06 eta 0:01
2026-09-28 10:18:51,289 INFO epoch  29/29  train_loss 0.3562  val_loss 1.9115  acc 0.3316  bal 0.3316  kappa 0.1088  auroc 0.5879  eta 0:00
2026-09-28 10:18:51,533 INFO Loaded checkpoint: matched 177 tensors
2026-09-28 10:18:52,154 INFO TEST acc 0.3056 bal 0.3056 kappa 0.0741 wf1 0.2725 auroc 0.5703
──────────────────────────────────────────────────────────────────────────────
  bcic2a_f0_ft_sw_reg  ·  TEST  ·  finetune/eeg_c1_bcic2a  ·  full fine-tune  ·  pretrained  ·  25,403,026 trainable
──────────────────────────────────────────────────────────────────────────────
  BalAcc   0.3056  ██████▊                            
  Kappa    0.0741  █▋                      chance 0.00
  AUROC    0.5703  ███▏                    chance 0.50
  W-F1     0.2725  ██████                             
  acc 0.3056   loss 1.4064
──────────────────────────────────────────────────────────────────────────────
2026-09-28 10:18:52,156 INFO outputs in /leonardo_scratch/fast/IscrB_WearUsFM/yanlchen/runs/eegpt_bench/bcic2a_f0_ft_sw_reg
Done. /leonardo_scratch/fast/IscrB_WearUsFM/yanlchen/runs/eegpt_bench/bcic2a_f0_ft_sw_reg/results.json  (the 'test' block is the number to report)
