split /leonardo_scratch/large/userexternal/ychen003/bio/eeg/eegpt_bench/bcic2a_f0_pretrain-v1 exists
============================================================
  EEGPT benchmark  bcic2a  fold 0  mode scratch
  data     /leonardo_scratch/large/userexternal/ychen003/bio/eeg/eegpt_bench/bcic2a_f0_pretrain-v1  (preprocessing pretrain-v1)
  encoder  <none: random initialisation>
  output   /leonardo_scratch/fast/IscrB_WearUsFM/yanlchen/runs/eegpt_bench/bcic2a_f0_scratch
============================================================
2026-09-28 07:10:12,804 INFO hyper-parameters (cli > config train: > builtin):
2026-09-28 07:10:12,804 INFO     epochs           30          [config:finetune/eeg_c1_bcic2a]
2026-09-28 07:10:12,804 INFO     batch_size       64          [config:finetune/eeg_c1_bcic2a]
2026-09-28 07:10:12,804 INFO     lr               0.00025     [config:finetune/eeg_c1_bcic2a]
2026-09-28 07:10:12,804 INFO     weight_decay     0.01        [config:finetune/eeg_c1_bcic2a]
2026-09-28 07:10:12,804 INFO     warmup_epochs    5           [builtin]
2026-09-28 07:10:12,804 INFO     warmup_ratio     0.1         [config:finetune/eeg_c1_bcic2a]
2026-09-28 07:10:12,804 INFO     grad_clip        1.0         [config:finetune/eeg_c1_bcic2a]
2026-09-28 07:10:12,804 INFO     label_smoothing  0.1         [config:finetune/eeg_c1_bcic2a]
2026-09-28 07:10:12,804 INFO     min_lr_ratio     0.01        [config:finetune/eeg_c1_bcic2a]
2026-09-28 07:10:12,804 INFO     precision        bf16        [config:finetune/eeg_c1_bcic2a]
2026-09-28 07:10:12,804 INFO     select_by        kappa       [config:finetune/eeg_c1_bcic2a]
2026-09-28 07:10:12,804 INFO     patience         0           [builtin]
2026-09-28 07:10:12,804 INFO     min_delta        0.0         [builtin]
2026-09-28 07:10:12,804 INFO loading /leonardo_scratch/large/userexternal/ychen003/bio/eeg/eegpt_bench/bcic2a_f0_pretrain-v1 into memory on each of 1 rank(s): train.h5 0.34 GiB val.h5 0.05 GiB test.h5 0.05 GiB
2026-09-28 07:10:13,058 INFO train 4032 windows, 22 channels, 1024 samples/window
2026-09-28 07:10:13,058 INFO class counts: [1008, 1008, 1008, 1008]
2026-09-28 07:10:13,058 INFO EEG C1 downstream: 22 channels at 256.0 Hz, 1024-sample windows, 64-sample patches, route <its own frontend>
2026-09-28 07:10:13,763 INFO Building the EEG C1 downstream model with {'patch_samples': 64, 'pool': 'mean', 'head_dropout': 0.1, 'in_channels': 22, 'window_samples': 1024, 'channel_names': ['Fz', 'FC3', 'FC1', 'FCz', 'FC2', 'FC4', 'C5', 'C3', 'C1', 'Cz', 'C2', 'C4', 'C6', 'CP3', 'CP1', 'CPz', 'CP2', 'CP4', 'P1', 'Pz', 'P2', 'POz'], 'sampling_rate': 256.0, 'num_classes': 4, 'embed_dim': 512, 'depth': 8, 'num_heads': 8, 'mlp_ratio': 4.0, 'dropout': 0.1, 'norm': 'rmsnorm', 'ffn': 'swiglu', 'qk_norm': True, 'channel_encoding': 'id', 'channel_embed_dim': 64, 'max_level': 3, 'wave_kernel_size': 16, 'wavelet_names': ['sym4', 'sym5', 'db6', 'sym8', 'db8'], 'wave_init_mode': 'pad', 'use_separate_channel': True, 'fold_synthesis': 3, 'fold_gamma': 0.1}
2026-09-28 07:10:13,784 INFO MultiHeadGate: 22 channels is not divisible by 4 heads; using 2.
2026-09-28 07:10:13,923 INFO EEG C1 downstream: NO pretrained weights (the from-scratch control)
2026-09-28 07:10:14,074 INFO model 25.40 M parameters (25,403,026 trainable, 100.0%)
/leonardo/prod/opt/libraries/cineca-ai/4.3.0/none/cineca-ai-env/lib/python3.11/site-packages/transformers/utils/generic.py:462: UserWarning: torch.utils._pytree._register_pytree_node is deprecated. Please use torch.utils._pytree.register_pytree_node instead.
  _torch_pytree._register_pytree_node(
/leonardo/prod/opt/libraries/cineca-ai/4.3.0/none/cineca-ai-env/lib/python3.11/site-packages/transformers/utils/hub.py:124: FutureWarning: Using `TRANSFORMERS_CACHE` is deprecated and will be removed in v5 of Transformers. Use `HF_HOME` instead.
  warnings.warn(
2026-09-28 07:10:34,479 INFO schedule: 63 steps/epoch, 1890 total, 189 warmup (10%), lr 2.50e-04 -> 2.50e-06
2026-09-28 07:10:34,479 INFO selection: best.pth follows val kappa; no early stop, so this runs all 30 epochs (--patience N to stop sooner)
2026-09-28 07:10:37,158 INFO epoch 0 step 0/63 (  2%) loss 1.6755 acc 0.2188 lr 2.65e-06 eta 2:46
2026-09-28 07:10:45,228 INFO epoch 0 step 50/63 ( 81%) loss 1.4610 acc 0.2500 lr 6.88e-05 eta 0:02
2026-09-28 07:10:50,911 INFO epoch   0/29  train_loss 1.4613  val_loss 1.4040  acc 0.2517  bal 0.2517  kappa 0.0023  auroc 0.5730  eta 7:56  *best
2026-09-28 07:10:51,177 INFO epoch 1 step 0/63 (  2%) loss 1.3916 acc 0.2656 lr 8.60e-05 eta 0:16
2026-09-28 07:10:59,254 INFO epoch 1 step 50/63 ( 81%) loss 1.4244 acc 0.2619 lr 1.52e-04 eta 0:01
2026-09-28 07:11:02,105 INFO epoch   1/29  train_loss 1.4233  val_loss 1.3731  acc 0.2760  bal 0.2760  kappa 0.0347  auroc 0.6140  eta 6:26  *best
2026-09-28 07:11:02,371 INFO epoch 2 step 0/63 (  2%) loss 1.3985 acc 0.2656 lr 1.69e-04 eta 0:16
2026-09-28 07:11:10,447 INFO epoch 2 step 50/63 ( 81%) loss 1.3895 acc 0.3153 lr 2.35e-04 eta 0:01
2026-09-28 07:11:13,001 INFO epoch   2/29  train_loss 1.3965  val_loss 1.4446  acc 0.2604  bal 0.2604  kappa 0.0139  auroc 0.6436  eta 5:46
2026-09-28 07:11:13,267 INFO epoch 3 step 0/63 (  2%) loss 1.4244 acc 0.3281 lr 2.50e-04 eta 0:16
2026-09-28 07:11:21,336 INFO epoch 3 step 50/63 ( 81%) loss 1.3715 acc 0.3438 lr 2.49e-04 eta 0:01
2026-09-28 07:11:24,181 INFO epoch   3/29  train_loss 1.3677  val_loss 1.3363  acc 0.3681  bal 0.3681  kappa 0.1574  auroc 0.6421  eta 5:23  *best
2026-09-28 07:11:24,449 INFO epoch 4 step 0/63 (  2%) loss 1.2916 acc 0.3906 lr 2.49e-04 eta 0:16
2026-09-28 07:11:32,518 INFO epoch 4 step 50/63 ( 81%) loss 1.3347 acc 0.3661 lr 2.47e-04 eta 0:01
2026-09-28 07:11:35,065 INFO epoch   4/29  train_loss 1.3256  val_loss 1.4965  acc 0.3316  bal 0.3316  kappa 0.1088  auroc 0.6532  eta 5:02
2026-09-28 07:11:35,325 INFO epoch 5 step 0/63 (  2%) loss 1.2835 acc 0.4219 lr 2.47e-04 eta 0:15
2026-09-28 07:11:43,401 INFO epoch 5 step 50/63 ( 81%) loss 1.2850 acc 0.4017 lr 2.43e-04 eta 0:01
2026-09-28 07:11:46,246 INFO epoch   5/29  train_loss 1.2816  val_loss 1.3314  acc 0.3976  bal 0.3976  kappa 0.1968  auroc 0.6616  eta 4:47  *best
2026-09-28 07:11:46,513 INFO epoch 6 step 0/63 (  2%) loss 1.2686 acc 0.4844 lr 2.42e-04 eta 0:16
2026-09-28 07:11:54,585 INFO epoch 6 step 50/63 ( 81%) loss 1.2352 acc 0.4488 lr 2.38e-04 eta 0:01
2026-09-28 07:11:57,137 INFO epoch   6/29  train_loss 1.2356  val_loss 1.3455  acc 0.3819  bal 0.3819  kappa 0.1759  auroc 0.6485  eta 4:31
2026-09-28 07:11:57,395 INFO epoch 7 step 0/63 (  2%) loss 1.1590 acc 0.4844 lr 2.37e-04 eta 0:15
2026-09-28 07:12:05,469 INFO epoch 7 step 50/63 ( 81%) loss 1.1844 acc 0.5031 lr 2.31e-04 eta 0:01
2026-09-28 07:12:08,021 INFO epoch   7/29  train_loss 1.1806  val_loss 1.3770  acc 0.3889  bal 0.3889  kappa 0.1852  auroc 0.6399  eta 4:17
2026-09-28 07:12:08,282 INFO epoch 8 step 0/63 (  2%) loss 1.0200 acc 0.6406 lr 2.30e-04 eta 0:16
2026-09-28 07:12:16,368 INFO epoch 8 step 50/63 ( 81%) loss 1.0800 acc 0.5772 lr 2.23e-04 eta 0:01
2026-09-28 07:12:18,919 INFO epoch   8/29  train_loss 1.0740  val_loss 1.5040  acc 0.3889  bal 0.3889  kappa 0.1852  auroc 0.6458  eta 4:03
2026-09-28 07:12:19,175 INFO epoch 9 step 0/63 (  2%) loss 0.9237 acc 0.6719 lr 2.21e-04 eta 0:15
2026-09-28 07:12:27,258 INFO epoch 9 step 50/63 ( 81%) loss 0.9460 acc 0.6719 lr 2.13e-04 eta 0:01
2026-09-28 07:12:29,802 INFO epoch   9/29  train_loss 0.9483  val_loss 1.6663  acc 0.3750  bal 0.3750  kappa 0.1667  auroc 0.6262  eta 3:50
2026-09-28 07:12:30,081 INFO epoch 10 step 0/63 (  2%) loss 0.7247 acc 0.8125 lr 2.11e-04 eta 0:16
2026-09-28 07:12:38,152 INFO epoch 10 step 50/63 ( 81%) loss 0.7773 acc 0.7763 lr 2.02e-04 eta 0:01
2026-09-28 07:12:40,700 INFO epoch  10/29  train_loss 0.7736  val_loss 1.8097  acc 0.3733  bal 0.3733  kappa 0.1644  auroc 0.6174  eta 3:38
2026-09-28 07:12:40,966 INFO epoch 11 step 0/63 (  2%) loss 0.5810 acc 0.9219 lr 2.00e-04 eta 0:16
2026-09-28 07:12:49,036 INFO epoch 11 step 50/63 ( 81%) loss 0.6204 acc 0.8603 lr 1.90e-04 eta 0:01
2026-09-28 07:12:51,582 INFO epoch  11/29  train_loss 0.6246  val_loss 1.8089  acc 0.3958  bal 0.3958  kappa 0.1944  auroc 0.6265  eta 3:25
2026-09-28 07:12:51,849 INFO epoch 12 step 0/63 (  2%) loss 0.4419 acc 0.9844 lr 1.88e-04 eta 0:16
2026-09-28 07:12:59,918 INFO epoch 12 step 50/63 ( 81%) loss 0.5340 acc 0.9072 lr 1.78e-04 eta 0:01
2026-09-28 07:13:02,465 INFO epoch  12/29  train_loss 0.5428  val_loss 1.9424  acc 0.3542  bal 0.3542  kappa 0.1389  auroc 0.6261  eta 3:13
2026-09-28 07:13:02,734 INFO epoch 13 step 0/63 (  2%) loss 0.5240 acc 0.8906 lr 1.75e-04 eta 0:16
2026-09-28 07:13:10,826 INFO epoch 13 step 50/63 ( 81%) loss 0.4913 acc 0.9262 lr 1.64e-04 eta 0:01
2026-09-28 07:13:13,377 INFO epoch  13/29  train_loss 0.4913  val_loss 2.1565  acc 0.3403  bal 0.3403  kappa 0.1204  auroc 0.5883  eta 3:01
2026-09-28 07:13:13,644 INFO epoch 14 step 0/63 (  2%) loss 0.4116 acc 0.9688 lr 1.62e-04 eta 0:16
2026-09-28 07:13:21,729 INFO epoch 14 step 50/63 ( 81%) loss 0.4584 acc 0.9504 lr 1.50e-04 eta 0:01
2026-09-28 07:13:24,276 INFO epoch  14/29  train_loss 0.4553  val_loss 2.1085  acc 0.3646  bal 0.3646  kappa 0.1528  auroc 0.6036  eta 2:49
2026-09-28 07:13:24,541 INFO epoch 15 step 0/63 (  2%) loss 0.4074 acc 0.9688 lr 1.48e-04 eta 0:16
2026-09-28 07:13:32,628 INFO epoch 15 step 50/63 ( 81%) loss 0.4348 acc 0.9544 lr 1.36e-04 eta 0:01
2026-09-28 07:13:35,175 INFO epoch  15/29  train_loss 0.4322  val_loss 2.0984  acc 0.3715  bal 0.3715  kappa 0.1620  auroc 0.6126  eta 2:38
2026-09-28 07:13:35,443 INFO epoch 16 step 0/63 (  2%) loss 0.3848 acc 0.9688 lr 1.33e-04 eta 0:16
2026-09-28 07:13:43,520 INFO epoch 16 step 50/63 ( 81%) loss 0.4103 acc 0.9709 lr 1.22e-04 eta 0:01
2026-09-28 07:13:46,067 INFO epoch  16/29  train_loss 0.4236  val_loss 2.0868  acc 0.3524  bal 0.3524  kappa 0.1366  auroc 0.6143  eta 2:26
2026-09-28 07:13:46,333 INFO epoch 17 step 0/63 (  2%) loss 0.4329 acc 0.9688 lr 1.19e-04 eta 0:16
2026-09-28 07:13:54,408 INFO epoch 17 step 50/63 ( 81%) loss 0.4146 acc 0.9712 lr 1.07e-04 eta 0:01
2026-09-28 07:13:56,959 INFO epoch  17/29  train_loss 0.4222  val_loss 2.0838  acc 0.3576  bal 0.3576  kappa 0.1435  auroc 0.6064  eta 2:14
2026-09-28 07:13:57,222 INFO epoch 18 step 0/63 (  2%) loss 0.4167 acc 0.9844 lr 1.05e-04 eta 0:16
2026-09-28 07:14:05,362 INFO epoch 18 step 50/63 ( 81%) loss 0.3967 acc 0.9773 lr 9.34e-05 eta 0:01
2026-09-28 07:14:07,912 INFO epoch  18/29  train_loss 0.3983  val_loss 2.1334  acc 0.3785  bal 0.3785  kappa 0.1713  auroc 0.6118  eta 2:03
2026-09-28 07:14:08,181 INFO epoch 19 step 0/63 (  2%) loss 0.4392 acc 0.9531 lr 9.05e-05 eta 0:16
2026-09-28 07:14:16,251 INFO epoch 19 step 50/63 ( 81%) loss 0.3842 acc 0.9838 lr 7.98e-05 eta 0:01
2026-09-28 07:14:18,801 INFO epoch  19/29  train_loss 0.3862  val_loss 2.1973  acc 0.3733  bal 0.3733  kappa 0.1644  auroc 0.6030  eta 1:52
2026-09-28 07:14:19,069 INFO epoch 20 step 0/63 (  2%) loss 0.3670 acc 0.9844 lr 7.70e-05 eta 0:16
2026-09-28 07:14:27,140 INFO epoch 20 step 50/63 ( 81%) loss 0.3790 acc 0.9862 lr 6.68e-05 eta 0:01
2026-09-28 07:14:29,692 INFO epoch  20/29  train_loss 0.3771  val_loss 2.2799  acc 0.3420  bal 0.3420  kappa 0.1227  auroc 0.5954  eta 1:40
2026-09-28 07:14:29,953 INFO epoch 21 step 0/63 (  2%) loss 0.3933 acc 0.9688 lr 6.42e-05 eta 0:16
2026-09-28 07:14:38,027 INFO epoch 21 step 50/63 ( 81%) loss 0.3634 acc 0.9930 lr 5.46e-05 eta 0:01
2026-09-28 07:14:40,575 INFO epoch  21/29  train_loss 0.3646  val_loss 2.2547  acc 0.3507  bal 0.3507  kappa 0.1343  auroc 0.5887  eta 1:29
2026-09-28 07:14:40,833 INFO epoch 22 step 0/63 (  2%) loss 0.3986 acc 0.9844 lr 5.22e-05 eta 0:15
2026-09-28 07:14:48,904 INFO epoch 22 step 50/63 ( 81%) loss 0.3593 acc 0.9951 lr 4.33e-05 eta 0:01
2026-09-28 07:14:51,451 INFO epoch  22/29  train_loss 0.3588  val_loss 2.2665  acc 0.3559  bal 0.3559  kappa 0.1412  auroc 0.5954  eta 1:18
2026-09-28 07:14:51,708 INFO epoch 23 step 0/63 (  2%) loss 0.3499 acc 1.0000 lr 4.12e-05 eta 0:15
2026-09-28 07:14:59,797 INFO epoch 23 step 50/63 ( 81%) loss 0.3536 acc 0.9985 lr 3.32e-05 eta 0:01
2026-09-28 07:15:02,344 INFO epoch  23/29  train_loss 0.3536  val_loss 2.1981  acc 0.3750  bal 0.3750  kappa 0.1667  auroc 0.6128  eta 1:06
2026-09-28 07:15:02,604 INFO epoch 24 step 0/63 (  2%) loss 0.3496 acc 1.0000 lr 3.13e-05 eta 0:15
2026-09-28 07:15:10,676 INFO epoch 24 step 50/63 ( 81%) loss 0.3532 acc 0.9985 lr 2.44e-05 eta 0:01
2026-09-28 07:15:13,222 INFO epoch  24/29  train_loss 0.3533  val_loss 2.2704  acc 0.3576  bal 0.3576  kappa 0.1435  auroc 0.6134  eta 0:55
2026-09-28 07:15:13,480 INFO epoch 25 step 0/63 (  2%) loss 0.3496 acc 1.0000 lr 2.27e-05 eta 0:15
2026-09-28 07:15:21,557 INFO epoch 25 step 50/63 ( 81%) loss 0.3510 acc 0.9994 lr 1.69e-05 eta 0:01
2026-09-28 07:15:24,105 INFO epoch  25/29  train_loss 0.3515  val_loss 2.3078  acc 0.3299  bal 0.3299  kappa 0.1065  auroc 0.5937  eta 0:44
2026-09-28 07:15:24,363 INFO epoch 26 step 0/63 (  2%) loss 0.3494 acc 1.0000 lr 1.56e-05 eta 0:15
2026-09-28 07:15:32,429 INFO epoch 26 step 50/63 ( 81%) loss 0.3496 acc 1.0000 lr 1.09e-05 eta 0:01
2026-09-28 07:15:34,976 INFO epoch  26/29  train_loss 0.3503  val_loss 2.2761  acc 0.3542  bal 0.3542  kappa 0.1389  auroc 0.5995  eta 0:33
2026-09-28 07:15:35,235 INFO epoch 27 step 0/63 (  2%) loss 0.3495 acc 1.0000 lr 9.89e-06 eta 0:15
2026-09-28 07:15:43,302 INFO epoch 27 step 50/63 ( 81%) loss 0.3494 acc 1.0000 lr 6.50e-06 eta 0:01
2026-09-28 07:15:45,851 INFO epoch  27/29  train_loss 0.3495  val_loss 2.2802  acc 0.3542  bal 0.3542  kappa 0.1389  auroc 0.6018  eta 0:22
2026-09-28 07:15:46,110 INFO epoch 28 step 0/63 (  2%) loss 0.3493 acc 1.0000 lr 5.78e-06 eta 0:15
2026-09-28 07:15:54,179 INFO epoch 28 step 50/63 ( 81%) loss 0.3500 acc 0.9997 lr 3.69e-06 eta 0:01
2026-09-28 07:15:56,728 INFO epoch  28/29  train_loss 0.3499  val_loss 2.2843  acc 0.3455  bal 0.3455  kappa 0.1273  auroc 0.5923  eta 0:11
2026-09-28 07:15:56,988 INFO epoch 29 step 0/63 (  2%) loss 0.3495 acc 1.0000 lr 3.31e-06 eta 0:15
2026-09-28 07:16:05,059 INFO epoch 29 step 50/63 ( 81%) loss 0.3494 acc 1.0000 lr 2.53e-06 eta 0:01
2026-09-28 07:16:07,607 INFO epoch  29/29  train_loss 0.3494  val_loss 2.2800  acc 0.3611  bal 0.3611  kappa 0.1481  auroc 0.5947  eta 0:00
2026-09-28 07:16:07,838 INFO Loaded checkpoint: matched 177 tensors
2026-09-28 07:16:08,437 INFO TEST acc 0.2969 bal 0.2969 kappa 0.0625 wf1 0.2927 auroc 0.5989
──────────────────────────────────────────────────────────────────────────────
  bcic2a_f0_scratch  ·  TEST  ·  finetune/eeg_c1_bcic2a  ·  full fine-tune  ·  from scratch  ·  25,403,026 trainable
──────────────────────────────────────────────────────────────────────────────
  BalAcc   0.2969  ██████▌                            
  Kappa    0.0625  █▍                      chance 0.00
  AUROC    0.5989  ████▍                   chance 0.50
  W-F1     0.2927  ██████▌                            
  acc 0.2969   loss 1.3873
──────────────────────────────────────────────────────────────────────────────
2026-09-28 07:16:08,440 INFO outputs in /leonardo_scratch/fast/IscrB_WearUsFM/yanlchen/runs/eegpt_bench/bcic2a_f0_scratch
Done. /leonardo_scratch/fast/IscrB_WearUsFM/yanlchen/runs/eegpt_bench/bcic2a_f0_scratch/results.json  (the 'test' block is the number to report)
