split /leonardo_scratch/large/userexternal/ychen003/bio/eeg/eegpt_bench/bcic2b_f0_pretrain-v1 exists
============================================================
  EEGPT benchmark  bcic2b  fold 0  mode scratch
  data     /leonardo_scratch/large/userexternal/ychen003/bio/eeg/eegpt_bench/bcic2b_f0_pretrain-v1  (preprocessing pretrain-v1)
  encoder  <none: random initialisation>
  output   /leonardo_scratch/fast/IscrB_WearUsFM/yanlchen/runs/eegpt_bench/bcic2b_f0_scratch_sw_base
============================================================
2026-09-28 10:01:09,030 INFO hyper-parameters (cli > config train: > builtin):
2026-09-28 10:01:09,030 INFO     epochs           30          [config:finetune/eeg_c1_bcic2b]
2026-09-28 10:01:09,030 INFO     batch_size       64          [config:finetune/eeg_c1_bcic2b]
2026-09-28 10:01:09,030 INFO     lr               0.00025     [cli]
2026-09-28 10:01:09,030 INFO     weight_decay     0.01        [config:finetune/eeg_c1_bcic2b]
2026-09-28 10:01:09,030 INFO     warmup_epochs    5           [builtin]
2026-09-28 10:01:09,030 INFO     warmup_ratio     0.1         [config:finetune/eeg_c1_bcic2b]
2026-09-28 10:01:09,030 INFO     grad_clip        1.0         [config:finetune/eeg_c1_bcic2b]
2026-09-28 10:01:09,030 INFO     label_smoothing  0.1         [config:finetune/eeg_c1_bcic2b]
2026-09-28 10:01:09,030 INFO     min_lr_ratio     0.01        [config:finetune/eeg_c1_bcic2b]
2026-09-28 10:01:09,030 INFO     precision        bf16        [config:finetune/eeg_c1_bcic2b]
2026-09-28 10:01:09,030 INFO     select_by        auroc       [config:finetune/eeg_c1_bcic2b]
2026-09-28 10:01:09,030 INFO     patience         0           [builtin]
2026-09-28 10:01:09,030 INFO     min_delta        0.0         [builtin]
2026-09-28 10:01:09,030 INFO     encoder_lr_scale 1.0         [builtin]
2026-09-28 10:01:09,030 INFO loading /leonardo_scratch/large/userexternal/ychen003/bio/eeg/eegpt_bench/bcic2b_f0_pretrain-v1 into memory on each of 1 rank(s): train.h5 0.06 GiB val.h5 0.01 GiB test.h5 0.01 GiB
2026-09-28 10:01:09,463 INFO train 5080 windows, 3 channels, 1024 samples/window
2026-09-28 10:01:09,463 INFO class counts: [2540, 2540]
2026-09-28 10:01:09,463 INFO EEG C1 downstream: 3 channels at 256.0 Hz, 1024-sample windows, 64-sample patches, route <its own frontend>
2026-09-28 10:01:10,172 INFO Building the EEG C1 downstream model with {'patch_samples': 64, 'pool': 'mean', 'head_dropout': 0.1, 'in_channels': 3, 'window_samples': 1024, 'channel_names': ['C3', 'Cz', 'C4'], 'sampling_rate': 256.0, 'num_classes': 2, 'embed_dim': 512, 'depth': 8, 'num_heads': 8, 'mlp_ratio': 4.0, 'dropout': 0.1, 'norm': 'rmsnorm', 'ffn': 'swiglu', 'qk_norm': True, 'channel_encoding': 'id', 'channel_embed_dim': 64, 'max_level': 3, 'wave_kernel_size': 16, 'wavelet_names': ['sym4', 'sym5', 'db6', 'sym8', 'db8'], 'wave_init_mode': 'pad', 'use_separate_channel': True, 'fold_synthesis': 3, 'fold_gamma': 0.1}
2026-09-28 10:01:10,191 INFO MultiHeadGate: 3 channels is not divisible by 4 heads; using 3.
2026-09-28 10:01:10,334 INFO EEG C1 downstream: NO pretrained weights (the from-scratch control)
2026-09-28 10:01:10,545 INFO model 25.32 M parameters (25,320,148 trainable, 100.0%)
/leonardo/prod/opt/libraries/cineca-ai/4.3.0/none/cineca-ai-env/lib/python3.11/site-packages/transformers/utils/generic.py:462: UserWarning: torch.utils._pytree._register_pytree_node is deprecated. Please use torch.utils._pytree.register_pytree_node instead.
  _torch_pytree._register_pytree_node(
/leonardo/prod/opt/libraries/cineca-ai/4.3.0/none/cineca-ai-env/lib/python3.11/site-packages/transformers/utils/hub.py:124: FutureWarning: Using `TRANSFORMERS_CACHE` is deprecated and will be removed in v5 of Transformers. Use `HF_HOME` instead.
  warnings.warn(
2026-09-28 10:01:26,308 INFO schedule: 80 steps/epoch, 2400 total, 240 warmup (10%), lr 2.50e-04 -> 2.50e-06
2026-09-28 10:01:26,308 INFO selection: best.pth follows val auroc; no early stop, so this runs all 30 epochs (--patience N to stop sooner)
2026-09-28 10:01:28,997 INFO epoch 0 step 0/80 (  1%) loss 0.7447 acc 0.4219 lr 2.08e-06 eta 3:32
2026-09-28 10:01:32,322 INFO epoch 0 step 50/80 ( 64%) loss 0.7274 acc 0.5003 lr 5.42e-05 eta 0:03
2026-09-28 10:01:46,181 INFO epoch   0/29  train_loss 0.7242  val_loss 0.6967  acc 0.4986  bal 0.4986  kappa -0.0028  auroc 0.4890  eta 9:36  *best
2026-09-28 10:01:46,343 INFO epoch 1 step 0/80 (  1%) loss 0.6762 acc 0.5000 lr 8.54e-05 eta 0:12
2026-09-28 10:01:49,840 INFO epoch 1 step 50/80 ( 64%) loss 0.7619 acc 0.5086 lr 1.38e-04 eta 0:02
2026-09-28 10:01:52,668 INFO epoch   1/29  train_loss 0.7421  val_loss 0.7424  acc 0.5000  bal 0.5000  kappa 0.0000  auroc 0.5249  eta 6:09  *best
2026-09-28 10:01:52,836 INFO epoch 2 step 0/80 (  1%) loss 0.7174 acc 0.5469 lr 1.69e-04 eta 0:12
2026-09-28 10:01:56,336 INFO epoch 2 step 50/80 ( 64%) loss 0.6940 acc 0.5499 lr 2.21e-04 eta 0:02
2026-09-28 10:01:59,104 INFO epoch   2/29  train_loss 0.6830  val_loss 0.7075  acc 0.5347  bal 0.5347  kappa 0.0694  auroc 0.6532  eta 4:55  *best
2026-09-28 10:01:59,261 INFO epoch 3 step 0/80 (  1%) loss 0.7130 acc 0.5312 lr 2.50e-04 eta 0:12
2026-09-28 10:02:02,763 INFO epoch 3 step 50/80 ( 64%) loss 0.6350 acc 0.6569 lr 2.50e-04 eta 0:02
2026-09-28 10:02:05,599 INFO epoch   3/29  train_loss 0.6351  val_loss 0.7259  acc 0.6097  bal 0.6097  kappa 0.2194  auroc 0.7098  eta 4:15  *best
2026-09-28 10:02:05,766 INFO epoch 4 step 0/80 (  1%) loss 0.6484 acc 0.6406 lr 2.49e-04 eta 0:12
2026-09-28 10:02:09,303 INFO epoch 4 step 50/80 ( 64%) loss 0.5806 acc 0.7267 lr 2.48e-04 eta 0:02
2026-09-28 10:02:12,094 INFO epoch   4/29  train_loss 0.5710  val_loss 0.6762  acc 0.6528  bal 0.6528  kappa 0.3056  auroc 0.7109  eta 3:48  *best
2026-09-28 10:02:12,256 INFO epoch 5 step 0/80 (  1%) loss 0.6039 acc 0.7031 lr 2.47e-04 eta 0:12
2026-09-28 10:02:15,790 INFO epoch 5 step 50/80 ( 64%) loss 0.5494 acc 0.7558 lr 2.44e-04 eta 0:02
2026-09-28 10:02:18,587 INFO epoch   5/29  train_loss 0.5505  val_loss 0.6772  acc 0.6083  bal 0.6083  kappa 0.2167  auroc 0.7390  eta 3:29  *best
2026-09-28 10:02:18,745 INFO epoch 6 step 0/80 (  1%) loss 0.4949 acc 0.8750 lr 2.42e-04 eta 0:12
2026-09-28 10:02:22,254 INFO epoch 6 step 50/80 ( 64%) loss 0.5150 acc 0.7834 lr 2.39e-04 eta 0:02
2026-09-28 10:02:24,741 INFO epoch   6/29  train_loss 0.5121  val_loss 0.6768  acc 0.6278  bal 0.6278  kappa 0.2556  auroc 0.7188  eta 3:11
2026-09-28 10:02:24,898 INFO epoch 7 step 0/80 (  1%) loss 0.4943 acc 0.7812 lr 2.37e-04 eta 0:12
2026-09-28 10:02:28,398 INFO epoch 7 step 50/80 ( 64%) loss 0.4843 acc 0.8006 lr 2.32e-04 eta 0:02
2026-09-28 10:02:30,862 INFO epoch   7/29  train_loss 0.4823  val_loss 0.7001  acc 0.6375  bal 0.6375  kappa 0.2750  auroc 0.7278  eta 2:57
2026-09-28 10:02:31,020 INFO epoch 8 step 0/80 (  1%) loss 0.4800 acc 0.8125 lr 2.30e-04 eta 0:12
2026-09-28 10:02:34,529 INFO epoch 8 step 50/80 ( 64%) loss 0.4872 acc 0.8051 lr 2.24e-04 eta 0:02
2026-09-28 10:02:36,981 INFO epoch   8/29  train_loss 0.4807  val_loss 0.7168  acc 0.6750  bal 0.6750  kappa 0.3500  auroc 0.7320  eta 2:44
2026-09-28 10:02:37,136 INFO epoch 9 step 0/80 (  1%) loss 0.3948 acc 0.8594 lr 2.21e-04 eta 0:12
2026-09-28 10:02:40,688 INFO epoch 9 step 50/80 ( 64%) loss 0.4399 acc 0.8404 lr 2.15e-04 eta 0:02
2026-09-28 10:02:43,164 INFO epoch   9/29  train_loss 0.4440  val_loss 0.7515  acc 0.6389  bal 0.6389  kappa 0.2778  auroc 0.7358  eta 2:33
2026-09-28 10:02:43,314 INFO epoch 10 step 0/80 (  1%) loss 0.3661 acc 0.8750 lr 2.11e-04 eta 0:11
2026-09-28 10:02:46,826 INFO epoch 10 step 50/80 ( 64%) loss 0.4031 acc 0.8676 lr 2.04e-04 eta 0:02
2026-09-28 10:02:49,662 INFO epoch  10/29  train_loss 0.4057  val_loss 0.7212  acc 0.6736  bal 0.6736  kappa 0.3472  auroc 0.7394  eta 2:23  *best
2026-09-28 10:02:49,826 INFO epoch 11 step 0/80 (  1%) loss 0.3461 acc 0.9062 lr 2.00e-04 eta 0:12
2026-09-28 10:02:53,359 INFO epoch 11 step 50/80 ( 64%) loss 0.3907 acc 0.8778 lr 1.93e-04 eta 0:02
2026-09-28 10:02:55,845 INFO epoch  11/29  train_loss 0.3815  val_loss 0.7513  acc 0.6417  bal 0.6417  kappa 0.2833  auroc 0.7197  eta 2:14
2026-09-28 10:02:55,999 INFO epoch 12 step 0/80 (  1%) loss 0.3702 acc 0.9062 lr 1.88e-04 eta 0:11
2026-09-28 10:02:59,521 INFO epoch 12 step 50/80 ( 64%) loss 0.3502 acc 0.9029 lr 1.80e-04 eta 0:02
2026-09-28 10:03:02,303 INFO epoch  12/29  train_loss 0.3463  val_loss 0.7489  acc 0.6722  bal 0.6722  kappa 0.3444  auroc 0.7402  eta 2:05  *best
2026-09-28 10:03:02,460 INFO epoch 13 step 0/80 (  1%) loss 0.2771 acc 0.9531 lr 1.75e-04 eta 0:12
2026-09-28 10:03:05,996 INFO epoch 13 step 50/80 ( 64%) loss 0.3174 acc 0.9283 lr 1.67e-04 eta 0:02
2026-09-28 10:03:08,486 INFO epoch  13/29  train_loss 0.3237  val_loss 0.7702  acc 0.6528  bal 0.6528  kappa 0.3056  auroc 0.7235  eta 1:56
2026-09-28 10:03:08,639 INFO epoch 14 step 0/80 (  1%) loss 0.2677 acc 0.9688 lr 1.62e-04 eta 0:11
2026-09-28 10:03:12,157 INFO epoch 14 step 50/80 ( 64%) loss 0.3093 acc 0.9357 lr 1.53e-04 eta 0:02
2026-09-28 10:03:14,648 INFO epoch  14/29  train_loss 0.3047  val_loss 0.8606  acc 0.6583  bal 0.6583  kappa 0.3167  auroc 0.7209  eta 1:48
2026-09-28 10:03:14,800 INFO epoch 15 step 0/80 (  1%) loss 0.2478 acc 0.9844 lr 1.48e-04 eta 0:11
2026-09-28 10:03:18,333 INFO epoch 15 step 50/80 ( 64%) loss 0.2791 acc 0.9516 lr 1.39e-04 eta 0:02
2026-09-28 10:03:20,832 INFO epoch  15/29  train_loss 0.2765  val_loss 0.9257  acc 0.6597  bal 0.6597  kappa 0.3194  auroc 0.7264  eta 1:40
2026-09-28 10:03:20,988 INFO epoch 16 step 0/80 (  1%) loss 0.2337 acc 0.9688 lr 1.33e-04 eta 0:12
2026-09-28 10:03:24,488 INFO epoch 16 step 50/80 ( 64%) loss 0.2518 acc 0.9715 lr 1.24e-04 eta 0:02
2026-09-28 10:03:26,973 INFO epoch  16/29  train_loss 0.2603  val_loss 0.9619  acc 0.6389  bal 0.6389  kappa 0.2778  auroc 0.7118  eta 1:32
2026-09-28 10:03:27,219 INFO epoch 17 step 0/80 (  1%) loss 0.2198 acc 1.0000 lr 1.19e-04 eta 0:19
2026-09-28 10:03:30,706 INFO epoch 17 step 50/80 ( 64%) loss 0.2394 acc 0.9782 lr 1.10e-04 eta 0:02
2026-09-28 10:03:33,190 INFO epoch  17/29  train_loss 0.2434  val_loss 0.9497  acc 0.6444  bal 0.6444  kappa 0.2889  auroc 0.7219  eta 1:24
2026-09-28 10:03:33,345 INFO epoch 18 step 0/80 (  1%) loss 0.2188 acc 0.9844 lr 1.05e-04 eta 0:12
2026-09-28 10:03:36,867 INFO epoch 18 step 50/80 ( 64%) loss 0.2275 acc 0.9844 lr 9.58e-05 eta 0:02
2026-09-28 10:03:39,348 INFO epoch  18/29  train_loss 0.2327  val_loss 0.9954  acc 0.6486  bal 0.6486  kappa 0.2972  auroc 0.7143  eta 1:17
2026-09-28 10:03:39,500 INFO epoch 19 step 0/80 (  1%) loss 0.2731 acc 0.9531 lr 9.06e-05 eta 0:11
2026-09-28 10:03:42,967 INFO epoch 19 step 50/80 ( 64%) loss 0.2229 acc 0.9874 lr 8.21e-05 eta 0:02
2026-09-28 10:03:45,421 INFO epoch  19/29  train_loss 0.2265  val_loss 1.0428  acc 0.6431  bal 0.6431  kappa 0.2861  auroc 0.7116  eta 1:09
2026-09-28 10:03:45,572 INFO epoch 20 step 0/80 (  1%) loss 0.2077 acc 1.0000 lr 7.71e-05 eta 0:11
2026-09-28 10:03:49,057 INFO epoch 20 step 50/80 ( 64%) loss 0.2215 acc 0.9874 lr 6.89e-05 eta 0:02
2026-09-28 10:03:51,517 INFO epoch  20/29  train_loss 0.2189  val_loss 0.9971  acc 0.6403  bal 0.6403  kappa 0.2806  auroc 0.7010  eta 1:02
2026-09-28 10:03:51,669 INFO epoch 21 step 0/80 (  1%) loss 0.2139 acc 1.0000 lr 6.42e-05 eta 0:11
2026-09-28 10:03:55,205 INFO epoch 21 step 50/80 ( 64%) loss 0.2104 acc 0.9942 lr 5.66e-05 eta 0:02
2026-09-28 10:03:57,692 INFO epoch  21/29  train_loss 0.2102  val_loss 1.0263  acc 0.6472  bal 0.6472  kappa 0.2944  auroc 0.7214  eta 0:55
2026-09-28 10:03:57,847 INFO epoch 22 step 0/80 (  1%) loss 0.1996 acc 1.0000 lr 5.22e-05 eta 0:12
2026-09-28 10:04:01,386 INFO epoch 22 step 50/80 ( 64%) loss 0.2088 acc 0.9948 lr 4.52e-05 eta 0:02
2026-09-28 10:04:03,887 INFO epoch  22/29  train_loss 0.2089  val_loss 1.0019  acc 0.6597  bal 0.6597  kappa 0.3194  auroc 0.7184  eta 0:47
2026-09-28 10:04:04,041 INFO epoch 23 step 0/80 (  1%) loss 0.2010 acc 1.0000 lr 4.12e-05 eta 0:11
2026-09-28 10:04:07,568 INFO epoch 23 step 50/80 ( 64%) loss 0.2062 acc 0.9957 lr 3.49e-05 eta 0:02
2026-09-28 10:04:10,065 INFO epoch  23/29  train_loss 0.2049  val_loss 1.0672  acc 0.6417  bal 0.6417  kappa 0.2833  auroc 0.6919  eta 0:40
2026-09-28 10:04:10,219 INFO epoch 24 step 0/80 (  1%) loss 0.2356 acc 0.9844 lr 3.13e-05 eta 0:11
2026-09-28 10:04:13,739 INFO epoch 24 step 50/80 ( 64%) loss 0.2043 acc 0.9972 lr 2.58e-05 eta 0:02
2026-09-28 10:04:16,233 INFO epoch  24/29  train_loss 0.2037  val_loss 1.0432  acc 0.6528  bal 0.6528  kappa 0.3056  auroc 0.7124  eta 0:33
2026-09-28 10:04:16,386 INFO epoch 25 step 0/80 (  1%) loss 0.2067 acc 0.9844 lr 2.28e-05 eta 0:11
2026-09-28 10:04:19,920 INFO epoch 25 step 50/80 ( 64%) loss 0.1995 acc 0.9994 lr 1.81e-05 eta 0:02
2026-09-28 10:04:22,403 INFO epoch  25/29  train_loss 0.2000  val_loss 1.0687  acc 0.6500  bal 0.6500  kappa 0.3000  auroc 0.7003  eta 0:27
2026-09-28 10:04:22,557 INFO epoch 26 step 0/80 (  1%) loss 0.1988 acc 1.0000 lr 1.56e-05 eta 0:11
2026-09-28 10:04:26,090 INFO epoch 26 step 50/80 ( 64%) loss 0.1998 acc 0.9997 lr 1.19e-05 eta 0:02
2026-09-28 10:04:28,589 INFO epoch  26/29  train_loss 0.1994  val_loss 1.0758  acc 0.6403  bal 0.6403  kappa 0.2806  auroc 0.6983  eta 0:20
2026-09-28 10:04:28,745 INFO epoch 27 step 0/80 (  1%) loss 0.1987 acc 1.0000 lr 9.90e-06 eta 0:12
2026-09-28 10:04:32,252 INFO epoch 27 step 50/80 ( 64%) loss 0.1995 acc 0.9997 lr 7.15e-06 eta 0:02
2026-09-28 10:04:34,736 INFO epoch  27/29  train_loss 0.1992  val_loss 1.0761  acc 0.6472  bal 0.6472  kappa 0.2944  auroc 0.7018  eta 0:13
2026-09-28 10:04:34,890 INFO epoch 28 step 0/80 (  1%) loss 0.1990 acc 1.0000 lr 5.79e-06 eta 0:11
2026-09-28 10:04:38,393 INFO epoch 28 step 50/80 ( 64%) loss 0.1996 acc 0.9997 lr 4.05e-06 eta 0:02
2026-09-28 10:04:40,885 INFO epoch  28/29  train_loss 0.1993  val_loss 1.0789  acc 0.6458  bal 0.6458  kappa 0.2917  auroc 0.7008  eta 0:06
2026-09-28 10:04:41,040 INFO epoch 29 step 0/80 (  1%) loss 0.1986 acc 1.0000 lr 3.32e-06 eta 0:11
2026-09-28 10:04:44,562 INFO epoch 29 step 50/80 ( 64%) loss 0.1987 acc 1.0000 lr 2.61e-06 eta 0:02
2026-09-28 10:04:47,088 INFO epoch  29/29  train_loss 0.1992  val_loss 1.0979  acc 0.6361  bal 0.6361  kappa 0.2722  auroc 0.6998  eta 0:00
2026-09-28 10:04:47,330 INFO Loaded checkpoint: matched 177 tensors
2026-09-28 10:04:47,742 INFO TEST acc 0.6458 bal 0.6458 kappa 0.2917 wf1 0.6286 auroc 0.7322
──────────────────────────────────────────────────────────────────────────────
  bcic2b_f0_scratch_sw_base  ·  TEST  ·  finetune/eeg_c1_bcic2b  ·  full fine-tune  ·  from scratch  ·  25,320,148 trainable
──────────────────────────────────────────────────────────────────────────────
  BalAcc   0.6458  ██████████████▎                    
  Kappa    0.2917  ██████▍                 chance 0.00
  AUROC    0.7322  ██████████▎             chance 0.50
  W-F1     0.6286  █████████████▉                     
  acc 0.6458   loss 0.7983
──────────────────────────────────────────────────────────────────────────────
2026-09-28 10:04:47,744 INFO outputs in /leonardo_scratch/fast/IscrB_WearUsFM/yanlchen/runs/eegpt_bench/bcic2b_f0_scratch_sw_base
Done. /leonardo_scratch/fast/IscrB_WearUsFM/yanlchen/runs/eegpt_bench/bcic2b_f0_scratch_sw_base/results.json  (the 'test' block is the number to report)
