split /leonardo_scratch/large/userexternal/ychen003/bio/eeg/eegpt_bench/bcic2a_f0_pretrain-v1 exists
exporting the encoder from /leonardo_scratch/fast/IscrB_WearUsFM/yanlchen/runs/pretrain_eeg_c1_moe/best.pth
exported encoder (no route) from /leonardo_scratch/fast/IscrB_WearUsFM/yanlchen/runs/pretrain_eeg_c1_moe/best.pth
  95 tensors, 25,279,489 parameters -> /leonardo_scratch/fast/IscrB_WearUsFM/yanlchen/runs/eegpt_bench/bcic2a_f0_ft_sw_enc005/encoder.pth
  frontend     excluded -- downstream builds its own; pass --route to include one
  vocab sha    596f2711269e47b2
  decoder      excluded (pretraining head)
============================================================
  EEGPT benchmark  bcic2a  fold 0  mode ft
  data     /leonardo_scratch/large/userexternal/ychen003/bio/eeg/eegpt_bench/bcic2a_f0_pretrain-v1  (preprocessing pretrain-v1)
  encoder  /leonardo_scratch/fast/IscrB_WearUsFM/yanlchen/runs/eegpt_bench/bcic2a_f0_ft_sw_enc005/encoder.pth
  output   /leonardo_scratch/fast/IscrB_WearUsFM/yanlchen/runs/eegpt_bench/bcic2a_f0_ft_sw_enc005
============================================================
2026-09-28 10:13:10,782 INFO hyper-parameters (cli > config train: > builtin):
2026-09-28 10:13:10,782 INFO     epochs           30          [config:finetune/eeg_c1_bcic2a]
2026-09-28 10:13:10,782 INFO     batch_size       64          [config:finetune/eeg_c1_bcic2a]
2026-09-28 10:13:10,782 INFO     lr               0.001       [cli]
2026-09-28 10:13:10,782 INFO     weight_decay     0.01        [config:finetune/eeg_c1_bcic2a]
2026-09-28 10:13:10,782 INFO     warmup_epochs    5           [builtin]
2026-09-28 10:13:10,782 INFO     warmup_ratio     0.1         [config:finetune/eeg_c1_bcic2a]
2026-09-28 10:13:10,782 INFO     grad_clip        1.0         [config:finetune/eeg_c1_bcic2a]
2026-09-28 10:13:10,782 INFO     label_smoothing  0.1         [config:finetune/eeg_c1_bcic2a]
2026-09-28 10:13:10,782 INFO     min_lr_ratio     0.01        [config:finetune/eeg_c1_bcic2a]
2026-09-28 10:13:10,782 INFO     precision        bf16        [config:finetune/eeg_c1_bcic2a]
2026-09-28 10:13:10,782 INFO     select_by        kappa       [config:finetune/eeg_c1_bcic2a]
2026-09-28 10:13:10,782 INFO     patience         0           [builtin]
2026-09-28 10:13:10,782 INFO     min_delta        0.0         [builtin]
2026-09-28 10:13:10,782 INFO     encoder_lr_scale 0.05        [cli]
2026-09-28 10:13:10,782 INFO loading /leonardo_scratch/large/userexternal/ychen003/bio/eeg/eegpt_bench/bcic2a_f0_pretrain-v1 into memory on each of 1 rank(s): train.h5 0.34 GiB val.h5 0.05 GiB test.h5 0.05 GiB
2026-09-28 10:13:11,029 INFO train 4032 windows, 22 channels, 1024 samples/window
2026-09-28 10:13:11,029 INFO class counts: [1008, 1008, 1008, 1008]
2026-09-28 10:13:11,029 INFO EEG C1 downstream: 22 channels at 256.0 Hz, 1024-sample windows, 64-sample patches, route <its own frontend>
2026-09-28 10:13:11,055 INFO Building the EEG C1 downstream model with {'patch_samples': 64, 'pool': 'mean', 'head_dropout': 0.1, 'in_channels': 22, 'window_samples': 1024, 'channel_names': ['Fz', 'FC3', 'FC1', 'FCz', 'FC2', 'FC4', 'C5', 'C3', 'C1', 'Cz', 'C2', 'C4', 'C6', 'CP3', 'CP1', 'CPz', 'CP2', 'CP4', 'P1', 'Pz', 'P2', 'POz'], 'sampling_rate': 256.0, 'num_classes': 4, 'embed_dim': 512, 'depth': 8, 'num_heads': 8, 'mlp_ratio': 4.0, 'dropout': 0.1, 'norm': 'rmsnorm', 'ffn': 'swiglu', 'qk_norm': True, 'channel_encoding': 'id', 'channel_embed_dim': 64, 'max_level': 3, 'wave_kernel_size': 16, 'wavelet_names': ['sym4', 'sym5', 'db6', 'sym8', 'db8'], 'wave_init_mode': 'pad', 'use_separate_channel': True, 'fold_synthesis': 3, 'fold_gamma': 0.1}
2026-09-28 10:13:11,059 INFO MultiHeadGate: 22 channels is not divisible by 4 heads; using 2.
2026-09-28 10:13:11,278 INFO loaded: transformer 89, channel encoder 5, gate yes, frontend 0, patcher 0 <- /leonardo_scratch/fast/IscrB_WearUsFM/yanlchen/runs/eegpt_bench/bcic2a_f0_ft_sw_enc005/encoder.pth
2026-09-28 10:13:11,408 INFO model 25.40 M parameters (25,403,026 trainable, 100.0%)
/leonardo/prod/opt/libraries/cineca-ai/4.3.0/none/cineca-ai-env/lib/python3.11/site-packages/transformers/utils/generic.py:462: UserWarning: torch.utils._pytree._register_pytree_node is deprecated. Please use torch.utils._pytree.register_pytree_node instead.
  _torch_pytree._register_pytree_node(
/leonardo/prod/opt/libraries/cineca-ai/4.3.0/none/cineca-ai-env/lib/python3.11/site-packages/transformers/utils/hub.py:124: FutureWarning: Using `TRANSFORMERS_CACHE` is deprecated and will be removed in v5 of Transformers. Use `HF_HOME` instead.
  warnings.warn(
2026-09-28 10:13:12,534 INFO encoder lr 5.00e-05 (x0.05) on 25,279,489 params; the rest at 1.00e-03
2026-09-28 10:13:12,534 INFO schedule: 63 steps/epoch, 1890 total, 189 warmup (10%), lr 1.00e-03 -> 1.00e-05
2026-09-28 10:13:12,534 INFO selection: best.pth follows val kappa; no early stop, so this runs all 30 epochs (--patience N to stop sooner)
2026-09-28 10:13:13,604 INFO epoch 0 step 0/63 (  2%) loss 1.4873 acc 0.2500 lr 5.29e-07 eta 1:06
2026-09-28 10:13:22,017 INFO epoch 0 step 50/63 ( 81%) loss 1.4162 acc 0.2460 lr 1.38e-05 eta 0:02
2026-09-28 10:13:25,386 INFO epoch   0/29  train_loss 1.4182  val_loss 1.3843  acc 0.2691  bal 0.2691  kappa 0.0255  auroc 0.5683  eta 6:12  *best
2026-09-28 10:13:25,673 INFO epoch 1 step 0/63 (  2%) loss 1.3809 acc 0.3438 lr 1.72e-05 eta 0:17
2026-09-28 10:13:33,833 INFO epoch 1 step 50/63 ( 81%) loss 1.4002 acc 0.2907 lr 3.04e-05 eta 0:01
2026-09-28 10:13:36,828 INFO epoch   1/29  train_loss 1.4032  val_loss 1.3828  acc 0.2899  bal 0.2899  kappa 0.0532  auroc 0.5815  eta 5:40  *best
2026-09-28 10:13:37,118 INFO epoch 2 step 0/63 (  2%) loss 1.4171 acc 0.1875 lr 3.39e-05 eta 0:17
2026-09-28 10:13:45,294 INFO epoch 2 step 50/63 ( 81%) loss 1.4057 acc 0.3018 lr 4.71e-05 eta 0:01
2026-09-28 10:13:47,939 INFO epoch   2/29  train_loss 1.4096  val_loss 1.3848  acc 0.2587  bal 0.2587  kappa 0.0116  auroc 0.5921  eta 5:18
2026-09-28 10:13:48,218 INFO epoch 3 step 0/63 (  2%) loss 1.3591 acc 0.3281 lr 5.00e-05 eta 0:17
2026-09-28 10:13:56,422 INFO epoch 3 step 50/63 ( 81%) loss 1.3745 acc 0.3260 lr 4.99e-05 eta 0:01
2026-09-28 10:13:59,351 INFO epoch   3/29  train_loss 1.3698  val_loss 1.3430  acc 0.3837  bal 0.3837  kappa 0.1782  auroc 0.6299  eta 5:04  *best
2026-09-28 10:13:59,630 INFO epoch 4 step 0/63 (  2%) loss 1.2958 acc 0.4531 lr 4.98e-05 eta 0:17
2026-09-28 10:14:07,803 INFO epoch 4 step 50/63 ( 81%) loss 1.2989 acc 0.4047 lr 4.95e-05 eta 0:01
2026-09-28 10:14:10,448 INFO epoch   4/29  train_loss 1.2914  val_loss 1.4576  acc 0.3681  bal 0.3681  kappa 0.1574  auroc 0.6449  eta 4:49
2026-09-28 10:14:10,736 INFO epoch 5 step 0/63 (  2%) loss 1.2382 acc 0.4375 lr 4.93e-05 eta 0:17
2026-09-28 10:14:18,922 INFO epoch 5 step 50/63 ( 81%) loss 1.2420 acc 0.4442 lr 4.87e-05 eta 0:01
2026-09-28 10:14:21,860 INFO epoch   5/29  train_loss 1.2459  val_loss 1.3421  acc 0.4045  bal 0.4045  kappa 0.2060  auroc 0.6617  eta 4:37  *best
2026-09-28 10:14:22,155 INFO epoch 6 step 0/63 (  2%) loss 1.2384 acc 0.4844 lr 4.85e-05 eta 0:18
2026-09-28 10:14:30,361 INFO epoch 6 step 50/63 ( 81%) loss 1.1795 acc 0.5000 lr 4.76e-05 eta 0:01
2026-09-28 10:14:33,008 INFO epoch   6/29  train_loss 1.1858  val_loss 1.3711  acc 0.3611  bal 0.3611  kappa 0.1481  auroc 0.6446  eta 4:24
2026-09-28 10:14:33,292 INFO epoch 7 step 0/63 (  2%) loss 1.1136 acc 0.5000 lr 4.73e-05 eta 0:17
2026-09-28 10:14:41,513 INFO epoch 7 step 50/63 ( 81%) loss 1.0960 acc 0.5650 lr 4.62e-05 eta 0:02
2026-09-28 10:14:44,140 INFO epoch   7/29  train_loss 1.0938  val_loss 1.4682  acc 0.3819  bal 0.3819  kappa 0.1759  auroc 0.6288  eta 4:11
2026-09-28 10:14:44,444 INFO epoch 8 step 0/63 (  2%) loss 0.9139 acc 0.7500 lr 4.59e-05 eta 0:18
2026-09-28 10:14:52,629 INFO epoch 8 step 50/63 ( 81%) loss 0.9652 acc 0.6676 lr 4.46e-05 eta 0:01
2026-09-28 10:14:55,303 INFO epoch   8/29  train_loss 0.9580  val_loss 1.6102  acc 0.3628  bal 0.3628  kappa 0.1505  auroc 0.6283  eta 3:59
2026-09-28 10:14:55,591 INFO epoch 9 step 0/63 (  2%) loss 0.7386 acc 0.8125 lr 4.42e-05 eta 0:17
2026-09-28 10:15:03,749 INFO epoch 9 step 50/63 ( 81%) loss 0.7784 acc 0.7858 lr 4.26e-05 eta 0:01
2026-09-28 10:15:06,447 INFO epoch   9/29  train_loss 0.7799  val_loss 1.7092  acc 0.3993  bal 0.3993  kappa 0.1991  auroc 0.6312  eta 3:47
2026-09-28 10:15:06,730 INFO epoch 10 step 0/63 (  2%) loss 0.6112 acc 0.8750 lr 4.22e-05 eta 0:17
2026-09-28 10:15:15,207 INFO epoch 10 step 50/63 ( 81%) loss 0.6261 acc 0.8768 lr 4.05e-05 eta 0:02
2026-09-28 10:15:17,865 INFO epoch  10/29  train_loss 0.6232  val_loss 2.0041  acc 0.3628  bal 0.3628  kappa 0.1505  auroc 0.6139  eta 3:36
2026-09-28 10:15:18,152 INFO epoch 11 step 0/63 (  2%) loss 0.5064 acc 0.9219 lr 4.00e-05 eta 0:17
2026-09-28 10:15:26,316 INFO epoch 11 step 50/63 ( 81%) loss 0.5119 acc 0.9439 lr 3.81e-05 eta 0:01
2026-09-28 10:15:29,029 INFO epoch  11/29  train_loss 0.5133  val_loss 2.0285  acc 0.3490  bal 0.3490  kappa 0.1319  auroc 0.6102  eta 3:24
2026-09-28 10:15:29,320 INFO epoch 12 step 0/63 (  2%) loss 0.4297 acc 1.0000 lr 3.76e-05 eta 0:17
2026-09-28 10:15:37,520 INFO epoch 12 step 50/63 ( 81%) loss 0.4583 acc 0.9779 lr 3.56e-05 eta 0:01
2026-09-28 10:15:40,191 INFO epoch  12/29  train_loss 0.4579  val_loss 2.0400  acc 0.3507  bal 0.3507  kappa 0.1343  auroc 0.6068  eta 3:13
2026-09-28 10:15:40,482 INFO epoch 13 step 0/63 (  2%) loss 0.4483 acc 0.9844 lr 3.50e-05 eta 0:17
2026-09-28 10:15:49,014 INFO epoch 13 step 50/63 ( 81%) loss 0.4233 acc 0.9930 lr 3.29e-05 eta 0:02
2026-09-28 10:15:51,740 INFO epoch  13/29  train_loss 0.4244  val_loss 1.8868  acc 0.3611  bal 0.3611  kappa 0.1481  auroc 0.6204  eta 3:01
2026-09-28 10:15:52,019 INFO epoch 14 step 0/63 (  2%) loss 0.4038 acc 1.0000 lr 3.23e-05 eta 0:17
2026-09-28 10:16:00,187 INFO epoch 14 step 50/63 ( 81%) loss 0.4073 acc 0.9997 lr 3.01e-05 eta 0:01
2026-09-28 10:16:02,910 INFO epoch  14/29  train_loss 0.4068  val_loss 1.8305  acc 0.3854  bal 0.3854  kappa 0.1806  auroc 0.6228  eta 2:50
2026-09-28 10:16:03,195 INFO epoch 15 step 0/63 (  2%) loss 0.3913 acc 1.0000 lr 2.95e-05 eta 0:17
2026-09-28 10:16:11,371 INFO epoch 15 step 50/63 ( 81%) loss 0.3926 acc 0.9994 lr 2.72e-05 eta 0:01
2026-09-28 10:16:14,026 INFO epoch  15/29  train_loss 0.3934  val_loss 1.7907  acc 0.3872  bal 0.3872  kappa 0.1829  auroc 0.6359  eta 2:38
2026-09-28 10:16:14,318 INFO epoch 16 step 0/63 (  2%) loss 0.3850 acc 1.0000 lr 2.66e-05 eta 0:17
2026-09-28 10:16:22,496 INFO epoch 16 step 50/63 ( 81%) loss 0.3837 acc 1.0000 lr 2.44e-05 eta 0:01
2026-09-28 10:16:25,270 INFO epoch  16/29  train_loss 0.3838  val_loss 1.7506  acc 0.3646  bal 0.3646  kappa 0.1528  auroc 0.6254  eta 2:27
2026-09-28 10:16:25,555 INFO epoch 17 step 0/63 (  2%) loss 0.3761 acc 1.0000 lr 2.38e-05 eta 0:17
2026-09-28 10:16:33,946 INFO epoch 17 step 50/63 ( 81%) loss 0.3784 acc 1.0000 lr 2.15e-05 eta 0:02
2026-09-28 10:16:36,682 INFO epoch  17/29  train_loss 0.3786  val_loss 1.7200  acc 0.3785  bal 0.3785  kappa 0.1713  auroc 0.6298  eta 2:16
2026-09-28 10:16:36,969 INFO epoch 18 step 0/63 (  2%) loss 0.3719 acc 1.0000 lr 2.09e-05 eta 0:17
2026-09-28 10:16:45,285 INFO epoch 18 step 50/63 ( 81%) loss 0.3721 acc 1.0000 lr 1.87e-05 eta 0:02
2026-09-28 10:16:47,913 INFO epoch  18/29  train_loss 0.3725  val_loss 1.6761  acc 0.3854  bal 0.3854  kappa 0.1806  auroc 0.6222  eta 2:04
2026-09-28 10:16:48,192 INFO epoch 19 step 0/63 (  2%) loss 0.3664 acc 1.0000 lr 1.81e-05 eta 0:17
2026-09-28 10:16:56,438 INFO epoch 19 step 50/63 ( 81%) loss 0.3667 acc 1.0000 lr 1.60e-05 eta 0:02
2026-09-28 10:16:59,125 INFO epoch  19/29  train_loss 0.3667  val_loss 1.7143  acc 0.3681  bal 0.3681  kappa 0.1574  auroc 0.6261  eta 1:53
2026-09-28 10:16:59,408 INFO epoch 20 step 0/63 (  2%) loss 0.3640 acc 1.0000 lr 1.54e-05 eta 0:17
2026-09-28 10:17:07,835 INFO epoch 20 step 50/63 ( 81%) loss 0.3636 acc 1.0000 lr 1.34e-05 eta 0:02
2026-09-28 10:17:10,561 INFO epoch  20/29  train_loss 0.3638  val_loss 1.6523  acc 0.3854  bal 0.3854  kappa 0.1806  auroc 0.6299  eta 1:42
2026-09-28 10:17:10,848 INFO epoch 21 step 0/63 (  2%) loss 0.3609 acc 1.0000 lr 1.28e-05 eta 0:17
2026-09-28 10:17:19,291 INFO epoch 21 step 50/63 ( 81%) loss 0.3610 acc 1.0000 lr 1.09e-05 eta 0:02
2026-09-28 10:17:21,908 INFO epoch  21/29  train_loss 0.3610  val_loss 1.6400  acc 0.3819  bal 0.3819  kappa 0.1759  auroc 0.6301  eta 1:30
2026-09-28 10:17:22,196 INFO epoch 22 step 0/63 (  2%) loss 0.3608 acc 1.0000 lr 1.04e-05 eta 0:17
2026-09-28 10:17:30,382 INFO epoch 22 step 50/63 ( 81%) loss 0.3590 acc 1.0000 lr 8.67e-06 eta 0:01
2026-09-28 10:17:33,006 INFO epoch  22/29  train_loss 0.3590  val_loss 1.6435  acc 0.3750  bal 0.3750  kappa 0.1667  auroc 0.6233  eta 1:19
2026-09-28 10:17:33,288 INFO epoch 23 step 0/63 (  2%) loss 0.3576 acc 1.0000 lr 8.23e-06 eta 0:17
2026-09-28 10:17:41,509 INFO epoch 23 step 50/63 ( 81%) loss 0.3579 acc 1.0000 lr 6.65e-06 eta 0:01
2026-09-28 10:17:44,128 INFO epoch  23/29  train_loss 0.3578  val_loss 1.6303  acc 0.3750  bal 0.3750  kappa 0.1667  auroc 0.6249  eta 1:07
2026-09-28 10:17:44,430 INFO epoch 24 step 0/63 (  2%) loss 0.3563 acc 1.0000 lr 6.26e-06 eta 0:18
2026-09-28 10:17:52,692 INFO epoch 24 step 50/63 ( 81%) loss 0.3570 acc 1.0000 lr 4.88e-06 eta 0:02
2026-09-28 10:17:55,319 INFO epoch  24/29  train_loss 0.3569  val_loss 1.6277  acc 0.3819  bal 0.3819  kappa 0.1759  auroc 0.6281  eta 0:56
2026-09-28 10:17:55,598 INFO epoch 25 step 0/63 (  2%) loss 0.3571 acc 1.0000 lr 4.55e-06 eta 0:17
2026-09-28 10:18:03,939 INFO epoch 25 step 50/63 ( 81%) loss 0.3559 acc 1.0000 lr 3.38e-06 eta 0:02
2026-09-28 10:18:06,668 INFO epoch  25/29  train_loss 0.3558  val_loss 1.6261  acc 0.3819  bal 0.3819  kappa 0.1759  auroc 0.6254  eta 0:45
2026-09-28 10:18:06,954 INFO epoch 26 step 0/63 (  2%) loss 0.3544 acc 1.0000 lr 3.11e-06 eta 0:17
2026-09-28 10:18:15,461 INFO epoch 26 step 50/63 ( 81%) loss 0.3553 acc 1.0000 lr 2.19e-06 eta 0:02
2026-09-28 10:18:18,125 INFO epoch  26/29  train_loss 0.3553  val_loss 1.6242  acc 0.3767  bal 0.3767  kappa 0.1690  auroc 0.6253  eta 0:33
2026-09-28 10:18:18,412 INFO epoch 27 step 0/63 (  2%) loss 0.3548 acc 1.0000 lr 1.98e-06 eta 0:17
2026-09-28 10:18:26,680 INFO epoch 27 step 50/63 ( 81%) loss 0.3551 acc 1.0000 lr 1.30e-06 eta 0:02
2026-09-28 10:18:29,263 INFO epoch  27/29  train_loss 0.3551  val_loss 1.6217  acc 0.3889  bal 0.3889  kappa 0.1852  auroc 0.6267  eta 0:22
2026-09-28 10:18:29,533 INFO epoch 28 step 0/63 (  2%) loss 0.3542 acc 1.0000 lr 1.16e-06 eta 0:16
2026-09-28 10:18:37,632 INFO epoch 28 step 50/63 ( 81%) loss 0.3547 acc 1.0000 lr 7.37e-07 eta 0:01
2026-09-28 10:18:40,210 INFO epoch  28/29  train_loss 0.3547  val_loss 1.6240  acc 0.3785  bal 0.3785  kappa 0.1713  auroc 0.6248  eta 0:11
2026-09-28 10:18:40,479 INFO epoch 29 step 0/63 (  2%) loss 0.3561 acc 1.0000 lr 6.62e-07 eta 0:16
2026-09-28 10:18:48,579 INFO epoch 29 step 50/63 ( 81%) loss 0.3545 acc 1.0000 lr 5.06e-07 eta 0:01
2026-09-28 10:18:51,175 INFO epoch  29/29  train_loss 0.3546  val_loss 1.6216  acc 0.3889  bal 0.3889  kappa 0.1852  auroc 0.6254  eta 0:00
2026-09-28 10:18:51,421 INFO Loaded checkpoint: matched 177 tensors
2026-09-28 10:18:52,033 INFO TEST acc 0.3490 bal 0.3490 kappa 0.1319 wf1 0.3146 auroc 0.6241
──────────────────────────────────────────────────────────────────────────────
  bcic2a_f0_ft_sw_enc005  ·  TEST  ·  finetune/eeg_c1_bcic2a  ·  full fine-tune  ·  pretrained  ·  25,403,026 trainable
──────────────────────────────────────────────────────────────────────────────
  BalAcc   0.3490  ███████▋                           
  Kappa    0.1319  ██▉                     chance 0.00
  AUROC    0.6241  █████▌                  chance 0.50
  W-F1     0.3146  ██████▉                            
  acc 0.3490   loss 1.4064
──────────────────────────────────────────────────────────────────────────────
2026-09-28 10:18:52,035 INFO outputs in /leonardo_scratch/fast/IscrB_WearUsFM/yanlchen/runs/eegpt_bench/bcic2a_f0_ft_sw_enc005
Done. /leonardo_scratch/fast/IscrB_WearUsFM/yanlchen/runs/eegpt_bench/bcic2a_f0_ft_sw_enc005/results.json  (the 'test' block is the number to report)
