split /leonardo_scratch/large/userexternal/ychen003/bio/eeg/eegpt_bench/bcic2a_f0_pretrain-v1 exists
exporting the encoder from /leonardo_scratch/fast/IscrB_WearUsFM/yanlchen/runs/pretrain_eeg_c1_moe/best.pth
exported encoder (no route) from /leonardo_scratch/fast/IscrB_WearUsFM/yanlchen/runs/pretrain_eeg_c1_moe/best.pth
  95 tensors, 25,279,489 parameters -> /leonardo_scratch/fast/IscrB_WearUsFM/yanlchen/runs/eegpt_bench/bcic2a_f0_ft_sw_base/encoder.pth
  frontend     excluded -- downstream builds its own; pass --route to include one
  vocab sha    596f2711269e47b2
  decoder      excluded (pretraining head)
============================================================
  EEGPT benchmark  bcic2a  fold 0  mode ft
  data     /leonardo_scratch/large/userexternal/ychen003/bio/eeg/eegpt_bench/bcic2a_f0_pretrain-v1  (preprocessing pretrain-v1)
  encoder  /leonardo_scratch/fast/IscrB_WearUsFM/yanlchen/runs/eegpt_bench/bcic2a_f0_ft_sw_base/encoder.pth
  output   /leonardo_scratch/fast/IscrB_WearUsFM/yanlchen/runs/eegpt_bench/bcic2a_f0_ft_sw_base
============================================================
2026-09-28 10:01:12,254 INFO hyper-parameters (cli > config train: > builtin):
2026-09-28 10:01:12,254 INFO     epochs           30          [config:finetune/eeg_c1_bcic2a]
2026-09-28 10:01:12,254 INFO     batch_size       64          [config:finetune/eeg_c1_bcic2a]
2026-09-28 10:01:12,254 INFO     lr               0.00025     [cli]
2026-09-28 10:01:12,254 INFO     weight_decay     0.01        [config:finetune/eeg_c1_bcic2a]
2026-09-28 10:01:12,254 INFO     warmup_epochs    5           [builtin]
2026-09-28 10:01:12,254 INFO     warmup_ratio     0.1         [config:finetune/eeg_c1_bcic2a]
2026-09-28 10:01:12,254 INFO     grad_clip        1.0         [config:finetune/eeg_c1_bcic2a]
2026-09-28 10:01:12,254 INFO     label_smoothing  0.1         [config:finetune/eeg_c1_bcic2a]
2026-09-28 10:01:12,254 INFO     min_lr_ratio     0.01        [config:finetune/eeg_c1_bcic2a]
2026-09-28 10:01:12,254 INFO     precision        bf16        [config:finetune/eeg_c1_bcic2a]
2026-09-28 10:01:12,254 INFO     select_by        kappa       [config:finetune/eeg_c1_bcic2a]
2026-09-28 10:01:12,254 INFO     patience         0           [builtin]
2026-09-28 10:01:12,254 INFO     min_delta        0.0         [builtin]
2026-09-28 10:01:12,254 INFO     encoder_lr_scale 1.0         [builtin]
2026-09-28 10:01:12,254 INFO loading /leonardo_scratch/large/userexternal/ychen003/bio/eeg/eegpt_bench/bcic2a_f0_pretrain-v1 into memory on each of 1 rank(s): train.h5 0.34 GiB val.h5 0.05 GiB test.h5 0.05 GiB
2026-09-28 10:01:12,496 INFO train 4032 windows, 22 channels, 1024 samples/window
2026-09-28 10:01:12,496 INFO class counts: [1008, 1008, 1008, 1008]
2026-09-28 10:01:12,496 INFO EEG C1 downstream: 22 channels at 256.0 Hz, 1024-sample windows, 64-sample patches, route <its own frontend>
2026-09-28 10:01:12,522 INFO Building the EEG C1 downstream model with {'patch_samples': 64, 'pool': 'mean', 'head_dropout': 0.1, 'in_channels': 22, 'window_samples': 1024, 'channel_names': ['Fz', 'FC3', 'FC1', 'FCz', 'FC2', 'FC4', 'C5', 'C3', 'C1', 'Cz', 'C2', 'C4', 'C6', 'CP3', 'CP1', 'CPz', 'CP2', 'CP4', 'P1', 'Pz', 'P2', 'POz'], 'sampling_rate': 256.0, 'num_classes': 4, 'embed_dim': 512, 'depth': 8, 'num_heads': 8, 'mlp_ratio': 4.0, 'dropout': 0.1, 'norm': 'rmsnorm', 'ffn': 'swiglu', 'qk_norm': True, 'channel_encoding': 'id', 'channel_embed_dim': 64, 'max_level': 3, 'wave_kernel_size': 16, 'wavelet_names': ['sym4', 'sym5', 'db6', 'sym8', 'db8'], 'wave_init_mode': 'pad', 'use_separate_channel': True, 'fold_synthesis': 3, 'fold_gamma': 0.1}
2026-09-28 10:01:12,527 INFO MultiHeadGate: 22 channels is not divisible by 4 heads; using 2.
2026-09-28 10:01:12,740 INFO loaded: transformer 89, channel encoder 5, gate yes, frontend 0, patcher 0 <- /leonardo_scratch/fast/IscrB_WearUsFM/yanlchen/runs/eegpt_bench/bcic2a_f0_ft_sw_base/encoder.pth
2026-09-28 10:01:12,902 INFO model 25.40 M parameters (25,403,026 trainable, 100.0%)
/leonardo/prod/opt/libraries/cineca-ai/4.3.0/none/cineca-ai-env/lib/python3.11/site-packages/transformers/utils/generic.py:462: UserWarning: torch.utils._pytree._register_pytree_node is deprecated. Please use torch.utils._pytree.register_pytree_node instead.
  _torch_pytree._register_pytree_node(
/leonardo/prod/opt/libraries/cineca-ai/4.3.0/none/cineca-ai-env/lib/python3.11/site-packages/transformers/utils/hub.py:124: FutureWarning: Using `TRANSFORMERS_CACHE` is deprecated and will be removed in v5 of Transformers. Use `HF_HOME` instead.
  warnings.warn(
2026-09-28 10:01:26,308 INFO schedule: 63 steps/epoch, 1890 total, 189 warmup (10%), lr 2.50e-04 -> 2.50e-06
2026-09-28 10:01:26,309 INFO selection: best.pth follows val kappa; no early stop, so this runs all 30 epochs (--patience N to stop sooner)
2026-09-28 10:01:29,062 INFO epoch 0 step 0/63 (  2%) loss 1.4873 acc 0.2500 lr 2.65e-06 eta 2:50
2026-09-28 10:01:37,372 INFO epoch 0 step 50/63 ( 81%) loss 1.4238 acc 0.2491 lr 6.88e-05 eta 0:02
2026-09-28 10:01:46,479 INFO epoch   0/29  train_loss 1.4286  val_loss 1.4018  acc 0.3003  bal 0.3003  kappa 0.0671  auroc 0.5821  eta 9:44  *best
2026-09-28 10:01:46,759 INFO epoch 1 step 0/63 (  2%) loss 1.4084 acc 0.2188 lr 8.60e-05 eta 0:17
2026-09-28 10:01:54,962 INFO epoch 1 step 50/63 ( 81%) loss 1.4063 acc 0.2613 lr 1.52e-04 eta 0:01
2026-09-28 10:01:57,564 INFO epoch   1/29  train_loss 1.4082  val_loss 1.4142  acc 0.2500  bal 0.2500  kappa 0.0000  auroc 0.5800  eta 7:17
2026-09-28 10:01:57,853 INFO epoch 2 step 0/63 (  2%) loss 1.4669 acc 0.1875 lr 1.69e-04 eta 0:17
2026-09-28 10:02:05,996 INFO epoch 2 step 50/63 ( 81%) loss 1.3872 acc 0.2917 lr 2.35e-04 eta 0:01
2026-09-28 10:02:08,992 INFO epoch   2/29  train_loss 1.3883  val_loss 1.3873  acc 0.3264  bal 0.3264  kappa 0.1019  auroc 0.6284  eta 6:24  *best
2026-09-28 10:02:09,273 INFO epoch 3 step 0/63 (  2%) loss 1.3501 acc 0.3125 lr 2.50e-04 eta 0:17
2026-09-28 10:02:17,478 INFO epoch 3 step 50/63 ( 81%) loss 1.3302 acc 0.3692 lr 2.49e-04 eta 0:01
2026-09-28 10:02:20,464 INFO epoch   3/29  train_loss 1.3334  val_loss 1.3348  acc 0.3802  bal 0.3802  kappa 0.1736  auroc 0.6376  eta 5:52  *best
2026-09-28 10:02:20,734 INFO epoch 4 step 0/63 (  2%) loss 1.2734 acc 0.4375 lr 2.49e-04 eta 0:16
2026-09-28 10:02:28,866 INFO epoch 4 step 50/63 ( 81%) loss 1.3122 acc 0.3949 lr 2.47e-04 eta 0:01
2026-09-28 10:02:31,600 INFO epoch   4/29  train_loss 1.3027  val_loss 1.4649  acc 0.3524  bal 0.3524  kappa 0.1366  auroc 0.6586  eta 5:26
2026-09-28 10:02:31,885 INFO epoch 5 step 0/63 (  2%) loss 1.2532 acc 0.4219 lr 2.47e-04 eta 0:17
2026-09-28 10:02:39,998 INFO epoch 5 step 50/63 ( 81%) loss 1.2455 acc 0.4458 lr 2.43e-04 eta 0:01
2026-09-28 10:02:42,738 INFO epoch   5/29  train_loss 1.2488  val_loss 1.4583  acc 0.3750  bal 0.3750  kappa 0.1667  auroc 0.6526  eta 5:05
2026-09-28 10:02:43,012 INFO epoch 6 step 0/63 (  2%) loss 1.1970 acc 0.4844 lr 2.42e-04 eta 0:16
2026-09-28 10:02:51,271 INFO epoch 6 step 50/63 ( 81%) loss 1.1468 acc 0.5233 lr 2.38e-04 eta 0:02
2026-09-28 10:02:53,984 INFO epoch   6/29  train_loss 1.1530  val_loss 1.3915  acc 0.3194  bal 0.3194  kappa 0.0926  auroc 0.6145  eta 4:48
2026-09-28 10:02:54,259 INFO epoch 7 step 0/63 (  2%) loss 1.0822 acc 0.5625 lr 2.37e-04 eta 0:16
2026-09-28 10:03:02,393 INFO epoch 7 step 50/63 ( 81%) loss 1.0270 acc 0.6131 lr 2.31e-04 eta 0:01
2026-09-28 10:03:05,113 INFO epoch   7/29  train_loss 1.0315  val_loss 1.4190  acc 0.3715  bal 0.3715  kappa 0.1620  auroc 0.6387  eta 4:31
2026-09-28 10:03:05,388 INFO epoch 8 step 0/63 (  2%) loss 0.8755 acc 0.7344 lr 2.30e-04 eta 0:16
2026-09-28 10:03:13,507 INFO epoch 8 step 50/63 ( 81%) loss 0.8270 acc 0.7408 lr 2.23e-04 eta 0:01
2026-09-28 10:03:16,287 INFO epoch   8/29  train_loss 0.8296  val_loss 1.8838  acc 0.3611  bal 0.3611  kappa 0.1481  auroc 0.6363  eta 4:16
2026-09-28 10:03:16,557 INFO epoch 9 step 0/63 (  2%) loss 0.7049 acc 0.7969 lr 2.21e-04 eta 0:16
2026-09-28 10:03:24,668 INFO epoch 9 step 50/63 ( 81%) loss 0.6548 acc 0.8431 lr 2.13e-04 eta 0:01
2026-09-28 10:03:27,328 INFO epoch   9/29  train_loss 0.6542  val_loss 1.8622  acc 0.3733  bal 0.3733  kappa 0.1644  auroc 0.6172  eta 4:02
2026-09-28 10:03:27,609 INFO epoch 10 step 0/63 (  2%) loss 0.5117 acc 0.9219 lr 2.11e-04 eta 0:17
2026-09-28 10:03:35,755 INFO epoch 10 step 50/63 ( 81%) loss 0.5192 acc 0.9188 lr 2.02e-04 eta 0:01
2026-09-28 10:03:38,408 INFO epoch  10/29  train_loss 0.5204  val_loss 1.9718  acc 0.3594  bal 0.3594  kappa 0.1458  auroc 0.6133  eta 3:48
2026-09-28 10:03:38,684 INFO epoch 11 step 0/63 (  2%) loss 0.4532 acc 0.9375 lr 2.00e-04 eta 0:16
2026-09-28 10:03:46,806 INFO epoch 11 step 50/63 ( 81%) loss 0.4529 acc 0.9485 lr 1.90e-04 eta 0:01
2026-09-28 10:03:49,445 INFO epoch  11/29  train_loss 0.4587  val_loss 2.0106  acc 0.3733  bal 0.3733  kappa 0.1644  auroc 0.6153  eta 3:34
2026-09-28 10:03:49,733 INFO epoch 12 step 0/63 (  2%) loss 0.3825 acc 0.9844 lr 1.88e-04 eta 0:17
2026-09-28 10:03:57,887 INFO epoch 12 step 50/63 ( 81%) loss 0.4524 acc 0.9479 lr 1.78e-04 eta 0:01
2026-09-28 10:04:00,683 INFO epoch  12/29  train_loss 0.4561  val_loss 2.0163  acc 0.3576  bal 0.3576  kappa 0.1435  auroc 0.5981  eta 3:21
2026-09-28 10:04:00,964 INFO epoch 13 step 0/63 (  2%) loss 0.3800 acc 0.9688 lr 1.75e-04 eta 0:17
2026-09-28 10:04:09,273 INFO epoch 13 step 50/63 ( 81%) loss 0.4317 acc 0.9605 lr 1.64e-04 eta 0:02
2026-09-28 10:04:12,002 INFO epoch  13/29  train_loss 0.4302  val_loss 1.9968  acc 0.3785  bal 0.3785  kappa 0.1713  auroc 0.6301  eta 3:09
2026-09-28 10:04:12,291 INFO epoch 14 step 0/63 (  2%) loss 0.3641 acc 1.0000 lr 1.62e-04 eta 0:17
2026-09-28 10:04:20,436 INFO epoch 14 step 50/63 ( 81%) loss 0.4313 acc 0.9632 lr 1.50e-04 eta 0:01
2026-09-28 10:04:23,504 INFO epoch  14/29  train_loss 0.4318  val_loss 1.9992  acc 0.3854  bal 0.3854  kappa 0.1806  auroc 0.6309  eta 2:57  *best
2026-09-28 10:04:23,796 INFO epoch 15 step 0/63 (  2%) loss 0.4094 acc 0.9688 lr 1.48e-04 eta 0:17
2026-09-28 10:04:31,981 INFO epoch 15 step 50/63 ( 81%) loss 0.4010 acc 0.9743 lr 1.36e-04 eta 0:01
2026-09-28 10:04:34,637 INFO epoch  15/29  train_loss 0.4006  val_loss 2.0579  acc 0.3819  bal 0.3819  kappa 0.1759  auroc 0.6113  eta 2:44
2026-09-28 10:04:34,911 INFO epoch 16 step 0/63 (  2%) loss 0.3557 acc 1.0000 lr 1.33e-04 eta 0:16
2026-09-28 10:04:43,062 INFO epoch 16 step 50/63 ( 81%) loss 0.3880 acc 0.9822 lr 1.22e-04 eta 0:01
2026-09-28 10:04:46,057 INFO epoch  16/29  train_loss 0.3882  val_loss 2.0482  acc 0.3941  bal 0.3941  kappa 0.1921  auroc 0.6309  eta 2:32  *best
2026-09-28 10:04:46,341 INFO epoch 17 step 0/63 (  2%) loss 0.3765 acc 0.9844 lr 1.19e-04 eta 0:17
2026-09-28 10:04:54,584 INFO epoch 17 step 50/63 ( 81%) loss 0.3907 acc 0.9810 lr 1.07e-04 eta 0:02
2026-09-28 10:04:57,278 INFO epoch  17/29  train_loss 0.3876  val_loss 2.1846  acc 0.3438  bal 0.3438  kappa 0.1250  auroc 0.5913  eta 2:20
2026-09-28 10:04:57,553 INFO epoch 18 step 0/63 (  2%) loss 0.4055 acc 0.9688 lr 1.05e-04 eta 0:16
2026-09-28 10:05:05,859 INFO epoch 18 step 50/63 ( 81%) loss 0.3771 acc 0.9865 lr 9.34e-05 eta 0:02
2026-09-28 10:05:08,558 INFO epoch  18/29  train_loss 0.3783  val_loss 2.1009  acc 0.3941  bal 0.3941  kappa 0.1921  auroc 0.6155  eta 2:08
2026-09-28 10:05:08,830 INFO epoch 19 step 0/63 (  2%) loss 0.3701 acc 0.9688 lr 9.05e-05 eta 0:16
2026-09-28 10:05:17,225 INFO epoch 19 step 50/63 ( 81%) loss 0.3720 acc 0.9896 lr 7.98e-05 eta 0:02
2026-09-28 10:05:19,976 INFO epoch  19/29  train_loss 0.3714  val_loss 2.1738  acc 0.3767  bal 0.3767  kappa 0.1690  auroc 0.6212  eta 1:56
2026-09-28 10:05:20,249 INFO epoch 20 step 0/63 (  2%) loss 0.3510 acc 1.0000 lr 7.70e-05 eta 0:16
2026-09-28 10:05:28,421 INFO epoch 20 step 50/63 ( 81%) loss 0.3605 acc 0.9942 lr 6.68e-05 eta 0:01
2026-09-28 10:05:31,079 INFO epoch  20/29  train_loss 0.3609  val_loss 2.1648  acc 0.3594  bal 0.3594  kappa 0.1458  auroc 0.6082  eta 1:44
2026-09-28 10:05:31,357 INFO epoch 21 step 0/63 (  2%) loss 0.3512 acc 1.0000 lr 6.42e-05 eta 0:17
2026-09-28 10:05:39,589 INFO epoch 21 step 50/63 ( 81%) loss 0.3589 acc 0.9957 lr 5.46e-05 eta 0:02
2026-09-28 10:05:42,200 INFO epoch  21/29  train_loss 0.3594  val_loss 2.1141  acc 0.3906  bal 0.3906  kappa 0.1875  auroc 0.6204  eta 1:33
2026-09-28 10:05:42,485 INFO epoch 22 step 0/63 (  2%) loss 0.3654 acc 0.9844 lr 5.22e-05 eta 0:17
2026-09-28 10:05:50,686 INFO epoch 22 step 50/63 ( 81%) loss 0.3542 acc 0.9982 lr 4.33e-05 eta 0:01
2026-09-28 10:05:53,319 INFO epoch  22/29  train_loss 0.3536  val_loss 2.1416  acc 0.3872  bal 0.3872  kappa 0.1829  auroc 0.6092  eta 1:21
2026-09-28 10:05:53,604 INFO epoch 23 step 0/63 (  2%) loss 0.3501 acc 1.0000 lr 4.12e-05 eta 0:17
2026-09-28 10:06:01,788 INFO epoch 23 step 50/63 ( 81%) loss 0.3553 acc 0.9975 lr 3.32e-05 eta 0:01
2026-09-28 10:06:04,495 INFO epoch  23/29  train_loss 0.3552  val_loss 2.1672  acc 0.3819  bal 0.3819  kappa 0.1759  auroc 0.6043  eta 1:09
2026-09-28 10:06:04,782 INFO epoch 24 step 0/63 (  2%) loss 0.3498 acc 1.0000 lr 3.13e-05 eta 0:17
2026-09-28 10:06:13,226 INFO epoch 24 step 50/63 ( 81%) loss 0.3517 acc 0.9991 lr 2.44e-05 eta 0:02
2026-09-28 10:06:15,948 INFO epoch  24/29  train_loss 0.3515  val_loss 2.1573  acc 0.3767  bal 0.3767  kappa 0.1690  auroc 0.5986  eta 0:57
2026-09-28 10:06:16,219 INFO epoch 25 step 0/63 (  2%) loss 0.3499 acc 1.0000 lr 2.27e-05 eta 0:16
2026-09-28 10:06:24,464 INFO epoch 25 step 50/63 ( 81%) loss 0.3504 acc 1.0000 lr 1.69e-05 eta 0:02
2026-09-28 10:06:27,134 INFO epoch  25/29  train_loss 0.3503  val_loss 2.1732  acc 0.3733  bal 0.3733  kappa 0.1644  auroc 0.6091  eta 0:46
2026-09-28 10:06:27,414 INFO epoch 26 step 0/63 (  2%) loss 0.3508 acc 1.0000 lr 1.56e-05 eta 0:17
2026-09-28 10:06:35,762 INFO epoch 26 step 50/63 ( 81%) loss 0.3503 acc 1.0000 lr 1.09e-05 eta 0:02
2026-09-28 10:06:38,404 INFO epoch  26/29  train_loss 0.3503  val_loss 2.1657  acc 0.3698  bal 0.3698  kappa 0.1597  auroc 0.6023  eta 0:34
2026-09-28 10:06:38,682 INFO epoch 27 step 0/63 (  2%) loss 0.3499 acc 1.0000 lr 9.89e-06 eta 0:17
2026-09-28 10:06:46,902 INFO epoch 27 step 50/63 ( 81%) loss 0.3500 acc 1.0000 lr 6.50e-06 eta 0:01
2026-09-28 10:06:49,525 INFO epoch  27/29  train_loss 0.3500  val_loss 2.1606  acc 0.3733  bal 0.3733  kappa 0.1644  auroc 0.6085  eta 0:23
2026-09-28 10:06:49,808 INFO epoch 28 step 0/63 (  2%) loss 0.3500 acc 1.0000 lr 5.78e-06 eta 0:17
2026-09-28 10:06:58,081 INFO epoch 28 step 50/63 ( 81%) loss 0.3499 acc 1.0000 lr 3.69e-06 eta 0:02
2026-09-28 10:07:00,695 INFO epoch  28/29  train_loss 0.3500  val_loss 2.1589  acc 0.3733  bal 0.3733  kappa 0.1644  auroc 0.6089  eta 0:11
2026-09-28 10:07:00,982 INFO epoch 29 step 0/63 (  2%) loss 0.3502 acc 1.0000 lr 3.31e-06 eta 0:17
2026-09-28 10:07:09,316 INFO epoch 29 step 50/63 ( 81%) loss 0.3499 acc 1.0000 lr 2.53e-06 eta 0:02
2026-09-28 10:07:12,043 INFO epoch  29/29  train_loss 0.3499  val_loss 2.1575  acc 0.3750  bal 0.3750  kappa 0.1667  auroc 0.6098  eta 0:00
2026-09-28 10:07:12,323 INFO Loaded checkpoint: matched 177 tensors
2026-09-28 10:07:12,941 INFO TEST acc 0.3299 bal 0.3299 kappa 0.1065 wf1 0.3268 auroc 0.5839
──────────────────────────────────────────────────────────────────────────────
  bcic2a_f0_ft_sw_base  ·  TEST  ·  finetune/eeg_c1_bcic2a  ·  full fine-tune  ·  pretrained  ·  25,403,026 trainable
──────────────────────────────────────────────────────────────────────────────
  BalAcc   0.3299  ███████▎                           
  Kappa    0.1065  ██▍                     chance 0.00
  AUROC    0.5839  ███▊                    chance 0.50
  W-F1     0.3268  ███████▎                           
  acc 0.3299   loss 2.1835
──────────────────────────────────────────────────────────────────────────────
2026-09-28 10:07:12,943 INFO outputs in /leonardo_scratch/fast/IscrB_WearUsFM/yanlchen/runs/eegpt_bench/bcic2a_f0_ft_sw_base
Done. /leonardo_scratch/fast/IscrB_WearUsFM/yanlchen/runs/eegpt_bench/bcic2a_f0_ft_sw_base/results.json  (the 'test' block is the number to report)
