split /leonardo_scratch/large/userexternal/ychen003/bio/eeg/eegpt_bench/bcic2a_f0_pretrain-v1 exists
exporting the encoder from /leonardo_scratch/fast/IscrB_WearUsFM/yanlchen/runs/pretrain_eeg_c1_moe/best.pth
exported encoder (no route) from /leonardo_scratch/fast/IscrB_WearUsFM/yanlchen/runs/pretrain_eeg_c1_moe/best.pth
  95 tensors, 25,279,489 parameters -> /leonardo_scratch/fast/IscrB_WearUsFM/yanlchen/runs/eegpt_bench/bcic2a_f0_ft_sw_lr5e5/encoder.pth
  frontend     excluded -- downstream builds its own; pass --route to include one
  vocab sha    596f2711269e47b2
  decoder      excluded (pretraining head)
============================================================
  EEGPT benchmark  bcic2a  fold 0  mode ft
  data     /leonardo_scratch/large/userexternal/ychen003/bio/eeg/eegpt_bench/bcic2a_f0_pretrain-v1  (preprocessing pretrain-v1)
  encoder  /leonardo_scratch/fast/IscrB_WearUsFM/yanlchen/runs/eegpt_bench/bcic2a_f0_ft_sw_lr5e5/encoder.pth
  output   /leonardo_scratch/fast/IscrB_WearUsFM/yanlchen/runs/eegpt_bench/bcic2a_f0_ft_sw_lr5e5
============================================================
2026-09-28 10:07:20,574 INFO hyper-parameters (cli > config train: > builtin):
2026-09-28 10:07:20,574 INFO     epochs           30          [config:finetune/eeg_c1_bcic2a]
2026-09-28 10:07:20,574 INFO     batch_size       64          [config:finetune/eeg_c1_bcic2a]
2026-09-28 10:07:20,574 INFO     lr               5e-05       [cli]
2026-09-28 10:07:20,574 INFO     weight_decay     0.01        [config:finetune/eeg_c1_bcic2a]
2026-09-28 10:07:20,574 INFO     warmup_epochs    5           [builtin]
2026-09-28 10:07:20,574 INFO     warmup_ratio     0.1         [config:finetune/eeg_c1_bcic2a]
2026-09-28 10:07:20,574 INFO     grad_clip        1.0         [config:finetune/eeg_c1_bcic2a]
2026-09-28 10:07:20,574 INFO     label_smoothing  0.1         [config:finetune/eeg_c1_bcic2a]
2026-09-28 10:07:20,574 INFO     min_lr_ratio     0.01        [config:finetune/eeg_c1_bcic2a]
2026-09-28 10:07:20,574 INFO     precision        bf16        [config:finetune/eeg_c1_bcic2a]
2026-09-28 10:07:20,574 INFO     select_by        kappa       [config:finetune/eeg_c1_bcic2a]
2026-09-28 10:07:20,574 INFO     patience         0           [builtin]
2026-09-28 10:07:20,574 INFO     min_delta        0.0         [builtin]
2026-09-28 10:07:20,574 INFO     encoder_lr_scale 1.0         [builtin]
2026-09-28 10:07:20,574 INFO loading /leonardo_scratch/large/userexternal/ychen003/bio/eeg/eegpt_bench/bcic2a_f0_pretrain-v1 into memory on each of 1 rank(s): train.h5 0.34 GiB val.h5 0.05 GiB test.h5 0.05 GiB
2026-09-28 10:07:20,817 INFO train 4032 windows, 22 channels, 1024 samples/window
2026-09-28 10:07:20,817 INFO class counts: [1008, 1008, 1008, 1008]
2026-09-28 10:07:20,817 INFO EEG C1 downstream: 22 channels at 256.0 Hz, 1024-sample windows, 64-sample patches, route <its own frontend>
2026-09-28 10:07:20,844 INFO Building the EEG C1 downstream model with {'patch_samples': 64, 'pool': 'mean', 'head_dropout': 0.1, 'in_channels': 22, 'window_samples': 1024, 'channel_names': ['Fz', 'FC3', 'FC1', 'FCz', 'FC2', 'FC4', 'C5', 'C3', 'C1', 'Cz', 'C2', 'C4', 'C6', 'CP3', 'CP1', 'CPz', 'CP2', 'CP4', 'P1', 'Pz', 'P2', 'POz'], 'sampling_rate': 256.0, 'num_classes': 4, 'embed_dim': 512, 'depth': 8, 'num_heads': 8, 'mlp_ratio': 4.0, 'dropout': 0.1, 'norm': 'rmsnorm', 'ffn': 'swiglu', 'qk_norm': True, 'channel_encoding': 'id', 'channel_embed_dim': 64, 'max_level': 3, 'wave_kernel_size': 16, 'wavelet_names': ['sym4', 'sym5', 'db6', 'sym8', 'db8'], 'wave_init_mode': 'pad', 'use_separate_channel': True, 'fold_synthesis': 3, 'fold_gamma': 0.1}
2026-09-28 10:07:20,848 INFO MultiHeadGate: 22 channels is not divisible by 4 heads; using 2.
2026-09-28 10:07:21,082 INFO loaded: transformer 89, channel encoder 5, gate yes, frontend 0, patcher 0 <- /leonardo_scratch/fast/IscrB_WearUsFM/yanlchen/runs/eegpt_bench/bcic2a_f0_ft_sw_lr5e5/encoder.pth
2026-09-28 10:07:21,210 INFO model 25.40 M parameters (25,403,026 trainable, 100.0%)
/leonardo/prod/opt/libraries/cineca-ai/4.3.0/none/cineca-ai-env/lib/python3.11/site-packages/transformers/utils/generic.py:462: UserWarning: torch.utils._pytree._register_pytree_node is deprecated. Please use torch.utils._pytree.register_pytree_node instead.
  _torch_pytree._register_pytree_node(
/leonardo/prod/opt/libraries/cineca-ai/4.3.0/none/cineca-ai-env/lib/python3.11/site-packages/transformers/utils/hub.py:124: FutureWarning: Using `TRANSFORMERS_CACHE` is deprecated and will be removed in v5 of Transformers. Use `HF_HOME` instead.
  warnings.warn(
2026-09-28 10:07:22,366 INFO schedule: 63 steps/epoch, 1890 total, 189 warmup (10%), lr 5.00e-05 -> 5.00e-07
2026-09-28 10:07:22,367 INFO selection: best.pth follows val kappa; no early stop, so this runs all 30 epochs (--patience N to stop sooner)
2026-09-28 10:07:23,574 INFO epoch 0 step 0/63 (  2%) loss 1.4873 acc 0.2500 lr 5.29e-07 eta 1:14
2026-09-28 10:07:31,817 INFO epoch 0 step 50/63 ( 81%) loss 1.4132 acc 0.2500 lr 1.38e-05 eta 0:02
2026-09-28 10:07:35,311 INFO epoch   0/29  train_loss 1.4151  val_loss 1.3846  acc 0.2448  bal 0.2448  kappa -0.0069  auroc 0.5483  eta 6:15  *best
2026-09-28 10:07:35,598 INFO epoch 1 step 0/63 (  2%) loss 1.3835 acc 0.2656 lr 1.72e-05 eta 0:17
2026-09-28 10:07:44,036 INFO epoch 1 step 50/63 ( 81%) loss 1.4040 acc 0.2730 lr 3.04e-05 eta 0:02
2026-09-28 10:07:46,992 INFO epoch   1/29  train_loss 1.4035  val_loss 1.3789  acc 0.2656  bal 0.2656  kappa 0.0208  auroc 0.5854  eta 5:44  *best
2026-09-28 10:07:47,269 INFO epoch 2 step 0/63 (  2%) loss 1.3980 acc 0.2656 lr 3.39e-05 eta 0:17
2026-09-28 10:07:55,518 INFO epoch 2 step 50/63 ( 81%) loss 1.3980 acc 0.2757 lr 4.71e-05 eta 0:02
2026-09-28 10:07:58,546 INFO epoch   2/29  train_loss 1.3982  val_loss 1.3785  acc 0.2778  bal 0.2778  kappa 0.0370  auroc 0.5928  eta 5:25  *best
2026-09-28 10:07:58,819 INFO epoch 3 step 0/63 (  2%) loss 1.3637 acc 0.3594 lr 5.00e-05 eta 0:16
2026-09-28 10:08:06,995 INFO epoch 3 step 50/63 ( 81%) loss 1.3756 acc 0.3223 lr 4.99e-05 eta 0:01
2026-09-28 10:08:09,897 INFO epoch   3/29  train_loss 1.3745  val_loss 1.3467  acc 0.3663  bal 0.3663  kappa 0.1551  auroc 0.6400  eta 5:08  *best
2026-09-28 10:08:10,180 INFO epoch 4 step 0/63 (  2%) loss 1.2936 acc 0.3750 lr 4.98e-05 eta 0:17
2026-09-28 10:08:18,315 INFO epoch 4 step 50/63 ( 81%) loss 1.3332 acc 0.3704 lr 4.95e-05 eta 0:01
2026-09-28 10:08:21,286 INFO epoch   4/29  train_loss 1.3253  val_loss 1.3932  acc 0.3924  bal 0.3924  kappa 0.1898  auroc 0.6601  eta 4:54  *best
2026-09-28 10:08:21,575 INFO epoch 5 step 0/63 (  2%) loss 1.3107 acc 0.4062 lr 4.93e-05 eta 0:17
2026-09-28 10:08:29,754 INFO epoch 5 step 50/63 ( 81%) loss 1.2665 acc 0.4360 lr 4.87e-05 eta 0:01
2026-09-28 10:08:32,385 INFO epoch   5/29  train_loss 1.2646  val_loss 1.3382  acc 0.3837  bal 0.3837  kappa 0.1782  auroc 0.6506  eta 4:40
2026-09-28 10:08:32,663 INFO epoch 6 step 0/63 (  2%) loss 1.2656 acc 0.4531 lr 4.85e-05 eta 0:17
2026-09-28 10:08:40,767 INFO epoch 6 step 50/63 ( 81%) loss 1.2146 acc 0.4804 lr 4.76e-05 eta 0:01
2026-09-28 10:08:43,421 INFO epoch   6/29  train_loss 1.2152  val_loss 1.4035  acc 0.3854  bal 0.3854  kappa 0.1806  auroc 0.6481  eta 4:26
2026-09-28 10:08:43,708 INFO epoch 7 step 0/63 (  2%) loss 1.1469 acc 0.5469 lr 4.73e-05 eta 0:17
2026-09-28 10:08:52,101 INFO epoch 7 step 50/63 ( 81%) loss 1.1562 acc 0.5202 lr 4.62e-05 eta 0:02
2026-09-28 10:08:54,811 INFO epoch   7/29  train_loss 1.1530  val_loss 1.4090  acc 0.3819  bal 0.3819  kappa 0.1759  auroc 0.6400  eta 4:14
2026-09-28 10:08:55,107 INFO epoch 8 step 0/63 (  2%) loss 1.0072 acc 0.5469 lr 4.59e-05 eta 0:18
2026-09-28 10:09:03,319 INFO epoch 8 step 50/63 ( 81%) loss 1.0324 acc 0.6078 lr 4.46e-05 eta 0:02
2026-09-28 10:09:06,002 INFO epoch   8/29  train_loss 1.0271  val_loss 1.4809  acc 0.3837  bal 0.3837  kappa 0.1782  auroc 0.6368  eta 4:01
2026-09-28 10:09:06,279 INFO epoch 9 step 0/63 (  2%) loss 0.9430 acc 0.6875 lr 4.42e-05 eta 0:17
2026-09-28 10:09:14,414 INFO epoch 9 step 50/63 ( 81%) loss 0.8924 acc 0.7047 lr 4.26e-05 eta 0:01
2026-09-28 10:09:17,187 INFO epoch   9/29  train_loss 0.8925  val_loss 1.5660  acc 0.3594  bal 0.3594  kappa 0.1458  auroc 0.6177  eta 3:49
2026-09-28 10:09:17,475 INFO epoch 10 step 0/63 (  2%) loss 0.7334 acc 0.8281 lr 4.22e-05 eta 0:17
2026-09-28 10:09:25,633 INFO epoch 10 step 50/63 ( 81%) loss 0.7596 acc 0.7941 lr 4.05e-05 eta 0:01
2026-09-28 10:09:28,325 INFO epoch  10/29  train_loss 0.7619  val_loss 1.7554  acc 0.3281  bal 0.3281  kappa 0.1042  auroc 0.6091  eta 3:37
2026-09-28 10:09:28,609 INFO epoch 11 step 0/63 (  2%) loss 0.5887 acc 0.8906 lr 4.00e-05 eta 0:17
2026-09-28 10:09:36,743 INFO epoch 11 step 50/63 ( 81%) loss 0.6254 acc 0.8808 lr 3.81e-05 eta 0:01
2026-09-28 10:09:39,440 INFO epoch  11/29  train_loss 0.6246  val_loss 1.8169  acc 0.3472  bal 0.3472  kappa 0.1296  auroc 0.6161  eta 3:25
2026-09-28 10:09:39,721 INFO epoch 12 step 0/63 (  2%) loss 0.4760 acc 0.9531 lr 3.76e-05 eta 0:17
2026-09-28 10:09:47,946 INFO epoch 12 step 50/63 ( 81%) loss 0.5185 acc 0.9430 lr 3.56e-05 eta 0:02
2026-09-28 10:09:50,672 INFO epoch  12/29  train_loss 0.5231  val_loss 1.9014  acc 0.3594  bal 0.3594  kappa 0.1458  auroc 0.6185  eta 3:13
2026-09-28 10:09:50,954 INFO epoch 13 step 0/63 (  2%) loss 0.4738 acc 0.9844 lr 3.50e-05 eta 0:17
2026-09-28 10:09:59,082 INFO epoch 13 step 50/63 ( 81%) loss 0.4619 acc 0.9730 lr 3.29e-05 eta 0:01
2026-09-28 10:10:01,801 INFO epoch  13/29  train_loss 0.4619  val_loss 1.9595  acc 0.3524  bal 0.3524  kappa 0.1366  auroc 0.6080  eta 3:02
2026-09-28 10:10:02,089 INFO epoch 14 step 0/63 (  2%) loss 0.4397 acc 0.9688 lr 3.23e-05 eta 0:17
2026-09-28 10:10:10,585 INFO epoch 14 step 50/63 ( 81%) loss 0.4303 acc 0.9871 lr 3.01e-05 eta 0:02
2026-09-28 10:10:13,388 INFO epoch  14/29  train_loss 0.4297  val_loss 1.9225  acc 0.3490  bal 0.3490  kappa 0.1319  auroc 0.6056  eta 2:51
2026-09-28 10:10:13,661 INFO epoch 15 step 0/63 (  2%) loss 0.3885 acc 1.0000 lr 2.95e-05 eta 0:16
2026-09-28 10:10:21,928 INFO epoch 15 step 50/63 ( 81%) loss 0.4090 acc 0.9942 lr 2.72e-05 eta 0:02
2026-09-28 10:10:24,616 INFO epoch  15/29  train_loss 0.4086  val_loss 1.9464  acc 0.3594  bal 0.3594  kappa 0.1458  auroc 0.6143  eta 2:39
2026-09-28 10:10:24,914 INFO epoch 16 step 0/63 (  2%) loss 0.3917 acc 1.0000 lr 2.66e-05 eta 0:18
2026-09-28 10:10:33,336 INFO epoch 16 step 50/63 ( 81%) loss 0.3979 acc 0.9960 lr 2.44e-05 eta 0:02
2026-09-28 10:10:36,009 INFO epoch  16/29  train_loss 0.3966  val_loss 1.8005  acc 0.3646  bal 0.3646  kappa 0.1528  auroc 0.6181  eta 2:28
2026-09-28 10:10:36,305 INFO epoch 17 step 0/63 (  2%) loss 0.3812 acc 1.0000 lr 2.38e-05 eta 0:17
2026-09-28 10:10:44,684 INFO epoch 17 step 50/63 ( 81%) loss 0.3861 acc 0.9991 lr 2.15e-05 eta 0:02
2026-09-28 10:10:47,378 INFO epoch  17/29  train_loss 0.3870  val_loss 1.8413  acc 0.3385  bal 0.3385  kappa 0.1181  auroc 0.6025  eta 2:16
2026-09-28 10:10:47,654 INFO epoch 18 step 0/63 (  2%) loss 0.3768 acc 1.0000 lr 2.09e-05 eta 0:16
2026-09-28 10:10:55,815 INFO epoch 18 step 50/63 ( 81%) loss 0.3782 acc 0.9997 lr 1.87e-05 eta 0:01
2026-09-28 10:10:58,482 INFO epoch  18/29  train_loss 0.3780  val_loss 1.7863  acc 0.3594  bal 0.3594  kappa 0.1458  auroc 0.6035  eta 2:05
2026-09-28 10:10:58,775 INFO epoch 19 step 0/63 (  2%) loss 0.3742 acc 1.0000 lr 1.81e-05 eta 0:17
2026-09-28 10:11:07,039 INFO epoch 19 step 50/63 ( 81%) loss 0.3732 acc 1.0000 lr 1.60e-05 eta 0:02
2026-09-28 10:11:09,726 INFO epoch  19/29  train_loss 0.3727  val_loss 1.7788  acc 0.3559  bal 0.3559  kappa 0.1412  auroc 0.6065  eta 1:53
2026-09-28 10:11:10,025 INFO epoch 20 step 0/63 (  2%) loss 0.3660 acc 1.0000 lr 1.54e-05 eta 0:18
2026-09-28 10:11:18,228 INFO epoch 20 step 50/63 ( 81%) loss 0.3689 acc 1.0000 lr 1.34e-05 eta 0:01
2026-09-28 10:11:20,858 INFO epoch  20/29  train_loss 0.3686  val_loss 1.7132  acc 0.3698  bal 0.3698  kappa 0.1597  auroc 0.6137  eta 1:42
2026-09-28 10:11:21,163 INFO epoch 21 step 0/63 (  2%) loss 0.3664 acc 1.0000 lr 1.28e-05 eta 0:18
2026-09-28 10:11:29,354 INFO epoch 21 step 50/63 ( 81%) loss 0.3656 acc 1.0000 lr 1.09e-05 eta 0:01
2026-09-28 10:11:31,969 INFO epoch  21/29  train_loss 0.3656  val_loss 1.7398  acc 0.3646  bal 0.3646  kappa 0.1528  auroc 0.6101  eta 1:30
2026-09-28 10:11:32,249 INFO epoch 22 step 0/63 (  2%) loss 0.3616 acc 1.0000 lr 1.04e-05 eta 0:17
2026-09-28 10:11:40,670 INFO epoch 22 step 50/63 ( 81%) loss 0.3628 acc 1.0000 lr 8.67e-06 eta 0:02
2026-09-28 10:11:43,378 INFO epoch  22/29  train_loss 0.3627  val_loss 1.7220  acc 0.3611  bal 0.3611  kappa 0.1481  auroc 0.6111  eta 1:19
2026-09-28 10:11:43,651 INFO epoch 23 step 0/63 (  2%) loss 0.3590 acc 1.0000 lr 8.23e-06 eta 0:16
2026-09-28 10:11:52,140 INFO epoch 23 step 50/63 ( 81%) loss 0.3616 acc 1.0000 lr 6.65e-06 eta 0:02
2026-09-28 10:11:54,804 INFO epoch  23/29  train_loss 0.3618  val_loss 1.7010  acc 0.3611  bal 0.3611  kappa 0.1481  auroc 0.6114  eta 1:08
2026-09-28 10:11:55,082 INFO epoch 24 step 0/63 (  2%) loss 0.3639 acc 1.0000 lr 6.26e-06 eta 0:17
2026-09-28 10:12:03,417 INFO epoch 24 step 50/63 ( 81%) loss 0.3600 acc 1.0000 lr 4.88e-06 eta 0:02
2026-09-28 10:12:06,037 INFO epoch  24/29  train_loss 0.3600  val_loss 1.7165  acc 0.3733  bal 0.3733  kappa 0.1644  auroc 0.6070  eta 0:56
2026-09-28 10:12:06,317 INFO epoch 25 step 0/63 (  2%) loss 0.3564 acc 1.0000 lr 4.55e-06 eta 0:17
2026-09-28 10:12:14,555 INFO epoch 25 step 50/63 ( 81%) loss 0.3597 acc 1.0000 lr 3.38e-06 eta 0:02
2026-09-28 10:12:17,196 INFO epoch  25/29  train_loss 0.3596  val_loss 1.7177  acc 0.3819  bal 0.3819  kappa 0.1759  auroc 0.6095  eta 0:45
2026-09-28 10:12:17,471 INFO epoch 26 step 0/63 (  2%) loss 0.3573 acc 1.0000 lr 3.11e-06 eta 0:16
2026-09-28 10:12:25,713 INFO epoch 26 step 50/63 ( 81%) loss 0.3587 acc 1.0000 lr 2.19e-06 eta 0:02
2026-09-28 10:12:28,360 INFO epoch  26/29  train_loss 0.3588  val_loss 1.7114  acc 0.3576  bal 0.3576  kappa 0.1435  auroc 0.6051  eta 0:33
2026-09-28 10:12:28,638 INFO epoch 27 step 0/63 (  2%) loss 0.3587 acc 1.0000 lr 1.98e-06 eta 0:17
2026-09-28 10:12:36,926 INFO epoch 27 step 50/63 ( 81%) loss 0.3582 acc 1.0000 lr 1.30e-06 eta 0:02
2026-09-28 10:12:39,502 INFO epoch  27/29  train_loss 0.3582  val_loss 1.7130  acc 0.3646  bal 0.3646  kappa 0.1528  auroc 0.6077  eta 0:22
2026-09-28 10:12:39,787 INFO epoch 28 step 0/63 (  2%) loss 0.3588 acc 1.0000 lr 1.16e-06 eta 0:17
2026-09-28 10:12:48,214 INFO epoch 28 step 50/63 ( 81%) loss 0.3583 acc 1.0000 lr 7.37e-07 eta 0:02
2026-09-28 10:12:50,940 INFO epoch  28/29  train_loss 0.3582  val_loss 1.7048  acc 0.3819  bal 0.3819  kappa 0.1759  auroc 0.6085  eta 0:11
2026-09-28 10:12:51,225 INFO epoch 29 step 0/63 (  2%) loss 0.3583 acc 1.0000 lr 6.62e-07 eta 0:17
2026-09-28 10:12:59,559 INFO epoch 29 step 50/63 ( 81%) loss 0.3576 acc 1.0000 lr 5.06e-07 eta 0:02
2026-09-28 10:13:02,146 INFO epoch  29/29  train_loss 0.3577  val_loss 1.7072  acc 0.3715  bal 0.3715  kappa 0.1620  auroc 0.6085  eta 0:00
2026-09-28 10:13:02,405 INFO Loaded checkpoint: matched 177 tensors
2026-09-28 10:13:03,147 INFO TEST acc 0.3142 bal 0.3142 kappa 0.0856 wf1 0.2272 auroc 0.5880
──────────────────────────────────────────────────────────────────────────────
  bcic2a_f0_ft_sw_lr5e5  ·  TEST  ·  finetune/eeg_c1_bcic2a  ·  full fine-tune  ·  pretrained  ·  25,403,026 trainable
──────────────────────────────────────────────────────────────────────────────
  BalAcc   0.3142  ██████▉                            
  Kappa    0.0856  █▉                      chance 0.00
  AUROC    0.5880  ███▉                    chance 0.50
  W-F1     0.2272  █████                              
  acc 0.3142   loss 1.4720
──────────────────────────────────────────────────────────────────────────────
2026-09-28 10:13:03,150 INFO outputs in /leonardo_scratch/fast/IscrB_WearUsFM/yanlchen/runs/eegpt_bench/bcic2a_f0_ft_sw_lr5e5
Done. /leonardo_scratch/fast/IscrB_WearUsFM/yanlchen/runs/eegpt_bench/bcic2a_f0_ft_sw_lr5e5/results.json  (the 'test' block is the number to report)
