split /leonardo_scratch/large/userexternal/ychen003/bio/eeg/eegpt_bench/bcic2b_f0_pretrain-v1 exists
============================================================
  EEGPT benchmark  bcic2b  fold 0  mode scratch
  data     /leonardo_scratch/large/userexternal/ychen003/bio/eeg/eegpt_bench/bcic2b_f0_pretrain-v1  (preprocessing pretrain-v1)
  encoder  <none: random initialisation>
  output   /leonardo_scratch/fast/IscrB_WearUsFM/yanlchen/runs/eegpt_bench/bcic2b_f0_scratch_sw_lr5e5
============================================================
2026-09-28 10:04:51,333 INFO hyper-parameters (cli > config train: > builtin):
2026-09-28 10:04:51,333 INFO     epochs           30          [config:finetune/eeg_c1_bcic2b]
2026-09-28 10:04:51,333 INFO     batch_size       64          [config:finetune/eeg_c1_bcic2b]
2026-09-28 10:04:51,333 INFO     lr               5e-05       [cli]
2026-09-28 10:04:51,333 INFO     weight_decay     0.01        [config:finetune/eeg_c1_bcic2b]
2026-09-28 10:04:51,333 INFO     warmup_epochs    5           [builtin]
2026-09-28 10:04:51,333 INFO     warmup_ratio     0.1         [config:finetune/eeg_c1_bcic2b]
2026-09-28 10:04:51,333 INFO     grad_clip        1.0         [config:finetune/eeg_c1_bcic2b]
2026-09-28 10:04:51,333 INFO     label_smoothing  0.1         [config:finetune/eeg_c1_bcic2b]
2026-09-28 10:04:51,333 INFO     min_lr_ratio     0.01        [config:finetune/eeg_c1_bcic2b]
2026-09-28 10:04:51,333 INFO     precision        bf16        [config:finetune/eeg_c1_bcic2b]
2026-09-28 10:04:51,333 INFO     select_by        auroc       [config:finetune/eeg_c1_bcic2b]
2026-09-28 10:04:51,333 INFO     patience         0           [builtin]
2026-09-28 10:04:51,333 INFO     min_delta        0.0         [builtin]
2026-09-28 10:04:51,333 INFO     encoder_lr_scale 1.0         [builtin]
2026-09-28 10:04:51,333 INFO loading /leonardo_scratch/large/userexternal/ychen003/bio/eeg/eegpt_bench/bcic2b_f0_pretrain-v1 into memory on each of 1 rank(s): train.h5 0.06 GiB val.h5 0.01 GiB test.h5 0.01 GiB
2026-09-28 10:04:51,394 INFO train 5080 windows, 3 channels, 1024 samples/window
2026-09-28 10:04:51,394 INFO class counts: [2540, 2540]
2026-09-28 10:04:51,395 INFO EEG C1 downstream: 3 channels at 256.0 Hz, 1024-sample windows, 64-sample patches, route <its own frontend>
2026-09-28 10:04:51,419 INFO Building the EEG C1 downstream model with {'patch_samples': 64, 'pool': 'mean', 'head_dropout': 0.1, 'in_channels': 3, 'window_samples': 1024, 'channel_names': ['C3', 'Cz', 'C4'], 'sampling_rate': 256.0, 'num_classes': 2, 'embed_dim': 512, 'depth': 8, 'num_heads': 8, 'mlp_ratio': 4.0, 'dropout': 0.1, 'norm': 'rmsnorm', 'ffn': 'swiglu', 'qk_norm': True, 'channel_encoding': 'id', 'channel_embed_dim': 64, 'max_level': 3, 'wave_kernel_size': 16, 'wavelet_names': ['sym4', 'sym5', 'db6', 'sym8', 'db8'], 'wave_init_mode': 'pad', 'use_separate_channel': True, 'fold_synthesis': 3, 'fold_gamma': 0.1}
2026-09-28 10:04:51,422 INFO MultiHeadGate: 3 channels is not divisible by 4 heads; using 3.
2026-09-28 10:04:51,555 INFO EEG C1 downstream: NO pretrained weights (the from-scratch control)
2026-09-28 10:04:51,673 INFO model 25.32 M parameters (25,320,148 trainable, 100.0%)
/leonardo/prod/opt/libraries/cineca-ai/4.3.0/none/cineca-ai-env/lib/python3.11/site-packages/transformers/utils/generic.py:462: UserWarning: torch.utils._pytree._register_pytree_node is deprecated. Please use torch.utils._pytree.register_pytree_node instead.
  _torch_pytree._register_pytree_node(
/leonardo/prod/opt/libraries/cineca-ai/4.3.0/none/cineca-ai-env/lib/python3.11/site-packages/transformers/utils/hub.py:124: FutureWarning: Using `TRANSFORMERS_CACHE` is deprecated and will be removed in v5 of Transformers. Use `HF_HOME` instead.
  warnings.warn(
2026-09-28 10:04:52,736 INFO schedule: 80 steps/epoch, 2400 total, 240 warmup (10%), lr 5.00e-05 -> 5.00e-07
2026-09-28 10:04:52,737 INFO selection: best.pth follows val auroc; no early stop, so this runs all 30 epochs (--patience N to stop sooner)
2026-09-28 10:04:53,735 INFO epoch 0 step 0/80 (  1%) loss 0.7447 acc 0.4219 lr 4.17e-07 eta 1:18
2026-09-28 10:04:57,149 INFO epoch 0 step 50/80 ( 64%) loss 0.7097 acc 0.4966 lr 1.08e-05 eta 0:02
2026-09-28 10:05:00,363 INFO epoch   0/29  train_loss 0.7100  val_loss 0.7048  acc 0.5000  bal 0.5000  kappa 0.0000  auroc 0.5037  eta 3:41  *best
2026-09-28 10:05:00,520 INFO epoch 1 step 0/80 (  1%) loss 0.6640 acc 0.5625 lr 1.71e-05 eta 0:12
2026-09-28 10:05:04,046 INFO epoch 1 step 50/80 ( 64%) loss 0.7070 acc 0.5162 lr 2.75e-05 eta 0:02
2026-09-28 10:05:06,491 INFO epoch   1/29  train_loss 0.7075  val_loss 0.7533  acc 0.5000  bal 0.5000  kappa 0.0000  auroc 0.4673  eta 3:12
2026-09-28 10:05:06,642 INFO epoch 2 step 0/80 (  1%) loss 0.7234 acc 0.5469 lr 3.38e-05 eta 0:11
2026-09-28 10:05:10,161 INFO epoch 2 step 50/80 ( 64%) loss 0.7080 acc 0.5101 lr 4.42e-05 eta 0:02
2026-09-28 10:05:12,921 INFO epoch   2/29  train_loss 0.7070  val_loss 0.6949  acc 0.5097  bal 0.5097  kappa 0.0194  auroc 0.5279  eta 3:01  *best
2026-09-28 10:05:13,084 INFO epoch 3 step 0/80 (  1%) loss 0.6888 acc 0.5938 lr 5.00e-05 eta 0:12
2026-09-28 10:05:16,620 INFO epoch 3 step 50/80 ( 64%) loss 0.7070 acc 0.5389 lr 4.99e-05 eta 0:02
2026-09-28 10:05:19,369 INFO epoch   3/29  train_loss 0.6979  val_loss 0.7594  acc 0.5056  bal 0.5056  kappa 0.0111  auroc 0.6429  eta 2:53  *best
2026-09-28 10:05:19,530 INFO epoch 4 step 0/80 (  1%) loss 0.7339 acc 0.5156 lr 4.98e-05 eta 0:12
2026-09-28 10:05:23,077 INFO epoch 4 step 50/80 ( 64%) loss 0.6128 acc 0.6759 lr 4.96e-05 eta 0:02
2026-09-28 10:05:25,918 INFO epoch   4/29  train_loss 0.6061  val_loss 0.6663  acc 0.6375  bal 0.6375  kappa 0.2750  auroc 0.6743  eta 2:45  *best
2026-09-28 10:05:26,084 INFO epoch 5 step 0/80 (  1%) loss 0.5886 acc 0.6875 lr 4.93e-05 eta 0:12
2026-09-28 10:05:29,631 INFO epoch 5 step 50/80 ( 64%) loss 0.5414 acc 0.7525 lr 4.88e-05 eta 0:02
2026-09-28 10:05:32,485 INFO epoch   5/29  train_loss 0.5457  val_loss 0.6635  acc 0.6486  bal 0.6486  kappa 0.2972  auroc 0.7022  eta 2:38  *best
2026-09-28 10:05:32,652 INFO epoch 6 step 0/80 (  1%) loss 0.5356 acc 0.7812 lr 4.85e-05 eta 0:12
2026-09-28 10:05:36,202 INFO epoch 6 step 50/80 ( 64%) loss 0.5200 acc 0.7763 lr 4.78e-05 eta 0:02
2026-09-28 10:05:38,966 INFO epoch   6/29  train_loss 0.5198  val_loss 0.8310  acc 0.5806  bal 0.5806  kappa 0.1611  auroc 0.7119  eta 2:31  *best
2026-09-28 10:05:39,126 INFO epoch 7 step 0/80 (  1%) loss 0.6355 acc 0.6719 lr 4.74e-05 eta 0:12
2026-09-28 10:05:42,635 INFO epoch 7 step 50/80 ( 64%) loss 0.6085 acc 0.7010 lr 4.65e-05 eta 0:02
2026-09-28 10:05:45,389 INFO epoch   7/29  train_loss 0.5949  val_loss 0.6592  acc 0.6444  bal 0.6444  kappa 0.2889  auroc 0.7159  eta 2:24  *best
2026-09-28 10:05:45,550 INFO epoch 8 step 0/80 (  1%) loss 0.4939 acc 0.7812 lr 4.59e-05 eta 0:12
2026-09-28 10:05:49,079 INFO epoch 8 step 50/80 ( 64%) loss 0.4698 acc 0.8122 lr 4.49e-05 eta 0:02
2026-09-28 10:05:51,818 INFO epoch   8/29  train_loss 0.4784  val_loss 0.6913  acc 0.6431  bal 0.6431  kappa 0.2861  auroc 0.7169  eta 2:17  *best
2026-09-28 10:05:51,979 INFO epoch 9 step 0/80 (  1%) loss 0.4273 acc 0.8125 lr 4.42e-05 eta 0:12
2026-09-28 10:05:55,471 INFO epoch 9 step 50/80 ( 64%) loss 0.4693 acc 0.8183 lr 4.30e-05 eta 0:02
2026-09-28 10:05:58,201 INFO epoch   9/29  train_loss 0.4673  val_loss 0.8233  acc 0.6208  bal 0.6208  kappa 0.2417  auroc 0.7204  eta 2:10  *best
2026-09-28 10:05:58,360 INFO epoch 10 step 0/80 (  1%) loss 0.4191 acc 0.8125 lr 4.22e-05 eta 0:12
2026-09-28 10:06:01,845 INFO epoch 10 step 50/80 ( 64%) loss 0.4302 acc 0.8456 lr 4.09e-05 eta 0:02
2026-09-28 10:06:04,589 INFO epoch  10/29  train_loss 0.4292  val_loss 0.7030  acc 0.6500  bal 0.6500  kappa 0.3000  auroc 0.7283  eta 2:04  *best
2026-09-28 10:06:04,749 INFO epoch 11 step 0/80 (  1%) loss 0.3491 acc 0.9219 lr 4.00e-05 eta 0:12
2026-09-28 10:06:08,232 INFO epoch 11 step 50/80 ( 64%) loss 0.4024 acc 0.8673 lr 3.85e-05 eta 0:02
2026-09-28 10:06:10,971 INFO epoch  11/29  train_loss 0.3972  val_loss 0.7250  acc 0.6750  bal 0.6750  kappa 0.3500  auroc 0.7313  eta 1:57  *best
2026-09-28 10:06:11,132 INFO epoch 12 step 0/80 (  1%) loss 0.4249 acc 0.7969 lr 3.76e-05 eta 0:12
2026-09-28 10:06:14,628 INFO epoch 12 step 50/80 ( 64%) loss 0.3700 acc 0.8869 lr 3.60e-05 eta 0:02
2026-09-28 10:06:17,077 INFO epoch  12/29  train_loss 0.3650  val_loss 0.8023  acc 0.6639  bal 0.6639  kappa 0.3278  auroc 0.7113  eta 1:50
2026-09-28 10:06:17,232 INFO epoch 13 step 0/80 (  1%) loss 0.3060 acc 0.9219 lr 3.50e-05 eta 0:12
2026-09-28 10:06:20,727 INFO epoch 13 step 50/80 ( 64%) loss 0.3096 acc 0.9317 lr 3.33e-05 eta 0:02
2026-09-28 10:06:23,160 INFO epoch  13/29  train_loss 0.3202  val_loss 0.9132  acc 0.6389  bal 0.6389  kappa 0.2778  auroc 0.7090  eta 1:43
2026-09-28 10:06:23,320 INFO epoch 14 step 0/80 (  1%) loss 0.2637 acc 0.9531 lr 3.23e-05 eta 0:12
2026-09-28 10:06:26,904 INFO epoch 14 step 50/80 ( 64%) loss 0.2886 acc 0.9476 lr 3.06e-05 eta 0:02
2026-09-28 10:06:29,346 INFO epoch  14/29  train_loss 0.2856  val_loss 1.0102  acc 0.6347  bal 0.6347  kappa 0.2694  auroc 0.6759  eta 1:36
2026-09-28 10:06:29,501 INFO epoch 15 step 0/80 (  1%) loss 0.2829 acc 0.9688 lr 2.95e-05 eta 0:12
2026-09-28 10:06:32,990 INFO epoch 15 step 50/80 ( 64%) loss 0.2537 acc 0.9694 lr 2.77e-05 eta 0:02
2026-09-28 10:06:35,404 INFO epoch  15/29  train_loss 0.2566  val_loss 0.9276  acc 0.6694  bal 0.6694  kappa 0.3389  auroc 0.6900  eta 1:29
2026-09-28 10:06:35,559 INFO epoch 16 step 0/80 (  1%) loss 0.2104 acc 1.0000 lr 2.67e-05 eta 0:12
2026-09-28 10:06:39,045 INFO epoch 16 step 50/80 ( 64%) loss 0.2429 acc 0.9752 lr 2.49e-05 eta 0:02
2026-09-28 10:06:41,458 INFO epoch  16/29  train_loss 0.2483  val_loss 1.0805  acc 0.6250  bal 0.6250  kappa 0.2500  auroc 0.6708  eta 1:23
2026-09-28 10:06:41,612 INFO epoch 17 step 0/80 (  1%) loss 0.3009 acc 0.9531 lr 2.38e-05 eta 0:11
2026-09-28 10:06:45,120 INFO epoch 17 step 50/80 ( 64%) loss 0.2413 acc 0.9718 lr 2.20e-05 eta 0:02
2026-09-28 10:06:47,560 INFO epoch  17/29  train_loss 0.2413  val_loss 0.9550  acc 0.6528  bal 0.6528  kappa 0.3056  auroc 0.6924  eta 1:16
2026-09-28 10:06:47,713 INFO epoch 18 step 0/80 (  1%) loss 0.2061 acc 1.0000 lr 2.09e-05 eta 0:11
2026-09-28 10:06:51,234 INFO epoch 18 step 50/80 ( 64%) loss 0.2153 acc 0.9908 lr 1.92e-05 eta 0:02
2026-09-28 10:06:53,661 INFO epoch  18/29  train_loss 0.2201  val_loss 0.9285  acc 0.6667  bal 0.6667  kappa 0.3333  auroc 0.6903  eta 1:10
2026-09-28 10:06:53,813 INFO epoch 19 step 0/80 (  1%) loss 0.2338 acc 0.9844 lr 1.81e-05 eta 0:11
2026-09-28 10:06:57,356 INFO epoch 19 step 50/80 ( 64%) loss 0.2194 acc 0.9896 lr 1.64e-05 eta 0:02
2026-09-28 10:06:59,797 INFO epoch  19/29  train_loss 0.2219  val_loss 0.9851  acc 0.6625  bal 0.6625  kappa 0.3250  auroc 0.6809  eta 1:03
2026-09-28 10:06:59,948 INFO epoch 20 step 0/80 (  1%) loss 0.2216 acc 0.9688 lr 1.54e-05 eta 0:11
2026-09-28 10:07:03,472 INFO epoch 20 step 50/80 ( 64%) loss 0.2106 acc 0.9933 lr 1.38e-05 eta 0:02
2026-09-28 10:07:05,900 INFO epoch  20/29  train_loss 0.2089  val_loss 1.0379  acc 0.6347  bal 0.6347  kappa 0.2694  auroc 0.6684  eta 0:57
2026-09-28 10:07:06,053 INFO epoch 21 step 0/80 (  1%) loss 0.2036 acc 1.0000 lr 1.28e-05 eta 0:11
2026-09-28 10:07:09,570 INFO epoch 21 step 50/80 ( 64%) loss 0.2086 acc 0.9963 lr 1.13e-05 eta 0:02
2026-09-28 10:07:12,009 INFO epoch  21/29  train_loss 0.2072  val_loss 0.9796  acc 0.6611  bal 0.6611  kappa 0.3222  auroc 0.6796  eta 0:50
2026-09-28 10:07:12,162 INFO epoch 22 step 0/80 (  1%) loss 0.2027 acc 1.0000 lr 1.04e-05 eta 0:11
2026-09-28 10:07:15,660 INFO epoch 22 step 50/80 ( 64%) loss 0.2110 acc 0.9926 lr 9.04e-06 eta 0:02
2026-09-28 10:07:18,088 INFO epoch  22/29  train_loss 0.2090  val_loss 1.0358  acc 0.6431  bal 0.6431  kappa 0.2861  auroc 0.6693  eta 0:44
2026-09-28 10:07:18,243 INFO epoch 23 step 0/80 (  1%) loss 0.2002 acc 1.0000 lr 8.24e-06 eta 0:11
2026-09-28 10:07:21,773 INFO epoch 23 step 50/80 ( 64%) loss 0.2025 acc 0.9979 lr 6.98e-06 eta 0:02
2026-09-28 10:07:24,232 INFO epoch  23/29  train_loss 0.2032  val_loss 1.0112  acc 0.6472  bal 0.6472  kappa 0.2944  auroc 0.6925  eta 0:37
2026-09-28 10:07:24,386 INFO epoch 24 step 0/80 (  1%) loss 0.2000 acc 1.0000 lr 6.27e-06 eta 0:11
2026-09-28 10:07:27,919 INFO epoch 24 step 50/80 ( 64%) loss 0.2017 acc 0.9982 lr 5.16e-06 eta 0:02
2026-09-28 10:07:30,375 INFO epoch  24/29  train_loss 0.2023  val_loss 1.0330  acc 0.6417  bal 0.6417  kappa 0.2833  auroc 0.6779  eta 0:31
2026-09-28 10:07:30,528 INFO epoch 25 step 0/80 (  1%) loss 0.1990 acc 1.0000 lr 4.55e-06 eta 0:11
2026-09-28 10:07:34,069 INFO epoch 25 step 50/80 ( 64%) loss 0.2009 acc 0.9994 lr 3.62e-06 eta 0:02
2026-09-28 10:07:36,519 INFO epoch  25/29  train_loss 0.2018  val_loss 1.0662  acc 0.6389  bal 0.6389  kappa 0.2778  auroc 0.6612  eta 0:25
2026-09-28 10:07:36,671 INFO epoch 26 step 0/80 (  1%) loss 0.1994 acc 1.0000 lr 3.12e-06 eta 0:11
2026-09-28 10:07:40,213 INFO epoch 26 step 50/80 ( 64%) loss 0.2000 acc 0.9994 lr 2.37e-06 eta 0:02
2026-09-28 10:07:42,674 INFO epoch  26/29  train_loss 0.1999  val_loss 1.0332  acc 0.6472  bal 0.6472  kappa 0.2944  auroc 0.6807  eta 0:18
2026-09-28 10:07:42,827 INFO epoch 27 step 0/80 (  1%) loss 0.1990 acc 1.0000 lr 1.98e-06 eta 0:11
2026-09-28 10:07:46,370 INFO epoch 27 step 50/80 ( 64%) loss 0.1995 acc 0.9997 lr 1.43e-06 eta 0:02
2026-09-28 10:07:48,824 INFO epoch  27/29  train_loss 0.2001  val_loss 1.0365  acc 0.6431  bal 0.6431  kappa 0.2861  auroc 0.6693  eta 0:12
2026-09-28 10:07:48,976 INFO epoch 28 step 0/80 (  1%) loss 0.1992 acc 1.0000 lr 1.16e-06 eta 0:11
2026-09-28 10:07:52,498 INFO epoch 28 step 50/80 ( 64%) loss 0.1998 acc 0.9997 lr 8.10e-07 eta 0:02
2026-09-28 10:07:54,916 INFO epoch  28/29  train_loss 0.1996  val_loss 1.0238  acc 0.6500  bal 0.6500  kappa 0.3000  auroc 0.6835  eta 0:06
2026-09-28 10:07:55,071 INFO epoch 29 step 0/80 (  1%) loss 0.1989 acc 1.0000 lr 6.63e-07 eta 0:11
2026-09-28 10:07:58,579 INFO epoch 29 step 50/80 ( 64%) loss 0.1998 acc 0.9997 lr 5.22e-07 eta 0:02
2026-09-28 10:08:01,014 INFO epoch  29/29  train_loss 0.2001  val_loss 1.0338  acc 0.6417  bal 0.6417  kappa 0.2833  auroc 0.6797  eta 0:00
2026-09-28 10:08:01,247 INFO Loaded checkpoint: matched 177 tensors
2026-09-28 10:08:01,659 INFO TEST acc 0.6750 bal 0.6750 kappa 0.3500 wf1 0.6738 auroc 0.7304
──────────────────────────────────────────────────────────────────────────────
  bcic2b_f0_scratch_sw_lr5e5  ·  TEST  ·  finetune/eeg_c1_bcic2b  ·  full fine-tune  ·  from scratch  ·  25,320,148 trainable
──────────────────────────────────────────────────────────────────────────────
  BalAcc   0.6750  ██████████████▉                    
  Kappa    0.3500  ███████▊                chance 0.00
  AUROC    0.7304  ██████████▏             chance 0.50
  W-F1     0.6738  ██████████████▉                    
  acc 0.6750   loss 0.7348
──────────────────────────────────────────────────────────────────────────────
2026-09-28 10:08:01,661 INFO outputs in /leonardo_scratch/fast/IscrB_WearUsFM/yanlchen/runs/eegpt_bench/bcic2b_f0_scratch_sw_lr5e5
Done. /leonardo_scratch/fast/IscrB_WearUsFM/yanlchen/runs/eegpt_bench/bcic2b_f0_scratch_sw_lr5e5/results.json  (the 'test' block is the number to report)
