split /leonardo_scratch/large/userexternal/ychen003/bio/eeg/eegpt_bench/bcic2a_f0_pretrain-v1 exists
============================================================
  EEGPT benchmark  bcic2a  fold 0  mode scratch
  data     /leonardo_scratch/large/userexternal/ychen003/bio/eeg/eegpt_bench/bcic2a_f0_pretrain-v1  (preprocessing pretrain-v1)
  encoder  <none: random initialisation>
  output   /leonardo_scratch/fast/IscrB_WearUsFM/yanlchen/runs/eegpt_bench/bcic2a_f0_scratch_sw_base
============================================================
2026-09-28 10:01:09,035 INFO hyper-parameters (cli > config train: > builtin):
2026-09-28 10:01:09,035 INFO     epochs           30          [config:finetune/eeg_c1_bcic2a]
2026-09-28 10:01:09,035 INFO     batch_size       64          [config:finetune/eeg_c1_bcic2a]
2026-09-28 10:01:09,035 INFO     lr               0.00025     [cli]
2026-09-28 10:01:09,035 INFO     weight_decay     0.01        [config:finetune/eeg_c1_bcic2a]
2026-09-28 10:01:09,035 INFO     warmup_epochs    5           [builtin]
2026-09-28 10:01:09,035 INFO     warmup_ratio     0.1         [config:finetune/eeg_c1_bcic2a]
2026-09-28 10:01:09,035 INFO     grad_clip        1.0         [config:finetune/eeg_c1_bcic2a]
2026-09-28 10:01:09,035 INFO     label_smoothing  0.1         [config:finetune/eeg_c1_bcic2a]
2026-09-28 10:01:09,035 INFO     min_lr_ratio     0.01        [config:finetune/eeg_c1_bcic2a]
2026-09-28 10:01:09,035 INFO     precision        bf16        [config:finetune/eeg_c1_bcic2a]
2026-09-28 10:01:09,035 INFO     select_by        kappa       [config:finetune/eeg_c1_bcic2a]
2026-09-28 10:01:09,035 INFO     patience         0           [builtin]
2026-09-28 10:01:09,035 INFO     min_delta        0.0         [builtin]
2026-09-28 10:01:09,035 INFO     encoder_lr_scale 1.0         [builtin]
2026-09-28 10:01:09,035 INFO loading /leonardo_scratch/large/userexternal/ychen003/bio/eeg/eegpt_bench/bcic2a_f0_pretrain-v1 into memory on each of 1 rank(s): train.h5 0.34 GiB val.h5 0.05 GiB test.h5 0.05 GiB
2026-09-28 10:01:10,043 INFO train 4032 windows, 22 channels, 1024 samples/window
2026-09-28 10:01:10,043 INFO class counts: [1008, 1008, 1008, 1008]
2026-09-28 10:01:10,043 INFO EEG C1 downstream: 22 channels at 256.0 Hz, 1024-sample windows, 64-sample patches, route <its own frontend>
2026-09-28 10:01:10,229 INFO Building the EEG C1 downstream model with {'patch_samples': 64, 'pool': 'mean', 'head_dropout': 0.1, 'in_channels': 22, 'window_samples': 1024, 'channel_names': ['Fz', 'FC3', 'FC1', 'FCz', 'FC2', 'FC4', 'C5', 'C3', 'C1', 'Cz', 'C2', 'C4', 'C6', 'CP3', 'CP1', 'CPz', 'CP2', 'CP4', 'P1', 'Pz', 'P2', 'POz'], 'sampling_rate': 256.0, 'num_classes': 4, 'embed_dim': 512, 'depth': 8, 'num_heads': 8, 'mlp_ratio': 4.0, 'dropout': 0.1, 'norm': 'rmsnorm', 'ffn': 'swiglu', 'qk_norm': True, 'channel_encoding': 'id', 'channel_embed_dim': 64, 'max_level': 3, 'wave_kernel_size': 16, 'wavelet_names': ['sym4', 'sym5', 'db6', 'sym8', 'db8'], 'wave_init_mode': 'pad', 'use_separate_channel': True, 'fold_synthesis': 3, 'fold_gamma': 0.1}
2026-09-28 10:01:10,251 INFO MultiHeadGate: 22 channels is not divisible by 4 heads; using 2.
2026-09-28 10:01:10,393 INFO EEG C1 downstream: NO pretrained weights (the from-scratch control)
2026-09-28 10:01:10,589 INFO model 25.40 M parameters (25,403,026 trainable, 100.0%)
/leonardo/prod/opt/libraries/cineca-ai/4.3.0/none/cineca-ai-env/lib/python3.11/site-packages/transformers/utils/generic.py:462: UserWarning: torch.utils._pytree._register_pytree_node is deprecated. Please use torch.utils._pytree.register_pytree_node instead.
  _torch_pytree._register_pytree_node(
/leonardo/prod/opt/libraries/cineca-ai/4.3.0/none/cineca-ai-env/lib/python3.11/site-packages/transformers/utils/hub.py:124: FutureWarning: Using `TRANSFORMERS_CACHE` is deprecated and will be removed in v5 of Transformers. Use `HF_HOME` instead.
  warnings.warn(
2026-09-28 10:01:26,308 INFO schedule: 63 steps/epoch, 1890 total, 189 warmup (10%), lr 2.50e-04 -> 2.50e-06
2026-09-28 10:01:26,309 INFO selection: best.pth follows val kappa; no early stop, so this runs all 30 epochs (--patience N to stop sooner)
2026-09-28 10:01:29,062 INFO epoch 0 step 0/63 (  2%) loss 1.6755 acc 0.2188 lr 2.65e-06 eta 2:50
2026-09-28 10:01:37,180 INFO epoch 0 step 50/63 ( 81%) loss 1.4610 acc 0.2500 lr 6.88e-05 eta 0:02
2026-09-28 10:01:46,447 INFO epoch   0/29  train_loss 1.4613  val_loss 1.4040  acc 0.2517  bal 0.2517  kappa 0.0023  auroc 0.5730  eta 9:44  *best
2026-09-28 10:01:46,730 INFO epoch 1 step 0/63 (  2%) loss 1.3916 acc 0.2656 lr 8.60e-05 eta 0:16
2026-09-28 10:01:54,854 INFO epoch 1 step 50/63 ( 81%) loss 1.4244 acc 0.2619 lr 1.52e-04 eta 0:01
2026-09-28 10:01:57,824 INFO epoch   1/29  train_loss 1.4233  val_loss 1.3731  acc 0.2760  bal 0.2760  kappa 0.0347  auroc 0.6140  eta 7:21  *best
2026-09-28 10:01:58,102 INFO epoch 2 step 0/63 (  2%) loss 1.3985 acc 0.2656 lr 1.69e-04 eta 0:16
2026-09-28 10:02:06,209 INFO epoch 2 step 50/63 ( 81%) loss 1.3896 acc 0.3137 lr 2.35e-04 eta 0:01
2026-09-28 10:02:08,810 INFO epoch   2/29  train_loss 1.3968  val_loss 1.4305  acc 0.2656  bal 0.2656  kappa 0.0208  auroc 0.6434  eta 6:22
2026-09-28 10:02:09,084 INFO epoch 3 step 0/63 (  2%) loss 1.4102 acc 0.3281 lr 2.50e-04 eta 0:16
2026-09-28 10:02:17,201 INFO epoch 3 step 50/63 ( 81%) loss 1.3724 acc 0.3373 lr 2.49e-04 eta 0:01
2026-09-28 10:02:20,081 INFO epoch   3/29  train_loss 1.3677  val_loss 1.3406  acc 0.3594  bal 0.3594  kappa 0.1458  auroc 0.6514  eta 5:49  *best
2026-09-28 10:02:20,358 INFO epoch 4 step 0/63 (  2%) loss 1.2960 acc 0.3594 lr 2.49e-04 eta 0:17
2026-09-28 10:02:28,469 INFO epoch 4 step 50/63 ( 81%) loss 1.3319 acc 0.3643 lr 2.47e-04 eta 0:01
2026-09-28 10:02:31,034 INFO epoch   4/29  train_loss 1.3230  val_loss 1.3924  acc 0.3559  bal 0.3559  kappa 0.1412  auroc 0.6538  eta 5:23
2026-09-28 10:02:31,304 INFO epoch 5 step 0/63 (  2%) loss 1.2511 acc 0.4375 lr 2.47e-04 eta 0:16
2026-09-28 10:02:39,441 INFO epoch 5 step 50/63 ( 81%) loss 1.2758 acc 0.4219 lr 2.43e-04 eta 0:01
2026-09-28 10:02:42,390 INFO epoch   5/29  train_loss 1.2763  val_loss 1.3473  acc 0.3958  bal 0.3958  kappa 0.1944  auroc 0.6599  eta 5:04  *best
2026-09-28 10:02:42,669 INFO epoch 6 step 0/63 (  2%) loss 1.2607 acc 0.4375 lr 2.42e-04 eta 0:16
2026-09-28 10:02:50,777 INFO epoch 6 step 50/63 ( 81%) loss 1.2260 acc 0.4694 lr 2.38e-04 eta 0:01
2026-09-28 10:02:53,352 INFO epoch   6/29  train_loss 1.2277  val_loss 1.3916  acc 0.3507  bal 0.3507  kappa 0.1343  auroc 0.6470  eta 4:45
2026-09-28 10:02:53,625 INFO epoch 7 step 0/63 (  2%) loss 1.2242 acc 0.4375 lr 2.37e-04 eta 0:16
2026-09-28 10:03:01,738 INFO epoch 7 step 50/63 ( 81%) loss 1.1610 acc 0.5080 lr 2.31e-04 eta 0:01
2026-09-28 10:03:04,308 INFO epoch   7/29  train_loss 1.1597  val_loss 1.3813  acc 0.3854  bal 0.3854  kappa 0.1806  auroc 0.6372  eta 4:29
2026-09-28 10:03:04,580 INFO epoch 8 step 0/63 (  2%) loss 1.0091 acc 0.6094 lr 2.30e-04 eta 0:16
2026-09-28 10:03:12,701 INFO epoch 8 step 50/63 ( 81%) loss 1.0667 acc 0.5968 lr 2.23e-04 eta 0:01
2026-09-28 10:03:15,271 INFO epoch   8/29  train_loss 1.0653  val_loss 1.5233  acc 0.3767  bal 0.3767  kappa 0.1690  auroc 0.6357  eta 4:14
2026-09-28 10:03:15,537 INFO epoch 9 step 0/63 (  2%) loss 1.0031 acc 0.6250 lr 2.21e-04 eta 0:16
2026-09-28 10:03:23,665 INFO epoch 9 step 50/63 ( 81%) loss 0.9125 acc 0.6976 lr 2.13e-04 eta 0:01
2026-09-28 10:03:26,239 INFO epoch   9/29  train_loss 0.9137  val_loss 1.7128  acc 0.3542  bal 0.3542  kappa 0.1389  auroc 0.6245  eta 3:59
2026-09-28 10:03:26,504 INFO epoch 10 step 0/63 (  2%) loss 0.7087 acc 0.8281 lr 2.11e-04 eta 0:16
2026-09-28 10:03:34,616 INFO epoch 10 step 50/63 ( 81%) loss 0.7411 acc 0.7886 lr 2.02e-04 eta 0:01
2026-09-28 10:03:37,187 INFO epoch  10/29  train_loss 0.7476  val_loss 1.7696  acc 0.3299  bal 0.3299  kappa 0.1065  auroc 0.5955  eta 3:46
2026-09-28 10:03:37,450 INFO epoch 11 step 0/63 (  2%) loss 0.6261 acc 0.8594 lr 2.00e-04 eta 0:16
2026-09-28 10:03:45,577 INFO epoch 11 step 50/63 ( 81%) loss 0.6119 acc 0.8695 lr 1.90e-04 eta 0:01
2026-09-28 10:03:48,153 INFO epoch  11/29  train_loss 0.6132  val_loss 2.0780  acc 0.3802  bal 0.3802  kappa 0.1736  auroc 0.6242  eta 3:32
2026-09-28 10:03:48,424 INFO epoch 12 step 0/63 (  2%) loss 0.5310 acc 0.9062 lr 1.88e-04 eta 0:16
2026-09-28 10:03:56,540 INFO epoch 12 step 50/63 ( 81%) loss 0.5391 acc 0.9062 lr 1.78e-04 eta 0:01
2026-09-28 10:03:59,107 INFO epoch  12/29  train_loss 0.5439  val_loss 1.9741  acc 0.3628  bal 0.3628  kappa 0.1505  auroc 0.6106  eta 3:19
2026-09-28 10:03:59,373 INFO epoch 13 step 0/63 (  2%) loss 0.4230 acc 0.9844 lr 1.75e-04 eta 0:16
2026-09-28 10:04:07,495 INFO epoch 13 step 50/63 ( 81%) loss 0.4748 acc 0.9403 lr 1.64e-04 eta 0:01
2026-09-28 10:04:10,068 INFO epoch  13/29  train_loss 0.4766  val_loss 2.0785  acc 0.3455  bal 0.3455  kappa 0.1273  auroc 0.6024  eta 3:07
2026-09-28 10:04:10,334 INFO epoch 14 step 0/63 (  2%) loss 0.4054 acc 0.9844 lr 1.62e-04 eta 0:16
2026-09-28 10:04:18,445 INFO epoch 14 step 50/63 ( 81%) loss 0.4577 acc 0.9467 lr 1.50e-04 eta 0:01
2026-09-28 10:04:21,014 INFO epoch  14/29  train_loss 0.4655  val_loss 1.9553  acc 0.3681  bal 0.3681  kappa 0.1574  auroc 0.6022  eta 2:54
2026-09-28 10:04:21,279 INFO epoch 15 step 0/63 (  2%) loss 0.3869 acc 0.9688 lr 1.48e-04 eta 0:16
2026-09-28 10:04:29,391 INFO epoch 15 step 50/63 ( 81%) loss 0.4336 acc 0.9568 lr 1.36e-04 eta 0:01
2026-09-28 10:04:31,960 INFO epoch  15/29  train_loss 0.4364  val_loss 2.0602  acc 0.3438  bal 0.3438  kappa 0.1250  auroc 0.6072  eta 2:42
2026-09-28 10:04:32,233 INFO epoch 16 step 0/63 (  2%) loss 0.3728 acc 1.0000 lr 1.33e-04 eta 0:16
2026-09-28 10:04:40,343 INFO epoch 16 step 50/63 ( 81%) loss 0.4111 acc 0.9697 lr 1.22e-04 eta 0:01
2026-09-28 10:04:42,909 INFO epoch  16/29  train_loss 0.4128  val_loss 2.1009  acc 0.3420  bal 0.3420  kappa 0.1227  auroc 0.5961  eta 2:30
2026-09-28 10:04:43,170 INFO epoch 17 step 0/63 (  2%) loss 0.4611 acc 0.9531 lr 1.19e-04 eta 0:16
2026-09-28 10:04:51,285 INFO epoch 17 step 50/63 ( 81%) loss 0.4050 acc 0.9743 lr 1.07e-04 eta 0:01
2026-09-28 10:04:53,853 INFO epoch  17/29  train_loss 0.4037  val_loss 2.2010  acc 0.3281  bal 0.3281  kappa 0.1042  auroc 0.5908  eta 2:18
2026-09-28 10:04:54,116 INFO epoch 18 step 0/63 (  2%) loss 0.3535 acc 1.0000 lr 1.05e-04 eta 0:16
2026-09-28 10:05:02,311 INFO epoch 18 step 50/63 ( 81%) loss 0.4052 acc 0.9737 lr 9.34e-05 eta 0:01
2026-09-28 10:05:04,878 INFO epoch  18/29  train_loss 0.4020  val_loss 2.1497  acc 0.3611  bal 0.3611  kappa 0.1481  auroc 0.6145  eta 2:06
2026-09-28 10:05:05,140 INFO epoch 19 step 0/63 (  2%) loss 0.3675 acc 0.9844 lr 9.05e-05 eta 0:16
2026-09-28 10:05:13,265 INFO epoch 19 step 50/63 ( 81%) loss 0.3776 acc 0.9865 lr 7.98e-05 eta 0:01
2026-09-28 10:05:15,832 INFO epoch  19/29  train_loss 0.3809  val_loss 2.1459  acc 0.3438  bal 0.3438  kappa 0.1250  auroc 0.6011  eta 1:54
2026-09-28 10:05:16,099 INFO epoch 20 step 0/63 (  2%) loss 0.3703 acc 0.9844 lr 7.70e-05 eta 0:16
2026-09-28 10:05:24,235 INFO epoch 20 step 50/63 ( 81%) loss 0.3791 acc 0.9871 lr 6.68e-05 eta 0:01
2026-09-28 10:05:26,812 INFO epoch  20/29  train_loss 0.3798  val_loss 2.1660  acc 0.3715  bal 0.3715  kappa 0.1620  auroc 0.6195  eta 1:43
2026-09-28 10:05:27,078 INFO epoch 21 step 0/63 (  2%) loss 0.3646 acc 0.9844 lr 6.42e-05 eta 0:16
2026-09-28 10:05:35,202 INFO epoch 21 step 50/63 ( 81%) loss 0.3577 acc 0.9966 lr 5.46e-05 eta 0:01
2026-09-28 10:05:37,770 INFO epoch  21/29  train_loss 0.3589  val_loss 2.2525  acc 0.3576  bal 0.3576  kappa 0.1435  auroc 0.5956  eta 1:31
2026-09-28 10:05:38,029 INFO epoch 22 step 0/63 (  2%) loss 0.3507 acc 1.0000 lr 5.22e-05 eta 0:15
2026-09-28 10:05:46,151 INFO epoch 22 step 50/63 ( 81%) loss 0.3649 acc 0.9923 lr 4.33e-05 eta 0:01
2026-09-28 10:05:48,712 INFO epoch  22/29  train_loss 0.3633  val_loss 2.2899  acc 0.3420  bal 0.3420  kappa 0.1227  auroc 0.5861  eta 1:19
2026-09-28 10:05:48,977 INFO epoch 23 step 0/63 (  2%) loss 0.3506 acc 1.0000 lr 4.12e-05 eta 0:16
2026-09-28 10:05:57,102 INFO epoch 23 step 50/63 ( 81%) loss 0.3581 acc 0.9951 lr 3.32e-05 eta 0:01
2026-09-28 10:05:59,669 INFO epoch  23/29  train_loss 0.3572  val_loss 2.2533  acc 0.3490  bal 0.3490  kappa 0.1319  auroc 0.6015  eta 1:08
2026-09-28 10:05:59,934 INFO epoch 24 step 0/63 (  2%) loss 0.3495 acc 1.0000 lr 3.13e-05 eta 0:16
2026-09-28 10:06:08,048 INFO epoch 24 step 50/63 ( 81%) loss 0.3498 acc 1.0000 lr 2.44e-05 eta 0:01
2026-09-28 10:06:10,614 INFO epoch  24/29  train_loss 0.3502  val_loss 2.2876  acc 0.3455  bal 0.3455  kappa 0.1273  auroc 0.5889  eta 0:56
2026-09-28 10:06:10,881 INFO epoch 25 step 0/63 (  2%) loss 0.3496 acc 1.0000 lr 2.27e-05 eta 0:16
2026-09-28 10:06:19,020 INFO epoch 25 step 50/63 ( 81%) loss 0.3502 acc 0.9997 lr 1.69e-05 eta 0:01
2026-09-28 10:06:21,588 INFO epoch  25/29  train_loss 0.3501  val_loss 2.2924  acc 0.3507  bal 0.3507  kappa 0.1343  auroc 0.5873  eta 0:45
2026-09-28 10:06:21,849 INFO epoch 26 step 0/63 (  2%) loss 0.3494 acc 1.0000 lr 1.56e-05 eta 0:15
2026-09-28 10:06:29,968 INFO epoch 26 step 50/63 ( 81%) loss 0.3495 acc 1.0000 lr 1.09e-05 eta 0:01
2026-09-28 10:06:32,536 INFO epoch  26/29  train_loss 0.3495  val_loss 2.3382  acc 0.3420  bal 0.3420  kappa 0.1227  auroc 0.5847  eta 0:34
2026-09-28 10:06:32,800 INFO epoch 27 step 0/63 (  2%) loss 0.3493 acc 1.0000 lr 9.89e-06 eta 0:16
2026-09-28 10:06:40,918 INFO epoch 27 step 50/63 ( 81%) loss 0.3493 acc 1.0000 lr 6.50e-06 eta 0:01
2026-09-28 10:06:43,493 INFO epoch  27/29  train_loss 0.3493  val_loss 2.3269  acc 0.3455  bal 0.3455  kappa 0.1273  auroc 0.5816  eta 0:22
2026-09-28 10:06:43,761 INFO epoch 28 step 0/63 (  2%) loss 0.3493 acc 1.0000 lr 5.78e-06 eta 0:16
2026-09-28 10:06:51,877 INFO epoch 28 step 50/63 ( 81%) loss 0.3493 acc 1.0000 lr 3.69e-06 eta 0:01
2026-09-28 10:06:54,445 INFO epoch  28/29  train_loss 0.3493  val_loss 2.3274  acc 0.3490  bal 0.3490  kappa 0.1319  auroc 0.5884  eta 0:11
2026-09-28 10:06:54,711 INFO epoch 29 step 0/63 (  2%) loss 0.3495 acc 1.0000 lr 3.31e-06 eta 0:16
2026-09-28 10:07:02,834 INFO epoch 29 step 50/63 ( 81%) loss 0.3493 acc 1.0000 lr 2.53e-06 eta 0:01
2026-09-28 10:07:05,403 INFO epoch  29/29  train_loss 0.3493  val_loss 2.3217  acc 0.3438  bal 0.3438  kappa 0.1250  auroc 0.5867  eta 0:00
2026-09-28 10:07:05,639 INFO Loaded checkpoint: matched 177 tensors
2026-09-28 10:07:06,251 INFO TEST acc 0.3021 bal 0.3021 kappa 0.0694 wf1 0.2775 auroc 0.5999
──────────────────────────────────────────────────────────────────────────────
  bcic2a_f0_scratch_sw_base  ·  TEST  ·  finetune/eeg_c1_bcic2a  ·  full fine-tune  ·  from scratch  ·  25,403,026 trainable
──────────────────────────────────────────────────────────────────────────────
  BalAcc   0.3021  ██████▋                            
  Kappa    0.0694  █▌                      chance 0.00
  AUROC    0.5999  ████▍                   chance 0.50
  W-F1     0.2775  ██████▏                            
  acc 0.3021   loss 1.4003
──────────────────────────────────────────────────────────────────────────────
2026-09-28 10:07:06,254 INFO outputs in /leonardo_scratch/fast/IscrB_WearUsFM/yanlchen/runs/eegpt_bench/bcic2a_f0_scratch_sw_base
Done. /leonardo_scratch/fast/IscrB_WearUsFM/yanlchen/runs/eegpt_bench/bcic2a_f0_scratch_sw_base/results.json  (the 'test' block is the number to report)
