split /leonardo_scratch/large/userexternal/ychen003/bio/eeg/eegpt_bench/kaggleern_f0_pretrain-v1 exists
============================================================
  EEGPT benchmark  kaggleern  fold 0  mode scratch
  data     /leonardo_scratch/large/userexternal/ychen003/bio/eeg/eegpt_bench/kaggleern_f0_pretrain-v1  (preprocessing pretrain-v1)
  encoder  <none: random initialisation>
  output   /leonardo_scratch/fast/IscrB_WearUsFM/yanlchen/runs/eegpt_bench/kaggleern_f0_scratch
============================================================
2026-09-28 07:12:29,656 INFO hyper-parameters (cli > config train: > builtin):
2026-09-28 07:12:29,656 INFO     epochs           30          [config:finetune/eeg_c1_kaggleern]
2026-09-28 07:12:29,656 INFO     batch_size       64          [config:finetune/eeg_c1_kaggleern]
2026-09-28 07:12:29,656 INFO     lr               0.00025     [config:finetune/eeg_c1_kaggleern]
2026-09-28 07:12:29,656 INFO     weight_decay     0.01        [config:finetune/eeg_c1_kaggleern]
2026-09-28 07:12:29,656 INFO     warmup_epochs    5           [builtin]
2026-09-28 07:12:29,656 INFO     warmup_ratio     0.1         [config:finetune/eeg_c1_kaggleern]
2026-09-28 07:12:29,657 INFO     grad_clip        1.0         [config:finetune/eeg_c1_kaggleern]
2026-09-28 07:12:29,657 INFO     label_smoothing  0.1         [config:finetune/eeg_c1_kaggleern]
2026-09-28 07:12:29,657 INFO     min_lr_ratio     0.01        [config:finetune/eeg_c1_kaggleern]
2026-09-28 07:12:29,657 INFO     precision        bf16        [config:finetune/eeg_c1_kaggleern]
2026-09-28 07:12:29,657 INFO     select_by        auroc       [config:finetune/eeg_c1_kaggleern]
2026-09-28 07:12:29,657 INFO     patience         0           [builtin]
2026-09-28 07:12:29,657 INFO     min_delta        0.0         [builtin]
2026-09-28 07:12:29,657 INFO loading /leonardo_scratch/large/userexternal/ychen003/bio/eeg/eegpt_bench/kaggleern_f0_pretrain-v1 into memory on each of 1 rank(s): train.h5 0.36 GiB val.h5 0.07 GiB test.h5 0.15 GiB
2026-09-28 07:12:29,958 INFO train 3400 windows, 56 channels, 512 samples/window
2026-09-28 07:12:29,958 INFO class counts: [1169, 2231]
2026-09-28 07:12:29,958 INFO EEG C1 downstream: 56 channels at 256.0 Hz, 512-sample windows, 64-sample patches, route <its own frontend>
2026-09-28 07:12:30,764 INFO Building the EEG C1 downstream model with {'patch_samples': 64, 'pool': 'mean', 'head_dropout': 0.1, 'in_channels': 56, 'window_samples': 512, 'channel_names': ['Fp1', 'Fp2', 'AF7', 'AF3', 'AF4', 'AF8', 'F7', 'F5', 'F3', 'F1', 'Fz', 'F2', 'F4', 'F6', 'F8', 'FT7', 'FC5', 'FC3', 'FC1', 'FCz', 'FC2', 'FC4', 'FC6', 'FT8', 'T7', 'C5', 'C3', 'C1', 'Cz', 'C2', 'C4', 'C6', 'T8', 'TP7', 'CP5', 'CP3', 'CP1', 'CPz', 'CP2', 'CP4', 'CP6', 'TP8', 'P7', 'P5', 'P3', 'P1', 'Pz', 'P2', 'P4', 'P6', 'P8', 'PO7', 'POz', 'PO8', 'O1', 'O2'], 'sampling_rate': 256.0, 'num_classes': 2, 'embed_dim': 512, 'depth': 8, 'num_heads': 8, 'mlp_ratio': 4.0, 'dropout': 0.1, 'norm': 'rmsnorm', 'ffn': 'swiglu', 'qk_norm': True, 'channel_encoding': 'id', 'channel_embed_dim': 64, 'max_level': 3, 'wave_kernel_size': 16, 'wavelet_names': ['sym4', 'sym5', 'db6', 'sym8', 'db8'], 'wave_init_mode': 'pad', 'use_separate_channel': True, 'fold_synthesis': 3, 'fold_gamma': 0.1}
2026-09-28 07:12:30,929 INFO EEG C1 downstream: NO pretrained weights (the from-scratch control)
2026-09-28 07:12:31,087 INFO model 25.81 M parameters (25,813,366 trainable, 100.0%)
/leonardo/prod/opt/libraries/cineca-ai/4.3.0/none/cineca-ai-env/lib/python3.11/site-packages/transformers/utils/generic.py:462: UserWarning: torch.utils._pytree._register_pytree_node is deprecated. Please use torch.utils._pytree.register_pytree_node instead.
  _torch_pytree._register_pytree_node(
/leonardo/prod/opt/libraries/cineca-ai/4.3.0/none/cineca-ai-env/lib/python3.11/site-packages/transformers/utils/hub.py:124: FutureWarning: Using `TRANSFORMERS_CACHE` is deprecated and will be removed in v5 of Transformers. Use `HF_HOME` instead.
  warnings.warn(
2026-09-28 07:12:48,755 INFO schedule: 54 steps/epoch, 1620 total, 162 warmup (10%), lr 2.50e-04 -> 2.50e-06
2026-09-28 07:12:48,756 INFO selection: best.pth follows val auroc; no early stop, so this runs all 30 epochs (--patience N to stop sooner)
2026-09-28 07:12:51,939 INFO epoch 0 step 0/54 (  2%) loss 0.7950 acc 0.3750 lr 3.09e-06 eta 2:48
2026-09-28 07:13:02,241 INFO epoch 0 step 50/54 ( 94%) loss 0.7033 acc 0.5922 lr 8.02e-05 eta 0:00
2026-09-28 07:13:07,787 INFO epoch   0/29  train_loss 0.7024  val_loss 0.5375  acc 0.8103  bal 0.5000  kappa 0.0000  auroc 0.5651  eta 9:11  *best
2026-09-28 07:13:08,109 INFO epoch 1 step 0/54 (  2%) loss 0.7132 acc 0.7031 lr 8.64e-05 eta 0:16
2026-09-28 07:13:18,407 INFO epoch 1 step 50/54 ( 94%) loss 0.7222 acc 0.5757 lr 1.64e-04 eta 0:00
2026-09-28 07:13:19,755 INFO epoch   1/29  train_loss 0.7219  val_loss 0.6549  acc 0.7662  bal 0.5262  kappa 0.0645  auroc 0.5435  eta 7:13
2026-09-28 07:13:20,068 INFO epoch 2 step 0/54 (  2%) loss 0.6631 acc 0.5469 lr 1.70e-04 eta 0:16
2026-09-28 07:13:30,374 INFO epoch 2 step 50/54 ( 94%) loss 0.6747 acc 0.6290 lr 2.47e-04 eta 0:00
2026-09-28 07:13:32,032 INFO epoch   2/29  train_loss 0.6748  val_loss 0.5758  acc 0.8103  bal 0.5000  kappa 0.0000  auroc 0.5657  eta 6:29  *best
2026-09-28 07:13:32,347 INFO epoch 3 step 0/54 (  2%) loss 0.5881 acc 0.7812 lr 2.50e-04 eta 0:16
2026-09-28 07:13:42,663 INFO epoch 3 step 50/54 ( 94%) loss 0.6583 acc 0.6446 lr 2.49e-04 eta 0:00
2026-09-28 07:13:44,327 INFO epoch   3/29  train_loss 0.6574  val_loss 0.5435  acc 0.8118  bal 0.5039  kappa 0.0125  auroc 0.5760  eta 6:01  *best
2026-09-28 07:13:44,644 INFO epoch 4 step 0/54 (  2%) loss 0.5699 acc 0.7656 lr 2.49e-04 eta 0:16
2026-09-28 07:13:54,978 INFO epoch 4 step 50/54 ( 94%) loss 0.6334 acc 0.6719 lr 2.47e-04 eta 0:00
2026-09-28 07:13:56,330 INFO epoch   4/29  train_loss 0.6358  val_loss 0.5348  acc 0.8147  bal 0.5176  kappa 0.0551  auroc 0.5613  eta 5:37
2026-09-28 07:13:56,641 INFO epoch 5 step 0/54 (  2%) loss 0.6227 acc 0.6875 lr 2.47e-04 eta 0:16
2026-09-28 07:14:06,951 INFO epoch 5 step 50/54 ( 94%) loss 0.6313 acc 0.6697 lr 2.43e-04 eta 0:00
2026-09-28 07:14:08,606 INFO epoch   5/29  train_loss 0.6305  val_loss 0.5481  acc 0.8029  bal 0.5489  kappa 0.1324  auroc 0.5942  eta 5:19  *best
2026-09-28 07:14:08,919 INFO epoch 6 step 0/54 (  2%) loss 0.6409 acc 0.6875 lr 2.42e-04 eta 0:16
2026-09-28 07:14:19,244 INFO epoch 6 step 50/54 ( 94%) loss 0.6100 acc 0.6912 lr 2.37e-04 eta 0:00
2026-09-28 07:14:20,596 INFO epoch   6/29  train_loss 0.6111  val_loss 0.6788  acc 0.5971  bal 0.5584  kappa 0.0818  auroc 0.5890  eta 5:01
2026-09-28 07:14:20,910 INFO epoch 7 step 0/54 (  2%) loss 0.5617 acc 0.7031 lr 2.37e-04 eta 0:16
2026-09-28 07:14:31,217 INFO epoch 7 step 50/54 ( 94%) loss 0.6092 acc 0.6973 lr 2.30e-04 eta 0:00
2026-09-28 07:14:32,882 INFO epoch   7/29  train_loss 0.6101  val_loss 0.7040  acc 0.5103  bal 0.5791  kappa 0.0903  auroc 0.6080  eta 4:46  *best
2026-09-28 07:14:33,197 INFO epoch 8 step 0/54 (  2%) loss 0.6062 acc 0.7969 lr 2.29e-04 eta 0:16
2026-09-28 07:14:43,505 INFO epoch 8 step 50/54 ( 94%) loss 0.5917 acc 0.7240 lr 2.22e-04 eta 0:00
2026-09-28 07:14:44,852 INFO epoch   8/29  train_loss 0.5913  val_loss 0.5264  acc 0.8162  bal 0.5303  kappa 0.0922  auroc 0.5953  eta 4:30
2026-09-28 07:14:45,171 INFO epoch 9 step 0/54 (  2%) loss 0.5027 acc 0.7656 lr 2.21e-04 eta 0:16
2026-09-28 07:14:55,474 INFO epoch 9 step 50/54 ( 94%) loss 0.5626 acc 0.7433 lr 2.12e-04 eta 0:00
2026-09-28 07:14:57,129 INFO epoch   9/29  train_loss 0.5633  val_loss 0.7178  acc 0.5809  bal 0.6078  kappa 0.1365  auroc 0.6211  eta 4:16  *best
2026-09-28 07:14:57,537 INFO epoch 10 step 0/54 (  2%) loss 0.5457 acc 0.7656 lr 2.11e-04 eta 0:21
2026-09-28 07:15:07,848 INFO epoch 10 step 50/54 ( 94%) loss 0.5479 acc 0.7647 lr 2.01e-04 eta 0:00
2026-09-28 07:15:09,196 INFO epoch  10/29  train_loss 0.5473  val_loss 0.7657  acc 0.5515  bal 0.5570  kappa 0.0725  auroc 0.5904  eta 4:02
2026-09-28 07:15:09,508 INFO epoch 11 step 0/54 (  2%) loss 0.5524 acc 0.7656 lr 2.00e-04 eta 0:16
2026-09-28 07:15:19,825 INFO epoch 11 step 50/54 ( 94%) loss 0.5133 acc 0.7858 lr 1.89e-04 eta 0:00
2026-09-28 07:15:21,490 INFO epoch  11/29  train_loss 0.5140  val_loss 0.7850  acc 0.5691  bal 0.5916  kappa 0.1156  auroc 0.6358  eta 3:49  *best
2026-09-28 07:15:21,807 INFO epoch 12 step 0/54 (  2%) loss 0.5550 acc 0.7344 lr 1.88e-04 eta 0:16
2026-09-28 07:15:32,116 INFO epoch 12 step 50/54 ( 94%) loss 0.4641 acc 0.8294 lr 1.76e-04 eta 0:00
2026-09-28 07:15:33,464 INFO epoch  12/29  train_loss 0.4641  val_loss 0.5993  acc 0.7397  bal 0.5692  kappa 0.1406  auroc 0.6302  eta 3:35
2026-09-28 07:15:33,777 INFO epoch 13 step 0/54 (  2%) loss 0.3807 acc 0.9219 lr 1.75e-04 eta 0:16
2026-09-28 07:15:44,094 INFO epoch 13 step 50/54 ( 94%) loss 0.4126 acc 0.8680 lr 1.63e-04 eta 0:00
2026-09-28 07:15:45,445 INFO epoch  13/29  train_loss 0.4127  val_loss 0.6780  acc 0.7471  bal 0.5649  kappa 0.1362  auroc 0.5991  eta 3:21
2026-09-28 07:15:45,758 INFO epoch 14 step 0/54 (  2%) loss 0.4023 acc 0.8906 lr 1.61e-04 eta 0:16
2026-09-28 07:15:56,069 INFO epoch 14 step 50/54 ( 94%) loss 0.3628 acc 0.9026 lr 1.49e-04 eta 0:00
2026-09-28 07:15:57,411 INFO epoch  14/29  train_loss 0.3647  val_loss 0.7910  acc 0.6809  bal 0.5567  kappa 0.0985  auroc 0.5693  eta 3:08
2026-09-28 07:15:57,722 INFO epoch 15 step 0/54 (  2%) loss 0.3105 acc 0.9375 lr 1.47e-04 eta 0:16
2026-09-28 07:16:08,045 INFO epoch 15 step 50/54 ( 94%) loss 0.3281 acc 0.9191 lr 1.34e-04 eta 0:00
2026-09-28 07:16:09,394 INFO epoch  15/29  train_loss 0.3313  val_loss 0.7665  acc 0.6618  bal 0.5271  kappa 0.0469  auroc 0.5620  eta 2:55
2026-09-28 07:16:09,707 INFO epoch 16 step 0/54 (  2%) loss 0.2989 acc 0.9531 lr 1.33e-04 eta 0:16
2026-09-28 07:16:20,011 INFO epoch 16 step 50/54 ( 94%) loss 0.2865 acc 0.9550 lr 1.20e-04 eta 0:00
2026-09-28 07:16:21,369 INFO epoch  16/29  train_loss 0.2881  val_loss 0.8404  acc 0.6515  bal 0.5445  kappa 0.0728  auroc 0.5486  eta 2:42
2026-09-28 07:16:21,684 INFO epoch 17 step 0/54 (  2%) loss 0.3319 acc 0.9219 lr 1.19e-04 eta 0:16
2026-09-28 07:16:31,989 INFO epoch 17 step 50/54 ( 94%) loss 0.2687 acc 0.9620 lr 1.06e-04 eta 0:00
2026-09-28 07:16:33,336 INFO epoch  17/29  train_loss 0.2684  val_loss 0.8764  acc 0.6897  bal 0.5532  kappa 0.0954  auroc 0.5833  eta 2:29
2026-09-28 07:16:33,655 INFO epoch 18 step 0/54 (  2%) loss 0.2218 acc 0.9844 lr 1.04e-04 eta 0:16
2026-09-28 07:16:43,972 INFO epoch 18 step 50/54 ( 94%) loss 0.2539 acc 0.9691 lr 9.15e-05 eta 0:00
2026-09-28 07:16:45,323 INFO epoch  18/29  train_loss 0.2548  val_loss 0.7614  acc 0.7235  bal 0.5504  kappa 0.1007  auroc 0.6097  eta 2:16
2026-09-28 07:16:45,637 INFO epoch 19 step 0/54 (  2%) loss 0.2171 acc 0.9844 lr 9.05e-05 eta 0:16
2026-09-28 07:16:55,948 INFO epoch 19 step 50/54 ( 94%) loss 0.2428 acc 0.9755 lr 7.80e-05 eta 0:00
2026-09-28 07:16:57,295 INFO epoch  19/29  train_loss 0.2434  val_loss 0.8611  acc 0.6912  bal 0.5630  kappa 0.1115  auroc 0.5914  eta 2:04
2026-09-28 07:16:57,607 INFO epoch 20 step 0/54 (  2%) loss 0.2124 acc 0.9844 lr 7.70e-05 eta 0:16
2026-09-28 07:17:07,916 INFO epoch 20 step 50/54 ( 94%) loss 0.2316 acc 0.9822 lr 6.51e-05 eta 0:00
2026-09-28 07:17:09,266 INFO epoch  20/29  train_loss 0.2311  val_loss 0.9234  acc 0.7015  bal 0.5605  kappa 0.1108  auroc 0.5654  eta 1:51
2026-09-28 07:17:09,581 INFO epoch 21 step 0/54 (  2%) loss 0.2425 acc 0.9844 lr 6.41e-05 eta 0:16
2026-09-28 07:17:19,901 INFO epoch 21 step 50/54 ( 94%) loss 0.2168 acc 0.9902 lr 5.30e-05 eta 0:00
2026-09-28 07:17:21,248 INFO epoch  21/29  train_loss 0.2168  val_loss 0.9065  acc 0.6824  bal 0.5487  kappa 0.0861  auroc 0.5505  eta 1:39
2026-09-28 07:17:21,561 INFO epoch 22 step 0/54 (  2%) loss 0.1999 acc 1.0000 lr 5.21e-05 eta 0:16
2026-09-28 07:17:31,871 INFO epoch 22 step 50/54 ( 94%) loss 0.2176 acc 0.9905 lr 4.19e-05 eta 0:00
2026-09-28 07:17:33,221 INFO epoch  22/29  train_loss 0.2179  val_loss 0.9792  acc 0.6721  bal 0.5513  kappa 0.0877  auroc 0.5411  eta 1:26
2026-09-28 07:17:33,540 INFO epoch 23 step 0/54 (  2%) loss 0.2002 acc 1.0000 lr 4.11e-05 eta 0:16
2026-09-28 07:17:43,847 INFO epoch 23 step 50/54 ( 94%) loss 0.2074 acc 0.9963 lr 3.20e-05 eta 0:00
2026-09-28 07:17:45,197 INFO epoch  23/29  train_loss 0.2071  val_loss 0.9821  acc 0.6676  bal 0.5545  kappa 0.0915  auroc 0.5369  eta 1:14
2026-09-28 07:17:45,517 INFO epoch 24 step 0/54 (  2%) loss 0.1999 acc 1.0000 lr 3.13e-05 eta 0:16
2026-09-28 07:17:55,819 INFO epoch 24 step 50/54 ( 94%) loss 0.2060 acc 0.9963 lr 2.33e-05 eta 0:00
2026-09-28 07:17:57,168 INFO epoch  24/29  train_loss 0.2057  val_loss 0.9734  acc 0.6824  bal 0.5606  kappa 0.1049  auroc 0.5618  eta 1:01
2026-09-28 07:17:57,481 INFO epoch 25 step 0/54 (  2%) loss 0.1991 acc 1.0000 lr 2.27e-05 eta 0:16
2026-09-28 07:18:07,784 INFO epoch 25 step 50/54 ( 94%) loss 0.2024 acc 0.9982 lr 1.60e-05 eta 0:00
2026-09-28 07:18:09,136 INFO epoch  25/29  train_loss 0.2023  val_loss 0.8947  acc 0.7191  bal 0.5714  kappa 0.1351  auroc 0.5553  eta 0:49
2026-09-28 07:18:09,451 INFO epoch 26 step 0/54 (  2%) loss 0.1988 acc 1.0000 lr 1.55e-05 eta 0:16
2026-09-28 07:18:19,770 INFO epoch 26 step 50/54 ( 94%) loss 0.2018 acc 0.9988 lr 1.02e-05 eta 0:00
2026-09-28 07:18:21,123 INFO epoch  26/29  train_loss 0.2017  val_loss 0.9989  acc 0.6794  bal 0.5677  kappa 0.1149  auroc 0.5553  eta 0:36
2026-09-28 07:18:21,436 INFO epoch 27 step 0/54 (  2%) loss 0.1989 acc 1.0000 lr 9.87e-06 eta 0:16
2026-09-28 07:18:31,743 INFO epoch 27 step 50/54 ( 94%) loss 0.2011 acc 0.9991 lr 6.02e-06 eta 0:00
2026-09-28 07:18:33,094 INFO epoch  27/29  train_loss 0.2014  val_loss 0.9814  acc 0.6824  bal 0.5695  kappa 0.1185  auroc 0.5563  eta 0:24
2026-09-28 07:18:33,411 INFO epoch 28 step 0/54 (  2%) loss 0.1988 acc 1.0000 lr 5.77e-06 eta 0:16
2026-09-28 07:18:43,718 INFO epoch 28 step 50/54 ( 94%) loss 0.2012 acc 0.9991 lr 3.43e-06 eta 0:00
2026-09-28 07:18:45,069 INFO epoch  28/29  train_loss 0.2011  val_loss 0.9648  acc 0.6794  bal 0.5647  kappa 0.1104  auroc 0.5632  eta 0:12
2026-09-28 07:18:45,381 INFO epoch 29 step 0/54 (  2%) loss 0.1988 acc 1.0000 lr 3.31e-06 eta 0:16
2026-09-28 07:18:55,691 INFO epoch 29 step 50/54 ( 94%) loss 0.2002 acc 0.9994 lr 2.50e-06 eta 0:00
2026-09-28 07:18:57,042 INFO epoch  29/29  train_loss 0.2009  val_loss 0.9868  acc 0.6779  bal 0.5697  kappa 0.1175  auroc 0.5611  eta 0:00
2026-09-28 07:18:57,271 INFO Loaded checkpoint: matched 177 tensors
2026-09-28 07:18:58,804 INFO TEST acc 0.5449 bal 0.5746 kappa 0.0995 wf1 0.5849 auroc 0.6038
──────────────────────────────────────────────────────────────────────────────
  kaggleern_f0_scratch  ·  TEST  ·  finetune/eeg_c1_kaggleern  ·  full fine-tune  ·  from scratch  ·  25,813,366 trainable
──────────────────────────────────────────────────────────────────────────────
  BalAcc   0.5746  ████████████▋                      
  Kappa    0.0995  ██▎                     chance 0.00
  AUROC    0.6038  ████▋                   chance 0.50
  W-F1     0.5849  ████████████▉                      
  acc 0.5449   loss 0.8024
──────────────────────────────────────────────────────────────────────────────
2026-09-28 07:18:58,807 INFO outputs in /leonardo_scratch/fast/IscrB_WearUsFM/yanlchen/runs/eegpt_bench/kaggleern_f0_scratch
Done. /leonardo_scratch/fast/IscrB_WearUsFM/yanlchen/runs/eegpt_bench/kaggleern_f0_scratch/results.json  (the 'test' block is the number to report)
