split /leonardo_scratch/large/userexternal/ychen003/bio/eeg/eegpt_bench/kaggleern_f0_pretrain-v1 exists
exporting the encoder from /leonardo_scratch/fast/IscrB_WearUsFM/yanlchen/runs/pretrain_eeg_c1_moe/best.pth
exported encoder (no route) from /leonardo_scratch/fast/IscrB_WearUsFM/yanlchen/runs/pretrain_eeg_c1_moe/best.pth
  95 tensors, 25,279,489 parameters -> /leonardo_scratch/fast/IscrB_WearUsFM/yanlchen/runs/eegpt_bench/kaggleern_f0_ft_sw_lr5e5/encoder.pth
  frontend     excluded -- downstream builds its own; pass --route to include one
  vocab sha    596f2711269e47b2
  decoder      excluded (pretraining head)
============================================================
  EEGPT benchmark  kaggleern  fold 0  mode ft
  data     /leonardo_scratch/large/userexternal/ychen003/bio/eeg/eegpt_bench/kaggleern_f0_pretrain-v1  (preprocessing pretrain-v1)
  encoder  /leonardo_scratch/fast/IscrB_WearUsFM/yanlchen/runs/eegpt_bench/kaggleern_f0_ft_sw_lr5e5/encoder.pth
  output   /leonardo_scratch/fast/IscrB_WearUsFM/yanlchen/runs/eegpt_bench/kaggleern_f0_ft_sw_lr5e5
============================================================
2026-09-28 10:08:38,602 INFO hyper-parameters (cli > config train: > builtin):
2026-09-28 10:08:38,602 INFO     epochs           30          [config:finetune/eeg_c1_kaggleern]
2026-09-28 10:08:38,602 INFO     batch_size       64          [config:finetune/eeg_c1_kaggleern]
2026-09-28 10:08:38,602 INFO     lr               5e-05       [cli]
2026-09-28 10:08:38,602 INFO     weight_decay     0.01        [config:finetune/eeg_c1_kaggleern]
2026-09-28 10:08:38,602 INFO     warmup_epochs    5           [builtin]
2026-09-28 10:08:38,602 INFO     warmup_ratio     0.1         [config:finetune/eeg_c1_kaggleern]
2026-09-28 10:08:38,602 INFO     grad_clip        1.0         [config:finetune/eeg_c1_kaggleern]
2026-09-28 10:08:38,602 INFO     label_smoothing  0.1         [config:finetune/eeg_c1_kaggleern]
2026-09-28 10:08:38,602 INFO     min_lr_ratio     0.01        [config:finetune/eeg_c1_kaggleern]
2026-09-28 10:08:38,602 INFO     precision        bf16        [config:finetune/eeg_c1_kaggleern]
2026-09-28 10:08:38,602 INFO     select_by        auroc       [config:finetune/eeg_c1_kaggleern]
2026-09-28 10:08:38,602 INFO     patience         0           [builtin]
2026-09-28 10:08:38,602 INFO     min_delta        0.0         [builtin]
2026-09-28 10:08:38,602 INFO     encoder_lr_scale 1.0         [builtin]
2026-09-28 10:08:38,602 INFO loading /leonardo_scratch/large/userexternal/ychen003/bio/eeg/eegpt_bench/kaggleern_f0_pretrain-v1 into memory on each of 1 rank(s): train.h5 0.36 GiB val.h5 0.07 GiB test.h5 0.15 GiB
2026-09-28 10:08:38,892 INFO train 3400 windows, 56 channels, 512 samples/window
2026-09-28 10:08:38,892 INFO class counts: [1169, 2231]
2026-09-28 10:08:38,892 INFO EEG C1 downstream: 56 channels at 256.0 Hz, 512-sample windows, 64-sample patches, route <its own frontend>
2026-09-28 10:08:38,943 INFO Building the EEG C1 downstream model with {'patch_samples': 64, 'pool': 'mean', 'head_dropout': 0.1, 'in_channels': 56, 'window_samples': 512, 'channel_names': ['Fp1', 'Fp2', 'AF7', 'AF3', 'AF4', 'AF8', 'F7', 'F5', 'F3', 'F1', 'Fz', 'F2', 'F4', 'F6', 'F8', 'FT7', 'FC5', 'FC3', 'FC1', 'FCz', 'FC2', 'FC4', 'FC6', 'FT8', 'T7', 'C5', 'C3', 'C1', 'Cz', 'C2', 'C4', 'C6', 'T8', 'TP7', 'CP5', 'CP3', 'CP1', 'CPz', 'CP2', 'CP4', 'CP6', 'TP8', 'P7', 'P5', 'P3', 'P1', 'Pz', 'P2', 'P4', 'P6', 'P8', 'PO7', 'POz', 'PO8', 'O1', 'O2'], 'sampling_rate': 256.0, 'num_classes': 2, 'embed_dim': 512, 'depth': 8, 'num_heads': 8, 'mlp_ratio': 4.0, 'dropout': 0.1, 'norm': 'rmsnorm', 'ffn': 'swiglu', 'qk_norm': True, 'channel_encoding': 'id', 'channel_embed_dim': 64, 'max_level': 3, 'wave_kernel_size': 16, 'wavelet_names': ['sym4', 'sym5', 'db6', 'sym8', 'db8'], 'wave_init_mode': 'pad', 'use_separate_channel': True, 'fold_synthesis': 3, 'fold_gamma': 0.1}
2026-09-28 10:08:39,177 INFO loaded: transformer 89, channel encoder 5, gate yes, frontend 0, patcher 0 <- /leonardo_scratch/fast/IscrB_WearUsFM/yanlchen/runs/eegpt_bench/kaggleern_f0_ft_sw_lr5e5/encoder.pth
2026-09-28 10:08:39,330 INFO model 25.81 M parameters (25,813,366 trainable, 100.0%)
/leonardo/prod/opt/libraries/cineca-ai/4.3.0/none/cineca-ai-env/lib/python3.11/site-packages/transformers/utils/generic.py:462: UserWarning: torch.utils._pytree._register_pytree_node is deprecated. Please use torch.utils._pytree.register_pytree_node instead.
  _torch_pytree._register_pytree_node(
/leonardo/prod/opt/libraries/cineca-ai/4.3.0/none/cineca-ai-env/lib/python3.11/site-packages/transformers/utils/hub.py:124: FutureWarning: Using `TRANSFORMERS_CACHE` is deprecated and will be removed in v5 of Transformers. Use `HF_HOME` instead.
  warnings.warn(
2026-09-28 10:08:40,536 INFO schedule: 54 steps/epoch, 1620 total, 162 warmup (10%), lr 5.00e-05 -> 5.00e-07
2026-09-28 10:08:40,536 INFO selection: best.pth follows val auroc; no early stop, so this runs all 30 epochs (--patience N to stop sooner)
2026-09-28 10:08:41,725 INFO epoch 0 step 0/54 (  2%) loss 0.6798 acc 0.6719 lr 6.17e-07 eta 1:02
2026-09-28 10:08:53,296 INFO epoch 0 step 50/54 ( 94%) loss 0.6597 acc 0.6471 lr 1.60e-05 eta 0:00
2026-09-28 10:08:56,018 INFO epoch   0/29  train_loss 0.6589  val_loss 0.5768  acc 0.8118  bal 0.5158  kappa 0.0489  auroc 0.5685  eta 7:28  *best
2026-09-28 10:08:56,381 INFO epoch 1 step 0/54 (  2%) loss 0.6228 acc 0.6719 lr 1.73e-05 eta 0:18
2026-09-28 10:09:07,987 INFO epoch 1 step 50/54 ( 94%) loss 0.6654 acc 0.6510 lr 3.27e-05 eta 0:00
2026-09-28 10:09:10,192 INFO epoch   1/29  train_loss 0.6658  val_loss 0.5613  acc 0.8103  bal 0.5000  kappa 0.0000  auroc 0.6040  eta 6:55  *best
2026-09-28 10:09:10,531 INFO epoch 2 step 0/54 (  2%) loss 0.6485 acc 0.6406 lr 3.40e-05 eta 0:17
2026-09-28 10:09:22,067 INFO epoch 2 step 50/54 ( 94%) loss 0.6516 acc 0.6501 lr 4.94e-05 eta 0:00
2026-09-28 10:09:24,218 INFO epoch   2/29  train_loss 0.6532  val_loss 0.6603  acc 0.6294  bal 0.5754  kappa 0.1112  auroc 0.6189  eta 6:33  *best
2026-09-28 10:09:24,561 INFO epoch 3 step 0/54 (  2%) loss 0.6390 acc 0.6875 lr 5.00e-05 eta 0:18
2026-09-28 10:09:36,117 INFO epoch 3 step 50/54 ( 94%) loss 0.6475 acc 0.6630 lr 4.99e-05 eta 0:00
2026-09-28 10:09:38,187 INFO epoch   3/29  train_loss 0.6467  val_loss 0.5160  acc 0.8132  bal 0.5256  kappa 0.0776  auroc 0.6298  eta 6:14  *best
2026-09-28 10:09:38,529 INFO epoch 4 step 0/54 (  2%) loss 0.5359 acc 0.7656 lr 4.98e-05 eta 0:18
2026-09-28 10:09:50,091 INFO epoch 4 step 50/54 ( 94%) loss 0.6272 acc 0.6725 lr 4.94e-05 eta 0:00
2026-09-28 10:09:52,195 INFO epoch   4/29  train_loss 0.6262  val_loss 0.5219  acc 0.8191  bal 0.5767  kappa 0.2068  auroc 0.6661  eta 5:58  *best
2026-09-28 10:09:52,542 INFO epoch 5 step 0/54 (  2%) loss 0.6243 acc 0.7188 lr 4.93e-05 eta 0:18
2026-09-28 10:10:04,084 INFO epoch 5 step 50/54 ( 94%) loss 0.6093 acc 0.6970 lr 4.86e-05 eta 0:00
2026-09-28 10:10:05,913 INFO epoch   5/29  train_loss 0.6079  val_loss 0.5857  acc 0.7118  bal 0.5787  kappa 0.1438  auroc 0.6455  eta 5:41
2026-09-28 10:10:06,267 INFO epoch 6 step 0/54 (  2%) loss 0.5790 acc 0.7188 lr 4.85e-05 eta 0:18
2026-09-28 10:10:17,858 INFO epoch 6 step 50/54 ( 94%) loss 0.5757 acc 0.7258 lr 4.74e-05 eta 0:00
2026-09-28 10:10:19,887 INFO epoch   6/29  train_loss 0.5760  val_loss 0.5267  acc 0.7926  bal 0.5989  kappa 0.2268  auroc 0.6919  eta 5:26  *best
2026-09-28 10:10:20,242 INFO epoch 7 step 0/54 (  2%) loss 0.5843 acc 0.7500 lr 4.73e-05 eta 0:18
2026-09-28 10:10:31,817 INFO epoch 7 step 50/54 ( 94%) loss 0.5325 acc 0.7702 lr 4.60e-05 eta 0:00
2026-09-28 10:10:33,618 INFO epoch   7/29  train_loss 0.5317  val_loss 0.7161  acc 0.6088  bal 0.5686  kappa 0.0974  auroc 0.6169  eta 5:10
2026-09-28 10:10:33,959 INFO epoch 8 step 0/54 (  2%) loss 0.4808 acc 0.8438 lr 4.59e-05 eta 0:17
2026-09-28 10:10:45,479 INFO epoch 8 step 50/54 ( 94%) loss 0.4653 acc 0.8211 lr 4.43e-05 eta 0:00
2026-09-28 10:10:47,320 INFO epoch   8/29  train_loss 0.4661  val_loss 0.6256  acc 0.7515  bal 0.5528  kappa 0.1155  auroc 0.6130  eta 4:55
2026-09-28 10:10:47,671 INFO epoch 9 step 0/54 (  2%) loss 0.3411 acc 0.9375 lr 4.42e-05 eta 0:18
2026-09-28 10:10:59,208 INFO epoch 9 step 50/54 ( 94%) loss 0.3909 acc 0.8824 lr 4.24e-05 eta 0:00
2026-09-28 10:11:00,954 INFO epoch   9/29  train_loss 0.3908  val_loss 0.8260  acc 0.6574  bal 0.5570  kappa 0.0928  auroc 0.5711  eta 4:40
2026-09-28 10:11:01,411 INFO epoch 10 step 0/54 (  2%) loss 0.3275 acc 0.9531 lr 4.22e-05 eta 0:24
2026-09-28 10:11:12,979 INFO epoch 10 step 50/54 ( 94%) loss 0.3192 acc 0.9372 lr 4.02e-05 eta 0:00
2026-09-28 10:11:14,829 INFO epoch  10/29  train_loss 0.3192  val_loss 0.8764  acc 0.6500  bal 0.5376  kappa 0.0620  auroc 0.5579  eta 4:26
2026-09-28 10:11:15,178 INFO epoch 11 step 0/54 (  2%) loss 0.2491 acc 1.0000 lr 4.00e-05 eta 0:18
2026-09-28 10:11:26,712 INFO epoch 11 step 50/54 ( 94%) loss 0.2693 acc 0.9715 lr 3.78e-05 eta 0:00
2026-09-28 10:11:28,457 INFO epoch  11/29  train_loss 0.2711  val_loss 0.8561  acc 0.7059  bal 0.5781  kappa 0.1403  auroc 0.5916  eta 4:11
2026-09-28 10:11:28,795 INFO epoch 12 step 0/54 (  2%) loss 0.2277 acc 1.0000 lr 3.76e-05 eta 0:17
2026-09-28 10:11:40,331 INFO epoch 12 step 50/54 ( 94%) loss 0.2500 acc 0.9838 lr 3.52e-05 eta 0:00
2026-09-28 10:11:42,209 INFO epoch  12/29  train_loss 0.2499  val_loss 0.7507  acc 0.7588  bal 0.5751  kappa 0.1607  auroc 0.5798  eta 3:57
2026-09-28 10:11:42,573 INFO epoch 13 step 0/54 (  2%) loss 0.2757 acc 0.9531 lr 3.50e-05 eta 0:19
2026-09-28 10:11:54,218 INFO epoch 13 step 50/54 ( 94%) loss 0.2351 acc 0.9923 lr 3.25e-05 eta 0:00
2026-09-28 10:11:56,114 INFO epoch  13/29  train_loss 0.2354  val_loss 0.9383  acc 0.6235  bal 0.5451  kappa 0.0685  auroc 0.5530  eta 3:43
2026-09-28 10:11:56,468 INFO epoch 14 step 0/54 (  2%) loss 0.2208 acc 1.0000 lr 3.23e-05 eta 0:18
2026-09-28 10:12:08,014 INFO epoch 14 step 50/54 ( 94%) loss 0.2264 acc 0.9948 lr 2.97e-05 eta 0:00
2026-09-28 10:12:09,765 INFO epoch  14/29  train_loss 0.2267  val_loss 0.7742  acc 0.7250  bal 0.5542  kappa 0.1081  auroc 0.5773  eta 3:29
2026-09-28 10:12:10,104 INFO epoch 15 step 0/54 (  2%) loss 0.2259 acc 1.0000 lr 2.95e-05 eta 0:17
2026-09-28 10:12:21,728 INFO epoch 15 step 50/54 ( 94%) loss 0.2183 acc 0.9972 lr 2.68e-05 eta 0:00
2026-09-28 10:12:23,476 INFO epoch  15/29  train_loss 0.2183  val_loss 0.8440  acc 0.6353  bal 0.5137  kappa 0.0226  auroc 0.5727  eta 3:15
2026-09-28 10:12:23,818 INFO epoch 16 step 0/54 (  2%) loss 0.2066 acc 1.0000 lr 2.66e-05 eta 0:18
2026-09-28 10:12:35,343 INFO epoch 16 step 50/54 ( 94%) loss 0.2104 acc 0.9991 lr 2.40e-05 eta 0:00
2026-09-28 10:12:37,196 INFO epoch  16/29  train_loss 0.2108  val_loss 0.7748  acc 0.6956  bal 0.5450  kappa 0.0833  auroc 0.5852  eta 3:00
2026-09-28 10:12:37,548 INFO epoch 17 step 0/54 (  2%) loss 0.2091 acc 1.0000 lr 2.38e-05 eta 0:18
2026-09-28 10:12:49,140 INFO epoch 17 step 50/54 ( 94%) loss 0.2060 acc 1.0000 lr 2.11e-05 eta 0:00
2026-09-28 10:12:50,987 INFO epoch  17/29  train_loss 0.2061  val_loss 0.9236  acc 0.5971  bal 0.5436  kappa 0.0623  auroc 0.5887  eta 2:46
2026-09-28 10:12:51,345 INFO epoch 18 step 0/54 (  2%) loss 0.2174 acc 0.9844 lr 2.09e-05 eta 0:18
2026-09-28 10:13:03,074 INFO epoch 18 step 50/54 ( 94%) loss 0.2050 acc 0.9994 lr 1.83e-05 eta 0:00
2026-09-28 10:13:04,807 INFO epoch  18/29  train_loss 0.2050  val_loss 0.7806  acc 0.7044  bal 0.5593  kappa 0.1099  auroc 0.5668  eta 2:32
2026-09-28 10:13:05,155 INFO epoch 19 step 0/54 (  2%) loss 0.2027 acc 1.0000 lr 1.81e-05 eta 0:18
2026-09-28 10:13:16,724 INFO epoch 19 step 50/54 ( 94%) loss 0.2037 acc 0.9994 lr 1.56e-05 eta 0:00
2026-09-28 10:13:18,460 INFO epoch  19/29  train_loss 0.2038  val_loss 1.0376  acc 0.5676  bal 0.5195  kappa 0.0270  auroc 0.5411  eta 2:18
2026-09-28 10:13:18,814 INFO epoch 20 step 0/54 (  2%) loss 0.2035 acc 1.0000 lr 1.54e-05 eta 0:18
2026-09-28 10:13:30,393 INFO epoch 20 step 50/54 ( 94%) loss 0.2023 acc 1.0000 lr 1.30e-05 eta 0:00
2026-09-28 10:13:32,281 INFO epoch  20/29  train_loss 0.2023  val_loss 0.8923  acc 0.6529  bal 0.5602  kappa 0.0964  auroc 0.5841  eta 2:05
2026-09-28 10:13:32,631 INFO epoch 21 step 0/54 (  2%) loss 0.2010 acc 1.0000 lr 1.28e-05 eta 0:18
2026-09-28 10:13:44,143 INFO epoch 21 step 50/54 ( 94%) loss 0.2009 acc 1.0000 lr 1.06e-05 eta 0:00
2026-09-28 10:13:46,028 INFO epoch  21/29  train_loss 0.2009  val_loss 0.8281  acc 0.6882  bal 0.5583  kappa 0.1031  auroc 0.5761  eta 1:51
2026-09-28 10:13:46,381 INFO epoch 22 step 0/54 (  2%) loss 0.2003 acc 1.0000 lr 1.04e-05 eta 0:18
2026-09-28 10:13:58,051 INFO epoch 22 step 50/54 ( 94%) loss 0.2003 acc 1.0000 lr 8.38e-06 eta 0:00
2026-09-28 10:13:59,808 INFO epoch  22/29  train_loss 0.2003  val_loss 0.8281  acc 0.6779  bal 0.5579  kappa 0.0995  auroc 0.5976  eta 1:37
2026-09-28 10:14:00,169 INFO epoch 23 step 0/54 (  2%) loss 0.2004 acc 1.0000 lr 8.23e-06 eta 0:19
2026-09-28 10:14:11,721 INFO epoch 23 step 50/54 ( 94%) loss 0.2002 acc 1.0000 lr 6.39e-06 eta 0:00
2026-09-28 10:14:13,649 INFO epoch  23/29  train_loss 0.2002  val_loss 0.8675  acc 0.6706  bal 0.5355  kappa 0.0621  auroc 0.5755  eta 1:23
2026-09-28 10:14:13,999 INFO epoch 24 step 0/54 (  2%) loss 0.2000 acc 1.0000 lr 6.26e-06 eta 0:18
2026-09-28 10:14:25,571 INFO epoch 24 step 50/54 ( 94%) loss 0.2000 acc 1.0000 lr 4.66e-06 eta 0:00
2026-09-28 10:14:27,487 INFO epoch  24/29  train_loss 0.2000  val_loss 0.8858  acc 0.6618  bal 0.5479  kappa 0.0801  auroc 0.5781  eta 1:09
2026-09-28 10:14:27,833 INFO epoch 25 step 0/54 (  2%) loss 0.2003 acc 1.0000 lr 4.54e-06 eta 0:18
2026-09-28 10:14:39,659 INFO epoch 25 step 50/54 ( 94%) loss 0.2000 acc 1.0000 lr 3.20e-06 eta 0:00
2026-09-28 10:14:41,602 INFO epoch  25/29  train_loss 0.1999  val_loss 0.8232  acc 0.6882  bal 0.5523  kappa 0.0935  auroc 0.5891  eta 0:55
2026-09-28 10:14:41,951 INFO epoch 26 step 0/54 (  2%) loss 0.1998 acc 1.0000 lr 3.11e-06 eta 0:17
2026-09-28 10:14:53,516 INFO epoch 26 step 50/54 ( 94%) loss 0.1997 acc 1.0000 lr 2.05e-06 eta 0:00
2026-09-28 10:14:55,287 INFO epoch  26/29  train_loss 0.1997  val_loss 0.8550  acc 0.6735  bal 0.5551  kappa 0.0941  auroc 0.5876  eta 0:41
2026-09-28 10:14:55,647 INFO epoch 27 step 0/54 (  2%) loss 0.1998 acc 1.0000 lr 1.97e-06 eta 0:18
2026-09-28 10:15:07,219 INFO epoch 27 step 50/54 ( 94%) loss 0.1997 acc 1.0000 lr 1.20e-06 eta 0:00
2026-09-28 10:15:08,929 INFO epoch  27/29  train_loss 0.1997  val_loss 0.8354  acc 0.6838  bal 0.5555  kappa 0.0975  auroc 0.5890  eta 0:27
2026-09-28 10:15:09,270 INFO epoch 28 step 0/54 (  2%) loss 0.1997 acc 1.0000 lr 1.15e-06 eta 0:17
2026-09-28 10:15:20,874 INFO epoch 28 step 50/54 ( 94%) loss 0.1997 acc 1.0000 lr 6.86e-07 eta 0:00
2026-09-28 10:15:22,763 INFO epoch  28/29  train_loss 0.1997  val_loss 0.8374  acc 0.6765  bal 0.5540  kappa 0.0930  auroc 0.5920  eta 0:13
2026-09-28 10:15:23,116 INFO epoch 29 step 0/54 (  2%) loss 0.1996 acc 1.0000 lr 6.61e-07 eta 0:18
2026-09-28 10:15:34,682 INFO epoch 29 step 50/54 ( 94%) loss 0.1996 acc 1.0000 lr 5.01e-07 eta 0:00
2026-09-28 10:15:36,548 INFO epoch  29/29  train_loss 0.1996  val_loss 0.8414  acc 0.6779  bal 0.5549  kappa 0.0948  auroc 0.5925  eta 0:00
2026-09-28 10:15:36,794 INFO Loaded checkpoint: matched 177 tensors
2026-09-28 10:15:39,238 INFO TEST acc 0.7654 bal 0.5496 kappa 0.1247 wf1 0.7277 auroc 0.6474
──────────────────────────────────────────────────────────────────────────────
  kaggleern_f0_ft_sw_lr5e5  ·  TEST  ·  finetune/eeg_c1_kaggleern  ·  full fine-tune  ·  pretrained  ·  25,813,366 trainable
──────────────────────────────────────────────────────────────────────────────
  BalAcc   0.5496  ████████████▏                      
  Kappa    0.1247  ██▊                     chance 0.00
  AUROC    0.6474  ██████▌                 chance 0.50
  W-F1     0.7277  ████████████████                   
  acc 0.7654   loss 0.5666
──────────────────────────────────────────────────────────────────────────────
2026-09-28 10:15:39,250 INFO outputs in /leonardo_scratch/fast/IscrB_WearUsFM/yanlchen/runs/eegpt_bench/kaggleern_f0_ft_sw_lr5e5
Done. /leonardo_scratch/fast/IscrB_WearUsFM/yanlchen/runs/eegpt_bench/kaggleern_f0_ft_sw_lr5e5/results.json  (the 'test' block is the number to report)
