============================================================
  EEGPT benchmark bcic2b fold 0, modes: ft scratch  (job 58874173)
  encoder /leonardo_scratch/fast/IscrB_WearUsFM/yanlchen/runs/pretrain_eeg_c1_moe/best.pth
  code        /leonardo/home/userexternal/ychen003/PhysioWave-T
  venv        /leonardo/home/userexternal/ychen003/pw
  checkpoints /leonardo_scratch/fast/IscrB_WearUsFM/yanlchen/runs
  caches      /leonardo_scratch/fast/IscrB_WearUsFM/yanlchen/cache/ssl , /leonardo_scratch/fast/IscrB_WearUsFM/yanlchen/cache/preprocessed
  manifests   /leonardo_scratch/fast/IscrB_WearUsFM/yanlchen/manifests
  data        /leonardo_scratch/large/userexternal/ychen003/bio/eeg , /leonardo_scratch/large/userexternal/ychen003/bio/ecg , /leonardo_scratch/large/userexternal/ychen003/bio/emg
============================================================
building the bcic2b fold-0 split -> /leonardo_scratch/large/userexternal/ychen003/bio/eeg/eegpt_bench/bcic2b_f0_pretrain-v1
BCIC-IV-2b: fold 0  train [2, 3, 4, 5, 6, 7, 8]  val [9]  test [1]
  3 channels, cue+0..4 s, pretraining pipeline (pretrain-v1): detrend, 50 Hz notch, 0.5 Hz high-pass, 256 Hz, window z-score
  train.h5    5080 epochs  subjects [2, 3, 4, 5, 6, 7, 8]  left_hand=2540  right_hand=2540  shape (5080, 3, 1024)
  val.h5       720 epochs  subjects [9]  left_hand=360  right_hand=360  shape (720, 3, 1024)
  test.h5      720 epochs  subjects [1]  left_hand=360  right_hand=360  shape (720, 3, 1024)
  wrote /leonardo_scratch/large/userexternal/ychen003/bio/eeg/eegpt_bench/bcic2b_f0_pretrain-v1/{train,val,test}.h5  (--num-classes 2)
  starting ft on GPU 0  -> /leonardo_scratch/fast/IscrB_WearUsFM/yanlchen/runs/eegpt_bench/bcic2b_f0_ft.log
  starting scratch on GPU 1  -> /leonardo_scratch/fast/IscrB_WearUsFM/yanlchen/runs/eegpt_bench/bcic2b_f0_scratch.log
  ft: done
  scratch: done

task       fold mode[:tag]         BAC   kappa     3rd  3rd is         trainable  best@ep
bcic2b          EEGPT           0.7212  0.4426  0.8059  auroc              probe  (Table 4, fold mean)
              0 ft              0.6236  0.2472  0.7652  auroc         25,320,148  4 (auroc)
              0 scratch         0.6708  0.3417  0.7367  auroc         25,320,148  14 (auroc)

  bcic2b f0: pretrained - scratch auroc = +0.0286

  Preprocessing: our pretraining pipeline (0.5 Hz high-pass, 50 Hz notch,
  per-window z-score), not EEGPT's (0-38 Hz band-pass, EA, CAR / min-max).

  EEGPT's rows: frozen encoder + linear probe, mean over folds, scored on
  their validation subjects. Ours: one fold, test subjects select nothing.
