task 3/4 of cemhsey_5x13, 15 worker(s)
============================================================
  sEMG corpus: cemhsey_5x13
  raw   /leonardo_scratch/large/userexternal/ychen003/bio/emg/CEMHSEY/raw
  out   /leonardo_scratch/large/userexternal/ychen003/bio/emg/emg_c1_corpus/cemhsey_5x13
  task  3/4
============================================================
  waiting for task 0 to write /leonardo_scratch/large/userexternal/ychen003/bio/emg/emg_c1_corpus/cemhsey_5x13/record_list.txt ...
  6,332 record(s) from /leonardo_scratch/large/userexternal/ychen003/bio/emg/emg_c1_corpus/cemhsey_5x13/record_list.txt (--refresh-list to re-scan)
cemhsey_5x13 -> G64_2000: 6,332 records in 396 unit(s) of 16; this task owns 99, 99 to do; mains 50.0; window cap none; 15 worker(s)
  1/99 units  1.0/min  ETA 98 min  (last: 960 windows, 0 failed)
  2/99 units  2.0/min  ETA 49 min  (last: 960 windows, 0 failed)
  3/99 units  2.9/min  ETA 33 min  (last: 960 windows, 0 failed)
  4/99 units  3.6/min  ETA 26 min  (last: 959 windows, 0 failed)
  5/99 units  4.5/min  ETA 21 min  (last: 959 windows, 0 failed)
  6/99 units  5.3/min  ETA 17 min  (last: 960 windows, 0 failed)
  7/99 units  6.2/min  ETA 15 min  (last: 960 windows, 0 failed)
  8/99 units  7.1/min  ETA 13 min  (last: 960 windows, 0 failed)
  9/99 units  7.9/min  ETA 11 min  (last: 960 windows, 0 failed)
  10/99 units  8.7/min  ETA 10 min  (last: 960 windows, 0 failed)
  11/99 units  6.0/min  ETA 15 min  (last: 960 windows, 0 failed)
  12/99 units  6.3/min  ETA 14 min  (last: 956 windows, 0 failed)
  13/99 units  6.6/min  ETA 13 min  (last: 956 windows, 0 failed)
  14/99 units  6.9/min  ETA 12 min  (last: 958 windows, 0 failed)
  15/99 units  7.4/min  ETA 11 min  (last: 960 windows, 0 failed)
  16/99 units  7.8/min  ETA 11 min  (last: 960 windows, 0 failed)
  17/99 units  8.3/min  ETA 10 min  (last: 960 windows, 0 failed)
  18/99 units  8.8/min  ETA 9 min  (last: 960 windows, 0 failed)
  19/99 units  9.2/min  ETA 9 min  (last: 960 windows, 0 failed)
  20/99 units  9.5/min  ETA 8 min  (last: 860 windows, 0 failed)
  21/99 units  7.8/min  ETA 10 min  (last: 960 windows, 0 failed)
  22/99 units  8.1/min  ETA 10 min  (last: 960 windows, 0 failed)
  23/99 units  8.0/min  ETA 9 min  (last: 960 windows, 0 failed)
  24/99 units  8.2/min  ETA 9 min  (last: 960 windows, 0 failed)
  25/99 units  8.5/min  ETA 9 min  (last: 960 windows, 0 failed)
  26/99 units  8.8/min  ETA 8 min  (last: 847 windows, 0 failed)
  27/99 units  9.1/min  ETA 8 min  (last: 959 windows, 0 failed)
  28/99 units  9.4/min  ETA 8 min  (last: 960 windows, 0 failed)
  29/99 units  9.7/min  ETA 7 min  (last: 960 windows, 0 failed)
  30/99 units  10.0/min  ETA 7 min  (last: 960 windows, 0 failed)
  31/99 units  8.8/min  ETA 8 min  (last: 960 windows, 0 failed)
  32/99 units  9.1/min  ETA 7 min  (last: 960 windows, 0 failed)
  33/99 units  8.8/min  ETA 8 min  (last: 919 windows, 0 failed)
  34/99 units  8.9/min  ETA 7 min  (last: 960 windows, 0 failed)
  35/99 units  9.1/min  ETA 7 min  (last: 946 windows, 0 failed)
  36/99 units  9.3/min  ETA 7 min  (last: 959 windows, 0 failed)
  37/99 units  9.6/min  ETA 6 min  (last: 836 windows, 0 failed)
  38/99 units  9.8/min  ETA 6 min  (last: 960 windows, 0 failed)
  39/99 units  10.0/min  ETA 6 min  (last: 960 windows, 0 failed)
  40/99 units  10.2/min  ETA 6 min  (last: 960 windows, 0 failed)
  41/99 units  9.5/min  ETA 6 min  (last: 960 windows, 0 failed)
  42/99 units  9.7/min  ETA 6 min  (last: 959 windows, 0 failed)
  43/99 units  9.3/min  ETA 6 min  (last: 960 windows, 0 failed)
  44/99 units  9.4/min  ETA 6 min  (last: 960 windows, 0 failed)
  45/99 units  9.5/min  ETA 6 min  (last: 957 windows, 0 failed)
  46/99 units  9.7/min  ETA 5 min  (last: 960 windows, 0 failed)
  47/99 units  9.8/min  ETA 5 min  (last: 960 windows, 0 failed)
  48/99 units  10.0/min  ETA 5 min  (last: 960 windows, 0 failed)
  49/99 units  10.1/min  ETA 5 min  (last: 960 windows, 0 failed)
  50/99 units  10.3/min  ETA 5 min  (last: 960 windows, 0 failed)
  51/99 units  10.0/min  ETA 5 min  (last: 960 windows, 0 failed)
  52/99 units  10.0/min  ETA 5 min  (last: 960 windows, 0 failed)
  53/99 units  9.6/min  ETA 5 min  (last: 960 windows, 0 failed)
  54/99 units  9.8/min  ETA 5 min  (last: 957 windows, 0 failed)
  55/99 units  9.9/min  ETA 4 min  (last: 960 windows, 0 failed)
  56/99 units  10.0/min  ETA 4 min  (last: 960 windows, 0 failed)
  57/99 units  10.1/min  ETA 4 min  (last: 960 windows, 0 failed)
  58/99 units  10.2/min  ETA 4 min  (last: 928 windows, 0 failed)
  59/99 units  10.4/min  ETA 4 min  (last: 960 windows, 0 failed)
  60/99 units  10.5/min  ETA 4 min  (last: 954 windows, 0 failed)
  61/99 units  10.6/min  ETA 4 min  (last: 5482 windows, 0 failed)
  62/99 units  10.6/min  ETA 4 min  (last: 5700 windows, 0 failed)
  63/99 units  10.7/min  ETA 3 min  (last: 960 windows, 0 failed)
  64/99 units  10.8/min  ETA 3 min  (last: 5743 windows, 0 failed)
  65/99 units  10.8/min  ETA 3 min  (last: 920 windows, 0 failed)
  66/99 units  10.8/min  ETA 3 min  (last: 5665 windows, 0 failed)
  67/99 units  10.9/min  ETA 3 min  (last: 5533 windows, 0 failed)
  68/99 units  10.7/min  ETA 3 min  (last: 959 windows, 0 failed)
  69/99 units  10.8/min  ETA 3 min  (last: 960 windows, 0 failed)
  70/99 units  11.0/min  ETA 3 min  (last: 881 windows, 0 failed)
  71/99 units  10.9/min  ETA 3 min  (last: 960 windows, 0 failed)
  72/99 units  11.0/min  ETA 2 min  (last: 960 windows, 0 failed)
  73/99 units  11.1/min  ETA 2 min  (last: 960 windows, 0 failed)
  74/99 units  11.2/min  ETA 2 min  (last: 960 windows, 0 failed)
  75/99 units  11.3/min  ETA 2 min  (last: 960 windows, 0 failed)
  76/99 units  11.3/min  ETA 2 min  (last: 960 windows, 0 failed)
  77/99 units  11.4/min  ETA 2 min  (last: 960 windows, 0 failed)
  78/99 units  11.5/min  ETA 2 min  (last: 960 windows, 0 failed)
  79/99 units  11.5/min  ETA 2 min  (last: 944 windows, 0 failed)
  80/99 units  11.6/min  ETA 2 min  (last: 899 windows, 0 failed)
  81/99 units  11.6/min  ETA 2 min  (last: 960 windows, 0 failed)
  82/99 units  11.6/min  ETA 1 min  (last: 866 windows, 0 failed)
  83/99 units  11.6/min  ETA 1 min  (last: 839 windows, 0 failed)
  84/99 units  11.6/min  ETA 1 min  (last: 938 windows, 0 failed)
  85/99 units  11.7/min  ETA 1 min  (last: 960 windows, 0 failed)
  86/99 units  11.6/min  ETA 1 min  (last: 960 windows, 0 failed)
  87/99 units  11.7/min  ETA 1 min  (last: 960 windows, 0 failed)
  88/99 units  11.8/min  ETA 1 min  (last: 960 windows, 0 failed)
  89/99 units  11.9/min  ETA 1 min  (last: 960 windows, 0 failed)
  90/99 units  12.0/min  ETA 1 min  (last: 960 windows, 0 failed)
  91/99 units  11.9/min  ETA 1 min  (last: 960 windows, 0 failed)
  92/99 units  12.1/min  ETA 1 min  (last: 960 windows, 0 failed)
  93/99 units  12.2/min  ETA 0 min  (last: 954 windows, 0 failed)
  94/99 units  12.1/min  ETA 0 min  (last: 960 windows, 0 failed)
  95/99 units  12.2/min  ETA 0 min  (last: 960 windows, 0 failed)
  96/99 units  12.3/min  ETA 0 min  (last: 960 windows, 0 failed)
  97/99 units  12.4/min  ETA 0 min  (last: 720 windows, 0 failed)
  98/99 units  12.4/min  ETA 0 min  (last: 960 windows, 0 failed)
  99/99 units  12.5/min  ETA 0 min  (last: 960 windows, 0 failed)

cemhsey_5x13: 3,160 records read, 0 failed, 117,232 windows kept of 118,800 (QC dropped {'non_finite': 0, 'flat_lead': 1565, 'amplitude': 3})
  train 111,699 windows / 18 subjects;  val 5,533 / 1
  manifests, subject lists and statistics in /leonardo_scratch/large/userexternal/ychen003/bio/emg/emg_c1_corpus/cemhsey_5x13

When every corpus you want is done, merge them:
  python scripts/build_eeg_c1_manifest.py --modality emg \
      --corpus-root /leonardo_scratch/large/userexternal/ychen003/bio/emg/emg_c1_corpus --allow-missing --check-shards --jobs 16
