task 0/2 of hyser, 6 worker(s)
============================================================
  sEMG corpus: hyser
  raw   /leonardo_scratch/large/userexternal/ychen003/bio/emg/Hyser/raw
  out   /leonardo_scratch/large/userexternal/ychen003/bio/emg/emg_c1_corpus/hyser
  task  0/2
============================================================
  13,154 record(s) from /leonardo_scratch/large/userexternal/ychen003/bio/emg/emg_c1_corpus/hyser/record_list.txt (--refresh-list to re-scan)
hyser -> G64_2000: 13,154 records in 206 unit(s) of 64; this task owns 103, 100 to do; mains 50.0; window cap none; 6 worker(s)
  2/100 units  0.5/min  ETA 199 min  (last: 6389 windows, 0 failed)
  4/100 units  1.0/min  ETA 98 min  (last: 6400 windows, 0 failed)
  6/100 units  1.5/min  ETA 64 min  (last: 6400 windows, 0 failed)
  8/100 units  1.0/min  ETA 88 min  (last: 6395 windows, 0 failed)
  10/100 units  1.3/min  ETA 69 min  (last: 6337 windows, 0 failed)
  12/100 units  1.6/min  ETA 57 min  (last: 6400 windows, 0 failed)
  14/100 units  1.7/min  ETA 50 min  (last: 256 windows, 0 failed)
  16/100 units  1.9/min  ETA 45 min  (last: 256 windows, 0 failed)
  18/100 units  2.0/min  ETA 40 min  (last: 256 windows, 0 failed)
  20/100 units  2.2/min  ETA 37 min  (last: 242 windows, 0 failed)
  22/100 units  2.3/min  ETA 33 min  (last: 964 windows, 0 failed)
  24/100 units  2.5/min  ETA 30 min  (last: 699 windows, 0 failed)
  26/100 units  2.6/min  ETA 28 min  (last: 727 windows, 0 failed)
  28/100 units  2.8/min  ETA 26 min  (last: 639 windows, 0 failed)
  30/100 units  2.9/min  ETA 24 min  (last: 256 windows, 0 failed)
  32/100 units  3.1/min  ETA 22 min  (last: 256 windows, 0 failed)
  34/100 units  3.2/min  ETA 21 min  (last: 352 windows, 0 failed)
  36/100 units  3.3/min  ETA 19 min  (last: 256 windows, 0 failed)
  38/100 units  3.5/min  ETA 18 min  (last: 256 windows, 0 failed)
  40/100 units  3.6/min  ETA 17 min  (last: 6329 windows, 0 failed)
  42/100 units  3.7/min  ETA 16 min  (last: 6400 windows, 0 failed)
  44/100 units  3.8/min  ETA 15 min  (last: 226 windows, 0 failed)
  46/100 units  3.9/min  ETA 14 min  (last: 1024 windows, 0 failed)
  48/100 units  4.1/min  ETA 13 min  (last: 256 windows, 0 failed)
  50/100 units  4.2/min  ETA 12 min  (last: 256 windows, 0 failed)
  52/100 units  4.3/min  ETA 11 min  (last: 292 windows, 0 failed)
  54/100 units  4.5/min  ETA 10 min  (last: 268 windows, 0 failed)
  56/100 units  4.6/min  ETA 10 min  (last: 448 windows, 0 failed)
  58/100 units  4.7/min  ETA 9 min  (last: 256 windows, 0 failed)
  60/100 units  4.8/min  ETA 8 min  (last: 252 windows, 0 failed)
  62/100 units  4.9/min  ETA 8 min  (last: 256 windows, 0 failed)
  64/100 units  5.0/min  ETA 7 min  (last: 256 windows, 0 failed)
  66/100 units  5.0/min  ETA 7 min  (last: 256 windows, 0 failed)
  68/100 units  5.1/min  ETA 6 min  (last: 256 windows, 0 failed)
  70/100 units  5.2/min  ETA 6 min  (last: 664 windows, 0 failed)
  72/100 units  5.3/min  ETA 5 min  (last: 496 windows, 0 failed)
  74/100 units  5.4/min  ETA 5 min  (last: 250 windows, 0 failed)
  76/100 units  5.5/min  ETA 4 min  (last: 349 windows, 0 failed)
  78/100 units  5.6/min  ETA 4 min  (last: 246 windows, 0 failed)
  80/100 units  5.7/min  ETA 4 min  (last: 529 windows, 0 failed)
  82/100 units  5.8/min  ETA 3 min  (last: 256 windows, 0 failed)
  84/100 units  5.9/min  ETA 3 min  (last: 808 windows, 0 failed)
  86/100 units  5.9/min  ETA 2 min  (last: 256 windows, 0 failed)
  88/100 units  6.0/min  ETA 2 min  (last: 918 windows, 0 failed)
  90/100 units  6.1/min  ETA 2 min  (last: 772 windows, 0 failed)
  92/100 units  6.1/min  ETA 1 min  (last: 256 windows, 0 failed)
  94/100 units  6.2/min  ETA 1 min  (last: 304 windows, 0 failed)
  96/100 units  6.4/min  ETA 1 min  (last: 256 windows, 0 failed)
  98/100 units  6.4/min  ETA 0 min  (last: 256 windows, 0 failed)
  100/100 units  5.4/min  ETA 0 min  (last: 6399 windows, 0 failed)

hyser: 26,368 records read, 0 failed, 146,180 windows kept of 147,412 (QC dropped {'non_finite': 0, 'flat_lead': 1232, 'amplitude': 0})
  train 137,504 windows / 19 subjects;  val 8,676 / 1
  manifests, subject lists and statistics in /leonardo_scratch/large/userexternal/ychen003/bio/emg/emg_c1_corpus/hyser

When every corpus you want is done, merge them:
  python scripts/build_eeg_c1_manifest.py --modality emg \
      --corpus-root /leonardo_scratch/large/userexternal/ychen003/bio/emg/emg_c1_corpus --allow-missing --check-shards --jobs 16
