task 1/2 of hyser, 6 worker(s)
============================================================
  sEMG corpus: hyser
  raw   /leonardo_scratch/large/userexternal/ychen003/bio/emg/Hyser/raw
  out   /leonardo_scratch/large/userexternal/ychen003/bio/emg/emg_c1_corpus/hyser
  task  1/2
============================================================
  13,154 record(s) from /leonardo_scratch/large/userexternal/ychen003/bio/emg/emg_c1_corpus/hyser/record_list.txt (--refresh-list to re-scan)
hyser -> G64_2000: 13,154 records in 206 unit(s) of 64; this task owns 103, 92 to do; mains 50.0; window cap none; 6 worker(s)
  1/92 units  0.3/min  ETA 359 min  (last: 6211 windows, 0 failed)
  2/92 units  0.5/min  ETA 186 min  (last: 6277 windows, 0 failed)
  3/92 units  0.7/min  ETA 124 min  (last: 6400 windows, 0 failed)
  4/92 units  1.0/min  ETA 92 min  (last: 6361 windows, 0 failed)
  5/92 units  1.2/min  ETA 73 min  (last: 6395 windows, 0 failed)
  6/92 units  1.4/min  ETA 61 min  (last: 6381 windows, 0 failed)
  7/92 units  0.9/min  ETA 91 min  (last: 6395 windows, 0 failed)
  8/92 units  1.0/min  ETA 82 min  (last: 6328 windows, 0 failed)
  9/92 units  1.1/min  ETA 73 min  (last: 6400 windows, 0 failed)
  10/92 units  1.3/min  ETA 65 min  (last: 6400 windows, 0 failed)
  11/92 units  1.4/min  ETA 58 min  (last: 6400 windows, 0 failed)
  12/92 units  1.5/min  ETA 53 min  (last: 6229 windows, 0 failed)
  13/92 units  1.6/min  ETA 50 min  (last: 256 windows, 0 failed)
  14/92 units  1.7/min  ETA 46 min  (last: 249 windows, 0 failed)
  15/92 units  1.8/min  ETA 42 min  (last: 252 windows, 0 failed)
  16/92 units  1.9/min  ETA 39 min  (last: 358 windows, 0 failed)
  17/92 units  2.0/min  ETA 37 min  (last: 398 windows, 0 failed)
  18/92 units  2.1/min  ETA 35 min  (last: 256 windows, 0 failed)
  19/92 units  2.2/min  ETA 33 min  (last: 256 windows, 0 failed)
  20/92 units  2.3/min  ETA 31 min  (last: 504 windows, 0 failed)
  21/92 units  2.4/min  ETA 30 min  (last: 676 windows, 0 failed)
  22/92 units  2.5/min  ETA 29 min  (last: 256 windows, 0 failed)
  23/92 units  2.5/min  ETA 27 min  (last: 868 windows, 0 failed)
  24/92 units  2.6/min  ETA 26 min  (last: 256 windows, 0 failed)
  25/92 units  2.7/min  ETA 25 min  (last: 256 windows, 0 failed)
  26/92 units  2.8/min  ETA 24 min  (last: 928 windows, 0 failed)
  27/92 units  2.9/min  ETA 23 min  (last: 256 windows, 0 failed)
  28/92 units  2.9/min  ETA 22 min  (last: 976 windows, 0 failed)
  29/92 units  3.0/min  ETA 21 min  (last: 784 windows, 0 failed)
  30/92 units  3.1/min  ETA 20 min  (last: 256 windows, 0 failed)
  31/92 units  3.1/min  ETA 19 min  (last: 646 windows, 0 failed)
  32/92 units  3.2/min  ETA 19 min  (last: 472 windows, 0 failed)
  33/92 units  3.3/min  ETA 18 min  (last: 256 windows, 0 failed)
  34/92 units  3.4/min  ETA 17 min  (last: 280 windows, 0 failed)
  35/92 units  3.5/min  ETA 16 min  (last: 232 windows, 0 failed)
  36/92 units  3.5/min  ETA 16 min  (last: 209 windows, 0 failed)
  37/92 units  3.6/min  ETA 15 min  (last: 256 windows, 0 failed)
  38/92 units  3.7/min  ETA 15 min  (last: 398 windows, 0 failed)
  39/92 units  3.8/min  ETA 14 min  (last: 256 windows, 0 failed)
  40/92 units  3.8/min  ETA 14 min  (last: 652 windows, 0 failed)
  41/92 units  3.9/min  ETA 13 min  (last: 256 windows, 0 failed)
  42/92 units  3.9/min  ETA 13 min  (last: 256 windows, 0 failed)
  43/92 units  4.0/min  ETA 12 min  (last: 844 windows, 0 failed)
  44/92 units  4.0/min  ETA 12 min  (last: 256 windows, 0 failed)
  45/92 units  4.1/min  ETA 12 min  (last: 1024 windows, 0 failed)
  46/92 units  4.1/min  ETA 11 min  (last: 256 windows, 0 failed)
  47/92 units  4.2/min  ETA 11 min  (last: 6400 windows, 0 failed)
  48/92 units  4.3/min  ETA 10 min  (last: 880 windows, 0 failed)
  49/92 units  4.3/min  ETA 10 min  (last: 736 windows, 0 failed)
  50/92 units  4.4/min  ETA 10 min  (last: 254 windows, 0 failed)
  51/92 units  4.4/min  ETA 9 min  (last: 676 windows, 0 failed)
  52/92 units  4.5/min  ETA 9 min  (last: 254 windows, 0 failed)
  53/92 units  4.5/min  ETA 9 min  (last: 393 windows, 0 failed)
  54/92 units  4.6/min  ETA 8 min  (last: 544 windows, 0 failed)
  55/92 units  4.7/min  ETA 8 min  (last: 255 windows, 0 failed)
  56/92 units  4.8/min  ETA 8 min  (last: 254 windows, 0 failed)
  57/92 units  4.8/min  ETA 7 min  (last: 328 windows, 0 failed)
  58/92 units  4.9/min  ETA 7 min  (last: 256 windows, 0 failed)
  59/92 units  4.9/min  ETA 7 min  (last: 256 windows, 0 failed)
  60/92 units  5.0/min  ETA 6 min  (last: 256 windows, 0 failed)
  61/92 units  5.0/min  ETA 6 min  (last: 472 windows, 0 failed)
  62/92 units  5.1/min  ETA 6 min  (last: 256 windows, 0 failed)
  63/92 units  5.1/min  ETA 6 min  (last: 664 windows, 0 failed)
  64/92 units  5.2/min  ETA 5 min  (last: 250 windows, 0 failed)
  65/92 units  5.2/min  ETA 5 min  (last: 832 windows, 0 failed)
  66/92 units  5.3/min  ETA 5 min  (last: 256 windows, 0 failed)
  67/92 units  5.3/min  ETA 5 min  (last: 250 windows, 0 failed)
  68/92 units  5.3/min  ETA 5 min  (last: 779 windows, 0 failed)
  69/92 units  5.4/min  ETA 4 min  (last: 988 windows, 0 failed)
  70/92 units  5.4/min  ETA 4 min  (last: 784 windows, 0 failed)
  71/92 units  5.5/min  ETA 4 min  (last: 256 windows, 0 failed)
  72/92 units  5.5/min  ETA 4 min  (last: 618 windows, 0 failed)
  73/92 units  5.6/min  ETA 3 min  (last: 256 windows, 0 failed)
  74/92 units  5.6/min  ETA 3 min  (last: 364 windows, 0 failed)
  75/92 units  5.7/min  ETA 3 min  (last: 253 windows, 0 failed)
  76/92 units  5.7/min  ETA 3 min  (last: 496 windows, 0 failed)
  77/92 units  5.8/min  ETA 3 min  (last: 256 windows, 0 failed)
  78/92 units  5.8/min  ETA 2 min  (last: 364 windows, 0 failed)
  79/92 units  5.9/min  ETA 2 min  (last: 256 windows, 0 failed)
  80/92 units  5.9/min  ETA 2 min  (last: 256 windows, 0 failed)
  81/92 units  5.9/min  ETA 2 min  (last: 256 windows, 0 failed)
  82/92 units  6.0/min  ETA 2 min  (last: 555 windows, 0 failed)
  83/92 units  6.0/min  ETA 1 min  (last: 256 windows, 0 failed)
  84/92 units  6.1/min  ETA 1 min  (last: 712 windows, 0 failed)
  85/92 units  6.1/min  ETA 1 min  (last: 256 windows, 0 failed)
  86/92 units  6.1/min  ETA 1 min  (last: 916 windows, 0 failed)
  87/92 units  6.2/min  ETA 1 min  (last: 256 windows, 0 failed)
  88/92 units  6.2/min  ETA 1 min  (last: 988 windows, 0 failed)
  89/92 units  6.2/min  ETA 0 min  (last: 952 windows, 0 failed)
  90/92 units  6.2/min  ETA 0 min  (last: 760 windows, 0 failed)
  91/92 units  5.7/min  ETA 0 min  (last: 3395 windows, 0 failed)
  92/92 units  5.3/min  ETA 0 min  (last: 6351 windows, 0 failed)

hyser: 26,248 records read, 0 failed, 142,583 windows kept of 143,836 (QC dropped {'non_finite': 0, 'flat_lead': 1253, 'amplitude': 0})
  train 136,684 windows / 19 subjects;  val 5,899 / 1
  manifests, subject lists and statistics in /leonardo_scratch/large/userexternal/ychen003/bio/emg/emg_c1_corpus/hyser

When every corpus you want is done, merge them:
  python scripts/build_eeg_c1_manifest.py --modality emg \
      --corpus-root /leonardo_scratch/large/userexternal/ychen003/bio/emg/emg_c1_corpus --allow-missing --check-shards --jobs 16
