sEMG download, finishing stage, job 59566605 on lrdn0009.leonardo.local
==> cemhsey -> /leonardo_scratch/large/userexternal/ychen003/bio/emg/CEMHSEY/raw
==> Zenodo records 15077957 15070187 (19 zips, 24 connections)
  20/20 file(s) whole
    md5 GRASP_S2.zip ...
    md5 GRASP_S1.zip ...
    md5 GRASP_S3.zip ...
    md5 GRASP_S4.zip ...
    md5 GRASP_S5.zip ...
    md5 GRASP_S7.zip ...
    md5 GRASP_S8.zip ...
    md5 GRASP_S9.zip ...
    md5 GRASP_S6.zip ...
    md5 GRASP_S10.zip ...
    md5 MyFunction.zip ...
    md5 GRASP_S11.zip ...
    md5 GRASP_S12.zip ...
    md5 GRASP_S13.zip ...
    md5 GESTURE_S1.zip ...
==> unpacking GESTURE_S1.zip (deflate64)

dataset      state         on-disk  path
putemg       complete          29G  /leonardo_scratch/large/userexternal/ychen003/bio/emg/putEMG/raw
hyser        complete          72G  /leonardo_scratch/large/userexternal/ychen003/bio/emg/Hyser/raw
cemhsey      partial          308G  /leonardo_scratch/large/userexternal/ychen003/bio/emg/CEMHSEY/raw
emg2qwerty   complete         317G  /leonardo_scratch/large/userexternal/ychen003/bio/emg/emg2qwerty/raw
emg2pose     complete         432G  /leonardo_scratch/large/userexternal/ychen003/bio/emg/emg2pose/raw
free under /leonardo_scratch/large/userexternal/ychen003/bio/emg: 7875303 GB
