task 3/4 of emg2qwerty, 15 worker(s)
============================================================
  sEMG corpus: emg2qwerty
  raw   /leonardo_scratch/large/userexternal/ychen003/bio/emg/emg2qwerty/raw
  out   /leonardo_scratch/large/userexternal/ychen003/bio/emg/emg_c1_corpus/emg2qwerty
  task  3/4
============================================================
  1,135 record(s) from /leonardo_scratch/large/userexternal/ychen003/bio/emg/emg_c1_corpus/emg2qwerty/record_list.txt (--refresh-list to re-scan)
emg2qwerty -> W16_2000: 1,135 records in 142 unit(s) of 8; this task owns 35, 35 to do; mains 60.0; window cap none; 15 worker(s)
  1/35 units  0.3/min  ETA 108 min  (last: 14530 windows, 0 failed)
  2/35 units  0.6/min  ETA 55 min  (last: 15888 windows, 0 failed)
  3/35 units  0.9/min  ETA 37 min  (last: 14260 windows, 0 failed)
  4/35 units  1.1/min  ETA 27 min  (last: 14300 windows, 0 failed)
  5/35 units  1.3/min  ETA 24 min  (last: 16526 windows, 0 failed)
  6/35 units  1.5/min  ETA 19 min  (last: 16424 windows, 0 failed)
  7/35 units  1.7/min  ETA 17 min  (last: 17406 windows, 0 failed)
  8/35 units  1.9/min  ETA 14 min  (last: 20368 windows, 0 failed)
  9/35 units  2.1/min  ETA 13 min  (last: 17780 windows, 0 failed)
  10/35 units  2.2/min  ETA 11 min  (last: 18682 windows, 0 failed)
  11/35 units  2.4/min  ETA 10 min  (last: 19274 windows, 0 failed)
  12/35 units  2.6/min  ETA 9 min  (last: 22486 windows, 0 failed)
  13/35 units  2.8/min  ETA 8 min  (last: 20360 windows, 0 failed)
  14/35 units  2.9/min  ETA 7 min  (last: 20510 windows, 0 failed)
  15/35 units  2.9/min  ETA 7 min  (last: 21570 windows, 0 failed)
  16/35 units  2.4/min  ETA 8 min  (last: 18092 windows, 0 failed)
  17/35 units  2.4/min  ETA 7 min  (last: 18702 windows, 0 failed)
  18/35 units  2.3/min  ETA 8 min  (last: 16952 windows, 0 failed)
  19/35 units  2.3/min  ETA 7 min  (last: 16128 windows, 0 failed)
  20/35 units  2.4/min  ETA 6 min  (last: 21716 windows, 0 failed)
  21/35 units  2.5/min  ETA 6 min  (last: 13816 windows, 0 failed)
  22/35 units  2.6/min  ETA 5 min  (last: 15376 windows, 0 failed)
  23/35 units  2.7/min  ETA 4 min  (last: 19574 windows, 0 failed)
  24/35 units  2.8/min  ETA 4 min  (last: 22100 windows, 0 failed)
  25/35 units  2.9/min  ETA 3 min  (last: 16722 windows, 0 failed)
  26/35 units  3.0/min  ETA 3 min  (last: 16460 windows, 0 failed)
  27/35 units  3.1/min  ETA 3 min  (last: 19112 windows, 0 failed)
  28/35 units  3.2/min  ETA 2 min  (last: 19478 windows, 0 failed)
  29/35 units  3.3/min  ETA 2 min  (last: 19294 windows, 0 failed)
  30/35 units  3.1/min  ETA 2 min  (last: 24676 windows, 0 failed)
  31/35 units  3.2/min  ETA 1 min  (last: 14682 windows, 0 failed)
  32/35 units  3.3/min  ETA 1 min  (last: 14322 windows, 0 failed)
  33/35 units  2.9/min  ETA 1 min  (last: 16803 windows, 0 failed)
  34/35 units  3.0/min  ETA 0 min  (last: 15997 windows, 0 failed)
  35/35 units  2.9/min  ETA 0 min  (last: 20526 windows, 0 failed)

emg2qwerty: 560 records read, 0 failed, 630,892 windows kept of 634,522 (QC dropped {'non_finite': 0, 'flat_lead': 3630, 'amplitude': 0})
  train 592,346 windows / 87 subjects;  val 38,546 / 3
  manifests, subject lists and statistics in /leonardo_scratch/large/userexternal/ychen003/bio/emg/emg_c1_corpus/emg2qwerty

When every corpus you want is done, merge them:
  python scripts/build_eeg_c1_manifest.py --modality emg \
      --corpus-root /leonardo_scratch/large/userexternal/ychen003/bio/emg/emg_c1_corpus --allow-missing --check-shards --jobs 16
