task 0/4 of emg2pose, 15 worker(s)
============================================================
  sEMG corpus: emg2pose
  raw   /leonardo_scratch/large/userexternal/ychen003/bio/emg/emg2pose/raw/emg2pose_dataset.tar
  out   /leonardo_scratch/large/userexternal/ychen003/bio/emg/emg_c1_corpus/emg2pose
  task  0/4
============================================================
  25,253 record(s) from /leonardo_scratch/large/userexternal/ychen003/bio/emg/emg_c1_corpus/emg2pose/record_list.txt (--refresh-list to re-scan)
emg2pose -> W16_2000: 25,253 records in 127 unit(s) of 200; this task owns 32, 32 to do; mains 60.0; window cap none; 15 worker(s)
  1/32 units  0.4/min  ETA 72 min  (last: 10623 windows, 0 failed)
  2/32 units  0.8/min  ETA 37 min  (last: 11177 windows, 0 failed)
  3/32 units  1.2/min  ETA 24 min  (last: 11359 windows, 0 failed)
  4/32 units  1.6/min  ETA 18 min  (last: 12165 windows, 0 failed)
  5/32 units  2.0/min  ETA 14 min  (last: 11113 windows, 0 failed)
  6/32 units  2.3/min  ETA 11 min  (last: 12491 windows, 0 failed)
  7/32 units  2.6/min  ETA 10 min  (last: 12319 windows, 0 failed)
  8/32 units  2.9/min  ETA 8 min  (last: 11997 windows, 0 failed)
  9/32 units  3.3/min  ETA 7 min  (last: 12756 windows, 0 failed)
  10/32 units  3.6/min  ETA 6 min  (last: 13011 windows, 0 failed)
  11/32 units  3.9/min  ETA 5 min  (last: 12584 windows, 0 failed)
  12/32 units  4.3/min  ETA 5 min  (last: 12822 windows, 0 failed)
  13/32 units  4.6/min  ETA 4 min  (last: 12633 windows, 0 failed)
  14/32 units  4.8/min  ETA 4 min  (last: 13233 windows, 0 failed)
  15/32 units  4.6/min  ETA 4 min  (last: 13812 windows, 0 failed)
  16/32 units  3.7/min  ETA 4 min  (last: 6373 windows, 0 failed)
  17/32 units  3.7/min  ETA 4 min  (last: 6276 windows, 0 failed)
  18/32 units  3.9/min  ETA 4 min  (last: 5702 windows, 0 failed)
  19/32 units  4.1/min  ETA 3 min  (last: 6460 windows, 0 failed)
  20/32 units  4.3/min  ETA 3 min  (last: 6199 windows, 0 failed)
  21/32 units  4.5/min  ETA 2 min  (last: 7261 windows, 0 failed)
  22/32 units  4.6/min  ETA 2 min  (last: 6310 windows, 0 failed)
  23/32 units  4.8/min  ETA 2 min  (last: 8604 windows, 0 failed)
  24/32 units  4.9/min  ETA 2 min  (last: 9280 windows, 0 failed)
  25/32 units  5.1/min  ETA 1 min  (last: 7183 windows, 0 failed)
  26/32 units  5.2/min  ETA 1 min  (last: 8609 windows, 0 failed)
  27/32 units  5.4/min  ETA 1 min  (last: 9385 windows, 0 failed)
  28/32 units  5.5/min  ETA 1 min  (last: 9368 windows, 0 failed)
  29/32 units  5.6/min  ETA 1 min  (last: 11909 windows, 0 failed)
  30/32 units  5.5/min  ETA 0 min  (last: 9719 windows, 0 failed)
  31/32 units  5.4/min  ETA 0 min  (last: 5475 windows, 0 failed)
  32/32 units  5.0/min  ETA 0 min  (last: 11542 windows, 0 failed)

emg2pose: 6,400 records read, 0 failed, 319,750 windows kept of 385,829 (QC dropped {'non_finite': 0, 'flat_lead': 66079, 'amplitude': 0})
  train 317,199 windows / 95 subjects;  val 2,551 / 2
  2 record(s) were shorter than one 1 s window and gave none
  manifests, subject lists and statistics in /leonardo_scratch/large/userexternal/ychen003/bio/emg/emg_c1_corpus/emg2pose

When every corpus you want is done, merge them:
  python scripts/build_eeg_c1_manifest.py --modality emg \
      --corpus-root /leonardo_scratch/large/userexternal/ychen003/bio/emg/emg_c1_corpus --allow-missing --check-shards --jobs 16
