task 0/1 of putemg, 15 worker(s)
============================================================
  sEMG corpus: putemg
  raw   /leonardo_scratch/large/userexternal/ychen003/bio/emg/putEMG/raw
  out   /leonardo_scratch/large/userexternal/ychen003/bio/emg/emg_c1_corpus/putemg
  task  0/1
============================================================
  712 record(s) from /leonardo_scratch/large/userexternal/ychen003/bio/emg/emg_c1_corpus/putemg/record_list.txt (--refresh-list to re-scan)
putemg -> A24_2000: 712 records in 89 unit(s) of 8; this task owns 89, 89 to do; mains 50.0; window cap none; 15 worker(s)
  1/89 units  1.2/min  ETA 75 min  (last: 1094 windows, 0 failed)
  2/89 units  2.3/min  ETA 37 min  (last: 1096 windows, 0 failed)
  3/89 units  3.5/min  ETA 25 min  (last: 1096 windows, 0 failed)
  4/89 units  4.3/min  ETA 20 min  (last: 1395 windows, 0 failed)
  5/89 units  5.3/min  ETA 16 min  (last: 1152 windows, 0 failed)
  6/89 units  6.4/min  ETA 13 min  (last: 1152 windows, 0 failed)
  7/89 units  7.4/min  ETA 11 min  (last: 1152 windows, 0 failed)
  8/89 units  8.4/min  ETA 10 min  (last: 1152 windows, 0 failed)
  9/89 units  8.7/min  ETA 9 min  (last: 1396 windows, 0 failed)
  10/89 units  9.7/min  ETA 8 min  (last: 1395 windows, 0 failed)
  11/89 units  8.7/min  ETA 9 min  (last: 1782 windows, 0 failed)
  12/89 units  9.4/min  ETA 8 min  (last: 1782 windows, 0 failed)
  13/89 units  9.6/min  ETA 8 min  (last: 1798 windows, 0 failed)
  14/89 units  10.3/min  ETA 7 min  (last: 1798 windows, 0 failed)
  15/89 units  10.9/min  ETA 7 min  (last: 1798 windows, 0 failed)
  16/89 units  10.2/min  ETA 7 min  (last: 1088 windows, 0 failed)
  17/89 units  10.1/min  ETA 7 min  (last: 1245 windows, 0 failed)
  18/89 units  10.5/min  ETA 7 min  (last: 1395 windows, 0 failed)
  19/89 units  11.0/min  ETA 6 min  (last: 698 windows, 0 failed)
  20/89 units  11.3/min  ETA 6 min  (last: 1274 windows, 0 failed)
  21/89 units  11.2/min  ETA 6 min  (last: 1274 windows, 0 failed)
  22/89 units  11.7/min  ETA 6 min  (last: 1439 windows, 0 failed)
  23/89 units  12.1/min  ETA 5 min  (last: 1475 windows, 0 failed)
  24/89 units  12.0/min  ETA 5 min  (last: 1476 windows, 0 failed)
  25/89 units  12.3/min  ETA 5 min  (last: 1790 windows, 0 failed)
  26/89 units  12.3/min  ETA 5 min  (last: 1152 windows, 0 failed)
  27/89 units  12.7/min  ETA 5 min  (last: 1791 windows, 0 failed)
  28/89 units  12.2/min  ETA 5 min  (last: 1396 windows, 0 failed)
  29/89 units  11.9/min  ETA 5 min  (last: 1439 windows, 0 failed)
  30/89 units  12.3/min  ETA 5 min  (last: 1782 windows, 0 failed)
  31/89 units  12.2/min  ETA 5 min  (last: 1798 windows, 0 failed)
  32/89 units  12.5/min  ETA 5 min  (last: 1275 windows, 0 failed)
  33/89 units  12.8/min  ETA 4 min  (last: 1246 windows, 0 failed)
  34/89 units  12.7/min  ETA 4 min  (last: 1152 windows, 0 failed)
  35/89 units  13.0/min  ETA 4 min  (last: 1475 windows, 0 failed)
  36/89 units  13.1/min  ETA 4 min  (last: 1096 windows, 0 failed)
  37/89 units  13.4/min  ETA 4 min  (last: 1790 windows, 0 failed)
  38/89 units  13.6/min  ETA 4 min  (last: 1439 windows, 0 failed)
  39/89 units  13.3/min  ETA 4 min  (last: 1396 windows, 0 failed)
  40/89 units  13.2/min  ETA 4 min  (last: 1152 windows, 0 failed)
  41/89 units  13.4/min  ETA 4 min  (last: 1790 windows, 0 failed)
  42/89 units  13.6/min  ETA 3 min  (last: 1045 windows, 0 failed)
  43/89 units  13.2/min  ETA 3 min  (last: 1782 windows, 0 failed)
  44/89 units  13.3/min  ETA 3 min  (last: 1798 windows, 0 failed)
  45/89 units  13.3/min  ETA 3 min  (last: 1439 windows, 0 failed)
  46/89 units  13.4/min  ETA 3 min  (last: 1274 windows, 0 failed)
  47/89 units  13.5/min  ETA 3 min  (last: 1245 windows, 0 failed)
  48/89 units  13.8/min  ETA 3 min  (last: 1160 windows, 0 failed)
  49/89 units  13.9/min  ETA 3 min  (last: 1475 windows, 0 failed)
  50/89 units  13.7/min  ETA 3 min  (last: 1439 windows, 0 failed)
  51/89 units  14.0/min  ETA 3 min  (last: 1096 windows, 0 failed)
  52/89 units  14.0/min  ETA 3 min  (last: 1790 windows, 0 failed)
  53/89 units  14.2/min  ETA 3 min  (last: 1396 windows, 0 failed)
  54/89 units  13.7/min  ETA 3 min  (last: 1790 windows, 0 failed)
  55/89 units  13.3/min  ETA 3 min  (last: 1799 windows, 0 failed)
  56/89 units  13.2/min  ETA 2 min  (last: 1783 windows, 0 failed)
  57/89 units  12.5/min  ETA 3 min  (last: 2292 windows, 0 failed)
  58/89 units  12.6/min  ETA 2 min  (last: 2432 windows, 0 failed)
  59/89 units  12.4/min  ETA 2 min  (last: 2276 windows, 0 failed)
  60/89 units  12.3/min  ETA 2 min  (last: 2292 windows, 0 failed)
  61/89 units  12.4/min  ETA 2 min  (last: 2433 windows, 0 failed)
  62/89 units  12.6/min  ETA 2 min  (last: 2276 windows, 0 failed)
  63/89 units  12.6/min  ETA 2 min  (last: 2292 windows, 0 failed)
  64/89 units  12.7/min  ETA 2 min  (last: 2432 windows, 0 failed)
  65/89 units  12.8/min  ETA 2 min  (last: 2276 windows, 0 failed)
  66/89 units  12.8/min  ETA 2 min  (last: 2292 windows, 0 failed)
  67/89 units  12.9/min  ETA 2 min  (last: 2277 windows, 0 failed)
  68/89 units  13.1/min  ETA 2 min  (last: 2433 windows, 0 failed)
  69/89 units  12.6/min  ETA 2 min  (last: 2433 windows, 0 failed)
  70/89 units  12.8/min  ETA 1 min  (last: 2293 windows, 0 failed)
  71/89 units  12.5/min  ETA 1 min  (last: 2276 windows, 0 failed)
  72/89 units  12.1/min  ETA 1 min  (last: 2432 windows, 0 failed)
  73/89 units  12.1/min  ETA 1 min  (last: 2292 windows, 0 failed)
  74/89 units  12.0/min  ETA 1 min  (last: 2276 windows, 0 failed)
  75/89 units  11.8/min  ETA 1 min  (last: 2292 windows, 0 failed)
  76/89 units  11.9/min  ETA 1 min  (last: 2276 windows, 0 failed)
  77/89 units  12.0/min  ETA 1 min  (last: 2432 windows, 0 failed)
  78/89 units  12.0/min  ETA 1 min  (last: 2292 windows, 0 failed)
  79/89 units  12.1/min  ETA 1 min  (last: 2432 windows, 0 failed)
  80/89 units  12.2/min  ETA 1 min  (last: 2276 windows, 0 failed)
  81/89 units  12.2/min  ETA 1 min  (last: 2292 windows, 0 failed)
  82/89 units  12.4/min  ETA 1 min  (last: 2276 windows, 0 failed)
  83/89 units  12.4/min  ETA 0 min  (last: 2432 windows, 0 failed)
  84/89 units  12.4/min  ETA 0 min  (last: 2292 windows, 0 failed)
  85/89 units  12.2/min  ETA 0 min  (last: 2433 windows, 0 failed)
  86/89 units  12.3/min  ETA 0 min  (last: 2276 windows, 0 failed)
  87/89 units  12.0/min  ETA 0 min  (last: 2432 windows, 0 failed)
  88/89 units  12.0/min  ETA 0 min  (last: 2292 windows, 0 failed)
  89/89 units  12.0/min  ETA 0 min  (last: 2277 windows, 0 failed)

putemg: 712 records read, 0 failed, 156,679 windows kept of 156,679 (QC dropped {'non_finite': 0, 'flat_lead': 0, 'amplitude': 0})
  train 153,124 windows / 43 subjects;  val 3,555 / 1
  1 record(s) were shorter than one 1 s window and gave none
  manifests, subject lists and statistics in /leonardo_scratch/large/userexternal/ychen003/bio/emg/emg_c1_corpus/putemg

When every corpus you want is done, merge them:
  python scripts/build_eeg_c1_manifest.py --modality emg \
      --corpus-root /leonardo_scratch/large/userexternal/ychen003/bio/emg/emg_c1_corpus --allow-missing --check-shards --jobs 16
