task 1/4 of emg2pose, 15 worker(s)
============================================================
  sEMG corpus: emg2pose
  raw   /leonardo_scratch/large/userexternal/ychen003/bio/emg/emg2pose/raw/emg2pose_dataset.tar
  out   /leonardo_scratch/large/userexternal/ychen003/bio/emg/emg_c1_corpus/emg2pose
  task  1/4
============================================================
  25,253 record(s) from /leonardo_scratch/large/userexternal/ychen003/bio/emg/emg_c1_corpus/emg2pose/record_list.txt (--refresh-list to re-scan)
emg2pose -> W16_2000: 25,253 records in 127 unit(s) of 200; this task owns 32, 32 to do; mains 60.0; window cap none; 15 worker(s)
  1/32 units  0.4/min  ETA 77 min  (last: 7773 windows, 0 failed)
  2/32 units  0.8/min  ETA 39 min  (last: 11585 windows, 0 failed)
  3/32 units  1.1/min  ETA 26 min  (last: 11502 windows, 0 failed)
  4/32 units  1.5/min  ETA 19 min  (last: 11098 windows, 0 failed)
  5/32 units  1.7/min  ETA 15 min  (last: 12064 windows, 0 failed)
  6/32 units  2.1/min  ETA 13 min  (last: 12282 windows, 0 failed)
  7/32 units  2.4/min  ETA 11 min  (last: 11935 windows, 0 failed)
  8/32 units  2.7/min  ETA 9 min  (last: 13179 windows, 0 failed)
  9/32 units  3.0/min  ETA 8 min  (last: 11843 windows, 0 failed)
  10/32 units  3.3/min  ETA 7 min  (last: 12715 windows, 0 failed)
  11/32 units  3.6/min  ETA 6 min  (last: 12690 windows, 0 failed)
  12/32 units  3.7/min  ETA 5 min  (last: 11952 windows, 0 failed)
  13/32 units  4.0/min  ETA 5 min  (last: 12736 windows, 0 failed)
  14/32 units  4.2/min  ETA 4 min  (last: 13598 windows, 0 failed)
  15/32 units  4.5/min  ETA 4 min  (last: 13532 windows, 0 failed)
  16/32 units  3.7/min  ETA 4 min  (last: 7665 windows, 0 failed)
  17/32 units  3.7/min  ETA 4 min  (last: 5869 windows, 0 failed)
  18/32 units  3.7/min  ETA 4 min  (last: 6170 windows, 0 failed)
  19/32 units  3.9/min  ETA 3 min  (last: 6218 windows, 0 failed)
  20/32 units  4.0/min  ETA 3 min  (last: 5847 windows, 0 failed)
  21/32 units  4.2/min  ETA 3 min  (last: 9182 windows, 0 failed)
  22/32 units  4.3/min  ETA 2 min  (last: 6281 windows, 0 failed)
  23/32 units  4.5/min  ETA 2 min  (last: 6647 windows, 0 failed)
  24/32 units  4.7/min  ETA 2 min  (last: 8045 windows, 0 failed)
  25/32 units  4.7/min  ETA 1 min  (last: 11357 windows, 0 failed)
  26/32 units  4.8/min  ETA 1 min  (last: 8525 windows, 0 failed)
  27/32 units  5.0/min  ETA 1 min  (last: 7181 windows, 0 failed)
  28/32 units  5.1/min  ETA 1 min  (last: 8491 windows, 0 failed)
  29/32 units  5.2/min  ETA 1 min  (last: 8999 windows, 0 failed)
  30/32 units  5.3/min  ETA 0 min  (last: 12428 windows, 0 failed)
  31/32 units  5.0/min  ETA 0 min  (last: 6359 windows, 0 failed)
  32/32 units  4.7/min  ETA 0 min  (last: 11534 windows, 0 failed)

emg2pose: 6,400 records read, 0 failed, 317,282 windows kept of 380,937 (QC dropped {'non_finite': 0, 'flat_lead': 63655, 'amplitude': 0})
  train 308,540 windows / 102 subjects;  val 8,742 / 3
  2 record(s) were shorter than one 1 s window and gave none
  manifests, subject lists and statistics in /leonardo_scratch/large/userexternal/ychen003/bio/emg/emg_c1_corpus/emg2pose

When every corpus you want is done, merge them:
  python scripts/build_eeg_c1_manifest.py --modality emg \
      --corpus-root /leonardo_scratch/large/userexternal/ychen003/bio/emg/emg_c1_corpus --allow-missing --check-shards --jobs 16
