2026-10-04 19:23:49,104 INFO wavelet_modules: MultiHeadGate: 1 channels is not divisible by 4 heads; using 1.
2026-10-04 19:23:49,104 INFO wavelet_modules: MultiHeadGate: 1 channels is not divisible by 4 heads; using 1.
2026-10-04 19:23:49,104 INFO wavelet_modules: MultiHeadGate: 1 channels is not divisible by 4 heads; using 1.
2026-10-04 19:23:49,104 INFO wavelet_modules: MultiHeadGate: 1 channels is not divisible by 4 heads; using 1.
2026-10-04 19:23:49,106 INFO wavelet_modules: MultiHeadGate: 1 channels is not divisible by 4 heads; using 1.
2026-10-04 19:23:49,106 INFO wavelet_modules: MultiHeadGate: 1 channels is not divisible by 4 heads; using 1.
2026-10-04 19:23:49,106 INFO wavelet_modules: MultiHeadGate: 1 channels is not divisible by 4 heads; using 1.
2026-10-04 19:23:49,106 INFO wavelet_modules: MultiHeadGate: 1 channels is not divisible by 4 heads; using 1.
2026-10-04 19:23:49,107 INFO wavelet_modules: MultiHeadGate: 1 channels is not divisible by 4 heads; using 1.
2026-10-04 19:23:49,107 INFO wavelet_modules: MultiHeadGate: 1 channels is not divisible by 4 heads; using 1.
2026-10-04 19:23:49,107 INFO wavelet_modules: MultiHeadGate: 1 channels is not divisible by 4 heads; using 1.
2026-10-04 19:23:49,107 INFO wavelet_modules: MultiHeadGate: 1 channels is not divisible by 4 heads; using 1.
2026-10-04 19:23:49,108 INFO wavelet_modules: MultiHeadGate: 1 channels is not divisible by 4 heads; using 1.
2026-10-04 19:23:49,108 INFO wavelet_modules: MultiHeadGate: 1 channels is not divisible by 4 heads; using 1.
2026-10-04 19:23:49,108 INFO wavelet_modules: MultiHeadGate: 1 channels is not divisible by 4 heads; using 1.
2026-10-04 19:23:49,108 INFO wavelet_modules: MultiHeadGate: 1 channels is not divisible by 4 heads; using 1.
/leonardo/prod/opt/libraries/cineca-ai/4.3.0/none/cineca-ai-env/lib/python3.11/site-packages/transformers/utils/generic.py:462: UserWarning: torch.utils._pytree._register_pytree_node is deprecated. Please use torch.utils._pytree.register_pytree_node instead.
  _torch_pytree._register_pytree_node(
/leonardo/prod/opt/libraries/cineca-ai/4.3.0/none/cineca-ai-env/lib/python3.11/site-packages/transformers/utils/generic.py:462: UserWarning: torch.utils._pytree._register_pytree_node is deprecated. Please use torch.utils._pytree.register_pytree_node instead.
  _torch_pytree._register_pytree_node(
/leonardo/prod/opt/libraries/cineca-ai/4.3.0/none/cineca-ai-env/lib/python3.11/site-packages/transformers/utils/generic.py:462: UserWarning: torch.utils._pytree._register_pytree_node is deprecated. Please use torch.utils._pytree.register_pytree_node instead.
  _torch_pytree._register_pytree_node(
/leonardo/prod/opt/libraries/cineca-ai/4.3.0/none/cineca-ai-env/lib/python3.11/site-packages/transformers/utils/generic.py:462: UserWarning: torch.utils._pytree._register_pytree_node is deprecated. Please use torch.utils._pytree.register_pytree_node instead.
  _torch_pytree._register_pytree_node(
/leonardo/prod/opt/libraries/cineca-ai/4.3.0/none/cineca-ai-env/lib/python3.11/site-packages/transformers/utils/generic.py:462: UserWarning: torch.utils._pytree._register_pytree_node is deprecated. Please use torch.utils._pytree.register_pytree_node instead.
  _torch_pytree._register_pytree_node(
/leonardo/prod/opt/libraries/cineca-ai/4.3.0/none/cineca-ai-env/lib/python3.11/site-packages/transformers/utils/generic.py:462: UserWarning: torch.utils._pytree._register_pytree_node is deprecated. Please use torch.utils._pytree.register_pytree_node instead.
  _torch_pytree._register_pytree_node(
/leonardo/prod/opt/libraries/cineca-ai/4.3.0/none/cineca-ai-env/lib/python3.11/site-packages/transformers/utils/generic.py:462: UserWarning: torch.utils._pytree._register_pytree_node is deprecated. Please use torch.utils._pytree.register_pytree_node instead.
  _torch_pytree._register_pytree_node(
/leonardo/prod/opt/libraries/cineca-ai/4.3.0/none/cineca-ai-env/lib/python3.11/site-packages/transformers/utils/generic.py:462: UserWarning: torch.utils._pytree._register_pytree_node is deprecated. Please use torch.utils._pytree.register_pytree_node instead.
  _torch_pytree._register_pytree_node(
/leonardo/prod/opt/libraries/cineca-ai/4.3.0/none/cineca-ai-env/lib/python3.11/site-packages/transformers/utils/generic.py:462: UserWarning: torch.utils._pytree._register_pytree_node is deprecated. Please use torch.utils._pytree.register_pytree_node instead.
  _torch_pytree._register_pytree_node(
/leonardo/prod/opt/libraries/cineca-ai/4.3.0/none/cineca-ai-env/lib/python3.11/site-packages/transformers/utils/generic.py:462: UserWarning: torch.utils._pytree._register_pytree_node is deprecated. Please use torch.utils._pytree.register_pytree_node instead.
  _torch_pytree._register_pytree_node(
/leonardo/prod/opt/libraries/cineca-ai/4.3.0/none/cineca-ai-env/lib/python3.11/site-packages/transformers/utils/generic.py:462: UserWarning: torch.utils._pytree._register_pytree_node is deprecated. Please use torch.utils._pytree.register_pytree_node instead.
  _torch_pytree._register_pytree_node(
/leonardo/prod/opt/libraries/cineca-ai/4.3.0/none/cineca-ai-env/lib/python3.11/site-packages/transformers/utils/generic.py:462: UserWarning: torch.utils._pytree._register_pytree_node is deprecated. Please use torch.utils._pytree.register_pytree_node instead.
  _torch_pytree._register_pytree_node(
/leonardo/prod/opt/libraries/cineca-ai/4.3.0/none/cineca-ai-env/lib/python3.11/site-packages/transformers/utils/generic.py:462: UserWarning: torch.utils._pytree._register_pytree_node is deprecated. Please use torch.utils._pytree.register_pytree_node instead.
  _torch_pytree._register_pytree_node(
/leonardo/prod/opt/libraries/cineca-ai/4.3.0/none/cineca-ai-env/lib/python3.11/site-packages/transformers/utils/generic.py:462: UserWarning: torch.utils._pytree._register_pytree_node is deprecated. Please use torch.utils._pytree.register_pytree_node instead.
  _torch_pytree._register_pytree_node(
/leonardo/prod/opt/libraries/cineca-ai/4.3.0/none/cineca-ai-env/lib/python3.11/site-packages/transformers/utils/generic.py:462: UserWarning: torch.utils._pytree._register_pytree_node is deprecated. Please use torch.utils._pytree.register_pytree_node instead.
  _torch_pytree._register_pytree_node(
/leonardo/prod/opt/libraries/cineca-ai/4.3.0/none/cineca-ai-env/lib/python3.11/site-packages/transformers/utils/generic.py:462: UserWarning: torch.utils._pytree._register_pytree_node is deprecated. Please use torch.utils._pytree.register_pytree_node instead.
  _torch_pytree._register_pytree_node(
/leonardo/prod/opt/libraries/cineca-ai/4.3.0/none/cineca-ai-env/lib/python3.11/site-packages/transformers/utils/hub.py:124: FutureWarning: Using `TRANSFORMERS_CACHE` is deprecated and will be removed in v5 of Transformers. Use `HF_HOME` instead.
  warnings.warn(
/leonardo/prod/opt/libraries/cineca-ai/4.3.0/none/cineca-ai-env/lib/python3.11/site-packages/transformers/utils/hub.py:124: FutureWarning: Using `TRANSFORMERS_CACHE` is deprecated and will be removed in v5 of Transformers. Use `HF_HOME` instead.
  warnings.warn(
/leonardo/prod/opt/libraries/cineca-ai/4.3.0/none/cineca-ai-env/lib/python3.11/site-packages/transformers/utils/hub.py:124: FutureWarning: Using `TRANSFORMERS_CACHE` is deprecated and will be removed in v5 of Transformers. Use `HF_HOME` instead.
  warnings.warn(
/leonardo/prod/opt/libraries/cineca-ai/4.3.0/none/cineca-ai-env/lib/python3.11/site-packages/transformers/utils/hub.py:124: FutureWarning: Using `TRANSFORMERS_CACHE` is deprecated and will be removed in v5 of Transformers. Use `HF_HOME` instead.
  warnings.warn(
/leonardo/prod/opt/libraries/cineca-ai/4.3.0/none/cineca-ai-env/lib/python3.11/site-packages/transformers/utils/hub.py:124: FutureWarning: Using `TRANSFORMERS_CACHE` is deprecated and will be removed in v5 of Transformers. Use `HF_HOME` instead.
  warnings.warn(
/leonardo/prod/opt/libraries/cineca-ai/4.3.0/none/cineca-ai-env/lib/python3.11/site-packages/transformers/utils/hub.py:124: FutureWarning: Using `TRANSFORMERS_CACHE` is deprecated and will be removed in v5 of Transformers. Use `HF_HOME` instead.
  warnings.warn(
/leonardo/prod/opt/libraries/cineca-ai/4.3.0/none/cineca-ai-env/lib/python3.11/site-packages/transformers/utils/hub.py:124: FutureWarning: Using `TRANSFORMERS_CACHE` is deprecated and will be removed in v5 of Transformers. Use `HF_HOME` instead.
  warnings.warn(
/leonardo/prod/opt/libraries/cineca-ai/4.3.0/none/cineca-ai-env/lib/python3.11/site-packages/transformers/utils/hub.py:124: FutureWarning: Using `TRANSFORMERS_CACHE` is deprecated and will be removed in v5 of Transformers. Use `HF_HOME` instead.
  warnings.warn(
/leonardo/prod/opt/libraries/cineca-ai/4.3.0/none/cineca-ai-env/lib/python3.11/site-packages/transformers/utils/hub.py:124: FutureWarning: Using `TRANSFORMERS_CACHE` is deprecated and will be removed in v5 of Transformers. Use `HF_HOME` instead.
  warnings.warn(
/leonardo/prod/opt/libraries/cineca-ai/4.3.0/none/cineca-ai-env/lib/python3.11/site-packages/transformers/utils/hub.py:124: FutureWarning: Using `TRANSFORMERS_CACHE` is deprecated and will be removed in v5 of Transformers. Use `HF_HOME` instead.
  warnings.warn(
/leonardo/prod/opt/libraries/cineca-ai/4.3.0/none/cineca-ai-env/lib/python3.11/site-packages/transformers/utils/hub.py:124: FutureWarning: Using `TRANSFORMERS_CACHE` is deprecated and will be removed in v5 of Transformers. Use `HF_HOME` instead.
  warnings.warn(
/leonardo/prod/opt/libraries/cineca-ai/4.3.0/none/cineca-ai-env/lib/python3.11/site-packages/transformers/utils/hub.py:124: FutureWarning: Using `TRANSFORMERS_CACHE` is deprecated and will be removed in v5 of Transformers. Use `HF_HOME` instead.
  warnings.warn(
/leonardo/prod/opt/libraries/cineca-ai/4.3.0/none/cineca-ai-env/lib/python3.11/site-packages/transformers/utils/hub.py:124: FutureWarning: Using `TRANSFORMERS_CACHE` is deprecated and will be removed in v5 of Transformers. Use `HF_HOME` instead.
  warnings.warn(
/leonardo/prod/opt/libraries/cineca-ai/4.3.0/none/cineca-ai-env/lib/python3.11/site-packages/transformers/utils/hub.py:124: FutureWarning: Using `TRANSFORMERS_CACHE` is deprecated and will be removed in v5 of Transformers. Use `HF_HOME` instead.
  warnings.warn(
/leonardo/prod/opt/libraries/cineca-ai/4.3.0/none/cineca-ai-env/lib/python3.11/site-packages/transformers/utils/hub.py:124: FutureWarning: Using `TRANSFORMERS_CACHE` is deprecated and will be removed in v5 of Transformers. Use `HF_HOME` instead.
  warnings.warn(
/leonardo/prod/opt/libraries/cineca-ai/4.3.0/none/cineca-ai-env/lib/python3.11/site-packages/transformers/utils/hub.py:124: FutureWarning: Using `TRANSFORMERS_CACHE` is deprecated and will be removed in v5 of Transformers. Use `HF_HOME` instead.
  warnings.warn(
2026-10-04 19:24:25.818712: I tensorflow/core/util/port.cc:113] oneDNN custom operations are on. You may see slightly different numerical results due to floating-point round-off errors from different computation orders. To turn them off, set the environment variable `TF_ENABLE_ONEDNN_OPTS=0`.
2026-10-04 19:24:26.458672: E external/local_xla/xla/stream_executor/cuda/cuda_dnn.cc:9261] Unable to register cuDNN factory: Attempting to register factory for plugin cuDNN when one has already been registered
2026-10-04 19:24:26.459892: E external/local_xla/xla/stream_executor/cuda/cuda_fft.cc:607] Unable to register cuFFT factory: Attempting to register factory for plugin cuFFT when one has already been registered
2026-10-04 19:24:26.560687: E external/local_xla/xla/stream_executor/cuda/cuda_blas.cc:1515] Unable to register cuBLAS factory: Attempting to register factory for plugin cuBLAS when one has already been registered
2026-10-04 19:24:26.815134: I tensorflow/core/platform/cpu_feature_guard.cc:182] This TensorFlow binary is optimized to use available CPU instructions in performance-critical operations.
To enable the following instructions: AVX2 AVX512F AVX512_VNNI FMA, in other operations, rebuild TensorFlow with the appropriate compiler flags.
2026-10-04 19:24:45.354864: W tensorflow/compiler/tf2tensorrt/utils/py_utils.cc:38] TF-TRT Warning: Could not find TensorRT
[2026-10-05T19:26:02.450] error: *** STEP 59297995.0 ON lrdn0391 CANCELLED AT 2026-10-05T19:26:02 DUE TO TIME LIMIT ***
[2026-10-05T19:26:02.451] error: *** JOB 59297995 ON lrdn0391 CANCELLED AT 2026-10-05T19:26:02 DUE TO TIME LIMIT ***
