task 3/4 of cemhsey_8x8, 15 worker(s)
============================================================
  sEMG corpus: cemhsey_8x8
  raw   /leonardo_scratch/large/userexternal/ychen003/bio/emg/CEMHSEY/raw
  out   /leonardo_scratch/large/userexternal/ychen003/bio/emg/emg_c1_corpus/cemhsey_8x8
  task  3/4
============================================================
  waiting for task 0 to write /leonardo_scratch/large/userexternal/ychen003/bio/emg/emg_c1_corpus/cemhsey_8x8/record_list.txt ...
  6,332 record(s) from /leonardo_scratch/large/userexternal/ychen003/bio/emg/emg_c1_corpus/cemhsey_8x8/record_list.txt (--refresh-list to re-scan)
cemhsey_8x8 -> G64_2000: 6,332 records in 396 unit(s) of 16; this task owns 99, 99 to do; mains 50.0; window cap none; 15 worker(s)
  1/99 units  0.6/min  ETA 153 min  (last: 1372 windows, 0 failed)
  2/99 units  1.3/min  ETA 76 min  (last: 1342 windows, 0 failed)
  3/99 units  1.9/min  ETA 50 min  (last: 1409 windows, 0 failed)
  4/99 units  2.5/min  ETA 37 min  (last: 1425 windows, 0 failed)
  5/99 units  3.1/min  ETA 30 min  (last: 1440 windows, 0 failed)
  6/99 units  3.7/min  ETA 25 min  (last: 1432 windows, 0 failed)
  7/99 units  4.3/min  ETA 21 min  (last: 1399 windows, 0 failed)
  8/99 units  4.9/min  ETA 18 min  (last: 1435 windows, 0 failed)
  9/99 units  5.5/min  ETA 17 min  (last: 1439 windows, 0 failed)
  10/99 units  6.0/min  ETA 15 min  (last: 1437 windows, 0 failed)
  11/99 units  3.6/min  ETA 24 min  (last: 1430 windows, 0 failed)
  12/99 units  3.9/min  ETA 22 min  (last: 1438 windows, 0 failed)
  13/99 units  4.2/min  ETA 20 min  (last: 1437 windows, 0 failed)
  14/99 units  4.5/min  ETA 19 min  (last: 1439 windows, 0 failed)
  15/99 units  4.8/min  ETA 17 min  (last: 1411 windows, 0 failed)
  16/99 units  5.1/min  ETA 16 min  (last: 1376 windows, 0 failed)
  17/99 units  5.4/min  ETA 15 min  (last: 1440 windows, 0 failed)
  18/99 units  5.7/min  ETA 14 min  (last: 1439 windows, 0 failed)
  19/99 units  6.0/min  ETA 13 min  (last: 1440 windows, 0 failed)
  20/99 units  6.3/min  ETA 12 min  (last: 1440 windows, 0 failed)
  21/99 units  4.7/min  ETA 17 min  (last: 1393 windows, 0 failed)
  22/99 units  4.8/min  ETA 16 min  (last: 1334 windows, 0 failed)
  23/99 units  5.1/min  ETA 15 min  (last: 1440 windows, 0 failed)
  24/99 units  5.3/min  ETA 14 min  (last: 1434 windows, 0 failed)
  25/99 units  5.5/min  ETA 13 min  (last: 1440 windows, 0 failed)
  26/99 units  5.7/min  ETA 13 min  (last: 1439 windows, 0 failed)
  27/99 units  5.8/min  ETA 12 min  (last: 1433 windows, 0 failed)
  28/99 units  6.0/min  ETA 12 min  (last: 1410 windows, 0 failed)
  29/99 units  6.2/min  ETA 11 min  (last: 1412 windows, 0 failed)
  30/99 units  6.4/min  ETA 11 min  (last: 1440 windows, 0 failed)
  31/99 units  5.2/min  ETA 13 min  (last: 1434 windows, 0 failed)
  32/99 units  5.3/min  ETA 13 min  (last: 1436 windows, 0 failed)
  33/99 units  5.5/min  ETA 12 min  (last: 1440 windows, 0 failed)
  34/99 units  5.7/min  ETA 11 min  (last: 1360 windows, 0 failed)
  35/99 units  5.8/min  ETA 11 min  (last: 1440 windows, 0 failed)
  36/99 units  6.0/min  ETA 11 min  (last: 1440 windows, 0 failed)
  37/99 units  6.1/min  ETA 10 min  (last: 1207 windows, 0 failed)
  38/99 units  6.2/min  ETA 10 min  (last: 1290 windows, 0 failed)
  39/99 units  6.3/min  ETA 9 min  (last: 1379 windows, 0 failed)
  40/99 units  6.5/min  ETA 9 min  (last: 1437 windows, 0 failed)
  41/99 units  5.6/min  ETA 10 min  (last: 978 windows, 0 failed)
  42/99 units  5.7/min  ETA 10 min  (last: 1377 windows, 0 failed)
  43/99 units  5.8/min  ETA 10 min  (last: 1236 windows, 0 failed)
  44/99 units  6.0/min  ETA 9 min  (last: 1347 windows, 0 failed)
  45/99 units  6.0/min  ETA 9 min  (last: 1414 windows, 0 failed)
  46/99 units  6.2/min  ETA 9 min  (last: 1390 windows, 0 failed)
  47/99 units  6.3/min  ETA 8 min  (last: 967 windows, 0 failed)
  48/99 units  6.4/min  ETA 8 min  (last: 1015 windows, 0 failed)
  49/99 units  6.4/min  ETA 8 min  (last: 1283 windows, 0 failed)
  50/99 units  6.5/min  ETA 7 min  (last: 1319 windows, 0 failed)
  51/99 units  5.9/min  ETA 8 min  (last: 1436 windows, 0 failed)
  52/99 units  6.0/min  ETA 8 min  (last: 1440 windows, 0 failed)
  53/99 units  6.1/min  ETA 8 min  (last: 1419 windows, 0 failed)
  54/99 units  6.2/min  ETA 7 min  (last: 1390 windows, 0 failed)
  55/99 units  6.2/min  ETA 7 min  (last: 1436 windows, 0 failed)
  56/99 units  6.3/min  ETA 7 min  (last: 1435 windows, 0 failed)
  57/99 units  6.4/min  ETA 7 min  (last: 1440 windows, 0 failed)
  58/99 units  6.5/min  ETA 6 min  (last: 1434 windows, 0 failed)
  59/99 units  6.6/min  ETA 6 min  (last: 1395 windows, 0 failed)
  60/99 units  6.7/min  ETA 6 min  (last: 1424 windows, 0 failed)
  61/99 units  6.3/min  ETA 6 min  (last: 8406 windows, 0 failed)
  62/99 units  6.3/min  ETA 6 min  (last: 8391 windows, 0 failed)
  63/99 units  6.4/min  ETA 6 min  (last: 8480 windows, 0 failed)
  64/99 units  6.5/min  ETA 5 min  (last: 8596 windows, 0 failed)
  65/99 units  6.6/min  ETA 5 min  (last: 8519 windows, 0 failed)
  66/99 units  6.6/min  ETA 5 min  (last: 1433 windows, 0 failed)
  67/99 units  6.7/min  ETA 5 min  (last: 1440 windows, 0 failed)
  68/99 units  6.8/min  ETA 5 min  (last: 1440 windows, 0 failed)
  69/99 units  6.9/min  ETA 4 min  (last: 1417 windows, 0 failed)
  70/99 units  6.9/min  ETA 4 min  (last: 1440 windows, 0 failed)
  71/99 units  7.0/min  ETA 4 min  (last: 1383 windows, 0 failed)
  72/99 units  7.1/min  ETA 4 min  (last: 1290 windows, 0 failed)
  73/99 units  7.2/min  ETA 4 min  (last: 1436 windows, 0 failed)
  74/99 units  7.2/min  ETA 3 min  (last: 1398 windows, 0 failed)
  75/99 units  7.3/min  ETA 3 min  (last: 1434 windows, 0 failed)
  76/99 units  6.8/min  ETA 3 min  (last: 1439 windows, 0 failed)
  77/99 units  6.8/min  ETA 3 min  (last: 1440 windows, 0 failed)
  78/99 units  6.9/min  ETA 3 min  (last: 1438 windows, 0 failed)
  79/99 units  7.0/min  ETA 3 min  (last: 1439 windows, 0 failed)
  80/99 units  7.0/min  ETA 3 min  (last: 1374 windows, 0 failed)
  81/99 units  7.1/min  ETA 3 min  (last: 1425 windows, 0 failed)
  82/99 units  7.2/min  ETA 2 min  (last: 1425 windows, 0 failed)
  83/99 units  7.2/min  ETA 2 min  (last: 1426 windows, 0 failed)
  84/99 units  7.3/min  ETA 2 min  (last: 1440 windows, 0 failed)
  85/99 units  7.4/min  ETA 2 min  (last: 1440 windows, 0 failed)
  86/99 units  7.4/min  ETA 2 min  (last: 1439 windows, 0 failed)
  87/99 units  7.5/min  ETA 2 min  (last: 1409 windows, 0 failed)
  88/99 units  7.5/min  ETA 1 min  (last: 1438 windows, 0 failed)
  89/99 units  7.6/min  ETA 1 min  (last: 1422 windows, 0 failed)
  90/99 units  7.6/min  ETA 1 min  (last: 1435 windows, 0 failed)
  91/99 units  7.3/min  ETA 1 min  (last: 1080 windows, 0 failed)
  92/99 units  7.4/min  ETA 1 min  (last: 1357 windows, 0 failed)
  93/99 units  7.4/min  ETA 1 min  (last: 1435 windows, 0 failed)
  94/99 units  7.5/min  ETA 1 min  (last: 1440 windows, 0 failed)
  95/99 units  7.5/min  ETA 1 min  (last: 1440 windows, 0 failed)
  96/99 units  7.6/min  ETA 0 min  (last: 1440 windows, 0 failed)
  97/99 units  7.6/min  ETA 0 min  (last: 1440 windows, 0 failed)
  98/99 units  7.7/min  ETA 0 min  (last: 1440 windows, 0 failed)
  99/99 units  7.8/min  ETA 0 min  (last: 1425 windows, 0 failed)

cemhsey_8x8: 4,740 records read, 0 failed, 173,462 windows kept of 178,200 (QC dropped {'non_finite': 0, 'flat_lead': 4725, 'amplitude': 13})
  train 164,982 windows / 18 subjects;  val 8,480 / 1
  manifests, subject lists and statistics in /leonardo_scratch/large/userexternal/ychen003/bio/emg/emg_c1_corpus/cemhsey_8x8

When every corpus you want is done, merge them:
  python scripts/build_eeg_c1_manifest.py --modality emg \
      --corpus-root /leonardo_scratch/large/userexternal/ychen003/bio/emg/emg_c1_corpus --allow-missing --check-shards --jobs 16
