============================================================
  EEGPT benchmark kaggleern fold 0, modes: ft scratch  (job 58874174)
  encoder /leonardo_scratch/fast/IscrB_WearUsFM/yanlchen/runs/pretrain_eeg_c1_moe/best.pth
  code        /leonardo/home/userexternal/ychen003/PhysioWave-T
  venv        /leonardo/home/userexternal/ychen003/pw
  checkpoints /leonardo_scratch/fast/IscrB_WearUsFM/yanlchen/runs
  caches      /leonardo_scratch/fast/IscrB_WearUsFM/yanlchen/cache/ssl , /leonardo_scratch/fast/IscrB_WearUsFM/yanlchen/cache/preprocessed
  manifests   /leonardo_scratch/fast/IscrB_WearUsFM/yanlchen/manifests
  data        /leonardo_scratch/large/userexternal/ychen003/bio/eeg , /leonardo_scratch/large/userexternal/ychen003/bio/ecg , /leonardo_scratch/large/userexternal/ychen003/bio/emg
============================================================
building the kaggleern fold-0 split -> /leonardo_scratch/large/userexternal/ychen003/bio/eeg/eegpt_bench/kaggleern_f0_pretrain-v1
KaggleERN: fold 0  train [12, 13, 14, 16, 17, 18, 20, 22, 23, 26]  val [21, 24]  test [2, 6, 7, 11]
  56 channels, feedback -0.7..+1.3 s, pretraining pipeline (pretrain-v1): detrend, 50 Hz notch, 0.5 Hz high-pass, 256 Hz, window z-score
  train.h5    3400 epochs  subjects [12, 13, 14, 16, 17, 18, 20, 22, 23, 26]  error=1169  correct=2231  shape (3400, 56, 512)
  val.h5       680 epochs  subjects [21, 24]  error=129  correct=551  shape (680, 56, 512)
  test.h5     1360 epochs  subjects [2, 6, 7, 11]  error=292  correct=1068  shape (1360, 56, 512)
  wrote /leonardo_scratch/large/userexternal/ychen003/bio/eeg/eegpt_bench/kaggleern_f0_pretrain-v1/{train,val,test}.h5  (--num-classes 2)
  starting ft on GPU 0  -> /leonardo_scratch/fast/IscrB_WearUsFM/yanlchen/runs/eegpt_bench/kaggleern_f0_ft.log
  starting scratch on GPU 1  -> /leonardo_scratch/fast/IscrB_WearUsFM/yanlchen/runs/eegpt_bench/kaggleern_f0_scratch.log
  ft: done
  scratch: done

task       fold mode[:tag]         BAC   kappa     3rd  3rd is         trainable  best@ep
bcic2a          EEGPT           0.5846  0.4462  0.5715  weighted_f1        probe  (Table 4, fold mean)
              0 ft              0.3524  0.1366  0.3526  weighted_f1   25,403,026  8 (kappa)
              0 scratch         0.2969  0.0625  0.2927  weighted_f1   25,403,026  5 (kappa)
bcic2b          EEGPT           0.7212  0.4426  0.8059  auroc              probe  (Table 4, fold mean)
              0 ft              0.6236  0.2472  0.7652  auroc         25,320,148  4 (auroc)
              0 scratch         0.6708  0.3417  0.7367  auroc         25,320,148  14 (auroc)
kaggleern       EEGPT           0.5837  0.1882  0.6621  auroc              probe  (Table 4, fold mean)
              0 ft              0.6171  0.2059  0.6632  auroc         25,813,366  6 (auroc)
              0 scratch         0.5746  0.0995  0.6038  auroc         25,813,366  11 (auroc)

  bcic2a f0: pretrained - scratch kappa = +0.0741
  bcic2b f0: pretrained - scratch auroc = +0.0286
  kaggleern f0: pretrained - scratch auroc = +0.0594

  KaggleERN: without true_labels.csv (the Kaggle download has none) the
  test set is 4 of the 16 labelled subjects, not EEGPT's 10 Kaggle test
  subjects -- their row is a reference, not the same test data. The
  split's split.json says which ('test_split').

  Preprocessing: our pretraining pipeline (0.5 Hz high-pass, 50 Hz notch,
  per-window z-score), not EEGPT's (0-38 Hz band-pass, EA, CAR / min-max).

  EEGPT's rows: frozen encoder + linear probe, mean over folds, scored on
  their validation subjects. Ours: one fold, test subjects select nothing.
