exported L12_500 from /leonardo_scratch/fast/IscrB_WearUsFM/yanlchen/runs/pretrain_ecg_c1_moe/best.pth
  184 tensors, 28,572,440 parameters -> /leonardo_scratch/fast/IscrB_WearUsFM/yanlchen/runs/ecg_downstream/ptbxl_ft_lr1e-5/encoder_L12_500.pth
  input shape  [B, 12, 5000] @ 500 Hz
  tokens       240
  frontend     included (loads only onto this exact route)
  vocab sha    3448b5a10f662855
  decoder      excluded (pretraining head)
============================================================
  ECG C1 downstream  ptbxl  mode ft  (5 classes)
  data     /leonardo_scratch/large/userexternal/ychen003/bio/ecg/downstream/c1/ptbxl
  encoder  /leonardo_scratch/fast/IscrB_WearUsFM/yanlchen/runs/ecg_downstream/ptbxl_ft_lr1e-5/encoder_L12_500.pth
  output   /leonardo_scratch/fast/IscrB_WearUsFM/yanlchen/runs/ecg_downstream/ptbxl_ft_lr1e-5
============================================================
2026-10-10 05:51:19,879 INFO hyper-parameters (cli > config train: > builtin):
2026-10-10 05:51:19,879 INFO     epochs           30          [config:finetune/ecg_c1_ptbxl]
2026-10-10 05:51:19,879 INFO     batch_size       64          [config:finetune/ecg_c1_ptbxl]
2026-10-10 05:51:19,879 INFO     lr               1e-05       [cli]
2026-10-10 05:51:19,879 INFO     weight_decay     0.05        [config:finetune/ecg_c1_ptbxl]
2026-10-10 05:51:19,879 INFO     warmup_epochs    5           [builtin]
2026-10-10 05:51:19,879 INFO     warmup_ratio     0.1         [config:finetune/ecg_c1_ptbxl]
2026-10-10 05:51:19,879 INFO     grad_clip        1.0         [config:finetune/ecg_c1_ptbxl]
2026-10-10 05:51:19,879 INFO     label_smoothing  0.0         [config:finetune/ecg_c1_ptbxl]
2026-10-10 05:51:19,879 INFO     min_lr_ratio     0.01        [config:finetune/ecg_c1_ptbxl]
2026-10-10 05:51:19,879 INFO     precision        bf16        [config:finetune/ecg_c1_ptbxl]
2026-10-10 05:51:19,879 INFO     select_by        acc         [config:finetune/ecg_c1_ptbxl]
2026-10-10 05:51:19,879 INFO     patience         10          [config:finetune/ecg_c1_ptbxl]
2026-10-10 05:51:19,879 INFO     min_delta        0.0         [builtin]
2026-10-10 05:51:19,879 INFO     encoder_lr_scale 1.0         [builtin]
2026-10-10 05:51:19,879 INFO loading /leonardo_scratch/large/userexternal/ychen003/bio/ecg/downstream/c1/ptbxl into memory on each of 1 rank(s): train.h5 3.41 GiB val.h5 0.43 GiB test.h5 0.43 GiB
2026-10-10 05:51:21,524 INFO train 15258 windows, 12 channels, 5000 samples/window
2026-10-10 05:51:21,524 INFO class counts: [6895, 1289, 2379, 3420, 1275]
2026-10-10 05:51:21,524 INFO ECG C1 downstream: 12 channels at 500.0 Hz, 5000-sample windows, 250-sample patches, route L12_500
2026-10-10 05:51:21,555 INFO Building the ECG C1 downstream model with {'route_id': 'L12_500', 'patch_samples': 250, 'pool': 'mean', 'head_dropout': 0.1, 'in_channels': 12, 'window_samples': 5000, 'channel_names': ['I', 'II', 'III', 'aVR', 'aVL', 'aVF', 'V1', 'V2', 'V3', 'V4', 'V5', 'V6'], 'sampling_rate': 500.0, 'num_classes': 5, 'embed_dim': 512, 'depth': 9, 'num_heads': 8, 'mlp_ratio': 4.0, 'dropout': 0.1, 'norm': 'rmsnorm', 'ffn': 'swiglu', 'qk_norm': True, 'channel_encoding': 'id', 'channel_embed_dim': 64, 'max_level': 3, 'wave_kernel_size': 16, 'wavelet_names': ['db4', 'db6', 'sym4', 'sym8', 'coif2'], 'wave_init_mode': 'pad', 'use_separate_channel': True, 'fold_synthesis': 3, 'fold_gamma': 0.1}
2026-10-10 05:51:21,809 INFO loaded: transformer 100, channel encoder 5, gate yes, frontend 74, patcher 4 <- /leonardo_scratch/fast/IscrB_WearUsFM/yanlchen/runs/ecg_downstream/ptbxl_ft_lr1e-5/encoder_L12_500.pth
2026-10-10 05:51:21,946 INFO model 28.58 M parameters (28,576,029 trainable, 100.0%)
/leonardo/prod/opt/libraries/cineca-ai/4.3.0/none/cineca-ai-env/lib/python3.11/site-packages/transformers/utils/generic.py:462: UserWarning: torch.utils._pytree._register_pytree_node is deprecated. Please use torch.utils._pytree.register_pytree_node instead.
  _torch_pytree._register_pytree_node(
/leonardo/prod/opt/libraries/cineca-ai/4.3.0/none/cineca-ai-env/lib/python3.11/site-packages/transformers/utils/hub.py:124: FutureWarning: Using `TRANSFORMERS_CACHE` is deprecated and will be removed in v5 of Transformers. Use `HF_HOME` instead.
  warnings.warn(
2026-10-10 05:51:23,418 INFO schedule: 239 steps/epoch, 7170 total, 717 warmup (10%), lr 1.00e-05 -> 1.00e-07
2026-10-10 05:51:23,418 INFO selection: best.pth follows val acc; early stop after 10 epochs without an improvement of >0
2026-10-10 05:51:24,762 INFO epoch 0 step 0/239 (  0%) loss 1.7259 acc 0.2344 lr 2.79e-08 eta 5:19
2026-10-10 05:51:36,490 INFO epoch 0 step 50/239 ( 21%) loss 1.6558 acc 0.2374 lr 7.25e-07 eta 0:48
2026-10-10 05:51:48,231 INFO epoch 0 step 100/239 ( 42%) loss 1.5246 acc 0.3535 lr 1.42e-06 eta 0:33
2026-10-10 05:51:59,963 INFO epoch 0 step 150/239 ( 63%) loss 1.4374 acc 0.4139 lr 2.12e-06 eta 0:21
2026-10-10 05:52:11,696 INFO epoch 0 step 200/239 ( 84%) loss 1.3726 acc 0.4506 lr 2.82e-06 eta 0:09
2026-10-10 05:52:23,746 INFO epoch   0/29  train_loss 1.3230  val_loss 1.1135  acc 0.5984  bal 0.3421  kappa 0.3541  auroc 0.7767  eta 29:09  *best
2026-10-10 05:52:24,242 INFO epoch 1 step 0/239 (  0%) loss 1.1539 acc 0.6094 lr 3.36e-06 eta 1:57
2026-10-10 05:52:35,973 INFO epoch 1 step 50/239 ( 21%) loss 0.9966 acc 0.6369 lr 4.06e-06 eta 0:45
2026-10-10 05:52:47,711 INFO epoch 1 step 100/239 ( 42%) loss 0.9738 acc 0.6456 lr 4.76e-06 eta 0:32
2026-10-10 05:52:59,456 INFO epoch 1 step 150/239 ( 63%) loss 0.9525 acc 0.6519 lr 5.45e-06 eta 0:20
2026-10-10 05:53:11,189 INFO epoch 1 step 200/239 ( 84%) loss 0.9330 acc 0.6583 lr 6.15e-06 eta 0:08
2026-10-10 05:53:22,851 INFO epoch   1/29  train_loss 0.9191  val_loss 0.8438  acc 0.7011  bal 0.5333  kappa 0.5597  auroc 0.8662  eta 27:52  *best
2026-10-10 05:53:23,358 INFO epoch 2 step 0/239 (  0%) loss 0.6905 acc 0.7031 lr 6.69e-06 eta 1:58
2026-10-10 05:53:35,093 INFO epoch 2 step 50/239 ( 21%) loss 0.8119 acc 0.6994 lr 7.39e-06 eta 0:45
2026-10-10 05:53:46,829 INFO epoch 2 step 100/239 ( 42%) loss 0.8051 acc 0.7003 lr 8.09e-06 eta 0:32
2026-10-10 05:53:58,561 INFO epoch 2 step 150/239 ( 63%) loss 0.7893 acc 0.7082 lr 8.79e-06 eta 0:20
2026-10-10 05:54:10,298 INFO epoch 2 step 200/239 ( 84%) loss 0.7833 acc 0.7116 lr 9.48e-06 eta 0:08
2026-10-10 05:54:21,445 INFO epoch   2/29  train_loss 0.7783  val_loss 0.8545  acc 0.6942  bal 0.5362  kappa 0.5415  auroc 0.8840  eta 26:42
2026-10-10 05:54:21,933 INFO epoch 3 step 0/239 (  0%) loss 0.6506 acc 0.7812 lr 1.00e-05 eta 1:55
2026-10-10 05:54:33,665 INFO epoch 3 step 50/239 ( 21%) loss 0.7224 acc 0.7384 lr 1.00e-05 eta 0:45
2026-10-10 05:54:45,395 INFO epoch 3 step 100/239 ( 42%) loss 0.7310 acc 0.7358 lr 9.99e-06 eta 0:32
2026-10-10 05:54:57,129 INFO epoch 3 step 150/239 ( 63%) loss 0.7113 acc 0.7429 lr 9.99e-06 eta 0:20
2026-10-10 05:55:08,863 INFO epoch 3 step 200/239 ( 84%) loss 0.7087 acc 0.7421 lr 9.98e-06 eta 0:08
2026-10-10 05:55:20,011 INFO epoch   3/29  train_loss 0.7054  val_loss 0.8460  acc 0.6847  bal 0.5709  kappa 0.5506  auroc 0.8852  eta 25:37
2026-10-10 05:55:20,516 INFO epoch 4 step 0/239 (  0%) loss 0.6985 acc 0.7500 lr 9.97e-06 eta 1:59
2026-10-10 05:55:32,242 INFO epoch 4 step 50/239 ( 21%) loss 0.6706 acc 0.7525 lr 9.95e-06 eta 0:45
2026-10-10 05:55:43,972 INFO epoch 4 step 100/239 ( 42%) loss 0.6438 acc 0.7633 lr 9.93e-06 eta 0:32
2026-10-10 05:55:55,702 INFO epoch 4 step 150/239 ( 63%) loss 0.6428 acc 0.7635 lr 9.91e-06 eta 0:20
2026-10-10 05:56:07,437 INFO epoch 4 step 200/239 ( 84%) loss 0.6414 acc 0.7624 lr 9.89e-06 eta 0:08
