============================================================
  ECG C1 downstream  ptbxl  mode scratch  (5 classes)
  data     /leonardo_scratch/large/userexternal/ychen003/bio/ecg/downstream/c1/ptbxl
  encoder  <none: random initialisation>
  output   /leonardo_scratch/fast/IscrB_WearUsFM/yanlchen/runs/ecg_downstream/ptbxl_scratch
============================================================
2026-10-09 22:02:04,224 INFO hyper-parameters (cli > config train: > builtin):
2026-10-09 22:02:04,224 INFO     epochs           30          [config:finetune/ecg_c1_ptbxl]
2026-10-09 22:02:04,224 INFO     batch_size       64          [config:finetune/ecg_c1_ptbxl]
2026-10-09 22:02:04,224 INFO     lr               0.0001      [config:finetune/ecg_c1_ptbxl]
2026-10-09 22:02:04,224 INFO     weight_decay     0.05        [config:finetune/ecg_c1_ptbxl]
2026-10-09 22:02:04,224 INFO     warmup_epochs    5           [builtin]
2026-10-09 22:02:04,224 INFO     warmup_ratio     0.1         [config:finetune/ecg_c1_ptbxl]
2026-10-09 22:02:04,224 INFO     grad_clip        1.0         [config:finetune/ecg_c1_ptbxl]
2026-10-09 22:02:04,224 INFO     label_smoothing  0.0         [config:finetune/ecg_c1_ptbxl]
2026-10-09 22:02:04,224 INFO     min_lr_ratio     0.01        [config:finetune/ecg_c1_ptbxl]
2026-10-09 22:02:04,224 INFO     precision        bf16        [config:finetune/ecg_c1_ptbxl]
2026-10-09 22:02:04,224 INFO     select_by        acc         [config:finetune/ecg_c1_ptbxl]
2026-10-09 22:02:04,224 INFO     patience         10          [config:finetune/ecg_c1_ptbxl]
2026-10-09 22:02:04,224 INFO     min_delta        0.0         [builtin]
2026-10-09 22:02:04,224 INFO     encoder_lr_scale 1.0         [builtin]
2026-10-09 22:02:04,224 INFO loading /leonardo_scratch/large/userexternal/ychen003/bio/ecg/downstream/c1/ptbxl into memory on each of 1 rank(s): train.h5 3.41 GiB val.h5 0.43 GiB test.h5 0.43 GiB
2026-10-09 22:02:05,785 INFO train 15258 windows, 12 channels, 5000 samples/window
2026-10-09 22:02:05,785 INFO class counts: [6895, 1289, 2379, 3420, 1275]
2026-10-09 22:02:05,786 INFO ECG C1 downstream: 12 channels at 500.0 Hz, 5000-sample windows, 250-sample patches, route L12_500
2026-10-09 22:02:05,817 INFO Building the ECG C1 downstream model with {'route_id': 'L12_500', 'patch_samples': 250, 'pool': 'mean', 'head_dropout': 0.1, 'in_channels': 12, 'window_samples': 5000, 'channel_names': ['I', 'II', 'III', 'aVR', 'aVL', 'aVF', 'V1', 'V2', 'V3', 'V4', 'V5', 'V6'], 'sampling_rate': 500.0, 'num_classes': 5, 'embed_dim': 512, 'depth': 9, 'num_heads': 8, 'mlp_ratio': 4.0, 'dropout': 0.1, 'norm': 'rmsnorm', 'ffn': 'swiglu', 'qk_norm': True, 'channel_encoding': 'id', 'channel_embed_dim': 64, 'max_level': 3, 'wave_kernel_size': 16, 'wavelet_names': ['db4', 'db6', 'sym4', 'sym8', 'coif2'], 'wave_init_mode': 'pad', 'use_separate_channel': True, 'fold_synthesis': 3, 'fold_gamma': 0.1}
2026-10-09 22:02:05,966 INFO ECG C1 downstream: NO pretrained weights (the from-scratch control)
2026-10-09 22:02:06,104 INFO model 28.58 M parameters (28,576,029 trainable, 100.0%)
/leonardo/prod/opt/libraries/cineca-ai/4.3.0/none/cineca-ai-env/lib/python3.11/site-packages/transformers/utils/generic.py:462: UserWarning: torch.utils._pytree._register_pytree_node is deprecated. Please use torch.utils._pytree.register_pytree_node instead.
  _torch_pytree._register_pytree_node(
/leonardo/prod/opt/libraries/cineca-ai/4.3.0/none/cineca-ai-env/lib/python3.11/site-packages/transformers/utils/hub.py:124: FutureWarning: Using `TRANSFORMERS_CACHE` is deprecated and will be removed in v5 of Transformers. Use `HF_HOME` instead.
  warnings.warn(
2026-10-09 22:02:07,561 INFO schedule: 239 steps/epoch, 7170 total, 717 warmup (10%), lr 1.00e-04 -> 1.00e-06
2026-10-09 22:02:07,561 INFO selection: best.pth follows val acc; early stop after 10 epochs without an improvement of >0
2026-10-09 22:02:08,916 INFO epoch 0 step 0/239 (  0%) loss 1.5848 acc 0.1719 lr 2.79e-07 eta 5:22
2026-10-09 22:02:20,638 INFO epoch 0 step 50/239 ( 21%) loss 1.4671 acc 0.3848 lr 7.25e-06 eta 0:48
2026-10-09 22:02:32,354 INFO epoch 0 step 100/239 ( 42%) loss 1.4014 acc 0.4358 lr 1.42e-05 eta 0:33
2026-10-09 22:02:44,073 INFO epoch 0 step 150/239 ( 63%) loss 1.3331 acc 0.4748 lr 2.12e-05 eta 0:21
2026-10-09 22:02:55,791 INFO epoch 0 step 200/239 ( 84%) loss 1.2712 acc 0.5060 lr 2.82e-05 eta 0:09
2026-10-09 22:03:07,813 INFO epoch   0/29  train_loss 1.2298  val_loss 1.0335  acc 0.6201  bal 0.4500  kappa 0.4562  auroc 0.8249  eta 29:07  *best
2026-10-09 22:03:08,300 INFO epoch 1 step 0/239 (  0%) loss 1.1182 acc 0.5469 lr 3.36e-05 eta 1:55
2026-10-09 22:03:20,024 INFO epoch 1 step 50/239 ( 21%) loss 0.9818 acc 0.6440 lr 4.06e-05 eta 0:44
2026-10-09 22:03:31,743 INFO epoch 1 step 100/239 ( 42%) loss 0.9808 acc 0.6420 lr 4.76e-05 eta 0:32
2026-10-09 22:03:43,464 INFO epoch 1 step 150/239 ( 63%) loss 0.9750 acc 0.6447 lr 5.45e-05 eta 0:20
2026-10-09 22:03:55,187 INFO epoch 1 step 200/239 ( 84%) loss 0.9722 acc 0.6468 lr 6.15e-05 eta 0:08
2026-10-09 22:04:06,778 INFO epoch   1/29  train_loss 0.9678  val_loss 0.9119  acc 0.6767  bal 0.5225  kappa 0.5321  auroc 0.8530  eta 27:49  *best
2026-10-09 22:04:07,272 INFO epoch 2 step 0/239 (  0%) loss 0.6934 acc 0.7656 lr 6.69e-05 eta 1:55
2026-10-09 22:04:18,986 INFO epoch 2 step 50/239 ( 21%) loss 0.8992 acc 0.6762 lr 7.39e-05 eta 0:44
2026-10-09 22:04:30,702 INFO epoch 2 step 100/239 ( 42%) loss 0.8868 acc 0.6774 lr 8.09e-05 eta 0:32
2026-10-09 22:04:42,416 INFO epoch 2 step 150/239 ( 63%) loss 0.8680 acc 0.6843 lr 8.79e-05 eta 0:20
2026-10-09 22:04:54,131 INFO epoch 2 step 200/239 ( 84%) loss 0.8663 acc 0.6822 lr 9.48e-05 eta 0:08
2026-10-09 22:05:05,293 INFO epoch   2/29  train_loss 0.8613  val_loss 0.9315  acc 0.6455  bal 0.5121  kappa 0.4972  auroc 0.8644  eta 26:39
2026-10-09 22:05:05,780 INFO epoch 3 step 0/239 (  0%) loss 0.8519 acc 0.7031 lr 1.00e-04 eta 1:55
2026-10-09 22:05:17,495 INFO epoch 3 step 50/239 ( 21%) loss 0.8055 acc 0.7040 lr 1.00e-04 eta 0:44
2026-10-09 22:05:29,209 INFO epoch 3 step 100/239 ( 42%) loss 0.8119 acc 0.7011 lr 9.99e-05 eta 0:32
2026-10-09 22:05:40,924 INFO epoch 3 step 150/239 ( 63%) loss 0.7898 acc 0.7110 lr 9.99e-05 eta 0:20
2026-10-09 22:05:52,639 INFO epoch 3 step 200/239 ( 84%) loss 0.7933 acc 0.7110 lr 9.98e-05 eta 0:08
2026-10-09 22:06:04,139 INFO epoch   3/29  train_loss 0.7890  val_loss 0.8507  acc 0.6889  bal 0.5322  kappa 0.5518  auroc 0.8764  eta 25:37  *best
2026-10-09 22:06:04,643 INFO epoch 4 step 0/239 (  0%) loss 0.7232 acc 0.7188 lr 9.97e-05 eta 1:59
2026-10-09 22:06:16,447 INFO epoch 4 step 50/239 ( 21%) loss 0.7246 acc 0.7396 lr 9.95e-05 eta 0:45
2026-10-09 22:06:28,165 INFO epoch 4 step 100/239 ( 42%) loss 0.6938 acc 0.7491 lr 9.93e-05 eta 0:32
2026-10-09 22:06:39,887 INFO epoch 4 step 150/239 ( 63%) loss 0.6964 acc 0.7464 lr 9.91e-05 eta 0:20
2026-10-09 22:06:51,608 INFO epoch 4 step 200/239 ( 84%) loss 0.6955 acc 0.7442 lr 9.89e-05 eta 0:08
2026-10-09 22:07:03,111 INFO epoch   4/29  train_loss 0.6941  val_loss 0.8144  acc 0.6963  bal 0.5613  kappa 0.5551  auroc 0.8826  eta 24:37  *best
2026-10-09 22:07:03,598 INFO epoch 5 step 0/239 (  0%) loss 0.4810 acc 0.8125 lr 9.87e-05 eta 1:55
2026-10-09 22:07:15,317 INFO epoch 5 step 50/239 ( 21%) loss 0.5934 acc 0.7806 lr 9.84e-05 eta 0:44
2026-10-09 22:07:27,032 INFO epoch 5 step 100/239 ( 42%) loss 0.5874 acc 0.7843 lr 9.80e-05 eta 0:32
2026-10-09 22:07:38,748 INFO epoch 5 step 150/239 ( 63%) loss 0.5883 acc 0.7847 lr 9.77e-05 eta 0:20
2026-10-09 22:07:50,463 INFO epoch 5 step 200/239 ( 84%) loss 0.6006 acc 0.7802 lr 9.73e-05 eta 0:08
2026-10-09 22:08:01,962 INFO epoch   5/29  train_loss 0.6040  val_loss 0.8664  acc 0.6984  bal 0.5702  kappa 0.5628  auroc 0.8813  eta 23:37  *best
2026-10-09 22:08:02,455 INFO epoch 6 step 0/239 (  0%) loss 0.5219 acc 0.7969 lr 9.70e-05 eta 1:56
2026-10-09 22:08:14,170 INFO epoch 6 step 50/239 ( 21%) loss 0.4780 acc 0.8266 lr 9.66e-05 eta 0:44
2026-10-09 22:08:25,888 INFO epoch 6 step 100/239 ( 42%) loss 0.4921 acc 0.8226 lr 9.61e-05 eta 0:32
2026-10-09 22:08:37,605 INFO epoch 6 step 150/239 ( 63%) loss 0.5024 acc 0.8196 lr 9.56e-05 eta 0:20
2026-10-09 22:08:49,321 INFO epoch 6 step 200/239 ( 84%) loss 0.5076 acc 0.8188 lr 9.51e-05 eta 0:08
2026-10-09 22:09:00,790 INFO epoch   6/29  train_loss 0.5143  val_loss 0.9012  acc 0.7095  bal 0.5621  kappa 0.5780  auroc 0.8781  eta 22:37  *best
2026-10-09 22:09:01,290 INFO epoch 7 step 0/239 (  0%) loss 0.4345 acc 0.8438 lr 9.47e-05 eta 1:58
2026-10-09 22:09:13,006 INFO epoch 7 step 50/239 ( 21%) loss 0.3594 acc 0.8664 lr 9.42e-05 eta 0:45
2026-10-09 22:09:24,722 INFO epoch 7 step 100/239 ( 42%) loss 0.3539 acc 0.8688 lr 9.36e-05 eta 0:32
2026-10-09 22:09:36,437 INFO epoch 7 step 150/239 ( 63%) loss 0.3660 acc 0.8664 lr 9.30e-05 eta 0:20
2026-10-09 22:09:48,151 INFO epoch 7 step 200/239 ( 84%) loss 0.3716 acc 0.8660 lr 9.24e-05 eta 0:08
2026-10-09 22:09:59,301 INFO epoch   7/29  train_loss 0.3790  val_loss 1.0049  acc 0.6884  bal 0.5541  kappa 0.5554  auroc 0.8691  eta 21:37
2026-10-09 22:09:59,794 INFO epoch 8 step 0/239 (  0%) loss 0.1498 acc 0.9688 lr 9.18e-05 eta 1:56
2026-10-09 22:10:11,512 INFO epoch 8 step 50/239 ( 21%) loss 0.2632 acc 0.9099 lr 9.12e-05 eta 0:45
2026-10-09 22:10:23,229 INFO epoch 8 step 100/239 ( 42%) loss 0.2507 acc 0.9110 lr 9.05e-05 eta 0:32
2026-10-09 22:10:34,946 INFO epoch 8 step 150/239 ( 63%) loss 0.2553 acc 0.9098 lr 8.97e-05 eta 0:20
2026-10-09 22:10:46,664 INFO epoch 8 step 200/239 ( 84%) loss 0.2581 acc 0.9082 lr 8.90e-05 eta 0:08
2026-10-09 22:10:57,841 INFO epoch   8/29  train_loss 0.2617  val_loss 1.2378  acc 0.7026  bal 0.5408  kappa 0.5611  auroc 0.8643  eta 20:37
2026-10-09 22:10:58,322 INFO epoch 9 step 0/239 (  0%) loss 0.1791 acc 0.9531 lr 8.84e-05 eta 1:53
2026-10-09 22:11:10,036 INFO epoch 9 step 50/239 ( 21%) loss 0.1542 acc 0.9482 lr 8.76e-05 eta 0:44
2026-10-09 22:11:21,751 INFO epoch 9 step 100/239 ( 42%) loss 0.1828 acc 0.9386 lr 8.68e-05 eta 0:32
2026-10-09 22:11:33,465 INFO epoch 9 step 150/239 ( 63%) loss 0.1866 acc 0.9361 lr 8.60e-05 eta 0:20
2026-10-09 22:11:45,181 INFO epoch 9 step 200/239 ( 84%) loss 0.1902 acc 0.9337 lr 8.51e-05 eta 0:08
2026-10-09 22:11:56,358 INFO epoch   9/29  train_loss 0.1980  val_loss 1.3172  acc 0.7085  bal 0.5641  kappa 0.5752  auroc 0.8698  eta 19:37
2026-10-09 22:11:56,850 INFO epoch 10 step 0/239 (  0%) loss 0.0810 acc 0.9688 lr 8.45e-05 eta 1:56
2026-10-09 22:12:08,566 INFO epoch 10 step 50/239 ( 21%) loss 0.1232 acc 0.9596 lr 8.36e-05 eta 0:44
2026-10-09 22:12:20,282 INFO epoch 10 step 100/239 ( 42%) loss 0.1279 acc 0.9582 lr 8.27e-05 eta 0:32
2026-10-09 22:12:31,997 INFO epoch 10 step 150/239 ( 63%) loss 0.1305 acc 0.9558 lr 8.17e-05 eta 0:20
2026-10-09 22:12:43,714 INFO epoch 10 step 200/239 ( 84%) loss 0.1341 acc 0.9543 lr 8.08e-05 eta 0:08
2026-10-09 22:12:54,888 INFO epoch  10/29  train_loss 0.1362  val_loss 1.5812  acc 0.6757  bal 0.5557  kappa 0.5388  auroc 0.8579  eta 18:38
2026-10-09 22:12:55,385 INFO epoch 11 step 0/239 (  0%) loss 0.1326 acc 0.9375 lr 8.00e-05 eta 1:57
2026-10-09 22:13:07,101 INFO epoch 11 step 50/239 ( 21%) loss 0.0934 acc 0.9694 lr 7.91e-05 eta 0:45
2026-10-09 22:13:18,820 INFO epoch 11 step 100/239 ( 42%) loss 0.0996 acc 0.9660 lr 7.81e-05 eta 0:32
2026-10-09 22:13:30,536 INFO epoch 11 step 150/239 ( 63%) loss 0.1021 acc 0.9651 lr 7.71e-05 eta 0:20
2026-10-09 22:13:42,253 INFO epoch 11 step 200/239 ( 84%) loss 0.0993 acc 0.9664 lr 7.60e-05 eta 0:08
2026-10-09 22:13:53,438 INFO epoch  11/29  train_loss 0.1010  val_loss 1.7329  acc 0.6847  bal 0.5371  kappa 0.5437  auroc 0.8547  eta 17:38
2026-10-09 22:13:53,921 INFO epoch 12 step 0/239 (  0%) loss 0.0778 acc 0.9531 lr 7.52e-05 eta 1:54
2026-10-09 22:14:05,639 INFO epoch 12 step 50/239 ( 21%) loss 0.0660 acc 0.9776 lr 7.42e-05 eta 0:44
2026-10-09 22:14:17,356 INFO epoch 12 step 100/239 ( 42%) loss 0.0863 acc 0.9714 lr 7.31e-05 eta 0:32
2026-10-09 22:14:29,074 INFO epoch 12 step 150/239 ( 63%) loss 0.0861 acc 0.9710 lr 7.20e-05 eta 0:20
2026-10-09 22:14:40,791 INFO epoch 12 step 200/239 ( 84%) loss 0.0848 acc 0.9702 lr 7.09e-05 eta 0:08
2026-10-09 22:14:52,050 INFO epoch  12/29  train_loss 0.0834  val_loss 1.8240  acc 0.6915  bal 0.5680  kappa 0.5567  auroc 0.8636  eta 16:39
2026-10-09 22:14:52,536 INFO epoch 13 step 0/239 (  0%) loss 0.0352 acc 0.9688 lr 7.01e-05 eta 1:55
2026-10-09 22:15:04,254 INFO epoch 13 step 50/239 ( 21%) loss 0.0556 acc 0.9804 lr 6.90e-05 eta 0:44
2026-10-09 22:15:15,971 INFO epoch 13 step 100/239 ( 42%) loss 0.0580 acc 0.9791 lr 6.78e-05 eta 0:32
2026-10-09 22:15:27,688 INFO epoch 13 step 150/239 ( 63%) loss 0.0630 acc 0.9776 lr 6.67e-05 eta 0:20
2026-10-09 22:15:39,404 INFO epoch 13 step 200/239 ( 84%) loss 0.0661 acc 0.9767 lr 6.56e-05 eta 0:08
2026-10-09 22:15:50,576 INFO epoch  13/29  train_loss 0.0650  val_loss 1.9989  acc 0.6937  bal 0.5311  kappa 0.5505  auroc 0.8537  eta 15:40
2026-10-09 22:15:51,059 INFO epoch 14 step 0/239 (  0%) loss 0.0111 acc 1.0000 lr 6.47e-05 eta 1:54
2026-10-09 22:16:02,774 INFO epoch 14 step 50/239 ( 21%) loss 0.0508 acc 0.9813 lr 6.35e-05 eta 0:44
2026-10-09 22:16:14,489 INFO epoch 14 step 100/239 ( 42%) loss 0.0526 acc 0.9797 lr 6.23e-05 eta 0:32
2026-10-09 22:16:26,204 INFO epoch 14 step 150/239 ( 63%) loss 0.0504 acc 0.9806 lr 6.12e-05 eta 0:20
2026-10-09 22:16:37,918 INFO epoch 14 step 200/239 ( 84%) loss 0.0504 acc 0.9810 lr 6.00e-05 eta 0:08
2026-10-09 22:16:49,081 INFO epoch  14/29  train_loss 0.0524  val_loss 2.0403  acc 0.6889  bal 0.5419  kappa 0.5505  auroc 0.8524  eta 14:41
2026-10-09 22:16:49,569 INFO epoch 15 step 0/239 (  0%) loss 0.0069 acc 1.0000 lr 5.91e-05 eta 1:55
2026-10-09 22:17:01,284 INFO epoch 15 step 50/239 ( 21%) loss 0.0390 acc 0.9871 lr 5.79e-05 eta 0:44
2026-10-09 22:17:13,002 INFO epoch 15 step 100/239 ( 42%) loss 0.0432 acc 0.9856 lr 5.67e-05 eta 0:32
2026-10-09 22:17:24,718 INFO epoch 15 step 150/239 ( 63%) loss 0.0451 acc 0.9846 lr 5.55e-05 eta 0:20
2026-10-09 22:17:36,432 INFO epoch 15 step 200/239 ( 84%) loss 0.0476 acc 0.9837 lr 5.43e-05 eta 0:08
2026-10-09 22:17:47,590 INFO epoch  15/29  train_loss 0.0493  val_loss 2.1551  acc 0.6968  bal 0.5559  kappa 0.5629  auroc 0.8500  eta 13:42
2026-10-09 22:17:48,091 INFO epoch 16 step 0/239 (  0%) loss 0.0122 acc 1.0000 lr 5.34e-05 eta 1:58
2026-10-09 22:17:59,805 INFO epoch 16 step 50/239 ( 21%) loss 0.0279 acc 0.9893 lr 5.22e-05 eta 0:45
2026-10-09 22:18:11,521 INFO epoch 16 step 100/239 ( 42%) loss 0.0266 acc 0.9898 lr 5.09e-05 eta 0:32
2026-10-09 22:18:23,234 INFO epoch 16 step 150/239 ( 63%) loss 0.0318 acc 0.9886 lr 4.97e-05 eta 0:20
2026-10-09 22:18:34,948 INFO epoch 16 step 200/239 ( 84%) loss 0.0341 acc 0.9883 lr 4.85e-05 eta 0:08
2026-10-09 22:18:46,136 INFO epoch  16/29  train_loss 0.0310  val_loss 2.3339  acc 0.7058  bal 0.5607  kappa 0.5702  auroc 0.8548  eta 12:43
2026-10-09 22:18:46,138 INFO early stop at epoch 16: val acc flat for 10 epochs (best 6)
2026-10-09 22:18:46,392 INFO Loaded checkpoint: matched 188 tensors
2026-10-09 22:18:48,709 INFO TEST acc 0.7045 bal 0.5665 kappa 0.5677 wf1 0.6931 auroc 0.8853
──────────────────────────────────────────────────────────────────────────────
  ptbxl_scratch  ·  TEST  ·  finetune/ecg_c1_ptbxl  ·  full fine-tune  ·  from scratch  ·  28,576,029 trainable
──────────────────────────────────────────────────────────────────────────────
  BalAcc   0.5665  ████████████▌                      
  Kappa    0.5677  ████████████▌           chance 0.00
  AUROC    0.8853  █████████████████       chance 0.50
  W-F1     0.6931  ███████████████▎                   
  acc 0.7045   loss 0.8829
──────────────────────────────────────────────────────────────────────────────
2026-10-09 22:18:48,711 INFO outputs in /leonardo_scratch/fast/IscrB_WearUsFM/yanlchen/runs/ecg_downstream/ptbxl_scratch
Done. /leonardo_scratch/fast/IscrB_WearUsFM/yanlchen/runs/ecg_downstream/ptbxl_scratch/results.json (its 'test' block is the number to report)
